1,0.14268004669699452,0.13459959395401308
2,0.13952474380834137,0.13022931376707853
3,0.13664839671613616,0.12777432310973735
4,0.13511481499737515,0.12648346956418163
5,0.1343479512857935,0.1258163811848435
6,0.13397356186584547,0.12546998930203723
7,0.1337927544583137,0.12528674971709702
8,0.13370601395891107,0.12518712146422972
9,0.13366483898205933,0.12513115989413331
10,0.1336458311311895,0.1250986264083116
11,0.13363771727675897,0.1250790740562403
12,0.1336350416945642,0.12506696832061082
13,0.1336351394654735,0.12505928370205632
14,0.13363669049541735,0.12505430819182978
15,0.1336390282233248,0.12505103848223043
16,0.13364180771954756,0.12504886685349026
17,0.13364484511791638,0.12504741434287475
18,0.13364803905187425,0.12504643887034092
19,0.13365133160680365,0.12504578282643283
20,0.1336546885071619,0.12504534210689044
21,0.13365808879884422,0.125045047216116
22,0.1336615193077395,0.1250448514077388
23,0.13366497155915613,0.125044723068985
24,0.13366844000271091,0.12504464074194735
25,0.13367192095324903,0.12504458982467404
26,0.13367541193877072,0.12504456036375572
27,0.13367891128808093,0.1250445455668947
28,0.13368241786437157,0.1250445407956936
29,0.13368593089021985,0.1250445428813107
30,0.1336894498312175,0.12504454965841205
31,0.13369297431789626,0.12504455964729624
32,0.13369650409301764,0.12504457183686277
33,0.13370003897583016,0.12504458553633566
34,0.13370357883775982,0.12504460027392159
35,0.13370712358584255,0.12504461572753
36,0.13371067315141796,0.1250446316774075
37,0.133714227482407,0.12504464797375356
38,0.13371778653803407,0.12504466451458032
39,0.13372135028521875,0.12504468123057663
40,0.13372491869610897,0.12504469807476193
41,0.13372849174639376,0.12504471501541453
42,0.13373206941414933,0.1250447320312391
43,0.1337356516790506,0.1250447491080644
44,0.13373923852183106,0.12504476623658706
45,0.1337428299239145,0.12504478341083028
46,0.13374642586716234,0.1250448006270912
47,0.13375002633370148,0.1250448178832215
48,0.13375363130580603,0.12504483517813675
49,0.13375724076581702,0.1250448525114806
50,0.13376085469608703,0.12504486988339608
51,0.13376447307894251,0.12504488729436897
52,0.13376809589665797,0.12504490474512095
53,0.13377172313143829,0.12504492223653668
54,0.13377535476540653,0.12504493976961367
55,0.13377899078059569,0.12504495734542817
56,0.1337826311589429,0.1250449749651118
57,0.1337862758822856,0.12504499262983532
58,0.13378992493235864,0.12504501034079754
59,0.1337935782907925,0.12504502809921778
60,0.13379723593911197,0.12504504590633045
61,0.13380089785873525,0.12504506376338104
62,0.13380456403097316,0.12504508167162381
63,0.13380823443702888,0.1250450996323196
64,0.1338119090579974,0.12504511764673454
65,0.13381558787486555,0.12504513571613884
66,0.1338192708685116,0.125045153841806
67,0.13382295801970528,0.12504517202501214
68,0.13382664930910776,0.1250451902670353
69,0.1338303447172713,0.1250452085691552
70,0.13383404422463965,0.12504522693265255
71,0.13383774781154778,0.12504524535880868
72,0.1338414554582219,0.12504526384890535
73,0.13384516714477965,0.12504528240422425
74,0.1338488828512299,0.1250453010260465
75,0.1338526025574731,0.12504531971565275
76,0.13385632624330118,0.12504533847432242
77,0.13386005388839747,0.12504535730333374
78,0.13386378547233715,0.12504537620396314
79,0.13386752097458707,0.12504539517748522
80,0.13387126037450608,0.12504541422517232
81,0.13387500365134486,0.1250454333482943
82,0.13387875078424644,0.12504545254811805
83,0.13388250175224586,0.12504547182590767
84,0.1338862565342709,0.12504549118292366
85,0.1338900151091416,0.12504551062042307
86,0.13389377745557118,0.12504553013965902
87,0.1338975435521656,0.1250455497418806
88,0.13390131337742384,0.1250455694283324
89,0.13390508690973846,0.1250455892002544
90,0.13390886412739564,0.1250456090588819
91,0.13391264500857508,0.12504562900544486
92,0.1339164295313508,0.12504564904116808
93,0.13392021767369097,0.12504566916727072
94,0.1339240094134583,0.12504568938496616
95,0.1339278047284102,0.1250457096954618
96,0.13393160359619935,0.1250457300999588
97,0.13393540599437354,0.1250457505996519
98,0.13393921190037641,0.1250457711957292
99,0.13394302129154734,0.1250457918893719
100,0.13394683414512198,0.12504581268175421
101,0.1339506504382327,0.12504583357404309
102,0.1339544701479085,0.12504585456739803
103,0.13395829325107572,0.12504587566297096
104,0.1339621197245582,0.12504589686190593
105,0.1339659495450777,0.12504591816533903
106,0.13396978268925425,0.12504593957439822
107,0.13397361913360648,0.12504596109020313
108,0.13397745885455192,0.1250459827138648
109,0.13398130182840767,0.12504600444648564
110,0.1339851480313904,0.12504602628915934
111,0.13398899743961706,0.1250460482429704
112,0.1339928500291051,0.1250460703089943
113,0.1339967057757731,0.1250460924882972
114,0.1340005646554408,0.1250461147819359
115,0.13400442664382992,0.12504613719095745
116,0.13400829171656448,0.12504615971639924
117,0.13401215984917114,0.12504618235928883
118,0.13401603101707976,0.12504620512064374
119,0.13401990519562382,0.12504622800147147
120,0.13402378236004087,0.125046251002769
121,0.13402766248547288,0.12504627412552324
122,0.13403154554696722,0.12504629737071038
123,0.13403543151947642,0.12504632073929603
124,0.1340393203778592,0.1250463442322351
125,0.13404321209688078,0.1250463678504716
126,0.13404710665121336,0.12504639159493863
127,0.13405100401543676,0.12504641546655815
128,0.13405490416403876,0.12504643946624094
129,0.13405880707141576,0.12504646359488664
130,0.13406271271187323,0.12504648785338335
131,0.13406662105962647,0.12504651224260765
132,0.13407053208880076,0.12504653676342473
133,0.13407444577343217,0.12504656141668805
134,0.13407836208746823,0.1250465862032392
135,0.13408228100476807,0.12504661112390802
136,0.1340862024991035,0.12504663617951248
137,0.1340901265441592,0.1250466613708584
138,0.13409405311353348,0.12504668669873958
139,0.13409798218073887,0.12504671216393765
140,0.13410191371920258,0.12504673776722197
141,0.13410584770226716,0.1250467635093496
142,0.13410978410319122,0.1250467893910651
143,0.1341137228951499,0.12504681541310061
144,0.1341176640512355,0.12504684157617588
145,0.13412160754445812,0.12504686788099773
146,0.13412555334774628,0.12504689432826058
147,0.13412950143394758,0.12504692091864594
148,0.13413345177582922,0.1250469476528226
149,0.1341374043460788,0.12504697453144636
150,0.13414135911730482,0.12504700155516021
151,0.1341453160620374,0.12504702872459408
152,0.13414927515272895,0.1250470560403648
153,0.1341532363617547,0.12504708350307622
154,0.13415719966141357,0.12504711111331884
155,0.13416116502392855,0.12504713887167004
156,0.13416513242144765,0.1250471667786939
157,0.1341691018260445,0.1250471948349411
158,0.13417307320971877,0.12504722304094906
159,0.13417704654439735,0.12504725139724154
160,0.13418102180193442,0.12504727990432904
161,0.13418499895411276,0.1250473085627083
162,0.13418897797264398,0.12504733737286255
163,0.13419295882916932,0.1250473663352614
164,0.1341969414952607,0.12504739545036067
165,0.13420092594242078,0.12504742471860245
166,0.13420491214208424,0.12504745414041504
167,0.13420890006561825,0.12504748371621283
168,0.13421288968432313,0.1250475134463964
169,0.13421688096943324,0.1250475433313522
170,0.13422087389211748,0.12504757337145286
171,0.1342248684234803,0.1250476035670568
172,0.13422886453456215,0.12504763391850843
173,0.13423286219634034,0.12504766442613785
174,0.13423686137972982,0.12504769509026117
175,0.13424086205558383,0.12504772591117996
176,0.13424486419469464,0.12504775688918174
177,0.13424886776779427,0.1250477880245394
178,0.13425287274555542,0.12504781931751158
179,0.13425687909859196,0.12504785076834235
180,0.13426088679745993,0.1250478823772613
181,0.13426489581265794,0.12504791414448338
182,0.13426890611462844,0.12504794607020886
183,0.13427291767375793,0.1250479781546234
184,0.13427693046037814,0.12504801039789779
185,0.13428094444476651,0.125048042800188
186,0.13428495959714723,0.12504807536163512
187,0.13428897588769168,0.12504810808236538
188,0.1342929932865195,0.12504814096248984
189,0.13429701176369915,0.12504817400210455
190,0.13430103128924875,0.1250482072012904
191,0.13430505183313704,0.12504824056011307
192,0.1343090733652838,0.1250482740786229
193,0.1343130958555609,0.125048307756855
194,0.13431711927379297,0.12504834159482886
195,0.13432114358975822,0.12504837559254853
196,0.13432516877318923,0.12504840975000253
197,0.1343291947937737,0.12504844406716364
198,0.13433322162115538,0.12504847854398893
199,0.13433724922493454,0.12504851318041965
200,0.1343412775746691,0.1250485479763811
201,0.1343453066398752,0.12504858293178253
202,0.13434933639002822,0.12504861804651723
203,0.13435336679456322,0.1250486533204621
204,0.13435739782287623,0.12504868875347802
205,0.1343614294443245,0.12504872434540923
206,0.13436546162822768,0.12504876009608368
207,0.13436949434386855,0.12504879600531263
208,0.13437352756049373,0.12504883207289075
209,0.13437756124731448,0.1250488682985958
210,0.13438159537350775,0.12504890468218877
211,0.1343856299082165,0.12504894122341348
212,0.13438966482055112,0.12504897792199676
213,0.13439370007958962,0.1250490147776482
214,0.1343977356543789,0.12504905179005993
215,0.1344017715139354,0.12504908895890654
216,0.13440580762724577,0.12504912628384518
217,0.1344098439632679,0.1250491637645151
218,0.1344138804909317,0.1250492014005377
219,0.13441791717913967,0.12504923919151645
220,0.13442195399676807,0.12504927713703645
221,0.13442599091266738,0.1250493152366648
222,0.1344300278956635,0.12504935348994972
223,0.13443406491455812,0.1250493918964213
224,0.13443810193812997,0.12504943045559058
225,0.1344421389351352,0.1250494691669497
226,0.1344461758743087,0.1250495080299718
227,0.13445021272436436,0.1250495470441108
228,0.13445424945399637,0.12504958620880113
229,0.1344582860318797,0.12504962552345764
230,0.13446232242667108,0.1250496649874755
231,0.13446635860700978,0.12504970460022985
232,0.13447039454151838,0.1250497443610758
233,0.13447443019880384,0.12504978426934807
234,0.13447846554745768,0.12504982432436096
235,0.13448250055605773,0.12504986452540798
236,0.13448653519316803,0.12504990487176176
237,0.13449056942734017,0.12504994536267394
238,0.13449460322711423,0.1250499859973747
239,0.134498636561019,0.1250500267750728
240,0.13450266939757335,0.12505006769495514
241,0.13450670170528678,0.12505010875618688
242,0.13451073345266037,0.12505014995791072
243,0.13451476460818745,0.1250501912992472
244,0.13451879514035453,0.12505023277929397
245,0.13452282501764212,0.12505027439712604
246,0.13452685420852545,0.1250503161517951
247,0.1345308826814753,0.12505035804232947
248,0.13453491040495894,0.1250504000677339
249,0.13453893734744082,0.12505044222698933
250,0.13454296347738337,0.1250504845190524
251,0.13454698876324797,0.12505052694285537
252,0.1345510131734956,0.12505056949730584
253,0.13455503667658758,0.1250506121812864
254,0.1345590592409867,0.1250506549936545
255,0.1345630808351578,0.1250506979332419
256,0.13456710142756845,0.12505074099885466
257,0.13457112098669013,0.12505078418927268
258,0.13457513948099886,0.12505082750324945
259,0.13457915687897565,0.12505087093951164
260,0.13458317314910806,0.12505091449675906
261,0.13458718825989024,0.12505095817366405
262,0.13459120217982445,0.12505100196887126
263,0.1345952148774211,0.1250510458809974
264,0.13459922632120036,0.12505108990863084
265,0.13460323647969213,0.12505113405033128
266,0.13460724532143764,0.1250511783046294
267,0.1346112528149897,0.12505122267002639
268,0.1346152589289137,0.125051267144994
269,0.13461926363178855,0.1250513117279738
270,0.13462326689220705,0.12505135641737677
271,0.13462726867877722,0.12505140121158329
272,0.13463126896012273,0.12505144610894245
273,0.1346352677048838,0.12505149110777192
274,0.13463926488171812,0.12505153620635723
275,0.13464326045930136,0.12505158140295175
276,0.1346472544063283,0.12505162669577602
277,0.13465124669151335,0.12505167208301754
278,0.13465523728359155,0.1250517175628302
279,0.1346592261513191,0.1250517631333339
280,0.13466321326347452,0.12505180879261432
281,0.13466719858885917,0.12505185453872217
282,0.13467118209629794,0.12505190036967306
283,0.13467516375464045,0.12505194628344693
284,0.13467914353276142,0.1250519922779875
285,0.1346831213995616,0.12505203835120207
286,0.13468709732396872,0.12505208450096084
287,0.13469107127493798,0.12505213072509652
288,0.13469504322145304,0.12505217702140406
289,0.13469901313252666,0.1250522233876398
290,0.1347029809772017,0.1250522698215213
291,0.13470694672455163,0.12505231632072666
292,0.1347109103436814,0.12505236288289429
293,0.13471487180372832,0.12505240950562202
294,0.1347188310738627,0.125052456186467
295,0.1347227881232887,0.1250525029229449
296,0.13472674292124506,0.12505254971252955
297,0.13473069543700586,0.12505259655265238
298,0.13473464563988133,0.12505264344070183
299,0.13473859349921866,0.1250526903740229
300,0.1347425389844025,0.12505273734991662
301,0.13474648206485615,0.12505278436563938
302,0.13475042271004198,0.1250528314184025
303,0.1347543608894623,0.12505287850537158
304,0.13475829657266009,0.12505292562366613
305,0.13476222972921986,0.1250529727703586
306,0.1347661603287684,0.1250530199424742
307,0.1347700883409752,0.12505306713699016
308,0.13477401373555375,0.12505311435083508
309,0.13477793648226194,0.12505316158088833
310,0.1347818565509027,0.12505320882397966
311,0.13478577391132515,0.12505325607688822
312,0.13478968853342502,0.1250533033363423
313,0.1347936003871455,0.12505335059901845
314,0.13479750944247795,0.12505339786154093
315,0.13480141566946266,0.12505344512048114
316,0.1348053190381897,0.12505349237235674
317,0.13480921951879946,0.12505353961363133
318,0.13481311708148347,0.12505358684071355
319,0.13481701169648513,0.1250536340499564
320,0.13482090333410052,0.1250536812376567
321,0.134824791964679,0.1250537284000543
322,0.13482867755862393,0.12505377553333147
323,0.13483256008639363,0.12505382263361198
324,0.13483643951850177,0.1250538696969607
325,0.1348403158255183,0.12505391671938276
326,0.13484418897807016,0.12505396369682273
327,0.1348480589468419,0.12505401062516397
328,0.13485192570257648,0.12505405750022783
329,0.134855789216076,0.12505410431777303
330,0.13485964945820234,0.12505415107349485
331,0.1348635063998777,0.12505419776302423
332,0.13486736001208588,0.12505424438192717
333,0.1348712102658722,0.12505429092570386
334,0.13487505713234493,0.12505433738978794
335,0.13487890058267546,0.12505438376954564
336,0.13488274058809926,0.1250544300602751
337,0.13488657711991647,0.1250544762572053
338,0.13489041014949277,0.1250545223554956
339,0.13489423964825978,0.1250545683502345
340,0.13489806558771592,0.1250546142364392
341,0.13490188793942712,0.1250546600090544
342,0.13490570667502744,0.12505470566295168
343,0.13490952176621973,0.12505475119292847
344,0.13491333318477644,0.12505479659370733
345,0.13491714090254,0.12505484185993498
346,0.13492094489142384,0.12505488698618134
347,0.13492474512341285,0.1250549319669387
348,0.13492854157056408,0.12505497679662075
349,0.1349323342050074,0.1250550214695618
350,0.13493612299894614,0.12505506598001562
351,0.13493990792465793,0.1250551103221546
352,0.13494368895449504,0.12505515449006896
353,0.13494746606088517,0.1250551984777654
354,0.13495123921633226,0.12505524227916642
355,0.13495500839341684,0.12505528588810938
356,0.13495877356479685,0.12505532929834517
357,0.13496253470320832,0.1250553725035375
358,0.1349662917814658,0.1250554154972617
359,0.13497004477246316,0.12505545827300393
360,0.13497379364917417,0.12505550082415978
361,0.13497753838465307,0.1250555431440335
362,0.13498127895203527,0.12505558522583682
363,0.13498501532453794,0.1250556270626878
364,0.13498874747546052,0.12505566864760997
365,0.1349924753781855,0.12505570997353088
366,0.13499619900617882,0.12505575103328137
367,0.13499991833299066,0.12505579181959411
368,0.1350036333322559,0.1250558323251026
369,0.13500734397769482,0.12505587254234005
370,0.13501105024311344,0.12505591246373804
371,0.13501475210240452,0.12505595208162565
372,0.1350184495295477,0.12505599138822796
373,0.13502214249861033,0.12505603037566487
374,0.13502583098374796,0.12505606903595012
375,0.13502951495920482,0.12505610736098977
376,0.13503319439931466,0.12505614534258103
377,0.1350368692785008,0.1250561829724111
378,0.13504053957127726,0.12505622024205576
379,0.1350442052522488,0.12505625714297813
380,0.13504786629611176,0.12505629366652724
381,0.1350515226776544,0.12505632980393694
382,0.13505517437175765,0.12505636554632427
383,0.1350588213533953,0.12505640088468825
384,0.1350624635976348,0.12505643580990858
385,0.13506610107963762,0.125056470312744
386,0.13506973377465983,0.12505650438383106
387,0.13507336165805248,0.12505653801368266
388,0.13507698470526214,0.12505657119268646
389,0.13508060289183133,0.1250566039111037
390,0.13508421619339914,0.12505663615906729
391,0.13508782458570154,0.1250566679265808
392,0.13509142804457186,0.12505669920351647
393,0.13509502654594127,0.12505672997961395
394,0.13509862006583923,0.12505676024447862
395,0.1351022085803939,0.12505678998758005
396,0.13510579206583248,0.12505681919825037
397,0.13510937049848173,0.12505684786568258
398,0.1351129438547685,0.12505687597892895
399,0.13511651211121975,0.1250569035268995
400,0.13512007524446334,0.12505693049835995
401,0.13512363323122814,0.12505695688193025
402,0.1351271860483445,0.1250569826660829
403,0.1351307336727447,0.12505700783914098
404,0.1351342760814631,0.12505703238927643
405,0.13513781325163665,0.1250570563045083
406,0.13514134516050513,0.12505707957270085
407,0.13514487178541154,0.12505710218156174
408,0.13514839310380228,0.12505712411863995
409,0.13515190909322758,0.12505714537132415
410,0.13515541973134182,0.12505716592684052
411,0.1351589249959036,0.12505718577225092
412,0.13516242486477614,0.12505720489445074
413,0.13516591931592764,0.12505722328016705
414,0.13516940832743127,0.12505724091595635
415,0.13517289187746562,0.1250572577882027
416,0.1351763699443147,0.12505727388311536
417,0.13517984250636833,0.12505728918672676
418,0.13518330954212227,0.12505730368489032
419,0.1351867710301783,0.1250573173632783
420,0.13519022694924443,0.12505733020737927
421,0.1351936772781351,0.12505734220249623
422,0.1351971219957713,0.12505735333374396
423,0.1352005610811806,0.1250573635860468
424,0.13520399451349718,0.1250573729441363
425,0.1352074222719622,0.12505738139254868
426,0.13521084433592348,0.12505738891562254
427,0.13521426068483586,0.12505739549749617
428,0.1352176712982611,0.125057401122105
429,0.13522107615586776,0.1250574057731794
430,0.13522447523743136,0.12505740943424143
431,0.13522786852283447,0.12505741208860277
432,0.13523125599206626,0.12505741371936163
433,0.13523463762522273,0.12505741430940032
434,0.13523801340250657,0.12505741384138208
435,0.13524138330422708,0.1250574122977485
436,0.13524474731079986,0.1250574096607167
437,0.13524810540274676,0.12505740591227618
438,0.1352514575606959,0.12505740103418606
439,0.13525480376538102,0.12505739500797192
440,0.13525814399764174,0.12505738781492268
441,0.1352614782384229,0.12505737943608775
442,0.1352648064687746,0.12505736985227345
443,0.1352681286698516,0.12505735904404028
444,0.13527144482291328,0.12505734699169913
445,0.13527475490932306,0.12505733367530833
446,0.1352780589105481,0.12505731907467005
447,0.1352813568081589,0.12505730316932692
448,0.1352846485838289,0.12505728593855853
449,0.13528793421933388,0.12505726736137793
450,0.1352912136965515,0.12505724741652785
451,0.13529448699746077,0.12505722608247716
452,0.13529775410414158,0.12505720333741693
453,0.1353010149987738,0.1250571791592569
454,0.13530426966363718,0.12505715352562138
455,0.13530751808111,0.12505712641384537
456,0.1353107602336688,0.12505709780097043
457,0.13531399610388767,0.12505706766374092
458,0.1353172256744372,0.12505703597859938
459,0.13532044892808373,0.12505700272168274
460,0.13532366584768868,0.1250569678688177
461,0.13532687641620728,0.1250569313955165
462,0.13533008061668805,0.1250568932769723
463,0.13533327843227144,0.125056853488055
464,0.1353364698461892,0.1250568120033062
465,0.13533965484176264,0.12505676879693467
466,0.1353428334024022,0.12505672384281163
467,0.13534600551160586,0.12505667711446578
468,0.13534917115295808,0.12505662858507835
469,0.13535233031012847,0.12505657822747812
470,0.13535548296687033,0.1250565260141361
471,0.13535862910701962,0.12505647191716057
472,0.135361768714493,0.12505641590829136
473,0.13536490177328706,0.12505635795889486
474,0.13536802826747585,0.12505629803995807
475,0.13537114818121007,0.12505623612208328
476,0.13537426149871498,0.1250561721754821
477,0.13537736820428886,0.12505610616996976
478,0.1353804682823009,0.12505603807495907
479,0.13538356171718985,0.12505596785945444
480,0.1353866484934616,0.12505589549204557
481,0.13538972859568743,0.1250558209409012
482,0.13539280200850193,0.1250557441737628
483,0.1353958687166007,0.1250556651579378
484,0.13539892870473835,0.1250555838602932
485,0.13540198195772601,0.12505550024724849
486,0.13540502846042918,0.125055414284769
487,0.1354080681977649,0.12505532593835858
488,0.13541110115469965,0.12505523517305273
489,0.13541412731624647,0.12505514195341094
490,0.1354171466674623,0.12505504624350944
491,0.13542015919344516,0.1250549480069335
492,0.13542316487933131,0.12505484720676963
493,0.13542616371029223,0.12505474380559786
494,0.1354291556715315,0.1250546377654833
495,0.13543214074828172,0.12505452904796843
496,0.1354351189258012,0.12505441761406422
497,0.13543809018937042,0.1250543034242419
498,0.1354410545242887,0.12505418643842403
499,0.13544401191587066,0.12505406661597587
500,0.13544696234944215,0.12505394391569596
501,0.13544990581033683,0.12505381829580722
502,0.13545284228389193,0.1250536897139473
503,0.13545577175544438,0.12505355812715907
504,0.13545869421032636,0.12505342349188064
505,0.13546160963386117,0.12505328576393568
506,0.1354645180113586,0.12505314489852282
507,0.1354674193281106,0.1250530008502055
508,0.1354703135693862,0.1250528535729013
509,0.13547320072042693,0.12505270301987104
510,0.1354760807664414,0.1250525491437078
511,0.1354789536926006,0.1250523918963255
512,0.13548181948403212,0.12505223122894757
513,0.135484678125815,0.12505206709209507
514,0.13548752960297378,0.12505189943557474
515,0.13549037390047283,0.12505172820846683
516,0.13549321100321043,0.12505155335911244
517,0.13549604089601225,0.12505137483510115
518,0.1354988635636254,0.12505119258325736
519,0.1355016789907116,0.12505100654962786
520,0.1355044871618405,0.12505081667946755
521,0.13550728806148282,0.12505062291722602
522,0.13551008167400314,0.12505042520653334
523,0.13551286798365253,0.12505022349018552
524,0.135515646974561,0.12505001771013002
525,0.1355184186307298,0.12504980780745062
526,0.13552118293602333,0.12504959372235203
527,0.1355239398741609,0.12504937539414426
528,0.13552668942870816,0.12504915276122672
529,0.13552943158306868,0.1250489257610718
530,0.1355321663204747,0.1250486943302083
531,0.13553489362397791,0.12504845840420417
532,0.1355376134764402,0.12504821791764947
533,0.1355403258605235,0.12504797280413835
534,0.1355430307586802,0.12504772299625092
535,0.13554572815314236,0.12504746842553494
536,0.1355484180259115,0.12504720902248664
537,0.13555110035874726,0.12504694471653158
538,0.13555377513315656,0.12504667543600478
539,0.13555644233038183,0.1250464011081307
540,0.13555910193138898,0.1250461216590023
541,0.13556175391685557,0.12504583701356048
542,0.1355643982671579,0.12504554709557214
543,0.13556703496235814,0.1250452518276084
544,0.13556966398219122,0.12504495113102215
545,0.135572285306051,0.125044644925925
546,0.13557489891297614,0.1250443331311639
547,0.13557750478163585,0.12504401566429713
548,0.13558010289031508,0.12504369244156982
549,0.13558269321689878,0.12504336337788893
550,0.1355852757388568,0.1250430283867977
551,0.13558785043322732,0.12504268738044938
552,0.13559041727660046,0.12504234026958055
553,0.135592976245101,0.12504198696348384
554,0.13559552731437097,0.12504162736997995
555,0.13559807045955172,0.125041261395389
556,0.13560060565526508,0.12504088894450147
557,0.1356031328755945,0.1250405099205483
558,0.13560565209406522,0.1250401242251703
559,0.1356081632836244,0.12503973175838712
560,0.13561066641662026,0.12503933241856488
561,0.13561316146478045,0.12503892610238415
562,0.1356156483991907,0.1250385127048061
563,0.1356181271902719,0.12503809211903855
564,0.1356205978077569,0.12503766423650098
565,0.13562306022066706,0.12503722894678887
566,0.1356255143972874,0.1250367861376372
567,0.13562796030514143,0.12503633569488296
568,0.1356303979109656,0.12503587750242698
569,0.13563282718068226,0.125035411442195
570,0.1356352480793726,0.1250349373940973
571,0.1356376605712485,0.12503445523598816
572,0.13564006461962325,0.1250339648436236
573,0.1356424601868824,0.12503346609061894
574,0.13564484723445255,0.1250329588484046
575,0.13564722572277044,0.12503244298618144
576,0.13564959561125028,0.12503191837087474
577,0.13565195685825057,0.12503138486708731
578,0.13565430942104,0.12503084233705125
579,0.13565665325576234,0.12503029064057886
580,0.13565898831740017,0.12502972963501222
581,0.13566131455973765,0.12502915917517163
582,0.13566363193532263,0.12502857911330267
583,0.13566594039542698,0.12502798929902242
584,0.13566823989000645,0.12502738957926396
585,0.13567053036765886,0.12502677979821963
586,0.13567281177558174,0.12502615979728343
587,0.13567508405952794,0.1250255294149911
588,0.1356773471637608,0.12502488848695964
589,0.13567960103100732,0.12502423684582512
590,0.13568184560241084,0.1250235743211785
591,0.1356840808174813,0.12502290073950095
592,0.13568630661404513,0.12502221592409626
593,0.135688522928193,0.12502151969502284
594,0.1356907296942264,0.12502081186902342
595,0.13569292684460266,0.12502009225945312
596,0.13569511430987835,0.12501936067620573
597,0.1356972920186509,0.12501861692563848
598,0.1356994598974989,0.12501786081049474
599,0.13570161787092055,0.12501709212982462
600,0.13570376586127014,0.12501631067890406
601,0.13570590378869288,0.12501551624915172
602,0.13570803157105804,0.1250147086280436
603,0.13571014912388962,0.1250138875990259
604,0.13571225636029588,0.12501305294142556
605,0.13571435319089567,0.12501220443035863
606,0.13571643952374401,0.12501134183663598
607,0.1357185152642542,0.1250104649266675
608,0.13572058031511866,0.12500957346236297
609,0.13572263457622696,0.12500866720103088
610,0.1357246779445816,0.12500774589527494
611,0.13572671031421152,0.12500680929288754
612,0.1357287315760827,0.12500585713674053
613,0.1357307416180067,0.1250048891646738
614,0.1357327403245459,0.12500390510938028
615,0.13573472757691657,0.12500290469828845
616,0.13573670325288895,0.12500188765344186
617,0.135738667226684,0.12500085369137554
618,0.13574061936886772,0.12499980252298884
619,0.13574255954624204,0.12499873385341582
620,0.13574448762173258,0.1249976473818916
621,0.1357464034542732,0.12499654280161537
622,0.13574830689868703,0.1249954197996104
623,0.13575019780556397,0.1249942780565796
624,0.1357520760211349,0.12499311724675813
625,0.1357539413871418,0.12499193703776149
626,0.1357557937407043,0.12499073709043024
627,0.13575763291418189,0.12498951705867015
628,0.13575945873503287,0.12498827658928878
629,0.1357612710256681,0.12498701532182689
630,0.1357630696033012,0.1249857328883865
631,0.13576485427979396,0.12498442891345335
632,0.13576662486149718,0.12498310301371557
633,0.13576838114908674,0.12498175479787699
634,0.13577012293739513,0.12498038386646568
635,0.13577185001523726,0.12497898981163749
636,0.13577356216523181,0.12497757221697411
637,0.1357752591636168,0.12497613065727606
638,0.1357769407800597,0.12497466469835
639,0.135778606777462,0.12497317389679014
640,0.13578025691175766,0.12497165779975411
641,0.13578189093170584,0.12497011594473273
642,0.13578350857867688,0.12496854785931336
643,0.13578510958643253,0.12496695306093691
644,0.13578669368089896,0.12496533105664873
645,0.13578826057993307,0.12496368134284189
646,0.13578980999308193,0.1249620034049943
647,0.1357913416213346,0.1249602967173982
648,0.13579285515686673,0.12495856074288225
649,0.13579435028277737,0.12495679493252648
650,0.1357958266728173,0.1249549987253687
651,0.13579728399111016,0.12495317154810351
652,0.13579872189186357,0.12495131281477265
653,0.13580014001907292,0.12494942192644681
654,0.1358015380062151,0.12494749827089904
655,0.13580291547593343,0.12494554122226839
656,0.13580427203971251,0.12494355014071504
657,0.1358056072975434,0.12494152437206507
658,0.1358069208375785,0.12493946324744598
659,0.13580821223577566,0.12493736608291164
660,0.13580948105553142,0.12493523217905689
661,0.135810726847303,0.12493306082062117
662,0.13581194914821862,0.12493085127608144
663,0.1358131474816755,0.12492860279723303
664,0.13581432135692606,0.12492631461875925
665,0.13581547026865054,0.1249239859577885
666,0.13581659369651708,0.12492161601343903
667,0.13581769110472752,0.12491920396635059
668,0.13581876194154957,0.12491674897820304
669,0.13581980563883425,0.1249142501912211
670,0.1358208216115183,0.12491170672766487
671,0.1358218092571109,0.12490911768930618
672,0.13582276795516485,0.12490648215688968
673,0.1358236970667308,0.12490379918957845
674,0.13582459593379448,0.12490106782438382
675,0.13582546387869665,0.12489828707557883
676,0.13582630020353426,0.12489545593409475
677,0.13582710418954347,0.12489257336690014
678,0.1358278750964631,0.12488963831636214
679,0.13582861216187758,0.12488664969958896
680,0.13582931460054015,0.12488360640775364
681,0.1358299816036739,0.12488050730539818
682,0.13583061233825147,0.12487735122971708
683,0.1358312059462515,0.12487413698982039
684,0.13583176154389182,0.12487086336597525
685,0.13583227822083857,0.12486752910882497
686,0.13583275503939019,0.12486413293858564
687,0.13583319103363556,0.12486067354421909
688,0.1358335852085855,0.12485714958258153
689,0.1358339365392767,0.12485355967754724
690,0.13583424396984778,0.12484990241910666
691,0.1358345064125849,0.12484617636243765
692,0.13583472274693847,0.12484238002694967
693,0.1358348918185075,0.12483851189529951
694,0.1358350124379923,0.12483457041237833
695,0.13583508338011366,0.12483055398426826
696,0.13583510338249782,0.12482646097716857
697,0.13583507114452587,0.12482228971628981
698,0.13583498532614638,0.12481803848471518
699,0.13583484454665054,0.12481370552222817
700,0.13583464738340795,0.12480928902410549
701,0.1358343923705625,0.12480478713987385
702,0.13583407799768646,0.12480019797202994
703,0.13583370270839185,0.1247955195747224
704,0.13583326489889716,0.12479074995239442
705,0.1358327629165489,0.12478588705838586
706,0.13583219505829594,0.12478092879349381
707,0.1358315595691148,0.12477587300449022
708,0.13583085464038538,0.12477071748259515
709,0.13583007840821446,0.1247654599619046
710,0.13582922895170596,0.12476009811777153
711,0.13582830429117632,0.12475462956513819
712,0.13582730238631288,0.12474905185681892
713,0.13582622113427356,0.12474336248173176
714,0.1358250583677263,0.12473755886307697
715,0.13582381185282633,0.12473163835646134
716,0.1358224792871288,0.12472559824796664
717,0.13582105829743557,0.12471943575216017
718,0.1358195464375734,0.12471314801004627
719,0.13581794118610208,0.1247067320869565
720,0.13581623994394956,0.12470018497037716
721,0.1358144400319729,0.12469350356771211
722,0.13581253868844181,0.12468668470397896
723,0.1358105330664429,0.12467972511943694
724,0.13580842023120213,0.12467262146714406
725,0.13580619715732334,0.12466537031044236
726,0.13580386072593975,0.12465796812036822
727,0.13580140772177635,0.12465041127298622
728,0.13579883483012034,0.12464269604664432
729,0.135796138633697,0.12463481861914832
730,0.13579331560944818,0.12462677506485277
731,0.13579036212521078,0.12461856135166685
732,0.13578727443629202,0.12461017333797236
733,0.13578404868193866,0.12460160676945163
734,0.13578068088169784,0.12459285727582295
735,0.1357771669316652,0.12458392036748106
736,0.1357735026006183,0.12457479143204028
737,0.13576968352603203,0.12456546573077763
738,0.1357657052099719,0.12455593839497352
739,0.13576156301486328,0.12454620442214732
740,0.13575725215913215,0.12453625867218535
741,0.13575276771271497,0.12452609586335837
742,0.13574810459243297,0.12451571056822633
743,0.13574325755722913,0.12450509720942705
744,0.1357382212032629,0.12449425005534709
745,0.13573298995885977,0.1244831632156709
746,0.13572755807931228,0.12447183063680667
747,0.1357219196415288,0.12446024609718526
748,0.13571606853852602,0.1244484032024302
749,0.13570999847376258,0.1244362953803955
750,0.13570370295530929,0.12442391587606899
751,0.1356971752898529,0.12441125774633824
752,0.13569040857652961,0.12439831385461653
753,0.13568339570058519,0.12438507686532654
754,0.13567612932685766,0.12437153923823893
755,0.1356686018930794,0.12435769322266316
756,0.13566080560299534,0.124343530851489
757,0.1356527324192936,0.12432904393507543
758,0.135644374056346,0.12431422405498549
759,0.13563572197275411,0.12429906255756479
760,0.1356267673636996,0.12428355054736138
761,0.13561750115309396,0.12426767888038624
762,0.13560791398552685,0.12425143815721137
763,0.13559799621800872,0.12423481871590547
764,0.1355877379115071,0.12421781062480505
765,0.13557712882227307,0.12420040367512061
766,0.13556615839295655,0.12418258737337684
767,0.13555481574350933,0.12416435093368676
768,0.13554308966187334,0.12414568326985964
769,0.13553096859445496,0.12412657298734303
770,0.13551844063638288,0.12410700837499922
771,0.13550549352155103,0.12408697739671809
772,0.13549211461244587,0.12406646768286694
773,0.13547829088975913,0.12404546652158008
774,0.13546400894178764,0.12402396084989047
775,0.13544925495362184,0.1240019372447066
776,0.13543401469612532,0.12397938191363846
777,0.13541827351470928,0.12395628068567749
778,0.1354020163179056,0.12393261900173486
779,0.13538522756574278,0.12390838190504518
780,0.1353678912579316,0.12388355403144179
781,0.13534999092186564,0.12385811959951179
782,0.1353315096004456,0.1238320624006393
783,0.13531242983973513,0.12380536578894744
784,0.13529273367645858,0.123778012671149
785,0.1352724026253511,0.12374998549631896
786,0.13525141766637422,0.12372126624560184
787,0.1352297592318102,0.12369183642186836
788,0.13520740719325014,0.12366167703933852
789,0.13518434084849384,0.1236307686131883
790,0.13516053890837834,0.12359909114915943
791,0.13513597948355735,0.1235666241331937
792,0.13511064007125206,0.1235333465211147
793,0.13508449754199925,0.12349923672838183
794,0.135057528126422,0.12346427261994386
795,0.13502970740205264,0.12342843150022093
796,0.13500101028023823,0.12339169010324659
797,0.1349714109931633,0.12335402458300385
798,0.13494088308102503,0.123315410503991
799,0.1349093993794012,0.12327582283205743
800,0.1348769320068521,0.12323523592554915
801,0.13484345235280235,0.12319362352681106
802,0.13480893106575,0.12315095875409131
803,0.13477333804185648,0.12310721409390016
804,0.13473664241397057,0.12306236139387608
805,0.13469881254114724,0.12301637185621682
806,0.13465981599872306,0.12296921603173647
807,0.1346196195690154,0.12292086381461213
808,0.13457818923271617,0.12287128443788865
809,0.13453549016105532,0.12282044646981287
810,0.13449148670881328,0.12276831781107259
811,0.13444614240826647,0.12271486569302044
812,0.13439941996415422,0.12266005667696492
813,0.1343512812497606,0.12260385665461664
814,0.13430168730420833,0.12254623084978068
815,0.13425059833106834,0.12248714382139039
816,0.13419797369839237,0.12242655946798162
817,0.1341437719402801,0.12236444103371064
818,0.1340879507600998,0.12230075111602241
819,0.1340304670354834,0.12223545167507988
820,0.1339712768252233,0.12216850404506753
821,0.13391033537820246,0.12209986894748749
822,0.13384759714449385,0.1220295065065673
823,0.13378301578876986,0.12195737626690308
824,0.13371654420616547,0.12188343721346251
825,0.13364813454074403,0.1218076477940751
826,0.1335777382067163,0.12172996594453848
827,0.1335053059125683,0.12165034911646912
828,0.1334307876882535,0.12156875430802758
829,0.13335413291560913,0.1214851380976469
830,0.1332752903621552,0.12139945668089161
831,0.13319420821843764,0.1213116659105726
832,0.13311083413907387,0.12122172134023988
833,0.13302511528765998,0.12112957827117074
834,0.13293699838569398,0.1210351918029657
835,0.13284642976566813,0.12093851688785759
836,0.132753355428476,0.12083950838883104
837,0.1326577211052752,0.12073812114164001
838,0.13255947232393803,0.12063431002080012
839,0.1324585544802119,0.12052803000961972
840,0.13235491291370205,0.12041923627431844
841,0.13224849298877284,0.12030788424226711
842,0.13213924018045112,0.120193929684363
843,0.13202710016539618,0.12007732880153599
844,0.13191201891798196,0.1199580383153577
845,0.13179394281151352,0.11983601556270261
846,0.13167281872457864,0.11971121859438358
847,0.13154859415250428,0.11958360627765628
848,0.13142121732386255,0.1194531384024573
849,0.13129063732193516,0.11931977579120824
850,0.13115680421101417,0.119183480411985
851,0.13101966916737778,0.11904421549481572
852,0.1308791846147418,0.11890194565083421
853,0.1307353043639458,0.11875663699397727
854,0.1305879837565884,0.11860825726487562
855,0.13043717981228217,0.11845677595654701
856,0.13028285137914947,0.11830216444146079
857,0.1301249592871327,0.11814439609950143
858,0.12996346650364216,0.11798344644631867
859,0.12979833829101448,0.11781929326151186
860,0.12962954236520197,0.11765191671605724
861,0.12945704905506433,0.11748129949835048
862,0.12928083146158237,0.11730742693820045
863,0.12910086561626485,0.11713028712808059
864,0.12891713063797258,0.11694987104091165
865,0.1287296088873386,0.1167661726436282
866,0.1285382861179229,0.1165791890057581
867,0.1283431516232011,0.11638892040222937
868,0.12814419837845548,0.11619537040960885
869,0.12794142317660717,0.11599854599497286
870,0.12773482675700898,0.11579845759661268
871,0.12752441392620287,0.11559511919578744
872,0.1273101936696386,0.11538854837875377
873,0.12709217925335337,0.11517876638832675
874,0.1268703883146197,0.11496579816425931
875,0.1266448429405908,0.114749672371768
876,0.12641556973400042,0.11453042141758263
877,0.12618259986501315,0.11430808145295385
878,0.12594596910837277,0.11408269236311869
879,0.12570571786505355,0.11385429774279568
880,0.12546189116769188,0.11362294485736225
881,0.12521453866915555,0.1133886845894532
882,0.12496371461369708,0.11315157137081037
883,0.12470947779023925,0.11291166309931383
884,0.12445189146744695,0.11266902104122366
885,0.12419102331035689,0.11242370971876835
886,0.1239269452784578,0.1121757967833229
887,0.12365973350524365,0.11192535287452589
888,0.12338946815939268,0.11167245146579495
889,0.12311623328786195,0.1114171686968041
890,0.1228401166413231,0.11115958319358991
891,0.12256120948250071,0.11089977587705373
892,0.12227960637811036,0.11063782976071802
893,0.12199540497522293,0.1103738297386842
894,0.1217087057630089,0.11010786236481628
895,0.12141961182093278,0.10984001562424571
896,0.12112822855458141,0.10957037869835207
897,0.12083466342040694,0.10929904172442469
898,0.12053902564075655,0.1090260955512472
899,0.12024142591063654,0.10875163149187467
900,0.1199419760977218,0.1084757410748862
901,0.11964078893716998,0.10819851579539774
902,0.11933797772283367,0.10792004686711135
903,0.1190336559964811,0.10764042497665126
904,0.11872793723663938,0.10735974004140683
905,0.11842093454865957,0.10707808097205515
906,0.11811276035757601,0.10679553544088002
907,0.11780352610528734,0.10651218965694087
908,0.11749334195352926,0.10622812814906929
909,0.11718231649403862,0.10594343355758999
910,0.11687055646722476,0.10565818643557594
911,0.11655816649057044,0.10537246506035235
912,0.11624524879787915,0.10508634525586866
913,0.11593190299037678,0.10479990022645616
914,0.11561822580055373,0.10451320040238805
915,0.11530431086951129,0.10422631329755555
916,0.11499024853845005,0.10393930337947324
917,0.11467612565480648,0.1036522319517261
918,0.114362025393416,0.1033651570488746
919,0.11404802709295198,0.10307813334373997
920,0.1137342061077633,0.10279121206690414
921,0.11342063367511128,0.10250444093817344
922,0.1131073767976883,0.10221786410967952
923,0.11279449814118916,0.10193152212021608
924,0.11248205594659991,0.10164545186034693
925,0.11217010395677063,0.10135968654776108
926,0.11185869135675026,0.1010742557122981
927,0.1115478627272759,0.10078918519002175
928,0.11123765801073854,0.10050449712568199
929,0.11092811248888074,0.10022020998287065
930,0.11061925677142483,0.09993633856115272
931,0.11031111679478309,0.09965289401943142
932,0.11000371382995996,0.09936988390479246
933,0.10969706449872585,0.09908731218606084
934,0.10939118079711524,0.0988051792912983
935,0.10908607012528507,0.09852348214846687
936,0.10878173532275676,0.09824221422848554
937,0.10847817470805898,0.09796136558991146
938,0.10817538212178847,0.0976809229244819
939,0.1078733469721054,0.0974008696027636
940,0.1075720542816927,0.09712118571916296
941,0.10727148473521145,0.09684184813556346
942,0.1069716147263024,0.0965628305228644
943,0.10667241640319408,0.09628410339970764
944,0.10637385771199373,0.09600563416768786
945,0.10607590243675316,0.09572738714235145
946,0.10577851023541646,0.09544932357929653
947,0.1054816366707713,0.0951714016946936
948,0.10518523323554006,0.09489357667955164
949,0.10488924737075943,0.09461580070705508
950,0.10459362247660646,0.09433802293230216
951,0.1042982979148405,0.09406018948376872
952,0.10400320900203469,0.09378224344582259
953,0.10370828699277439,0.09350412483160449
954,0.10341345905200312,0.09322577054558479
955,0.10311864821569232,0.09294711433509423
956,0.10282377333900805,0.09266808673011388
957,0.10252874903114012,0.09238861497059432
958,0.10223348557594747,0.09210862292055735
959,0.1019378888375617,0.09182803096821349
960,0.10164186015007337,0.09154675591130952
961,0.1013452961904084,0.09126471082689636
962,0.10104808883348035,0.09098180492468633
963,0.10075012498868281,0.09069794338314527
964,0.10045128641676267,0.09041302716744092
965,0.10015144952609117,0.09012695282834779
966,0.09985048514732559,0.08983961228118778
967,0.0995482582854329,0.0895508925638674
968,0.099244627848026,0.08926067557305961
969,0.09893944634894773,0.08896883777756877
970,0.09863255958602682,0.0886752499079161
971,0.09832380629192766,0.08837977662119109
972,0.09801301775702154,0.08808227614023403
973,0.09770001742322869,0.0877825998662497
974,0.09738462044781529,0.08748059196400314
975,0.09706663323618675,0.08717608891882608
976,0.09674585294279991,0.08686891906476424
977,0.0964220669394299,0.08655890208332932
978,0.09609505225017483,0.0862458484724988
979,0.09576457495277887,0.0859295589858259
980,0.09543038954609777,0.08560982404180408
981,0.09509223828384653,0.08528642310397642
982,0.09474985047515314,0.08495912403270581
983,0.09440294175291808,0.08462768241004122
984,0.09405121331156124,0.08429184083974073
985,0.09369435111643665,0.0839513282252655
986,0.0933320250880392,0.08360585902945428
987,0.09296388826513112,0.08325513252065236
988,0.09258957595210736,0.08289883201131887
989,0.09220870485732048,0.08253662409660592
990,0.09182087223073108,0.08216815790210458
991,0.09142565501115921,0.08179306435193136
992,0.09102260899562842,0.08141095547059024
993,0.09061126804583412,0.0810214237346368
994,0.09019114334967436,0.08062404149309217
995,0.0897617227590682,0.08021836047884338
996,0.08932247022898664,0.0798039114369141
997,0.08887282538673615,0.07938020389950293
998,0.08841220326507347,0.07894672614204194
999,0.08793999423767274,0.07850294535918087
1000,0.08745556420076894,0.07804830810448601
1001,0.08695825505040297,0.07758224104264823
1002,0.08644738551047874,0.07710415206796738
1003,0.08592225237265631,0.07661343184762026
1004,0.08538213221473798,0.07610945585245506
1005,0.08482628366937037,0.07559158694144842
1006,0.08425395031922472,0.07505917856809596
1007,0.08366436429788708,0.0745115786773839
1008,0.08305675067693871,0.07394813436003266
1009,0.08243033271851215,0.07336819732575903
1010,0.08178433806823063,0.07277113024867544
1011,0.08111800595508932,0.07215631402490372
1012,0.0804305954516702,0.07152315596433503
1013,0.0797213948292542,0.07087109891460444
1014,0.07898973201713613,0.0701996312853373
1015,0.07823498614313114,0.06950829790440112
1016,0.07745660009253078,0.06879671159548571
1017,0.07665409397564851,0.06806456531856087
1018,0.07582707934013573,0.0673116446629731
1019,0.07497527390467398,0.06653784042917064
1020,0.07409851652744727,0.06574316098208371
1021,0.0731967820588366,0.06492774401051316
1022,0.07227019566679399,0.06409186728658486
1023,0.07131904616986834,0.0632359579918436
1024,0.07034379787200015,0.06236060016635088
1025,0.06934510037034286,0.0614665398482441
1026,0.06832379580767715,0.06055468750671433
1027,0.06728092306883816,0.059626117432887635
1028,0.06621771847894267,0.058682063840366123
1029,0.06513561265103367,0.05772391353764521
1030,0.06403622325047827,0.05675319516338052
1031,0.06292134358870784,0.055771565115462884
1032,0.06179292712253273,0.05478079044731514
1033,0.06065306810777163,0.053782729140061825
1034,0.05950397882608849,0.05277930827754611
1035,0.05834796395986404,0.05177250074392322
1036,0.05718739282029513,0.050764301124018266
1037,0.05602467022909937,0.049756701510775096
1038,0.05486220690735646,0.04875166791097242
1039,0.05370239023277883,0.04775111789207564
1040,0.05254755618951158,0.046756900034511176
1041,0.05139996325649799,0.04577077565176506
1042,0.05026176886865158,0.044794403123765716
1043,0.04913500894889689,0.04382932506561539
1044,0.04802158085902516,0.04287695843202706
1045,0.04692322996377201,0.041938587544810384
1046,0.045841539855148286,0.04101535993185094
1047,0.04477792615080209,0.0401082847848567
1048,0.04373363366690416,0.039218233781529534
1049,0.04270973667632796,0.038345943975959244
1050,0.041707141898142355,0.03749202243781164
1051,0.0407265938241579,0.03665695231420306
1052,0.03976868197047465,0.035841099995322805
1053,0.03883384964362458,0.035044723082902296
1054,0.037922403828345365,0.03426797888656494
1055,0.037034525833419145,0.03351093320413286
1056,0.03617028236961975,0.032773569175689105
1057,0.03532963677625531,0.032055796035566256
1058,0.03451246015716392,0.03135745761986922
1059,0.033718542230982515,0.03067834051848607
1060,0.03294760174229376,0.03001818178900678
1061,0.03219929631861661,0.02937667617511775
1062,0.03147323169238117,0.028753482793674078
1063,0.03076897023663165,0.02814823127279604
1064,0.030086038788162076,0.02756052733815913
1065,0.029423935752266654,0.02698995785641002
1066,0.028782137499591288,0.026436095353674548
1067,0.028160104078124814,0.025898502033771517
1068,0.02755728427262254,0.025376733325370125
1069,0.02697312005019857,0.024870340990258956
1070,0.026407050434914717,0.0243788758264527
1071,0.02585851485636853,0.02390189000032398
1072,0.02532695601793444,0.023438939041562076
1073,0.024811822329782844,0.022989583533738984
1074,0.024312569950391792,0.022553390531782378
1075,0.023828664478218735,0.02212993473586162
1076,0.023359582332728796,0.021718799449207113
1077,0.02290481186123831,0.021319577345294
1078,0.022463854205166105,0.020931871067708253
1079,0.02203622395638609,0.020555293683923483
1080,0.021621449631524278,0.020189469012197696
1081,0.021219073989290883,0.019834031838873608
1082,0.02082865421332649,0.019488628041555663
1083,0.02044976198059236,0.019152914631951314
1084,0.020081983433065418,0.01882655973060904
1085,0.01972491906841062,0.018509242484361244
1086,0.019378183563400986,0.018200652935984225
1087,0.019041405542132475,0.017900491854415654
1088,0.018714227299527122,0.017608470532814707
1089,0.01839630448922907,0.017324310560805335
1090,0.01808730578375773,0.01704774357639876
1091,0.017786912513681332,0.016778511002342598
1092,0.017494818291601877,0.016516363770978832
1093,0.017210728625884478,0.01626106204110706
1094,0.016934360528311716,0.01601237490983195
1095,0.01666544211918429,0.015770080121921243
1096,0.016403712232814917,0.015533963778803086
1097,0.016148920025862684,0.015303820048985315
1098,0.01590082459052117,0.015079450881376638
1099,0.015659194574199432,0.01486066572272847
1100,0.015423807807012269,0.014647281240188744
1101,0.015194450938118416,0.014439121049762495
1102,0.014970919081708943,0.014236015451306153
1103,0.01475301547324491,0.014037801170537026
1104,0.0145405511363725,0.013844321108415502
1105,0.014333344560798033,0.013655424098152503
1106,0.014131221391282835,0.013470964670004628
1107,0.013934014127817227,0.013290802823944145
1108,0.013741561836946055,0.013114803810227475
1109,0.01355370987414965,0.012942837917832668
1110,0.013370309617126559,0.012774780270692891
1111,0.01319121820977811,0.012610510631616499
1112,0.013016298316658431,0.012449913213755439
1113,0.012845417887624595,0.012292876499460046
1114,0.012678449932400217,0.01213929306634003
1115,0.012515272304749445,0.011989059420337376
1116,0.012355767495947214,0.011842075835606296
1117,0.01219982243722504,0.01169824620098797
1118,0.012047328310867626,0.011557477872863287
1119,0.011898180369635199,0.011419681534163608
1120,0.011752277764188102,0.01128477105931978
1121,0.011609523378193773,0.01115266338492954
1122,0.011469823670801672,0.011023278385926111
1123,0.011333088526177646,0.010896538757033518
1124,0.011199231109797592,0.010772369899298613
1125,0.011068167731207439,0.010650699811493601
1126,0.010939817712965984,0.010531458986189058
1127,0.010814103265496231,0.010414580310302074
1128,0.010690949367579826,0.01029999896993046
1129,0.010570283652239464,0.010187652359289898
1130,0.010452036297763355,0.010077479993577432
1131,0.010336139923635647,0.00996942342558993
1132,0.010222529491146203,0.00986342616593405
1133,0.010111142208462638,0.009759433606668868
1134,0.010001917439956685,0.00965739294822961
1135,0.009894796619585935,0.009557253129486454
1136,0.009789723168140984,0.009458964760798638
1137,0.009686642414176196,0.009362480059929668
1138,0.009585501518450982,0.00926775279069548
1139,0.009486249401716211,0.009174738204222568
1140,0.009388836675687856,0.009083392982698483
1141,0.009293215577057853,0.008993675185502648
1142,0.00919933990439888,0.008905544197609968
1143,0.009107164957826557,0.008818960680164765
1144,0.009016647481289556,0.008733886523127222
1145,0.008927745607363492,0.008650284799898787
1146,0.008840418804431378,0.008568119723837477
1147,0.008754627826138488,0.008487356606577998
1148,0.008670334663015065,0.00840796181807553
1149,0.008587502496165692,0.00832990274829579
1150,0.008506095652928654,0.008253147770477625
1151,0.008426079564413996,0.00817766620589767
1152,0.008347420724832773,0.008103428290070233
1153,0.008270086652534429,0.008030405140318157
1154,0.00819404585267394,0.007958568724653984
1155,0.00811926778143306,0.007887891831913142
1156,0.008045722811724824,0.007818348043083815
1157,0.007973382200313094,0.007749911703780931
1158,0.00790221805628287,0.007682557897813448
1159,0.007832203310799576,0.00761626242179756
1160,0.007763311688099445,0.00755100176076967
1161,0.007695517677654857,0.007486753064755758
1162,0.007628796507462171,0.00742349412625564
1163,0.007563124118401579,0.007361203358602221
1164,0.007498477139620985,0.00729985977515827
1165,0.007434832864898678,0.0072394429693146385
1166,0.007372169229940972,0.0071799330952553725
1167,0.007310464790573946,0.007121310849457276
1168,0.007249698701789625,0.007063557452892405
1169,0.007189850697609499,0.007006654633903882
1170,0.007130901071729384,0.006950584611726416
1171,0.00707283065891191,0.006895330080624609
1172,0.007015620817094223,0.006840874194622981
1173,0.006959253410180032,0.006787200552803009
1174,0.006903710791486656,0.006734293185143781
1175,0.006848975787819173,0.006682136538883521
1176,0.0067950316841448016,0.006630715465380596
1177,0.006741862208842181,0.006580015207453469
1178,0.006689451519501365,0.006530021387180045
1179,0.006637784189251271,0.006480719994137504
1180,0.0065868451935925665,0.006432097374064962
1181,0.006536619897714924,0.006384140217931684
1182,0.006487094044278615,0.006336835551394612
1183,0.006438253741641158,0.006290170724629518
1184,0.006390085452510888,0.006244133402521032
1185,0.006342575983009802,0.006198711555196945
1186,0.0062957124721290695,0.0061538934488935566
1187,0.006249482381561414,0.006109667637138637
1188,0.006203873485894821,0.006066022952239766
1189,0.00615887386315342,0.006022948497066066
1190,0.006114471885671312,0.005980433637111766
1191,0.006070656211286293,0.005938467992830875
1192,0.006027415774840773,0.005897041432232289
1193,0.005984739779977427,0.005856144063725487
1194,0.00594261769121856,0.0058157662292071055
1195,0.00590103922631753,0.005775898497379215
1196,0.005859994348871936,0.005736531657290647
1197,0.005819473261188323,0.005697656712092671
1198,0.005779466397388683,0.0056592648730012
1199,0.005739964416749393,0.005621347553457658
1200,0.005700958197263845,0.005583896363481146
1201,0.005662438829420107,0.005546903104204658
1202,0.005624397610185423,0.005510359762588815
1203,0.005586826037189869,0.0054742585063063
1204,0.005549715803101602,0.0054385916787907974
1205,0.0055130587901864765,0.005403351794444561
1206,0.005476847065045212,0.005368531533998703
1207,0.005441072873521545,0.005334123740020645
1208,0.0054057286357749226,0.005300121412563582
1209,0.005370806941511869,0.005266517704952639
1210,0.005336300545369961,0.005233305919703087
1211,0.005302202362449199,0.0052004795045656445
1212,0.005268505463984939,0.00516803204869455
1213,0.005235203073157752,0.005135957278933962
1214,0.005202288561034959,0.005104249056218635
1215,0.005169755442639205,0.0050729013720847115
1216,0.005137597373139695,0.0050419083452869495
1217,0.005105808144161322,0.005011264218518544
1218,0.005074381680208113,0.004980963355230107
1219,0.005043312035196331,0.004951000236544317
1220,0.005012593389093912,0.0049213694582630136
1221,0.00498222004466213,0.004892065727963513
1222,0.004952186424296243,0.004863083862181182
1223,0.004922487066961472,0.004834418783675267
1224,0.0048931166252210384,0.004806065518775219
1225,0.004864069862353363,0.004778019194804871
1226,0.004835341649554935,0.004750275037581661
1227,0.00480692696322636,0.004722828368988664
1228,0.004778820882338446,0.004695674604616783
1229,0.004751018585875862,0.00466880925147496
1230,0.004723515350355621,0.004642227905766009
1231,0.004696306547417844,0.004615926250726093
1232,0.004669387641486597,0.004589900054525522
1233,0.004642754187498249,0.0045641451682292295
1234,0.004616401828695235,0.004538657523814585
1235,0.0045903262944830886,0.004513433132245092
1236,0.004564523398348553,0.004488468081597773
1237,0.0045389890358369135,0.004463758535242959
1238,0.00451371918258657,0.004439300730074395
1239,0.004488709892418872,0.004415090974788372
1240,0.004463957295481763,0.004391125648210167
1241,0.004439457596445053,0.004367401197666376
1242,0.004415207072746053,0.004343914137401668
1243,0.0043912020728837835,0.004320661047038574
1244,0.004367439014760259,0.004297638570078978
1245,0.0043439143840672675,0.004274843412446033
1246,0.004320624732717465,0.004252272341065263
1247,0.004297566677318032,0.004229922182483505
1248,0.004274736897685906,0.004207789821524799
1249,0.0042521321354030495,0.004185872199981839
1250,0.004229749192410677,0.004164166315342055
1251,0.0042075849296411205,0.004142669219547179
1252,0.004185636265686224,0.004121378017785465
1253,0.0041639001755012445,0.004100289867315286
1254,0.004142373689142934,0.004079401976319463
1255,0.004121053890541047,0.004058711602789227
1256,0.004099937916302013,0.004038216053437013
1257,0.004079022954544039,0.0040179126826371545
1258,0.004058306243762473,0.003997798891393832
1259,0.004037785071724682,0.003977872126335195
1260,0.004017456774393492,0.003958129878733171
1261,0.003997318734878358,0.00393856968354805
1262,0.003977368382413503,0.003919189118497152
1263,0.003957603191362055,0.0038999858031468874
1264,0.003938020680245669,0.0038809573980276104
1265,0.003918618410798673,0.003862101603770448
1266,0.003899393987046163,0.003843416160265648
1267,0.0038803450544052493,0.0038248988458417003
1268,0.0038614692988088637,0.0038065474764647366
1269,0.003842764445851475,0.003788359904957561
1270,0.0038242282599559876,0.0037703340202378086
1271,0.003805858543561365,0.0037524677465747
1272,0.0037876531363302507,0.003734759042863767
1273,0.003769609914376106,0.0037172059019192445
1274,0.0037517267895092942,0.0036998063497834183
1275,0.0037340017085015645,0.0036825584450526235
1276,0.0037164326523684045,0.0036654602782193427
1277,0.0036990176356688042,0.003648509971030023
1278,0.003681754705821934,0.0036317056758581293
1279,0.0036646419424402107,0.003615045575092005
1280,0.0036476774566784106,0.0035985278805372766
1281,0.003630859390598264,0.0035821508328331433
1282,0.0036141859165481974,0.0035659127008825253
1283,0.003597655236557764,0.0035498117812953157
1284,0.0035812655817463856,0.0035338463978447487
1285,0.00356501521174599,0.003518014900936217
1286,0.003548902414137191,0.003502315667088465
1287,0.003532925503898658,0.003486747098426649
1288,0.003517082822869227,0.003471307622187026
1289,0.003501372739222609,0.003455995690232994
1290,0.0034857936469541427,0.0034408097785820838
1291,0.0034703439653793458,0.00342574838694376
1292,0.0034550221386441013,0.0034108100382676037
1293,0.003439826635245881,0.0033959932783016776
1294,0.0034247559475660263,0.003381296675160861
1295,0.003409808591412496,0.003366718818904745
1296,0.003394983105573096,0.003352258321125042
1297,0.0033802780513786873,0.003337913814542068
1298,0.0033656920122762703,0.0033236839526102624
1299,0.0033512235934115876,0.003309567409132272
1300,0.003336871421221035,0.003295562877881652
1301,0.0033226341430326557,0.0032816690722337746
1302,0.0033085104266760224,0.00326788472480478
1303,0.0032944989601006174,0.0032542085870984477
1304,0.0032805984510027486,0.00324063942916066
1305,0.0032668076264605345,0.0032271760392413975
1306,0.0032531252325769524,0.0032138172234639833
1307,0.003239550034130569,0.0032005618055013997
1308,0.003226080814233952,0.003187408626259631
1309,0.0032127163739994035,0.003174356543567649
1310,0.003199455532211912,0.0031614044318740743
1311,0.00318629712500917,0.003148551181950238
1312,0.0031732400055684037,0.0031357957005994867
1313,0.0031602830437998768,0.0031231369103726556
1314,0.0031474251260469824,0.0031105737492895013
1315,0.0031346651547926323,0.003098105170565915
1316,0.003122002048371854,0.003085730142346907
1317,0.0031094347406904928,0.0030734476474450923
1318,0.00309696218094978,0.0030612566830845417
1319,0.0030845833333766376,0.0030491562606500496
1320,0.003072297176959691,0.00303714540544143
1321,0.0030601027051907004,0.0030252231564329925
1322,0.0030479989258113687,0.0030133885660377675
1323,0.0030359848605654286,0.0030016406998766973
1324,0.0030240595449557164,0.0029899786365524175
1325,0.0030122220280063713,0.0029784014674277028
1326,0.0030004713720298286,0.002966908296408266
1327,0.0029888066523985524,0.002955498239730071
1328,0.002977226957321427,0.002944170425750821
1329,0.0029657313876247167,0.0029329239947456427
1330,0.0029543190565373884,0.0029217580987068352
1331,0.002942989089480777,0.0029106719011476566
1332,0.0029317406238625176,0.0028996645769099045
1333,0.0029205728088745396,0.0028887353119753808
1334,0.0029094848052951235,0.002877883303281023
1335,0.002898475785294882,0.002867107758537709
1336,0.0028875449322466064,0.0028564078960525326
1337,0.002876691440538855,0.0028457829445546626
1338,0.0028659145153931967,0.002835232143024478
1339,0.002855213372685092,0.0028247547405260806
1340,0.0028445872387682716,0.002814349996043046
1341,0.0028340353503024445,0.0028040171783172965
1342,0.002823556954084547,0.0027937555656911473
1343,0.0028131513068830895,0.0027835644459522986
1344,0.0028028176752757953,0.002773443116181837
1345,0.0027925553354903724,0.0027633908826051614
1346,0.0027823635732483016,0.0027534070604456357
1347,0.00277224168361167,0.0027434909737811485
1348,0.0027621889708329015,0.002733641955403261
1349,0.002752204748207333,0.0027238593466791016
1350,0.0027422883379286615,0.0027141424974157988
1351,0.0027324390709470426,0.0027044907657274315
1352,0.0027226562868299287,0.002694903517904563
1353,0.0027129393336255063,0.002685380128286074
1354,0.002703287567728686,0.0026759199791334615
1355,0.002693700353749653,0.002666522460507441
1356,0.0026841770643847743,0.002657186970146809
1357,0.0026747170802900217,0.002647912913349564
1358,0.002665319789956635,0.002638699702856159
1359,0.002655984589589202,0.00262954675873497
1360,0.0026467108829858633,0.002620453508269739
1361,0.002637498081420814,0.0026114193858491896
1362,0.002628345603528915,0.0026024438328585346
1363,0.0026192528751924375,0.0025935262975730292
1364,0.0026102193294298606,0.0025846662350533867
1365,0.002601244406286677,0.002575863107043094
1366,0.0025923275527282084,0.0025671163818675852
1367,0.002583468222534351,0.002558425534335187
1368,0.002574665876196189,0.002549790045639851
1369,0.002565919980814511,0.002541209403265625
1370,0.002557230010000134,0.002532683100892753
1371,0.002548595443775939,0.002524210638305547
1372,0.002540015768480788,0.0025157915213017846
1373,0.002531490476675045,0.002507425261603729
1374,0.0025230190670477775,0.0024991113767707475
1375,0.002514601044325665,0.002490849390113384
1376,0.002506235919183433,0.0024826388306090075
1377,0.0024979232081559144,0.002474479232818878
1378,0.002489662433551646,0.002466370136806661
1379,0.002481453123367948,0.002458311088058356
1380,0.002473294811207498,0.002450301637403605
1381,0.0024651870361963924,0.002442341340938353
1382,0.0024571293429035577,0.002434429759948841
1383,0.0024491212812616184,0.0024265664608368836
1384,0.0024411624064890874,0.0024187510150464548
1385,0.0024332522790139225,0.0024109829989914676
1386,0.002425390464398375,0.0024032619939848344
1387,0.002417576533265134,0.0023955875861687
1388,0.0024098100612247185,0.002387959366445869
1389,0.002402090628804146,0.0023803769304123388
1390,0.0023944178213767256,0.0023728398782910678
1391,0.002386791229093142,0.002365347814866729
1392,0.002379210446813627,0.0023579003494216366
1393,0.0023716750740413123,0.0023504970956727263
1394,0.0023641847148566726,0.0023431376717095494
1395,0.002356738977853084,0.0023358216999333267
1396,0.002349337476073472,0.002328548806997014
1397,0.002341979826947984,0.0023213186237463408
1398,0.002334665652232703,0.002314130785161779
1399,0.0023273945779494175,0.0023069849303015673
1400,0.0023201662343262956,0.0022998807022455584
1401,0.0023129802557396643,0.0022928177480400335
1402,0.0023058362806566202,0.002285795718643446
1403,0.0022987339515786716,0.0022788142688729618
1404,0.00229167291498626,0.002271873057351939
1405,0.002284652821284168,0.002264971746458227
1406,0.0022776733247478857,0.0022581100022733055
1407,0.0022707340834707667,0.0022512874945322227
1408,0.002263834759312108,0.002244503896574363
1409,0.0022569750178459947,0.0022377588852949687
1410,0.0022501545283110545,0.0022310521410974886
1411,0.002243372963560943,0.002224383347846623
1412,0.002236630000015655,0.00221775219282214
1413,0.0022299253176136327,0.00221115836667344
1414,0.0022232585997646074,0.002204601563374812
1415,0.0022166295333031945,0.002198081480181398
1416,0.002210037808443229,0.0021915978175858645
1417,0.0022034831187328304,0.0021851502792757486
1418,0.00219696516101018,0.0021787385720914466
1419,0.002190483635359965,0.002172362405984881
1420,0.002184038245070538,0.0021660214939788246
1421,0.002177628696591753,0.0021597155521268017
1422,0.002171254699493405,0.002153444299473695
1423,0.002164915966424389,0.0021472074580168583
1424,0.002158612213072446,0.002141004752667919
1425,0.0021523431581245544,0.0021348359112151106
1426,0.002146108523227921,0.0021287006642861923
1427,0.0021399080329515996,0.00212259874531199
1428,0.002133741414748642,0.0021165298904903757
1429,0.002127608398918908,0.0021104938387509348
1430,0.0021215087185723993,0.0021044903317200513
1431,0.002115442109593139,0.0020985191136866175
1432,0.00210940831060366,0.0020925799315681722
1433,0.002103407062929964,0.002086672534877628
1434,0.0020974381105670755,0.002080796675690448
1435,0.0020915012001450533,0.0020749521086123345
1436,0.0020855960808955866,0.0020691385907473914
1437,0.0020797225046190384,0.0020633558816667997
1438,0.0020738802256519977,0.0020576037433778747
1439,0.0020680690008353358,0.002051881940293685
1440,0.002062288589482713,0.00204619023920305
1441,0.0020565387533495946,0.0020405284092410033
1442,0.002050819256602682,0.002034896221859714
1443,0.002045129865789817,0.0020292934507997796
1444,0.0020394703498103598,0.0020237198720620265
1445,0.002033840479885947,0.002018175263879612
1446,0.0020282400295317544,0.0020126594066906494
1447,0.002022668774528077,0.002007172083111141
1448,0.0020171264928924753,0.002001713077908363
1449,0.002011612964852173,0.0019962821779746258
1450,0.0020061279728169567,0.0019908791723013603
1451,0.002000671301352451,0.0019855038519536756
1452,0.001995242737153767,0.0019801560100451893
1453,0.0019898420690195448,0.0019748354417132904
1454,0.0019844690878263547,0.0019695419440947056
1455,0.0019791235865034844,0.0019642753163014596
1456,0.0019738053600081183,0.001959035359397138
1457,0.0019685142053007965,0.0019538218763735203
1458,0.0019632499213212908,0.001948634672127523
1459,0.001958012308964812,0.0019434735534384847
1460,0.0019528011710585355,0.0019383383289457773
1461,0.0019476163123385028,0.0019332288091266877
1462,0.0019424575394267987,0.001928144806274711
1463,0.001937324660809071,0.0019230861344780167
1464,0.0019322174868124267,0.001918052609598327
1465,0.0019271358295835284,0.0019130440492500362
1466,0.0019220795030671033,0.00190806027277964
1467,0.0019170483229846934,0.0019031011012454455
1468,0.0019120421068137112,0.0018981663573975627
1469,0.0019070606737668222,0.0018932558656581588
1470,0.0019021038447715876,0.0018883694521020442
1471,0.0018971714424503752,0.0018835069444374476
1472,0.0018922632911005915,0.001878668171987093
1473,0.0018873792166751488,0.001873852965669573
1474,0.0018825190467632292,0.0018690611579809014
1475,0.001877682610571309,0.0018642925829763844
1476,0.001872869738904419,0.0018595470762527116
1477,0.001868080264147715,0.0018548244749302767
1478,0.001863314020248236,0.001850124617635783
1479,0.0018585708426969677,0.0018454473444850245
1480,0.0018538505685111143,0.0018407924970659754
1481,0.0018491530362166498,0.0018361599184220324
1482,0.0018444780858310455,0.0018315494530355214
1483,0.0018398255588463056,0.0018269609468114499
1484,0.001835195298212175,0.0018223942470614134
1485,0.0018305871483196112,0.0018178492024877877
1486,0.001826000954984443,0.0018133256631680632
1487,0.0018214365654312822,0.0018088234805394628
1488,0.0018168938282776368,0.0018043425073836939
1489,0.0018123725935182426,0.0017998825978119512
1490,0.0018078727125095829,0.0017954436072500938
1491,0.0018033940379546469,0.0017910253924240407
1492,0.0017989364238878852,0.001786627811345339
1493,0.0017944997256603245,0.0017822507232969087
1494,0.0017900837999249384,0.0017778939888190301
1495,0.001785688504622173,0.0017735574696954662
1496,0.0017813136989656747,0.001769241028939759
1497,0.0017769592434282208,0.001764944530781762
1498,0.001772624999727784,0.001760667840654282
1499,0.0017683108308138517,0.0017564108251799497
1500,0.0017640166008538768,0.0017521733521582324
1501,0.0017597421752199116,0.0017479552905525968
1502,0.0017554874204754284,0.00174375651047789
1503,0.0017512522043622997,0.0017395768831878367
1504,0.0017470363957879471,0.0017354162810627254
1505,0.0017428398648126823,0.0017312745775972206
1506,0.0017386624826371637,0.0017271516473883913
1507,0.0017345041215900622,0.0017230473661238143
1508,0.001730364655115858,0.0017189616105698926
1509,0.001726243957762798,0.0017148942585602915
1510,0.001722141905171028,0.0017108451889845412
1511,0.0017180583740608463,0.0017068142817767524
1512,0.0017139932422211182,0.001702801417904519
1513,0.0017099463884978463,0.0016988064793579194
1514,0.0017059176927828837,0.0016948293491386834
1515,0.0017019070360027905,0.0016908699112494854
1516,0.0016979143001078242,0.0016869280506833784
1517,0.0016939393680610606,0.0016830036534133401
1518,0.0016899821238276934,0.001679096606381994
1519,0.001686042452364412,0.0016752067974914067
1520,0.0016821202396089655,0.001671334115593037
1521,0.0016782153724698087,0.0016674784504778278
1522,0.0016743277388159249,0.0016636396928663894
1523,0.0016704572274667338,0.001659817734399321
1524,0.001666603728182155,0.0016560124676276529
1525,0.0016627671316527854,0.0016522237860033815
1526,0.0016589473294901932,0.001648451583870184
1527,0.0016551442142173237,0.001644695756454171
1528,0.001651357679259062,0.001640956199854793
1529,0.0016475876189328844,0.0016372328110358708
1530,0.0016438339284395864,0.0016335254878166866
1531,0.0016400965038542233,0.0016298341288632544
1532,0.0016363752421170667,0.0016261586336796113
1533,0.0016326700410247128,0.001622498902599305
1534,0.0016289807992213062,0.0016188548367769063
1535,0.0016253074161898578,0.0016152263381796713
1536,0.0016216497922436626,0.0016116133095793015
1537,0.001618007828517843,0.0016080156545437727
1538,0.001614381426960969,0.0016044332774292891
1539,0.0016107704903267914,0.0016008660833723408
1540,0.001607174922166092,0.0015973139782818305
1541,0.001603594626818598,0.0015937768688312987
1542,0.0016000295094050266,0.0015902546624512793
1543,0.0015964794758191844,0.0015867472673216853
1544,0.0015929444327202284,0.00158325459236434
1545,0.0015894242875249382,0.0015797765472355667
1546,0.0015859189484001414,0.0015763130423188626
1547,0.001582428324255213,0.0015728639887176957
1548,0.0015789523247346307,0.0015694292982483325
1549,0.0015754908602106904,0.001566008883432811
1550,0.0015720438417762203,0.0015626026574919348
1551,0.0015686111812374616,0.0015592105343383974
1552,0.0015651927911069833,0.0015558324285699706
1553,0.0015617885845966902,0.0015524682554627538
1554,0.0015583984756109206,0.001549117930964546
1555,0.0015550223787396146,0.001545781371688241
1556,0.001551660209251604,0.0015424584949053474
1557,0.0015483118830878979,0.001539149218539565
1558,0.0015449773168551293,0.0015358534611604126
1559,0.0015416564278190362,0.0015325711419769755
1560,0.0015383491338980065,0.001529302180831684
1561,0.001535055353656755,0.0015260464981942004
1562,0.0015317750063000102,0.001522804015155327
1563,0.0015285080116662973,0.0015195746534210478
1564,0.0015252542902218116,0.0015163583353065783
1565,0.0015220137630543432,0.0015131549837305225
1566,0.0015187863518672697,0.0015099645222090773
1567,0.001515571978973617,0.0015067868748503248
1568,0.0015123705672902236,0.0015036219663485458
1569,0.0015091820403318945,0.001500469721978658
1570,0.0015060063222057329,0.0014973300675906664
1571,0.0015028433376054011,0.0014942029296041923
1572,0.0014996930118055783,0.001491088235003089
1573,0.001496555270656404,0.0014879859113300768
1574,0.0014934300405779841,0.0014848958866814674
1575,0.0014903172485549972,0.00148181808970194
1576,0.001487216822131347,0.0014787524495793669
1577,0.00148412868940485,0.0014756988960397163
1578,0.0014810527790220112,0.0014726573593419848
1579,0.0014779890201728635,0.0014696277702732252
1580,0.001474937342585839,0.0014666100601435843
1581,0.0014718976765226996,0.0014636041607814364
1582,0.001468869952773572,0.0014606100045285375
1583,0.0014658541026519594,0.001457627524235259
1584,0.0014628500579898735,0.0014546566532558638
1585,0.0014598577511330019,0.001451697325443826
1586,0.0014568771149359003,0.0014487494751472174
1587,0.0014539080827572918,0.0014458130372041462
1588,0.0014509505884553757,0.0014428879469382174
1589,0.0014480045663831968,0.0014399741401540742
1590,0.0014450699513840766,0.001437071553132989
1591,0.001442146678787086,0.001434180122628472
1592,0.0014392346844025738,0.0014312997858619534
1593,0.0014363339045177367,0.00142843048051851
1594,0.0014334442758922401,0.0014255721447426297
1595,0.0014305657357538918,0.0014227247171340225
1596,0.0014276982217943587,0.0014198881367434952
1597,0.0014248416721649284,0.0014170623430688391
1598,0.0014219960254723192,0.001414247276050786
1599,0.00141916122077454,0.0014114428760690061
1600,0.0014163371975767867,0.0014086490839381408
1601,0.0014135238958273852,0.0014058658409038802
1602,0.0014107212559137752,0.001403093088639071
1603,0.0014079292186585596,0.0014003307692399079
1604,0.0014051477253155607,0.0013975788252221096
1605,0.0014023767175659323,0.0013948371995171705
1606,0.0013996161375143435,0.0013921058354686537
1607,0.0013968659276851535,0.0013893846768285052
1608,0.001394126031018657,0.0013866736677534137
1609,0.0013913963908673706,0.0013839727528012226
1610,0.0013886769509923425,0.0013812818769273426
1611,0.0013859676555595124,0.0013786009854812702
1612,0.0013832684491361194,0.001375930024203058
1613,0.0013805792766871223,0.0013732689392198984
1614,0.0013779000835716813,0.0013706176770426778
1615,0.0013752308155396565,0.0013679761845626398
1616,0.001372571418728174,0.0013653444090480022
1617,0.0013699218396581868,0.0013627222981406682
1618,0.0013672820252311159,0.001360109799852967
1619,0.0013646519227254869,0.0013575068625643802
1620,0.001362031479793617,0.0013549134350183708
1621,0.0013594206444583665,0.0013523294663191857
1622,0.0013568193651098562,0.0013497549059287319
1623,0.0013542275905023022,0.0013471897036634777
1624,0.0013516452697507914,0.0013446338096913435
1625,0.0013490723523281842,0.0013420871745287012
1626,0.0013465087880619882,0.001339549749037332
1627,0.00134395452713128,0.0013370214844214546
1628,0.001341409520063654,0.0013345023322247989
1629,0.0013388737177322146,0.001331992244327636
1630,0.0013363470713525965,0.0013294911729439423
1631,0.0013338295324800001,0.0013269990706184995
1632,0.0013313210530062885,0.0013245158902240833
1633,0.0013288215851570858,0.0013220415849586593
1634,0.0013263310814888892,0.0013195761083426027
1635,0.001323849494886288,0.0013171194142159574
1636,0.001321376778559111,0.0013146714567357169
1637,0.0013189128860396691,0.001312232190373131
1638,0.0013164577711800218,0.001309801569911049
1639,0.0013140113881492197,0.0013073795504412822
1640,0.001311573691430665,0.001304966087361989
1641,0.0013091446358193845,0.0013025611363750925
1642,0.0013067241764194368,0.0013001646534837273
1643,0.0013043122686412863,0.0012977765949896984
1644,0.001301908868199218,0.0012953969174909893
1645,0.0012995139311087725,0.0012930255778792678
1646,0.0012971274136842235,0.0012906625333374351
1647,0.0012947492725360467,0.0012883077413371835
1648,0.0012923794645684696,0.001285961159636605
1649,0.0012900179469769826,0.0012836227462777905
1650,0.0012876646772459243,0.0012812924595844769
1651,0.0012853196131460552,0.001278970258159716
1652,0.0012829827127321882,0.0012766561008835417
1653,0.0012806539343408188,0.0012743499469107026
1654,0.001278333236587772,0.0012720517556683584
1655,0.001276020578365918,0.0012697614868538822
1656,0.001273715918842844,0.001267479100432589
1657,0.0012714192174586082,0.0012652045566355552
1658,0.0012691304339234812,0.0012629378159574442
1659,0.0012668495282157225,0.0012606788391543162
1660,0.0012645764605793784,0.0012584275872415311
1661,0.0012623111915220908,0.0012561840214915967
1662,0.0012600536818129365,0.0012539481034320819
1663,0.0012578038924803132,0.0012517197948435424
1664,0.0012555617848097667,0.0012494990577574666
1665,0.0012533273203419496,0.0012472858544542282
1666,0.001251100460870507,0.0012450801474610765
1667,0.0012488811684400244,0.001242881899550136
1668,0.0012466694053439983,0.0012406910737364203
1669,0.0012444651341228115,0.0012385076332758977
1670,0.001242268317561728,0.0012363315416635105
1671,0.0012400789186889334,0.0012341627626312858
1672,0.0012378969007735413,0.00123200126014642
1673,0.0012357222273236817,0.00122984699840939
1674,0.001233554862084559,0.001227699941852086
1675,0.0012313947690365612,0.001225560055135973
1676,0.0012292419123933614,0.0012234273031502376
1677,0.0012270962566000502,0.0012213016510099974
1678,0.0012249577663312893,0.0012191830640544807
1679,0.0012228264064894775,0.0012170715078452603
1680,0.001220702142202937,0.0012149669481644838
1681,0.0012185849388241003,0.0012128693510131251
1682,0.0012164747619277513,0.0012107786826092604
1683,0.001214371577309239,0.001208694909386352
1684,0.0012122753509827458,0.0012066179979915367
1685,0.001210186049179547,0.0012045479152839652
1686,0.0012081036383462932,0.0012024846283331142
1687,0.0012060280851433234,0.0012004281044171545
1688,0.0012039593564429673,0.001198378311021299
1689,0.0012018974193278862,0.0011963352158362
1690,0.0011998422410894245,0.0011942987867563147
1691,0.0011977937892259515,0.0011922689918783523
1692,0.0011957520314412758,0.001190245799499673
1693,0.0011937169356430121,0.0011882291781167259
1694,0.0011916884699409954,0.0011862190964235292
1695,0.0011896666026457103,0.0011842155233100964
1696,0.0011876513022667278,0.001182218427860952
1697,0.0011856425375111562,0.00118022777935362
1698,0.0011836402772820982,0.001178243547257123
1699,0.0011816444906771614,0.001176265701230513
1700,0.0011796551469869234,0.0011742942111214068
1701,0.0011776722156934493,0.0011723290469645446
1702,0.00117569566646883,0.0011703701789803405
1703,0.0011737254691736943,0.0011684175775734601
1704,0.0011717615938557709,0.0011664712133314275
1705,0.0011698040107484624,0.0011645310570232066
1706,0.0011678526902693966,0.0011625970795978281
1707,0.0011659076030190358,0.001160669252183014
1708,0.0011639687197792766,0.00115874754608382
1709,0.0011620360115120513,0.0011568319327812848
1710,0.0011601094493579682,0.0011549223839310973
1711,0.0011581890046349502,0.00115301887136228
1712,0.0011562746488368838,0.0011511213670758627
1713,0.0011543663536322823,0.0011492298432435894
1714,0.0011524640908629616,0.001147344272206638
1715,0.001150567832542739,0.0011454646264743415
1716,0.0011486775508561201,0.001143590878722915
1717,0.0011467932181570106,0.0011417230017942118
1718,0.0011449148069674604,0.0011398609686944679
1719,0.0011430422899763692,0.001138004752593091
1720,0.0011411756400382526,0.0011361543268214337
1721,0.0011393148301719947,0.0011343096648715667
1722,0.0011374598335596115,0.0011324707403950983
1723,0.0011356106235450385,0.0011306375272019833
1724,0.0011337671736329112,0.0011288099992593516
1725,0.001131929457487387,0.0011269881306903231
1726,0.0011300974489309302,0.0011251718957728666
1727,0.0011282711219431439,0.001123361268938652
1728,0.0011264504506596136,0.0011215562247719048
1729,0.0011246354093707388,0.0011197567380082905
1730,0.001122825972520592,0.0011179627835337983
1731,0.0011210221147057728,0.0011161743363836164
1732,0.0011192238106742971,0.0011143913717410615
1733,0.001117431035324464,0.0011126138649364694
1734,0.0011156437637037647,0.0011108417914461395
1735,0.001113861971007772,0.0011090751268912362
1736,0.0011120856325790543,0.0011073138470367588
1737,0.001110314723906112,0.0011055579277904795
1738,0.0011085492206222864,0.0011038073452018945
1739,0.0011067890985047182,0.0011020620754612143
1740,0.0011050343334732921,0.001100322094898314
1741,0.001103284901589595,0.0010985873799817373
1742,0.0011015407790558795,0.0010968579073176948
1743,0.0010998019422140514,0.0010951336536490462
1744,0.0010980683675446434,0.0010934145958543353
1745,0.0010963400316658216,0.0010917007109468016
1746,0.001094616911332387,0.0010899919760733998
1747,0.001092898983434769,0.0010882883685138568
1748,0.0010911862249980786,0.0010865898656796996
1749,0.001089478613181106,0.0010848964451133166
1750,0.0010877761252753757,0.0010832080844870287
1751,0.0010860787387041938,0.0010815247616021316
1752,0.0010843864310216827,0.0010798464543880061
1753,0.0010826991799118598,0.0010781731409011924
1754,0.001081016963187714,0.0010765047993244597
1755,0.001079339758790256,0.0010748414079659507
1756,0.001077667544787625,0.0010731829452582551
1757,0.001076000299374186,0.0010715293897575373
1758,0.0010743380008696123,0.001069880720142673
1759,0.001072680627718002,0.0010682369152143522
1760,0.0010710281584869986,0.0010665979538942482
1761,0.001069380571866923,0.0010649638152241412
1762,0.0010677378466698707,0.0010633344783650843
1763,0.0010660999618288924,0.0010617099225965498
1764,0.001064466896397111,0.0010600901273156171
1765,0.0010628386295468866,0.001058475072036122
1766,0.0010612151405689696,0.0010568647363878613
1767,0.0010595964088716792,0.0010552591001157575
1768,0.0010579824139800604,0.0010536581430790827
1769,0.001056373135535081,0.0010520618452506188
1770,0.0010547685532928106,0.0010504701867159105
1771,0.0010531686471236103,0.0010488831476724513
1772,0.001051573397011357,0.001047300708428907
1773,0.0010499827830526094,0.0010457228494043466
1774,0.0010483967854558757,0.0010441495511274953
1775,0.0010468153845407868,0.001042580794235929
1776,0.0010452385607373556,0.0010410165594753724
1777,0.0010436662945851893,0.0010394568276989125
1778,0.0010420985667327462,0.0010379015798662836
1779,0.0010405353579365732,0.0010363507970431107
1780,0.0010389766490605623,0.001034804460400204
1781,0.0010374224210751958,0.0010332625512128072
1782,0.0010358726550568395,0.0010317250508599116
1783,0.0010343273321869904,0.0010301919408235197
1784,0.0010327864337515572,0.0010286632026879506
1785,0.0010312499411401473,0.0010271388181391388
1786,0.0010297178358453553,0.0010256187689639418
1787,0.001028190099462057,0.0010241030370494498
1788,0.0010266667136867066,0.0010225916043823094
1789,0.0010251476603166522,0.0010210844530480277
1790,0.0010236329212494305,0.001019581565230319
1791,0.0010221224784820978,0.0010180829232104332
1792,0.0010206163141105542,0.0010165885093664985
1793,0.0010191144103288588,0.0010150983061728573
1794,0.0010176167494285744,0.001013612296199415
1795,0.0010161233137981045,0.0010121304621110057
1796,0.0010146340859220357,0.0010106527866667484
1797,0.0010131490483804837,0.0010091792527194042
1798,0.0010116681838484608,0.0010077098432147583
1799,0.0010101914750952222,0.0010062445411909884
1800,0.0010087189049836393,0.0010047833297780484
1801,0.001007250456469567,0.0010033261921970416
1802,0.0010057861126012123,0.0010018731117596334
1803,0.0010043258565185396,0.0010004240718674297
1804,0.001002869671452624,9.989790560113781E-4
1805,0.0010014175407250584,9.975380477711842E-4
1806,9.999694477473447E-4,9.961010308146992E-4
1807,9.985253760203072E-4,9.946679888973573E-4
1808,9.970853091334697E-4,9.932389058615828E-4
1809,9.956492307644936E-4,9.918137656362088E-4
1810,9.942171246785628E-4,9.903925522359188E-4
1811,9.927889747278406E-4,9.889752497606711E-4
1812,9.91364764850853E-4,9.875618423951225E-4
1813,9.899444790719397E-4,9.861523144081012E-4
1814,9.885281015006848E-4,9.847466501520224E-4
1815,9.87115616331346E-4,9.833448340623567E-4
1816,9.857070078423038E-4,9.81946850657069E-4
1817,9.843022603955014E-4,9.805526845360903E-4
1818,9.829013584358951E-4,9.791623203807822E-4
1819,9.815042864909165E-4,9.7777574295339E-4
1820,9.801110291699164E-4,9.763929370965185E-4
1821,9.787215711636419E-4,9.750138877326211E-4
1822,9.773358972436968E-4,9.736385798634558E-4
1823,9.759539922620186E-4,9.722669985695934E-4
1824,9.745758411503359E-4,9.708991290098824E-4
1825,9.732014289196794E-4,9.695349564209563E-4
1826,9.718307406598305E-4,9.681744661167213E-4
1827,9.704637615388333E-4,9.668176434878612E-4
1828,9.691004768024809E-4,9.65464474001327E-4
1829,9.677408717737926E-4,9.641149431998652E-4
1830,9.663849318525505E-4,9.627690367015062E-4
1831,9.650326425147652E-4,9.614267401990976E-4
1832,9.636839893122015E-4,9.600880394598112E-4
1833,9.623389578718837E-4,9.587529203246611E-4
1834,9.609975338956213E-4,9.574213687080466E-4
1835,9.596597031595064E-4,9.560933705972639E-4
1836,9.583254515134616E-4,9.547689120520547E-4
1837,9.569947648807322E-4,9.534479792041212E-4
1838,9.556676292574499E-4,9.521305582566832E-4
1839,9.543440307121501E-4,9.508166354840163E-4
1840,9.530239553852994E-4,9.495061972310017E-4
1841,9.517073894888508E-4,9.481992299126778E-4
1842,9.503943193057831E-4,9.46895720013778E-4
1843,9.49084731189642E-4,9.455956540883077E-4
1844,9.477786115640957E-4,9.442990187590982E-4
1845,9.46475946922493E-4,9.430058007173625E-4
1846,9.451767238274002E-4,9.417159867222759E-4
1847,9.438809289101956E-4,9.404295636005387E-4
1848,9.425885488705964E-4,9.391465182459392E-4
1849,9.412995704762563E-4,9.378668376189638E-4
1850,9.400139805623223E-4,9.365905087463332E-4
1851,9.387317660309963E-4,9.353175187206181E-4
1852,9.374529138511431E-4,9.340478546998114E-4
1853,9.361774110578376E-4,9.327815039069209E-4
1854,9.349052447519695E-4,9.315184536295699E-4
1855,9.336364020998242E-4,9.302586912195658E-4
1856,9.323708703326589E-4,9.290022040925341E-4
1857,9.311086367463294E-4,9.277489797274935E-4
1858,9.298496887008426E-4,9.264990056664771E-4
1859,9.285940136199804E-4,9.252522695141236E-4
1860,9.273415989909095E-4,9.240087589373002E-4
1861,9.26092432363748E-4,9.227684616647146E-4
1862,9.248465013512218E-4,9.215313654865248E-4
1863,9.236037936282441E-4,9.202974582539605E-4
1864,9.22364296931522E-4,9.190667278789482E-4
1865,9.211279990592025E-4,9.1783916233373E-4
1866,9.1989488787047E-4,9.16614749650501E-4
1867,9.186649512851705E-4,9.153934779210219E-4
1868,9.174381772834412E-4,9.141753352962686E-4
1869,9.162145539053368E-4,9.129603099860622E-4
1870,9.14994069250449E-4,9.117483902587032E-4
1871,9.137767114775638E-4,9.105395644406098E-4
1872,9.125624688042671E-4,9.093338209159822E-4
1873,9.113513295066081E-4,9.081311481264154E-4
1874,9.101432819187205E-4,9.06931534570577E-4
1875,9.08938314432481E-4,9.057349688038365E-4
1876,9.077364154971527E-4,9.045414394379394E-4
1877,9.065375736190153E-4,9.033509351406423E-4
1878,9.053417773610556E-4,9.021634446353936E-4
1879,9.041490153425697E-4,9.009789567009771E-4
1880,9.029592762388667E-4,8.997974601711834E-4
1881,9.017725487808984E-4,8.986189439344665E-4
1882,9.005888217549331E-4,8.974433969336321E-4
1883,8.994080840022118E-4,8.962708081654914E-4
1884,8.982303244186186E-4,8.951011666805326E-4
1885,8.970555319543545E-4,8.939344615826204E-4
1886,8.958836956136007E-4,8.927706820286381E-4
1887,8.947148044541847E-4,8.916098172282031E-4
1888,8.9354884758728E-4,8.904518564433138E-4
1889,8.923858141770602E-4,8.89296788988071E-4
1890,8.912256934403871E-4,8.881446042283356E-4
1891,8.900684746465056E-4,8.869952915814405E-4
1892,8.889141471167007E-4,8.858488405158647E-4
1893,8.877627002240224E-4,8.847052405509316E-4
1894,8.866141233929351E-4,8.83564481256515E-4
1895,8.854684060990374E-4,8.824265522527222E-4
1896,8.843255378687553E-4,8.812914432096041E-4
1897,8.831855082790077E-4,8.801591438468569E-4
1898,8.820483069569523E-4,8.790296439335147E-4
1899,8.80913923579644E-4,8.779029332876792E-4
1900,8.797823478737554E-4,8.767790017762088E-4
1901,8.786535696152908E-4,8.756578393144358E-4
1902,8.775275786292679E-4,8.745394358658792E-4
1903,8.764043647894503E-4,8.734237814419558E-4
1904,8.75283918018045E-4,8.723108661017078E-4
1905,8.74166228285417E-4,8.712006799515106E-4
1906,8.73051285609812E-4,8.700932131447889E-4
1907,8.719390800570645E-4,8.689884558817642E-4
1908,8.70829601740312E-4,8.678863984091474E-4
1909,8.697228408197363E-4,8.667870310198958E-4
1910,8.686187875022655E-4,8.656903440529139E-4
1911,8.675174320413128E-4,8.645963278928035E-4
1912,8.664187647364873E-4,8.635049729695879E-4
1913,8.653227759333405E-4,8.624162697584435E-4
1914,8.642294560230889E-4,8.613302087794495E-4
1915,8.631387954423394E-4,8.602467805973048E-4
1916,8.620507846728406E-4,8.591659758210905E-4
1917,8.609654142411978E-4,8.580877851039906E-4
1918,8.598826747186346E-4,8.570121991430468E-4
1919,8.58802556720707E-4,8.559392086789024E-4
1920,8.577250509070654E-4,8.54868804495556E-4
1921,8.566501479811917E-4,8.53800977420085E-4
1922,8.555778386901421E-4,8.527357183224306E-4
1923,8.545081138242955E-4,8.516730181151156E-4
1924,8.534409642170962E-4,8.506128677530373E-4
1925,8.523763807448205E-4,8.495552582331756E-4
1926,8.513143543263119E-4,8.485001805943934E-4
1927,8.502548759227437E-4,8.474476259171735E-4
1928,8.491979365373716E-4,8.463975853233766E-4
1929,8.48143527215292E-4,8.453500499760095E-4
1930,8.470916390432037E-4,8.443050110790071E-4
1931,8.460422631491622E-4,8.432624598769551E-4
1932,8.449953907023487E-4,8.422223876548927E-4
1933,8.439510129128193E-4,8.411847857380745E-4
1934,8.429091210312976E-4,8.401496454917279E-4
1935,8.41869706348922E-4,8.391169583208391E-4
1936,8.408327601970077E-4,8.380867156699164E-4
1937,8.397982739468412E-4,8.370589090227706E-4
1938,8.387662390094237E-4,8.36033529902287E-4
1939,8.377366468352699E-4,8.350105698702088E-4
1940,8.367094889141722E-4,8.339900205269193E-4
1941,8.356847567749738E-4,8.329718735112031E-4
1942,8.346624419853484E-4,8.319561205000567E-4
1943,8.336425361515817E-4,8.309427532084488E-4
1944,8.326250309183543E-4,8.299317633891115E-4
1945,8.316099179685175E-4,8.289231428323432E-4
1946,8.305971890228836E-4,8.279168833657714E-4
1947,8.29586835840009E-4,8.26912976854162E-4
1948,8.285788502159837E-4,8.259114151992009E-4
1949,8.27573223984207E-4,8.249121903392835E-4
1950,8.265699490151964E-4,8.239152942493197E-4
1951,8.255690172163626E-4,8.22920718940521E-4
1952,8.245704205318154E-4,8.219284564601986E-4
1953,8.235741509421454E-4,8.209384988915578E-4
1954,8.225802004642234E-4,8.199508383535058E-4
1955,8.215885611509998E-4,8.189654670004451E-4
1956,8.205992250913045E-4,8.179823770220789E-4
1957,8.196121844096374E-4,8.170015606432108E-4
1958,8.186274312659712E-4,8.160230101235455E-4
1959,8.17644957855567E-4,8.150467177575112E-4
1960,8.166647564087515E-4,8.140726758740539E-4
1961,8.156868191907575E-4,8.131008768364504E-4
1962,8.147111385014895E-4,8.121313130421014E-4
1963,8.137377066753586E-4,8.111639769223682E-4
1964,8.127665160810848E-4,8.101988609423749E-4
1965,8.117975591215097E-4,8.092359576008148E-4
1966,8.108308282333906E-4,8.082752594297676E-4
1967,8.098663158872237E-4,8.073167589945269E-4
1968,8.089040145870773E-4,8.063604488934018E-4
1969,8.079439168703717E-4,8.054063217575412E-4
1970,8.069860153077133E-4,8.044543702507565E-4
1971,8.060303025027115E-4,8.035045870693366E-4
1972,8.050767710918057E-4,8.025569649418747E-4
1973,8.041254137440572E-4,8.01611496629092E-4
1974,8.031762231609947E-4,8.006681749236483E-4
1975,8.022291920764316E-4,7.997269926499933E-4
1976,8.01284313256285E-4,7.987879426641609E-4
1977,8.003415794983952E-4,7.978510178536258E-4
1978,7.994009836323637E-4,7.969162111371152E-4
1979,7.984625185193739E-4,7.959835154644429E-4
1980,7.975261770520074E-4,7.950529238163421E-4
1981,7.965919521540962E-4,7.9412442920429E-4
1982,7.956598367805269E-4,7.931980246703564E-4
1983,7.947298239170944E-4,7.922737032870207E-4
1984,7.9380190658032E-4,7.91351458157016E-4
1985,7.928760778172877E-4,7.90431282413163E-4
1986,7.919523307054738E-4,7.895131692182109E-4
1987,7.910306583525996E-4,7.885971117646719E-4
1988,7.901110538964457E-4,7.876831032746608E-4
1989,7.891935105047027E-4,7.867711369997335E-4
1990,7.882780213748054E-4,7.858612062207366E-4
1991,7.873645797337718E-4,7.84953304247644E-4
1992,7.864531788380468E-4,7.840474244194019E-4
1993,7.855438119733481E-4,7.831435601037648E-4
1994,7.8463647245449E-4,7.822417046971625E-4
1995,7.837311536252438E-4,7.813418516245141E-4
1996,7.828278488581843E-4,7.804439943391115E-4
1997,7.819265515545274E-4,7.795481263224437E-4
1998,7.810272551439731E-4,7.786542410840566E-4
1999,7.801299530845651E-4,7.77762332161391E-4
2000,7.792346388625199E-4,7.768723931196486E-4
2001,7.783413059921064E-4,7.759844175516414E-4
2002,7.774499480154744E-4,7.750983990776354E-4
2003,7.765605585025015E-4,7.74214331345223E-4
2004,7.756731310506609E-4,7.733322080291438E-4
2005,7.747876592848752E-4,7.724520228311909E-4
2006,7.739041368573434E-4,7.715737694800166E-4
2007,7.730225574474436E-4,7.706974417310295E-4
2008,7.721429147615409E-4,7.69823033366227E-4
2009,7.712652025328701E-4,7.689505381940745E-4
2010,7.703894145213962E-4,7.680799500493422E-4
2011,7.695155445136596E-4,7.672112627929983E-4
2012,7.686435863226413E-4,7.663444703120424E-4
2013,7.67773533787627E-4,7.654795665193808E-4
2014,7.66905380774061E-4,7.646165453536948E-4
2015,7.660391211734191E-4,7.637554007792938E-4
2016,7.651747489030652E-4,7.628961267859915E-4
2017,7.643122579061088E-4,7.620387173889657E-4
2018,7.6345164215128E-4,7.6118316662863E-4
2019,7.625928956328004E-4,7.603294685704996E-4
2020,7.617360123702299E-4,7.59477617305056E-4
2021,7.60880986408353E-4,7.58627606947632E-4
2022,7.600278118170303E-4,7.577794316382634E-4
2023,7.591764826910849E-4,7.569330855415678E-4
2024,7.583269931501642E-4,7.560885628466179E-4
2025,7.574793373386046E-4,7.552458577668233E-4
2026,7.566335094253107E-4,7.544049645397834E-4
2027,7.557895036036339E-4,7.535658774271809E-4
2028,7.549473140912227E-4,7.527285907146512E-4
2029,7.541069351299253E-4,7.518930987116437E-4
2030,7.532683609856349E-4,7.51059395751333E-4
2031,7.52431585948188E-4,7.5022747619046E-4
2032,7.515966043312378E-4,7.493973344092269E-4
2033,7.507634104721161E-4,7.485689648111828E-4
2034,7.499319987317209E-4,7.477423618230979E-4
2035,7.491023634944112E-4,7.469175198948262E-4
2036,7.482744991678472E-4,7.460944334992203E-4
2037,7.474484001829028E-4,7.45273097131988E-4
2038,7.466240609935366E-4,7.444535053115818E-4
2039,7.458014760766698E-4,7.436356525790885E-4
2040,7.449806399320796E-4,7.428195334981059E-4
2041,7.441615470822624E-4,7.42005142654632E-4
2042,7.433441920723355E-4,7.411924746569455E-4
2043,7.425285694699107E-4,7.403815241354975E-4
2044,7.417146738649918E-4,7.395722857427979E-4
2045,7.409024998698356E-4,7.387647541533021E-4
2046,7.400920421188695E-4,7.379589240632952E-4
2047,7.39283295268555E-4,7.3715479019079E-4
2048,7.384762539972885E-4,7.363523472754055E-4
2049,7.376709130052798E-4,7.355515900782702E-4
2050,7.368672670144494E-4,7.347525133819003E-4
2051,7.360653107683179E-4,7.339551119901E-4
2052,7.35265039031887E-4,7.331593807278522E-4
2053,7.344664465915457E-4,7.323653144412107E-4
2054,7.336695282549428E-4,7.315729079971895E-4
2055,7.32874278850901E-4,7.307821562836654E-4
2056,7.320806932292956E-4,7.299930542092706E-4
2057,7.31288766260946E-4,7.292055967032776E-4
2058,7.304984928375278E-4,7.284197787155147E-4
2059,7.297098678714421E-4,7.276355952162509E-4
2060,7.289228862957386E-4,7.268530411960847E-4
2061,7.281375430639877E-4,7.260721116658635E-4
2062,7.273538331501934E-4,7.252928016565646E-4
2063,7.265717515486768E-4,7.245151062192046E-4
2064,7.257912932739949E-4,7.237390204247328E-4
2065,7.250124533608208E-4,7.229645393639354E-4
2066,7.242352268638443E-4,7.221916581473363E-4
2067,7.234596088576885E-4,7.214203719050945E-4
2068,7.226855944367872E-4,7.206506757869157E-4
2069,7.219131787153032E-4,7.198825649619411E-4
2070,7.211423568270183E-4,7.191160346186695E-4
2071,7.203731239252538E-4,7.183510799648334E-4
2072,7.196054751827484E-4,7.175876962273411E-4
2073,7.188394057915761E-4,7.168258786521499E-4
2074,7.180749109630533E-4,7.160656225041799E-4
2075,7.173119859276315E-4,7.1530692306723E-4
2076,7.165506259348188E-4,7.145497756438798E-4
2077,7.157908262530659E-4,7.137941755553893E-4
2078,7.150325821696884E-4,7.130401181416127E-4
2079,7.142758889907669E-4,7.122875987609109E-4
2080,7.135207420410523E-4,7.115366127900516E-4
2081,7.127671366638821E-4,7.107871556241327E-4
2082,7.120150682210722E-4,7.100392226764651E-4
2083,7.112645320928515E-4,7.092928093785241E-4
2084,7.105155236777473E-4,7.085479111798164E-4
2085,7.097680383925058E-4,7.078045235478273E-4
2086,7.090220716720063E-4,7.070626419679085E-4
2087,7.08277618969161E-4,7.063222619432047E-4
2088,7.075346757548387E-4,7.055833789945664E-4
2089,7.067932375177707E-4,7.048459886604508E-4
2090,7.060532997644616E-4,7.041100864968479E-4
2091,7.053148580191093E-4,7.033756680771947E-4
2092,7.045779078235085E-4,7.026427289922848E-4
2093,7.038424447369762E-4,7.019112648501901E-4
2094,7.031084643362615E-4,7.011812712761626E-4
2095,7.023759622154537E-4,7.004527439125775E-4
2096,7.01644933985915E-4,6.9972567841882E-4
2097,7.009153752761782E-4,6.99000070471228E-4
2098,7.001872817318685E-4,6.982759157629912E-4
2099,6.99460649015634E-4,6.975532100040867E-4
2100,6.987354728070459E-4,6.968319489211779E-4
2101,6.980117488025249E-4,6.961121282575554E-4
2102,6.972894727152538E-4,6.95393743773038E-4
2103,6.965686402751071E-4,6.94676791243912E-4
2104,6.958492472285628E-4,6.939612664628294E-4
2105,6.951312893386229E-4,6.932471652387485E-4
2106,6.944147623847343E-4,6.925344833968504E-4
2107,6.936996621627097E-4,6.918232167784562E-4
2108,6.929859844846502E-4,6.911133612409459E-4
2109,6.922737251788668E-4,6.904049126577008E-4
2110,6.91562880089799E-4,6.896978669180048E-4
2111,6.908534450779456E-4,6.889922199269857E-4
2112,6.901454160197775E-4,6.882879676055225E-4
2113,6.894387888076667E-4,6.875851058901882E-4
2114,6.887335593498127E-4,6.868836307331614E-4
2115,6.880297235701643E-4,6.861835381021541E-4
2116,6.873272774083387E-4,6.854848239803485E-4
2117,6.8662621681956E-4,6.847874843663091E-4
2118,6.859265377745691E-4,6.840915152739151E-4
2119,6.852282362595673E-4,6.833969127322974E-4
2120,6.845313082761248E-4,6.827036727857444E-4
2121,6.838357498411164E-4,6.820117914936519E-4
2122,6.831415569866561E-4,6.813212649304427E-4
2123,6.824487257600114E-4,6.806320891854928E-4
2124,6.817572522235369E-4,6.799442603630651E-4
2125,6.810671324546107E-4,6.792577745822317E-4
2126,6.803783625455462E-4,6.785726279768246E-4
2127,6.796909386035373E-4,6.778888166953393E-4
2128,6.790048567505844E-4,6.772063369008786E-4
2129,6.783201131234162E-4,6.7652518477109E-4
2130,6.77636703873432E-4,6.758453564980869E-4
2131,6.769546251666248E-4,6.751668482883816E-4
2132,6.762738731835163E-4,6.744896563628268E-4
2133,6.755944441190847E-4,6.738137769565398E-4
2134,6.749163341827062E-4,6.731392063188382E-4
2135,6.742395395980713E-4,6.72465940713172E-4
2136,6.735640566031325E-4,6.717939764170602E-4
2137,6.728898814500354E-4,6.711233097220248E-4
2138,6.722170104050413E-4,6.704539369335263E-4
2139,6.715454397484836E-4,6.697858543708898E-4
2140,6.708751657746625E-4,6.691190583672594E-4
2141,6.702061847918296E-4,6.684535452695074E-4
2142,6.695384931220873E-4,6.677893114382047E-4
2143,6.688720871013341E-4,6.671263532475175E-4
2144,6.6820696307921E-4,6.66464667085178E-4
2145,6.675431174190142E-4,6.658042493524068E-4
2146,6.668805464976567E-4,6.651450964638458E-4
2147,6.662192467055872E-4,6.644872048475047E-4
2148,6.655592144467422E-4,6.638305709447017E-4
2149,6.649004461384643E-4,6.631751912099911E-4
2150,6.642429382114663E-4,6.625210621111097E-4
2151,6.635866871097401E-4,6.618681801289075E-4
2152,6.629316892905186E-4,6.61216541757311E-4
2153,6.622779412241982E-4,6.605661435032301E-4
2154,6.616254393942951E-4,6.599169818865222E-4
2155,6.609741802973694E-4,6.592690534399191E-4
2156,6.603241604429718E-4,6.586223547089862E-4
2157,6.596753763535898E-4,6.579768822520336E-4
2158,6.590278245645643E-4,6.573326326400888E-4
2159,6.583815016240689E-4,6.566896024568224E-4
2160,6.577364040930166E-4,6.560477882984878E-4
2161,6.570925285450196E-4,6.554071867738744E-4
2162,6.564498715663301E-4,6.547677945042404E-4
2163,6.558084297557666E-4,6.541296081232632E-4
2164,6.551681997246804E-4,6.534926242769808E-4
2165,6.545291780968849E-4,6.528568396237304E-4
2166,6.538913615085965E-4,6.522222508340988E-4
2167,6.532547466083827E-4,6.515888545908673E-4
2168,6.526193300571103E-4,6.509566475889479E-4
2169,6.519851085278796E-4,6.503256265353416E-4
2170,6.513520787059732E-4,6.496957881490672E-4
2171,6.507202372888055E-4,6.490671291611215E-4
2172,6.500895809858573E-4,6.484396463144193E-4
2173,6.494601065186342E-4,6.478133363637335E-4
2174,6.488318106205996E-4,6.471881960756574E-4
2175,6.482046900371256E-4,6.465642222285274E-4
2176,6.475787415254441E-4,6.459414116124008E-4
2177,6.469539618545843E-4,6.453197610289715E-4
2178,6.463303478053253E-4,6.446992672915406E-4
2179,6.457078961701407E-4,6.440799272249536E-4
2180,6.450866037531485E-4,6.434617376655499E-4
2181,6.444664673700543E-4,6.428446954611146E-4
2182,6.438474838481033E-4,6.422287974708219E-4
2183,6.432296500260299E-4,6.416140405651882E-4
2184,6.426129627540032E-4,6.410004216260198E-4
2185,6.419974188935655E-4,6.403879375463631E-4
2186,6.413830153176029E-4,6.397765852304548E-4
2187,6.407697489102732E-4,6.391663615936644E-4
2188,6.401576165669781E-4,6.385572635624585E-4
2189,6.395466151942922E-4,6.379492880743411E-4
2190,6.389367417099165E-4,6.373424320778075E-4
2191,6.38327993042646E-4,6.36736692532293E-4
2192,6.377203661322946E-4,6.361320664081285E-4
2193,6.371138579296664E-4,6.355285506864916E-4
2194,6.365084653964979E-4,6.349261423593494E-4
2195,6.359041855054114E-4,6.343248384294263E-4
2196,6.353010152398602E-4,6.337246359101443E-4
2197,6.346989515940962E-4,6.331255318255738E-4
2198,6.340979915731013E-4,6.325275232104087E-4
2199,6.334981321925635E-4,6.319306071098798E-4
2200,6.328993704788014E-4,6.313347805797494E-4
2201,6.323017034687459E-4,6.307400406862359E-4
2202,6.317051282098715E-4,6.301463845059845E-4
2203,6.311096417601625E-4,6.29553809126016E-4
2204,6.305152411880582E-4,6.289623116436685E-4
2205,6.299219235724139E-4,6.28371889166582E-4
2206,6.293296860024494E-4,6.277825388126194E-4
2207,6.287385255777077E-4,6.271942577098445E-4
2208,6.281484394080052E-4,6.266070429964661E-4
2209,6.275594246133922E-4,6.260208918208004E-4
2210,6.269714783241014E-4,6.254358013412275E-4
2211,6.263845976805105E-4,6.248517687261308E-4
2212,6.257987798330908E-4,6.242687911538781E-4
2213,6.252140219423685E-4,6.236868658127598E-4
2214,6.246303211788762E-4,6.231059899009576E-4
2215,6.240476747231118E-4,6.225261606264828E-4
2216,6.234660797654877E-4,6.219473752071618E-4
2217,6.228855335063107E-4,6.213696308705685E-4
2218,6.223060331557092E-4,6.207929248539893E-4
2219,6.217275759336015E-4,6.202172544043847E-4
2220,6.211501590696643E-4,6.196426167783529E-4
2221,6.20573779803278E-4,6.190690092420707E-4
2222,6.199984353834838E-4,6.184964290712618E-4
2223,6.194241230689496E-4,6.179248735511566E-4
2224,6.188508401279217E-4,6.173543399764599E-4
2225,6.182785838381908E-4,6.167848256512828E-4
2226,6.177073514870395E-4,6.162163278891249E-4
2227,6.171371403712089E-4,6.156488440128326E-4
2228,6.165679477968601E-4,6.150823713545554E-4
2229,6.159997710795238E-4,6.145169072556965E-4
2230,6.154326075440698E-4,6.139524490668797E-4
2231,6.148664545246611E-4,6.133889941479224E-4
2232,6.143013093647151E-4,6.128265398677726E-4
2233,6.137371694168616E-4,6.122650836044882E-4
2234,6.131740320429104E-4,6.117046227451908E-4
2235,6.12611894613803E-4,6.111451546860217E-4
2236,6.1205075450958E-4,6.10586676832118E-4
2237,6.114906091193344E-4,6.100291865975596E-4
2238,6.109314558411874E-4,6.094726814053321E-4
2239,6.103732920822288E-4,6.089171586873027E-4
2240,6.098161152584964E-4,6.083626158841653E-4
2241,6.092599227949289E-4,6.078090504454119E-4
2242,6.087047121253277E-4,6.072564598292973E-4
2243,6.081504806923297E-4,6.067048415027875E-4
2244,6.075972259473534E-4,6.061541929415431E-4
2245,6.070449453505716E-4,6.056045116298674E-4
2246,6.064936363708717E-4,6.050557950606736E-4
2247,6.059432964858178E-4,6.045080407354566E-4
2248,6.053939231816183E-4,6.039612461642343E-4
2249,6.048455139530828E-4,6.034154088655389E-4
2250,6.04298066303591E-4,6.028705263663612E-4
2251,6.037515777450455E-4,6.023265962021265E-4
2252,6.032060457978585E-4,6.017836159166526E-4
2253,6.026614679908865E-4,6.012415830621094E-4
2254,6.021178418614174E-4,6.00700495199002E-4
2255,6.015751649551241E-4,6.001603498961121E-4
2256,6.010334348260344E-4,5.996211447304822E-4
2257,6.004926490364887E-4,5.990828772873706E-4
2258,5.999528051571124E-4,5.985455451602164E-4
2259,5.994139007667728E-4,5.980091459506144E-4
2260,5.988759334525604E-4,5.974736772682705E-4
2261,5.983389008097316E-4,5.969391367309727E-4
2262,5.978028004416909E-4,5.964055219645566E-4
2263,5.972676299599512E-4,5.95872830602869E-4
2264,5.967333869840986E-4,5.953410602877352E-4
2265,5.962000691417673E-4,5.948102086689366E-4
2266,5.956676740685905E-4,5.942802734041633E-4
2267,5.951361994081761E-4,5.937512521589748E-4
2268,5.946056428120797E-4,5.932231426067967E-4
2269,5.940760019397544E-4,5.92695942428851E-4
2270,5.935472744585362E-4,5.921696493141559E-4
2271,5.930194580435982E-4,5.916442609594744E-4
2272,5.924925503779202E-4,5.911197750692831E-4
2273,5.919665491522625E-4,5.9059618935575E-4
2274,5.914414520651269E-4,5.900735015386908E-4
2275,5.909172568227248E-4,5.895517093455482E-4
2276,5.903939611389522E-4,5.890308105113523E-4
2277,5.898715627353484E-4,5.885108027786936E-4
2278,5.89350059341072E-4,5.879916838976878E-4
2279,5.888294486928629E-4,5.874734516259461E-4
2280,5.883097285350119E-4,5.869561037285465E-4
2281,5.877908966193356E-4,5.864396379780021E-4
2282,5.872729507051403E-4,5.85924052154227E-4
2283,5.867558885591891E-4,5.854093440445121E-4
2284,5.862397079556763E-4,5.848955114434861E-4
2285,5.857244066761956E-4,5.843825521530994E-4
2286,5.852099825097039E-4,5.83870463982573E-4
2287,5.846964332524956E-4,5.833592447483878E-4
2288,5.841837567081782E-4,5.828488922742445E-4
2289,5.836719506876275E-4,5.823394043910384E-4
2290,5.831610130089709E-4,5.818307789368302E-4
2291,5.826509414975535E-4,5.813230137568131E-4
2292,5.821417339859047E-4,5.8081610670328E-4
2293,5.816333883137178E-4,5.803100556356081E-4
2294,5.811259023278084E-4,5.798048584202175E-4
2295,5.806192738820942E-4,5.793005129305458E-4
2296,5.801135008375645E-4,5.787970170470252E-4
2297,5.796085810622479E-4,5.782943686570418E-4
2298,5.791045124311875E-4,5.777925656549194E-4
2299,5.786012928264082E-4,5.772916059418815E-4
2300,5.780989201368968E-4,5.76791487426037E-4
2301,5.775973922585584E-4,5.762922080223329E-4
2302,5.770967070942074E-4,5.757937656525445E-4
2303,5.765968625535216E-4,5.752961582452363E-4
2304,5.760978565530246E-4,5.747993837357381E-4
2305,5.755996870160529E-4,5.743034400661217E-4
2306,5.751023518727329E-4,5.738083251851598E-4
2307,5.746058490599575E-4,5.733140370483218E-4
2308,5.74110176521338E-4,5.728205736177255E-4
2309,5.736153322072029E-4,5.723279328621111E-4
2310,5.731213140745548E-4,5.718361127568428E-4
2311,5.726281200870474E-4,5.713451112838445E-4
2312,5.721357482149625E-4,5.708549264315876E-4
2313,5.716441964351742E-4,5.703655561950855E-4
2314,5.711534627311327E-4,5.698769985758262E-4
2315,5.706635450928299E-4,5.693892515817825E-4
2316,5.701744415167774E-4,5.689023132273671E-4
2317,5.69686150005972E-4,5.684161815334137E-4
2318,5.691986685698921E-4,5.679308545271524E-4
2319,5.687119952244417E-4,5.674463302421737E-4
2320,5.682261279919436E-4,5.669626067184135E-4
2321,5.677410649011126E-4,5.66479682002126E-4
2322,5.672568039870184E-4,5.65997554145859E-4
2323,5.667733432910754E-4,5.655162212084196E-4
2324,5.662906808610051E-4,5.650356812548626E-4
2325,5.65808814750822E-4,5.64555932356457E-4
2326,5.653277430207916E-4,5.640769725906652E-4
2327,5.648474637374306E-4,5.635988000411137E-4
2328,5.643679749734513E-4,5.63121412797573E-4
2329,5.638892748077645E-4,5.626448089559317E-4
2330,5.634113613254386E-4,5.621689866181751E-4
2331,5.629342326176806E-4,5.616939438923484E-4
2332,5.624578867818133E-4,5.612196788925536E-4
2333,5.619823219212412E-4,5.607461897389109E-4
2334,5.615075361454437E-4,5.602734745575363E-4
2335,5.610335275699342E-4,5.598015314805193E-4
2336,5.605602943162386E-4,5.593303586458994E-4
2337,5.600878345118931E-4,5.588599541976447E-4
2338,5.596161462903846E-4,5.583903162856298E-4
2339,5.591452277911549E-4,5.579214430656001E-4
2340,5.586750771595647E-4,5.574533326991671E-4
2341,5.582056925468762E-4,5.569859833537736E-4
2342,5.577370721102267E-4,5.565193932026661E-4
2343,5.572692140126018E-4,5.560535604248914E-4
2344,5.568021164228204E-4,5.55588483205248E-4
2345,5.563357775155082E-4,5.551241597342887E-4
2346,5.558701954710737E-4,5.546605882082835E-4
2347,5.55405368475679E-4,5.54197766829195E-4
2348,5.549412947212368E-4,5.537356938046596E-4
2349,5.544779724053652E-4,5.532743673479802E-4
2350,5.540153997313846E-4,5.528137856780711E-4
2351,5.535535749082723E-4,5.523539470194734E-4
2352,5.53092496150669E-4,5.518948496023035E-4
2353,5.526321616788321E-4,5.514364916622504E-4
2354,5.521725697186319E-4,5.509788714405374E-4
2355,5.517137185015083E-4,5.50521987183918E-4
2356,5.512556062644779E-4,5.500658371446445E-4
2357,5.507982312500825E-4,5.496104195804432E-4
2358,5.503415917063898E-4,5.491557327545033E-4
2359,5.498856858869624E-4,5.487017749354476E-4
2360,5.494305120508316E-4,5.482485443973149E-4
2361,5.489760684624923E-4,5.477960394195386E-4
2362,5.485223533918589E-4,5.473442582869195E-4
2363,5.48069365114268E-4,5.468931992896224E-4
2364,5.47617101910442E-4,5.464428607231345E-4
2365,5.471655620664659E-4,5.459932408882581E-4
2366,5.467147438737872E-4,5.455443380910856E-4
2367,5.462646456291695E-4,5.450961506429741E-4
2368,5.458152656346855E-4,5.446486768605394E-4
2369,5.453666021976959E-4,5.442019150656229E-4
2370,5.449186536308269E-4,5.437558635852745E-4
2371,5.444714182519517E-4,5.433105207517297E-4
2372,5.440248943841655E-4,5.428658849024019E-4
2373,5.435790803557713E-4,5.424219543798482E-4
2374,5.43133974500259E-4,5.41978727531753E-4
2375,5.426895751562774E-4,5.415362027109178E-4
2376,5.422458806676299E-4,5.410943782752266E-4
2377,5.41802889383233E-4,5.40653252587643E-4
2378,5.413605996571234E-4,5.402128240161753E-4
2379,5.409190098484162E-4,5.397730909338643E-4
2380,5.404781183212942E-4,5.393340517187647E-4
2381,5.400379234449849E-4,5.388957047539242E-4
2382,5.39598423593749E-4,5.384580484273682E-4
2383,5.391596171468537E-4,5.380210811320744E-4
2384,5.38721502488556E-4,5.375848012659551E-4
2385,5.382840780080824E-4,5.371492072318426E-4
2386,5.378473420996121E-4,5.367142974374685E-4
2387,5.374112931622571E-4,5.362800702954477E-4
2388,5.369759296000413E-4,5.358465242232537E-4
2389,5.365412498218921E-4,5.354136576431997E-4
2390,5.361072522415999E-4,5.349814689824322E-4
2391,5.356739352778241E-4,5.345499566728944E-4
2392,5.352412973540578E-4,5.341191191513289E-4
2393,5.348093368986174E-4,5.336889548592403E-4
2394,5.34378052344625E-4,5.332594622428845E-4
2395,5.339474421299803E-4,5.32830639753261E-4
2396,5.335175046973557E-4,5.324024858460778E-4
2397,5.330882384941692E-4,5.319749989817407E-4
2398,5.326596419725718E-4,5.315481776253405E-4
2399,5.322317135894231E-4,5.311220202466277E-4
2400,5.31804451806278E-4,5.306965253200025E-4
2401,5.313778550893759E-4,5.302716913244857E-4
2402,5.309519219096013E-4,5.298475167437163E-4
2403,5.305266507424997E-4,5.294240000659249E-4
2404,5.301020400682228E-4,5.290011397839134E-4
2405,5.296780883715401E-4,5.28578934395048E-4
2406,5.292547941418047E-4,5.281573824012327E-4
2407,5.288321558729479E-4,5.277364823088991E-4
2408,5.284101720634503E-4,5.273162326289798E-4
2409,5.279888412163348E-4,5.268966318769109E-4
2410,5.275681618391434E-4,5.264776785725913E-4
2411,5.271481324439251E-4,5.260593712403766E-4
2412,5.267287515472081E-4,5.256417084090717E-4
2413,5.263100176700022E-4,5.252246886118962E-4
2414,5.258919293377618E-4,5.248083103864858E-4
2415,5.254744850803847E-4,5.24392572274862E-4
2416,5.25057683432184E-4,5.239774728234198E-4
2417,5.246415229318817E-4,5.235630105829174E-4
2418,5.242260021225858E-4,5.23149184108448E-4
2419,5.238111195517668E-4,5.227359919594403E-4
2420,5.233968737712687E-4,5.223234326996209E-4
2421,5.22983263337257E-4,5.219115048970209E-4
2422,5.225702868102281E-4,5.215002071239491E-4
2423,5.221579427549781E-4,5.210895379569638E-4
2424,5.21746229740607E-4,5.206794959768885E-4
2425,5.213351463404765E-4,5.202700797687574E-4
2426,5.209246911322105E-4,5.198612879218376E-4
2427,5.205148626976788E-4,5.194531190295829E-4
2428,5.201056596229768E-4,5.190455716896381E-4
2429,5.196970804984107E-4,5.186386445038088E-4
2430,5.192891239184817E-4,5.182323360780648E-4
2431,5.188817884818803E-4,5.178266450225046E-4
2432,5.184750727914487E-4,5.174215699513536E-4
2433,5.180689754541882E-4,5.170171094829392E-4
2434,5.17663495081226E-4,5.166132622396846E-4
2435,5.172586302878234E-4,5.162100268480954E-4
2436,5.168543796933276E-4,5.158074019387279E-4
2437,5.164507419211908E-4,5.154053861461938E-4
2438,5.16047715598926E-4,5.150039781091349E-4
2439,5.156452993581159E-4,5.146031764702114E-4
2440,5.152434918343812E-4,5.142029798760851E-4
2441,5.148422916673702E-4,5.138033869774061E-4
2442,5.144416975007534E-4,5.134043964288011E-4
2443,5.140417079821925E-4,5.13006006888849E-4
2444,5.136423217633418E-4,5.126082170200818E-4
2445,5.132435374998166E-4,5.122110254889547E-4
2446,5.12845353851201E-4,5.118144309658426E-4
2447,5.124477694810074E-4,5.114184321250221E-4
2448,5.12050783056684E-4,5.110230276446583E-4
2449,5.116543932495921E-4,5.106282162067813E-4
2450,5.112585987349837E-4,5.102339964972928E-4
2451,5.108633981920019E-4,5.098403672059287E-4
2452,5.104687903036641E-4,5.094473270262656E-4
2453,5.100747737568331E-4,5.090548746556896E-4
2454,5.096813472422195E-4,5.086630087953935E-4
2455,5.092885094543607E-4,5.082717281503593E-4
2456,5.088962590916114E-4,5.078810314293474E-4
2457,5.085045948561229E-4,5.074909173448764E-4
2458,5.081135154538389E-4,5.071013846132176E-4
2459,5.077230195944693E-4,5.067124319543699E-4
2460,5.073331059914858E-4,5.063240580920646E-4
2461,5.069437733621055E-4,5.059362617537338E-4
2462,5.065550204272843E-4,5.055490416705056E-4
2463,5.061668459116833E-4,5.051623965771936E-4
2464,5.057792485436833E-4,5.047763252122727E-4
2465,5.053922270553434E-4,5.043908263178737E-4
2466,5.050057801824111E-4,5.040058986397797E-4
2467,5.046199066642989E-4,5.036215409273891E-4
2468,5.042346052440693E-4,5.032377519337253E-4
2469,5.038498746684157E-4,5.028545304154073E-4
2470,5.03465713687674E-4,5.024718751326499E-4
2471,5.030821210557808E-4,5.020897848492423E-4
2472,5.026990955302739E-4,5.017082583325403E-4
2473,5.023166358722834E-4,5.013272943534457E-4
2474,5.019347408465076E-4,5.009468916864007E-4
2475,5.01553409221213E-4,5.005670491093813E-4
2476,5.011726397682107E-4,5.001877654038692E-4
2477,5.007924312628438E-4,4.998090393548437E-4
2478,5.004127824839823E-4,4.994308697507839E-4
2479,5.000336922140137E-4,4.990532553836361E-4
2480,4.996551592388141E-4,4.986761950488112E-4
2481,4.992771823477464E-4,4.982996875451729E-4
2482,4.988997603336533E-4,4.9792373167503E-4
2483,4.98522891992833E-4,4.975483262441029E-4
2484,4.981465761250312E-4,4.971734700615451E-4
2485,4.977708115334355E-4,4.967991619398945E-4
2486,4.973955970246514E-4,4.964254006950956E-4
2487,4.970209314087029E-4,4.960521851464603E-4
2488,4.966468134990061E-4,4.956795141166715E-4
2489,4.962732421123748E-4,4.953073864317657E-4
2490,4.959002160689875E-4,4.949358009211216E-4
2491,4.955277341923943E-4,4.945647564174509E-4
2492,4.951557953094939E-4,4.941942517567834E-4
2493,4.947843982505319E-4,4.938242857784516E-4
2494,4.944135418490655E-4,4.934548573250913E-4
2495,4.940432249419864E-4,4.930859652426178E-4
2496,4.93673446369485E-4,4.927176083802194E-4
2497,4.933042049750391E-4,4.923497855903471E-4
2498,4.929354996054142E-4,4.919824957287025E-4
2499,4.925673291106473E-4,4.916157376542198E-4
2500,4.921996923440307E-4,4.912495102290654E-4
2501,4.918325881620982E-4,4.90883812318619E-4
2502,4.9146601542463E-4,4.905186427914622E-4
2503,4.910999729946248E-4,4.901540005193722E-4
2504,4.90734459738293E-4,4.897898843773111E-4
2505,4.903694745250502E-4,4.89426293243406E-4
2506,4.900050162274987E-4,4.89063225998944E-4
2507,4.89641083721423E-4,4.887006815283616E-4
2508,4.892776758857735E-4,4.883386587192361E-4
2509,4.88914791602661E-4,4.8797715646226633E-4
2510,4.885524297573379E-4,4.876161736512679E-4
2511,4.8819058923819524E-4,4.8725570918316507E-4
2512,4.8782926893674614E-4,4.8689576195796904E-4
2513,4.8746846774761464E-4,4.86536330878783E-4
2514,4.871081845685362E-4,4.861774148517726E-4
2515,4.8674841830032494E-4,4.858190127861666E-4
2516,4.8638916784687935E-4,4.8546112359425925E-4
2517,4.86030432115181E-4,4.851037461913668E-4
2518,4.8567221001525246E-4,4.847468794958441E-4
2519,4.853145004601734E-4,4.8439052242906546E-4
2520,4.84957302366064E-4,4.8403467391541E-4
2521,4.8460061465206564E-4,4.836793328822596E-4
2522,4.8424443624034235E-4,4.8332449825998203E-4
2523,4.8388876605606036E-4,4.82970168981926E-4
2524,4.8353360302738597E-4,4.826163439844033E-4
2525,4.8317894608546747E-4,4.8226302220668563E-4
2526,4.8282479416443357E-4,4.819102025909906E-4
2527,4.8247114620137305E-4,4.8155788408247403E-4
2528,4.8211800113633275E-4,4.8120606562921655E-4
2529,4.817653579123022E-4,4.8085474618221683E-4
2530,4.814132154752079E-4,4.805039246953805E-4
2531,4.81061572773897E-4,4.8015360012550954E-4
2532,4.80710428760138E-4,4.798037714322951E-4
2533,4.8035978238859567E-4,4.7945443757829774E-4
2534,4.8000963261683467E-4,4.791055975289491E-4
2535,4.796599784053027E-4,4.7875725025254347E-4
2536,4.7931081871731854E-4,4.7840939472021166E-4
2537,4.789621525190727E-4,4.7806202990592964E-4
2538,4.7861397877960513E-4,4.77715154786501E-4
2539,4.782662964707996E-4,4.773687683415414E-4
2540,4.7791910456737927E-4,4.770228695534823E-4
2541,4.775724020468925E-4,4.766774574075527E-4
2542,4.77226187889701E-4,4.7633253089176164E-4
2543,4.7688046107897594E-4,4.759880889969113E-4
2544,4.765352206006794E-4,4.756441307165649E-4
2545,4.7619046544356784E-4,4.753006550470515E-4
2546,4.758461945991747E-4,4.749576609874511E-4
2547,4.7550240706179225E-4,4.746151475395848E-4
2548,4.751591018284842E-4,4.742731137080058E-4
2549,4.7481627789905357E-4,4.7393155849998506E-4
2550,4.7447393427604997E-4,4.735904809255204E-4
2551,4.741320699647491E-4,4.7324987999730866E-4
2552,4.737906839731509E-4,4.729097547307367E-4
2553,4.7344977531196635E-4,4.725701041438903E-4
2554,4.7310934299460715E-4,4.722309272575214E-4
2555,4.7276938603718415E-4,4.7189222309505503E-4
2556,4.7242990345848935E-4,4.7155399068257644E-4
2557,4.720908942799905E-4,4.712162290488232E-4
2558,4.7175235752582007E-4,4.7087893722516964E-4
2559,4.714142922227728E-4,4.7054211424562463E-4
2560,4.7107669740028543E-4,4.7020575914682186E-4
2561,4.7073957209043977E-4,4.698698709680078E-4
2562,4.7040291532794563E-4,4.695344487510385E-4
2563,4.7006672615013687E-4,4.691994915403625E-4
2564,4.6973100359695035E-4,4.6886499838302023E-4
2565,4.6939574671094514E-4,4.685309683286319E-4
2566,4.690609545372588E-4,4.6819740042938876E-4
2567,4.6872662612362353E-4,4.678642937400465E-4
2568,4.683927605203537E-4,4.675316473179102E-4
2569,4.680593567803191E-4,4.671994602228298E-4
2570,4.677264139589614E-4,4.66867731517201E-4
2571,4.6739393111427116E-4,4.665364602659357E-4
2572,4.6706190730677843E-4,4.662056455364761E-4
2573,4.6673034159955805E-4,4.658752863987712E-4
2574,4.663992330582E-4,4.655453819252655E-4
2575,4.660685807508187E-4,4.652159311909164E-4
2576,4.657383837480357E-4,4.6488693327315116E-4
2577,4.654086411229754E-4,4.64558387251885E-4
2578,4.650793519512524E-4,4.642302922094949E-4
2579,4.6475051531097216E-4,4.6390264723082707E-4
2580,4.644221302827068E-4,4.6357545140317247E-4
2581,4.6409419594949894E-4,4.6324870381627895E-4
2582,4.637667113968573E-4,4.6292240356231925E-4
2583,4.6343967571273366E-4,4.6259654973590406E-4
2584,4.6311308798753156E-4,4.6227114143405955E-4
2585,4.627869473140824E-4,4.6194617775622914E-4
2586,4.6246125278764916E-4,4.6162165780425524E-4
2587,4.621360035059086E-4,4.612975806823839E-4
2588,4.6181119856895567E-4,4.6097394549724565E-4
2589,4.6148683707928137E-4,4.606507513578513E-4
2590,4.611629181417756E-4,4.603279973755878E-4
2591,4.608394408637179E-4,4.6000568266420515E-4
2592,4.605164043547566E-4,4.59683806339816E-4
2593,4.6019380772692616E-4,4.5936236752087273E-4
2594,4.5987165009461344E-4,4.5904136532817785E-4
2595,4.5954993057456203E-4,4.587207988848678E-4
2596,4.592286482858657E-4,4.5840066731639905E-4
2597,4.5890780234996234E-4,4.5808096975055447E-4
2598,4.585873918906137E-4,4.577617053174246E-4
2599,4.5826741603391516E-4,4.574428731494021E-4
2600,4.5794787390826975E-4,4.571244723811766E-4
2601,4.576287646443944E-4,4.5680650214972873E-4
2602,4.5731008737531277E-4,4.5648896159432046E-4
2603,4.5699184123633414E-4,4.5617184985648234E-4
2604,4.5667402536506195E-4,4.5585516608001337E-4
2605,4.5635663890137185E-4,4.5553890941097156E-4
2606,4.560396809874146E-4,4.552230789976695E-4
2607,4.5572315076761026E-4,4.5490767399065485E-4
2608,4.5540704738862515E-4,4.545926935427192E-4
2609,4.5509136999938256E-4,4.5427813680888076E-4
2610,4.5477611775104627E-4,4.5396400294638246E-4
2611,4.54461289797014E-4,4.5365029111467576E-4
2612,4.5414688529291233E-4,4.5333700047542786E-4
2613,4.5383290339658816E-4,4.5302413019249655E-4
2614,4.535193432680984E-4,4.5271167943193916E-4
2615,4.532062040697043E-4,4.523996473619979E-4
2616,4.528934849658758E-4,4.520880331530926E-4
2617,4.5258118512326055E-4,4.5177683597781473E-4
2618,4.522693037107029E-4,4.5146605501092065E-4
2619,4.5195783989921366E-4,4.511556894293287E-4
2620,4.51646792861983E-4,4.5084573841209824E-4
2621,4.5133616177435193E-4,4.505362011404411E-4
2622,4.510259458138327E-4,4.5022707679770056E-4
2623,4.5071614416007324E-4,4.499183645693512E-4
2624,4.504067559948717E-4,4.496100636429941E-4
2625,4.5009778050215883E-4,4.493021732083415E-4
2626,4.4978921686798996E-4,4.489946924572134E-4
2627,4.494810642805485E-4,4.486876205835362E-4
2628,4.491733219301254E-4,4.483809567833332E-4
2629,4.488659890091217E-4,4.480747002547106E-4
2630,4.485590647120435E-4,4.477688501978613E-4
2631,4.48252548235481E-4,4.474634058150523E-4
2632,4.479464387781218E-4,4.471583663106156E-4
2633,4.476407355407274E-4,4.468537308909529E-4
2634,4.4733543772613614E-4,4.465494987645119E-4
2635,4.470305445392509E-4,4.4624566914179856E-4
2636,4.4672605518703695E-4,4.4594224123535413E-4
2637,4.4642196887851226E-4,4.456392142597575E-4
2638,4.461182848247428E-4,4.4533658743161535E-4
2639,4.458150022388315E-4,4.4503435996955885E-4
2640,4.455121203359244E-4,4.4473253109423726E-4
2641,4.4520963833318336E-4,4.444311000283025E-4
2642,4.4490755544979686E-4,4.441300659964171E-4
2643,4.446058709069707E-4,4.43829428225234E-4
2644,4.443045839279156E-4,4.4352918594339974E-4
2645,4.440036937378417E-4,4.4322933838154626E-4
2646,4.437031995639543E-4,4.429298847722809E-4
2647,4.4340310063545893E-4,4.4263082435018307E-4
2648,4.4310339618352504E-4,4.423321563517957E-4
2649,4.4280408544131275E-4,4.4203388001562416E-4
2650,4.425051676439432E-4,4.417359945821202E-4
2651,4.422066420285075E-4,4.414384992936852E-4
2652,4.4190850783404795E-4,4.411413933946671E-4
2653,4.416107643015631E-4,4.4084467613133584E-4
2654,4.4131341067399506E-4,4.4054834675189903E-4
2655,4.4101644619622414E-4,4.402524045064766E-4
2656,4.407198701150601E-4,4.39956848647115E-4
2657,4.404236816792408E-4,4.3966167842776117E-4
2658,4.4012788013942896E-4,4.393668931042721E-4
2659,4.398324647481958E-4,4.390724919343961E-4
2660,4.3953743476002165E-4,4.387784741777765E-4
2661,4.3924278943129123E-4,4.384848390959424E-4
2662,4.38948528020283E-4,4.3819158595229964E-4
2663,4.3865464978716577E-4,4.378987140121354E-4
2664,4.3836115399399113E-4,4.376062225425892E-4
2665,4.3806803990468975E-4,4.373141108126771E-4
2666,4.377753067850652E-4,4.370223780932612E-4
2667,4.3748295390278965E-4,4.367310236570615E-4
2668,4.371909805273886E-4,4.3644004677863616E-4
2669,4.368993859302458E-4,4.36149446734382E-4
2670,4.3660816938459273E-4,4.3585922280253383E-4
2671,4.3631733016551047E-4,4.355693742631519E-4
2672,4.3602686754990377E-4,4.35279900398109E-4
2673,4.357367808165189E-4,4.349908004911008E-4
2674,4.354470692459259E-4,4.347020738276331E-4
2675,4.3515773212051003E-4,4.3441371969501433E-4
2676,4.348687687244719E-4,4.341257373823483E-4
2677,4.345801783438275E-4,4.3383812618053507E-4
2678,4.3429196026638524E-4,4.33550885382259E-4
2679,4.340041137817538E-4,4.3326401428198807E-4
2680,4.3371663818133916E-4,4.329775121759685E-4
2681,4.334295327583217E-4,4.326913783622127E-4
2682,4.331427968076741E-4,4.3240561214049575E-4
2683,4.3285642962613286E-4,4.321202128123553E-4
2684,4.325704305122126E-4,4.3183517968108814E-4
2685,4.3228479876618385E-4,4.315505120517278E-4
2686,4.319995336900804E-4,4.3126620923106056E-4
2687,4.31714634587682E-4,4.309822705276061E-4
2688,4.314301007645253E-4,4.3069869525161526E-4
2689,4.3114593152787824E-4,4.304154827150682E-4
2690,4.3086212618675306E-4,4.3013263223166135E-4
2691,4.305786840518855E-4,4.2985014311681615E-4
2692,4.3029560443574334E-4,4.295680146876541E-4
2693,4.3001288665250626E-4,4.2928624626300773E-4
2694,4.2973053001808207E-4,4.2900483716341213E-4
2695,4.294485338500708E-4,4.2872378671109286E-4
2696,4.291668974677886E-4,4.284430942299637E-4
2697,4.2888562019224836E-4,4.281627590456251E-4
2698,4.2860470134615207E-4,4.2788278048536E-4
2699,4.28324140253895E-4,4.2760315787811643E-4
2700,4.2804393624154926E-4,4.2732389055452066E-4
2701,4.277640886368694E-4,4.270449778468543E-4
2702,4.274845967692857E-4,4.26766419089062E-4
2703,4.272054599698853E-4,4.264882136167442E-4
2704,4.269266775714267E-4,4.2621036076714397E-4
2705,4.266482489083273E-4,4.259328598791475E-4
2706,4.2637017331664475E-4,4.256557102932844E-4
2707,4.260924501340957E-4,4.25378911351712E-4
2708,4.258150787000275E-4,4.251024623982166E-4
2709,4.255380583554384E-4,4.2482636277820987E-4
2710,4.2526138844294596E-4,4.2455061183872085E-4
2711,4.2498506830679903E-4,4.2427520892839216E-4
2712,4.2470909729287146E-4,4.2400015339746834E-4
2713,4.2443347474864826E-4,4.237254445978037E-4
2714,4.241582000232267E-4,4.234510818828524E-4
2715,4.238832724673174E-4,4.2317706460765544E-4
2716,4.236086914332246E-4,4.229033921288441E-4
2717,4.233344562748512E-4,4.2263006380463666E-4
2718,4.2306056634769927E-4,4.2235707899482906E-4
2719,4.227870210088498E-4,4.2208443706078614E-4
2720,4.225138196169697E-4,4.2181213736544804E-4
2721,4.2224096153230587E-4,4.2154017927331915E-4
2722,4.219684461166747E-4,4.212685621504562E-4
2723,4.216962727334542E-4,4.209972853644791E-4
2724,4.2142444074759694E-4,4.2072634828455447E-4
2725,4.211529495256123E-4,4.204557502813941E-4
2726,4.2088179843555585E-4,4.20185490727248E-4
2727,4.2061098684704096E-4,4.199155689959096E-4
2728,4.203405141312144E-4,4.196459844626934E-4
2729,4.2007037966077226E-4,4.193767365044505E-4
2730,4.198005828099386E-4,4.191078244995446E-4
2731,4.1953112295447614E-4,4.188392478278684E-4
2732,4.192619994716634E-4,4.1857100587081687E-4
2733,4.189932117403047E-4,4.1830309801129686E-4
2734,4.1872475914072303E-4,4.180355236337172E-4
2735,4.18456641054745E-4,4.1776828212399E-4
2736,4.181888568657114E-4,4.1750137286951795E-4
2737,4.1792140595846544E-4,4.172347952591977E-4
2738,4.176542877193423E-4,4.1696854868340663E-4
2739,4.1738750153617475E-4,4.16702632534007E-4
2740,4.1712104679828764E-4,4.164370462043347E-4
2741,4.1685492289648203E-4,4.161717890891997E-4
2742,4.165891292230472E-4,4.159068605848806E-4
2743,4.1632366517174144E-4,4.156422600891159E-4
2744,4.160585301377992E-4,4.153779870011084E-4
2745,4.1579372351791986E-4,4.1511404072150604E-4
2746,4.1552924471025985E-4,4.148504206524204E-4
2747,4.152650931144427E-4,4.1458712619739385E-4
2748,4.1500126813153815E-4,4.1432415676142165E-4
2749,4.147377691640646E-4,4.140615117509322E-4
2750,4.1447459561599355E-4,4.137991905737847E-4
2751,4.142117468927249E-4,4.135371926392681E-4
2752,4.139492224011049E-4,4.1327551735809983E-4
2753,4.136870215494028E-4,4.1301416414240774E-4
2754,4.13425143747322E-4,4.1275313240574324E-4
2755,4.1316358840598423E-4,4.1249242156306677E-4
2756,4.1290235493793894E-4,4.1223203103074894E-4
2757,4.126414427571344E-4,4.119719602265569E-4
2758,4.123808512789441E-4,4.1171220856966003E-4
2759,4.1212057992013836E-4,4.114527754806263E-4
2760,4.1186062809889717E-4,4.1119366038140594E-4
2761,4.1160099523479164E-4,4.1093486269534274E-4
2762,4.113416807487886E-4,4.106763818471606E-4
2763,4.110826840632467E-4,4.10418217262958E-4
2764,4.108240046019034E-4,4.101603683702158E-4
2765,4.105656417898878E-4,4.099028345977718E-4
2766,4.103075950536957E-4,4.096456153758432E-4
2767,4.100498638212019E-4,4.0938871013599884E-4
2768,4.0979244752164655E-4,4.091321183111709E-4
2769,4.095353455856374E-4,4.088758393356452E-4
2770,4.092785574451415E-4,4.0861987264505446E-4
2771,4.090220825334828E-4,4.0836421767637625E-4
2772,4.0876592028534083E-4,4.081088738679345E-4
2773,4.0851007013673524E-4,4.0785384065938836E-4
2774,4.082545315250414E-4,4.0759911749173067E-4
2775,4.0799930388896855E-4,4.073447038072844E-4
2776,4.0774438666856493E-4,4.0709059904969823E-4
2777,4.074897793052098E-4,4.068368026639401E-4
2778,4.0723548124160943E-4,4.065833140963033E-4
2779,4.0698149192180456E-4,4.0633013279438616E-4
2780,4.067278107911453E-4,4.0607725820710665E-4
2781,4.064744372963043E-4,4.058246897846811E-4
2782,4.062213708852686E-4,4.0557242697863397E-4
2783,4.059686110073318E-4,4.053204692417825E-4
2784,4.057161571130933E-4,4.050688160282443E-4
2785,4.0546400865445526E-4,4.048174667934276E-4
2786,4.0521216508461575E-4,4.045664209940296E-4
2787,4.049606258580733E-4,4.0431567808802836E-4
2788,4.0470939043060674E-4,4.040652375346748E-4
2789,4.0445845825928713E-4,4.038150987945123E-4
2790,4.0420782880246737E-4,4.035652613293394E-4
2791,4.03957501519779E-4,4.0331572460223293E-4
2792,4.0370747587212784E-4,4.0306648807753606E-4
2793,4.0345775132169396E-4,4.028175512208461E-4
2794,4.03208327331921E-4,4.025689134990236E-4
2795,4.029592033675189E-4,4.023205743801809E-4
2796,4.027103788944575E-4,4.020725333336784E-4
2797,4.0246185337996083E-4,4.018247898301258E-4
2798,4.022136262925085E-4,4.0157734334137646E-4
2799,4.019656971018339E-4,4.0133019334051914E-4
2800,4.017180652789057E-4,4.0108333930188064E-4
2801,4.0147073029594076E-4,4.0083678070102163E-4
2802,4.0122369162639215E-4,4.005905170147273E-4
2803,4.009769487449518E-4,4.0034454772101065E-4
2804,4.007305011275347E-4,4.000988722991048E-4
2805,4.004843482512921E-4,3.998534902294598E-4
2806,4.0023848959459536E-4,3.9960840099374095E-4
2807,3.999929246370317E-4,3.993636040748258E-4
2808,3.9974765285941545E-4,3.991190989567941E-4
2809,3.99502673743764E-4,3.988748851249384E-4
2810,3.99257986773311E-4,3.986309620657386E-4
2811,3.9901359143249286E-4,3.983873292668822E-4
2812,3.9876948720694974E-4,3.9814398621724405E-4
2813,3.9852567358352256E-4,3.97900932406892E-4
2814,3.9828215005024514E-4,3.976581673270771E-4
2815,3.9803891609634784E-4,3.9741569047023885E-4
2816,3.977959712122464E-4,3.9717350132998817E-4
2817,3.975533148895436E-4,3.9693159940112194E-4
2818,3.973109466210203E-4,3.966899841795996E-4
2819,3.9706886590064463E-4,3.964486551625586E-4
2820,3.9682707222355E-4,3.96207611848293E-4
2821,3.96585565086049E-4,3.959668537362668E-4
2822,3.96344343985619E-4,3.957263803271039E-4
2823,3.961034084209047E-4,3.9548619112258067E-4
2824,3.958627578917089E-4,3.952462856256257E-4
2825,3.9562239189899897E-4,3.95006663340319E-4
2826,3.953823099448871E-4,3.9476732377188265E-4
2827,3.951425115326522E-4,3.945282664266886E-4
2828,3.949029961667034E-4,3.9428949081223946E-4
2829,3.9466376335260965E-4,3.940509964371834E-4
2830,3.944248125970748E-4,3.9381278281128975E-4
2831,3.941861434079452E-4,3.935748494454708E-4
2832,3.9394775529419775E-4,3.933371958517574E-4
2833,3.937096477659495E-4,3.9309982154330176E-4
2834,3.9347182033443206E-4,3.9286272603438177E-4
2835,3.9323427251201676E-4,3.926259088403896E-4
2836,3.929970038121902E-4,3.9238936947782777E-4
2837,3.927600137495581E-4,3.9215310746431437E-4
2838,3.925233018398465E-4,3.9191712231857317E-4
2839,3.922868675998873E-4,3.916814135604316E-4
2840,3.920507105476305E-4,3.9144598071081646E-4
2841,3.918148302021265E-4,3.912108232917549E-4
2842,3.915792260835273E-4,3.9097594082636674E-4
2843,3.9134389771309114E-4,3.90741332838864E-4
2844,3.9110884461316775E-4,3.905069988545483E-4
2845,3.9087406630720683E-4,3.902729383998049E-4
2846,3.9063956231974304E-4,3.900391510021016E-4
2847,3.904053321763988E-4,3.898056361899867E-4
2848,3.9017137540388574E-4,3.895723934930856E-4
2849,3.8993769152999037E-4,3.893394224420917E-4
2850,3.89704280083586E-4,3.8910672256877045E-4
2851,3.894711405946132E-4,3.8887429340596244E-4
2852,3.892382725940899E-4,3.886421344875557E-4
2853,3.890056756141032E-4,3.8841024534851885E-4
2854,3.8877334918779925E-4,3.8817862552486225E-4
2855,3.8854129284939844E-4,3.8794727455365876E-4
2856,3.8830950613417254E-4,3.8771619197303184E-4
2857,3.8807798857845577E-4,3.874853773221561E-4
2858,3.8784673971963354E-4,3.872548301412456E-4
2859,3.8761575909614386E-4,3.870245499715674E-4
2860,3.8738504624747044E-4,3.867945363554212E-4
2861,3.8715460071414923E-4,3.865647888361473E-4
2862,3.8692442203775026E-4,3.863353069581197E-4
2863,3.866945097608865E-4,3.8610609026673993E-4
2864,3.864648634272088E-4,3.858771383084438E-4
2865,3.862354825813986E-4,3.856484506306925E-4
2866,3.8600636676916993E-4,3.85420026781965E-4
2867,3.857775155372648E-4,3.8519186631176425E-4
2868,3.8554892843344806E-4,3.849639687706088E-4
2869,3.8532060500651E-4,3.8473633371003204E-4
2870,3.8509254480625617E-4,3.845089606825777E-4
2871,3.84864747383511E-4,3.842818492417995E-4
2872,3.846372122901109E-4,3.840549989422562E-4
2873,3.844099390789025E-4,3.8382840933950707E-4
2874,3.841829273037435E-4,3.836020799901157E-4
2875,3.839561765194906E-4,3.833760104516396E-4
2876,3.8372968628201095E-4,3.831502002826303E-4
2877,3.835034561481624E-4,3.829246490426349E-4
2878,3.8327748567580297E-4,3.8269935629218604E-4
2879,3.8305177442378533E-4,3.8247432159280636E-4
2880,3.8282632195195214E-4,3.8224954450699275E-4
2881,3.8260112782113567E-4,3.8202502459823434E-4
2882,3.8237619159315104E-4,3.818007614309912E-4
2883,3.8215151283079525E-4,3.8157675457069977E-4
2884,3.819270910978487E-4,3.813530035837718E-4
2885,3.8170292595906836E-4,3.811295080375848E-4
2886,3.8147901698018624E-4,3.809062675004835E-4
2887,3.8125536372789995E-4,3.80683281541782E-4
2888,3.810319657698836E-4,3.8046054973175263E-4
2889,3.8080882267477726E-4,3.8023807164162517E-4
2890,3.8058593401217697E-4,3.8001584684358667E-4
2891,3.8036329935265E-4,3.797938749107807E-4
2892,3.8014091826771496E-4,3.7957215541730013E-4
2893,3.7991879032984896E-4,3.793506879381887E-4
2894,3.796969151124832E-4,3.791294720494299E-4
2895,3.794752921899947E-4,3.7890850732795743E-4
2896,3.792539211377153E-4,3.786877933516375E-4
2897,3.7903280153191307E-4,3.784673296992827E-4
2898,3.788119329498072E-4,3.782471159506377E-4
2899,3.785913149695474E-4,3.7802715168637973E-4
2900,3.783709471702338E-4,3.778074364881143E-4
2901,3.7815082913189086E-4,3.775879699383811E-4
2902,3.7793096043547774E-4,3.7736875162063823E-4
2903,3.7771134066288373E-4,3.771497811192703E-4
2904,3.774919693969255E-4,3.769310580195771E-4
2905,3.772728462213418E-4,3.767125819077823E-4
2906,3.770539707207995E-4,3.7649435237102304E-4
2907,3.768353424808787E-4,3.7627636899734807E-4
2908,3.76616961088079E-4,3.760586313757136E-4
2909,3.76398826129811E-4,3.7584113909598557E-4
2910,3.761809371944024E-4,3.7562389174893485E-4
2911,3.759632938710884E-4,3.754068889262365E-4
2912,3.7574589575001103E-4,3.7519013022046285E-4
2913,3.755287424222105E-4,3.7497361522508704E-4
2914,3.753118334796377E-4,3.747573435344713E-4
2915,3.750951685151411E-4,3.7454131474388025E-4
2916,3.74878747122463E-4,3.7432552844946074E-4
2917,3.746625688962422E-4,3.741099842482483E-4
2918,3.744466334320108E-4,3.738946817381691E-4
2919,3.7423094032618484E-4,3.7367962051802674E-4
2920,3.740154891760758E-4,3.73464800187505E-4
2921,3.7380027957987296E-4,3.732502203471717E-4
2922,3.7358531113665025E-4,3.730358805984663E-4
2923,3.7337058344636494E-4,3.728217805436999E-4
2924,3.7315609610984597E-4,3.7260791978606074E-4
2925,3.7294184872880144E-4,3.7239429792959957E-4
2926,3.727278409058097E-4,3.721809145792362E-4
2927,3.725140722443218E-4,3.7196776934075133E-4
2928,3.723005423486536E-4,3.717548618207936E-4
2929,3.720872508239922E-4,3.7154219162686606E-4
2930,3.7187419727638225E-4,3.713297583673304E-4
2931,3.716613813127297E-4,3.71117561651399E-4
2932,3.7144880254080304E-4,3.709056010891424E-4
2933,3.712364605692257E-4,3.7069387629147873E-4
2934,3.7102435500747434E-4,3.7048238687017044E-4
2935,3.7081248546587403E-4,3.702711324378334E-4
2936,3.7060085155560653E-4,3.700601126079177E-4
2937,3.703894528886945E-4,3.6984932699471955E-4
2938,3.701782890780076E-4,3.696387752133727E-4
2939,3.69967359737255E-4,3.694284568798443E-4
2940,3.697566644809929E-4,3.6921837161093933E-4
2941,3.695462029246093E-4,3.690085190242961E-4
2942,3.693359746843293E-4,3.6879889873837115E-4
2943,3.6912597937721104E-4,3.6858951037246234E-4
2944,3.6891621662114545E-4,3.683803535466882E-4
2945,3.6870668603485284E-4,3.68171427881987E-4
2946,3.6849738723787454E-4,3.679627330001145E-4
2947,3.682883198505837E-4,3.6775426852365603E-4
2948,3.6807948349417357E-4,3.6754603407600136E-4
2949,3.6787087779065306E-4,3.673380292813634E-4
2950,3.6766250236285346E-4,3.671302537647606E-4
2951,3.674543568344201E-4,3.6692270715202443E-4
2952,3.6724644082981303E-4,3.667153890697911E-4
2953,3.6703875397429834E-4,3.665082991455074E-4
2954,3.668312958939621E-4,3.6630143700741704E-4
2955,3.666240662156832E-4,3.6609480228456595E-4
2956,3.664170645671588E-4,3.6588839460680457E-4
2957,3.662102905768767E-4,3.656822136047723E-4
2958,3.660037438741338E-4,3.6547625890990794E-4
2959,3.6579742408901917E-4,3.6527053015443896E-4
2960,3.6559133085242463E-4,3.6506502697139043E-4
2961,3.653854637960292E-4,3.648597489945679E-4
2962,3.65179822552308E-4,3.646546958585642E-4
2963,3.6497440675452286E-4,3.64449867198761E-4
2964,3.647692160367283E-4,3.642452626513186E-4
2965,3.645642500337593E-4,3.640408818531746E-4
2966,3.64359508381236E-4,3.638367244420513E-4
2967,3.6415499071556096E-4,3.6363279005643587E-4
2968,3.639506966739126E-4,3.6342907833560267E-4
2969,3.6374662589425013E-4,3.632255889195862E-4
2970,3.635427780153068E-4,3.630223214491975E-4
2971,3.633391526765888E-4,3.6281927556600964E-4
2972,3.6313574951837553E-4,3.626164509123699E-4
2973,3.629325681817114E-4,3.6241384713137884E-4
2974,3.627296083084079E-4,3.6221146386690114E-4
2975,3.625268695410446E-4,3.620093007635661E-4
2976,3.623243515229638E-4,3.6180735746675456E-4
2977,3.6212205389826453E-4,3.6160563362260683E-4
2978,3.619199763118103E-4,3.6140412887801266E-4
2979,3.61718118409214E-4,3.6120284288061397E-4
2980,3.61516479836852E-4,3.610017752788084E-4
2981,3.6131506024184734E-4,3.608009257217313E-4
2982,3.611138592720754E-4,3.606002938592665E-4
2983,3.6091287657616145E-4,3.6039987934204803E-4
2984,3.6071211180347545E-4,3.60199681821443E-4
2985,3.605115646041361E-4,3.5999970094956164E-4
2986,3.6031123462900116E-4,3.597999363792482E-4
2987,3.6011112152967064E-4,3.596003877640905E-4
2988,3.599112249584809E-4,3.594010547584023E-4
2989,3.597115445685142E-4,3.5920193701723113E-4
2990,3.595120800135763E-4,3.5900303419635836E-4
2991,3.5931283094821283E-4,3.5880434595228863E-4
2992,3.5911379702770153E-4,3.58605871942254E-4
2993,3.5891497790804415E-4,3.5840761182421145E-4
2994,3.5871637324597734E-4,3.582095652568369E-4
2995,3.5851798269895453E-4,3.58011731899533E-4
2996,3.5831980592515995E-4,3.578141114124136E-4
2997,3.5812184258349406E-4,3.576167034563143E-4
2998,3.5792409233358086E-4,3.5741950769278304E-4
2999,3.577265548357606E-4,3.572225237840819E-4
3000,3.5752922975109547E-4,3.570257513931815E-4
3001,3.5733211674134535E-4,3.5682919018376297E-4
3002,3.571352154690043E-4,3.5663283982021604E-4
3003,3.569385255972583E-4,3.5643669996763747E-4
3004,3.567420467900142E-4,3.5624077029181966E-4
3005,3.565457787118773E-4,3.5604505045926023E-4
3006,3.563497210281618E-4,3.5584954013716214E-4
3007,3.5615387340488667E-4,3.5565423899342055E-4
3008,3.5595823550876806E-4,3.55459146696631E-4
3009,3.557628070072255E-4,3.552642629160765E-4
3010,3.5556758756836836E-4,3.5506958732174024E-4
3011,3.553725768610123E-4,3.548751195842941E-4
3012,3.551777745546581E-4,3.546808593750942E-4
3013,3.5498318031950283E-4,3.544868063661909E-4
3014,3.547887938264347E-4,3.5429296023031413E-4
3015,3.545946147470272E-4,3.5409932064088014E-4
3016,3.5440064275354423E-4,3.5390588727198967E-4
3017,3.542068775189298E-4,3.53712659798418E-4
3018,3.540133187168134E-4,3.535196378956225E-4
3019,3.538199660215088E-4,3.53326821239736E-4
3020,3.5362681910800577E-4,3.5313420950756555E-4
3021,3.534338776519729E-4,3.529418023765932E-4
3022,3.5324114132975456E-4,3.527495995249701E-4
3023,3.530486098183701E-4,3.525576006315174E-4
3024,3.5285628279550926E-4,3.523658053757245E-4
3025,3.5266415993953724E-4,3.5217421343775143E-4
3026,3.524722409294863E-4,3.5198282449841337E-4
3027,3.522805254450517E-4,3.5179163823919116E-4
3028,3.5208901316659855E-4,3.51600654342234E-4
3029,3.518977037751579E-4,3.514098724903452E-4
3030,3.5170659695241753E-4,3.5121929236697926E-4
3031,3.515156923807307E-4,3.5102891365625544E-4
3032,3.5132498974310423E-4,3.508387360429463E-4
3033,3.5113448872320775E-4,3.5064875921247507E-4
3034,3.50944189005366E-4,3.504589828509151E-4
3035,3.5075409027455085E-4,3.502694066449898E-4
3036,3.5056419221639074E-4,3.500800302820675E-4
3037,3.503744945171672E-4,3.498908534501653E-4
3038,3.5018499686380463E-4,3.4970187583794574E-4
3039,3.499956989438797E-4,3.495130971347142E-4
3040,3.4980660044561134E-4,3.4932451703040707E-4
3041,3.496177010578598E-4,3.491361352156168E-4
3042,3.4942900047013614E-4,3.4894795138155677E-4
3043,3.492404983725816E-4,3.4875996522008764E-4
3044,3.490521944559808E-4,3.4857217642369847E-4
3045,3.488640884117584E-4,3.483845846855156E-4
3046,3.4867617993197033E-4,3.4819718969929367E-4
3047,3.4848846870930703E-4,3.4800999115941527E-4
3048,3.4830095443708997E-4,3.4782298876089333E-4
3049,3.481136368092779E-4,3.4763618219936797E-4
3050,3.4792651552044754E-4,3.4744957117110136E-4
3051,3.4773959026581465E-4,3.472631553729776E-4
3052,3.4755286074121376E-4,3.470769345025062E-4
3053,3.473663266431035E-4,3.4689090825781616E-4
3054,3.471799876685677E-4,3.467050763376519E-4
3055,3.469938435153126E-4,3.4651943844137787E-4
3056,3.4680789388165855E-4,3.463339942689702E-4
3057,3.466221384665469E-4,3.4614874352101993E-4
3058,3.464365769695355E-4,3.45963685898733E-4
3059,3.462512090908021E-4,3.4577882110392106E-4
3060,3.460660345311231E-4,3.4559414883901E-4
3061,3.458810529919025E-4,3.454096688070265E-4
3062,3.4569626417514676E-4,3.452253807116093E-4
3063,3.4551166778346796E-4,3.4504128425700057E-4
3064,3.4532726352009077E-4,3.448573791480391E-4
3065,3.4514305108884356E-4,3.4467366509017275E-4
3066,3.449590301941599E-4,3.444901417894474E-4
3067,3.447752005410709E-4,3.4430680895250037E-4
3068,3.4459156183521105E-4,3.4412366628657685E-4
3069,3.444081137828197E-4,3.4394071349950643E-4
3070,3.442248560907257E-4,3.4375795029972073E-4
3071,3.440417884663585E-4,3.435753763962408E-4
3072,3.438589106177413E-4,3.4339299149867676E-4
3073,3.4367622225348933E-4,3.4321079531722705E-4
3074,3.4349372308281313E-4,3.430287875626821E-4
3075,3.433114128155106E-4,3.428469679464135E-4
3076,3.431292911619668E-4,3.4266533618038553E-4
3077,3.4294735783316086E-4,3.424838919771341E-4
3078,3.427656125406512E-4,3.4230263504979113E-4
3079,3.425840549965813E-4,3.4212156511205375E-4
3080,3.4240268491368095E-4,3.41940681878208E-4
3081,3.42221502005258E-4,3.4175998506311844E-4
3082,3.420405059852031E-4,3.4157947438221814E-4
3083,3.4185969656798506E-4,3.413991495515193E-4
3084,3.416790734686449E-4,3.4121901028760977E-4
3085,3.4149863640280337E-4,3.410390563076416E-4
3086,3.413183850866574E-4,3.4085928732934277E-4
3087,3.411383192369734E-4,3.406797030710076E-4
3088,3.4095843857108845E-4,3.4050030325150137E-4
3089,3.407787428069103E-4,3.403210875902518E-4
3090,3.4059923166291804E-4,3.401420558072528E-4
3091,3.404199048581523E-4,3.399632076230602E-4
3092,3.40240762112225E-4,3.397845427587918E-4
3093,3.400618031453096E-4,3.396060609361268E-4
3094,3.3988302767814073E-4,3.394277618773011E-4
3095,3.397044354320144E-4,3.3924964530511383E-4
3096,3.3952602612879074E-4,3.390717109429108E-4
3097,3.3934779949088397E-4,3.3889395851460265E-4
3098,3.3916975524126894E-4,3.3871638774464653E-4
3099,3.389918931034721E-4,3.3853899835805344E-4
3100,3.3881421280157654E-4,3.3836179008038525E-4
3101,3.3863671406021966E-4,3.381847626377561E-4
3102,3.3845939660459E-4,3.3800791575681974E-4
3103,3.3828226016042345E-4,3.3783124916478383E-4
3104,3.381053044540052E-4,3.376547625894016E-4
3105,3.37928529212174E-4,3.374784557589629E-4
3106,3.377519341623039E-4,3.373023284023096E-4
3107,3.375755190323272E-4,3.3712638024881864E-4
3108,3.373992835507088E-4,3.3695061102840504E-4
3109,3.3722322744645923E-4,3.3677502047152827E-4
3110,3.37047350449131E-4,3.3659960830918225E-4
3111,3.3687165228881463E-4,3.364243742728907E-4
3112,3.366961326961382E-4,3.362493180947251E-4
3113,3.3652079140226624E-4,3.3607443950727824E-4
3114,3.363456281389041E-4,3.358997382436769E-4
3115,3.361706426382823E-4,3.357252140375827E-4
3116,3.3599583463317015E-4,3.3555086662318565E-4
3117,3.3582120385686545E-4,3.353766957351976E-4
3118,3.356467500431991E-4,3.3520270110886253E-4
3119,3.354724729265282E-4,3.35028882479949E-4
3120,3.352983722417393E-4,3.348552395847506E-4
3121,3.351244477242442E-4,3.346817721600811E-4
3122,3.3495069910997866E-4,3.3450847994327524E-4
3123,3.3477712613540293E-4,3.3433536267218867E-4
3124,3.346037285375003E-4,3.341624200851987E-4
3125,3.3443050605377374E-4,3.339896519211977E-4
3126,3.3425745842224794E-4,3.338170579195921E-4
3127,3.3408458538146163E-4,3.336446378203067E-4
3128,3.3391188667047407E-4,3.334723913637807E-4
3129,3.337393620288637E-4,3.3330031829096273E-4
3130,3.3356701119671565E-4,3.3312841834331233E-4
3131,3.3339483391463807E-4,3.329566912628059E-4
3132,3.332228299237398E-4,3.3278513679191736E-4
3133,3.330509989656531E-4,3.326137546736373E-4
3134,3.3287934078250715E-4,3.324425446514595E-4
3135,3.327078551169507E-4,3.322715064693835E-4
3136,3.32536541712131E-4,3.3210063987191066E-4
3137,3.323654003117088E-4,3.319299446040454E-4
3138,3.3219443065984287E-4,3.317594204112925E-4
3139,3.3202363250119733E-4,3.3158906703966253E-4
3140,3.3185300558094175E-4,3.314188842356586E-4
3141,3.316825496447422E-4,3.3124887174628206E-4
3142,3.315122644387664E-4,3.310790293190333E-4
3143,3.313421497096835E-4,3.3090935670190965E-4
3144,3.311722052046533E-4,3.307398536433952E-4
3145,3.310024306713358E-4,3.3057051989247356E-4
3146,3.308328258578862E-4,3.304013551986171E-4
3147,3.306633905129546E-4,3.3023235931179014E-4
3148,3.3049412438567783E-4,3.300635319824405E-4
3149,3.3032502722569253E-4,3.298948729615152E-4
3150,3.301560987831139E-4,3.2972638200043976E-4
3151,3.2998733880855815E-4,3.2955805885112393E-4
3152,3.298187470531219E-4,3.2938990326596953E-4
3153,3.29650323268389E-4,3.2922191499785357E-4
3154,3.2948206720642996E-4,3.290540938001413E-4
3155,3.293139786197996E-4,3.2888643942667606E-4
3156,3.291460572615347E-4,3.287189516317796E-4
3157,3.2897830288515376E-4,3.285516301702598E-4
3158,3.2881071524465784E-4,3.2838447479738715E-4
3159,3.2864329409452525E-4,3.282174852689265E-4
3160,3.2847603918971177E-4,3.2805066134110523E-4
3161,3.283089502856552E-4,3.278840027706289E-4
3162,3.281420271382637E-4,3.2771750931467647E-4
3163,3.2797526950392204E-4,3.2755118073089654E-4
3164,3.2780867713949103E-4,3.2738501677740756E-4
3165,3.276422498023029E-4,3.2721901721280335E-4
3166,3.274759872501548E-4,3.270531817961398E-4
3167,3.2730988924132643E-4,3.268875102869455E-4
3168,3.271439555345557E-4,3.26722002445206E-4
3169,3.269781858890563E-4,3.265566580313802E-4
3170,3.2681258006450007E-4,3.263914768063873E-4
3171,3.266471378210348E-4,3.262264585316148E-4
3172,3.2648185891926605E-4,3.260616029688999E-4
3173,3.2631674312026427E-4,3.2589690988055333E-4
3174,3.261517901855626E-4,3.2573237902933647E-4
3175,3.259869998771558E-4,3.255680101784734E-4
3176,3.258223719575002E-4,3.2540380309164444E-4
3177,3.2565790618950714E-4,3.252397575329822E-4
3178,3.254936023365501E-4,3.250758732670822E-4
3179,3.253294601624567E-4,3.249121500589823E-4
3180,3.251654794315107E-4,3.2474858767418533E-4
3181,3.250016599084502E-4,3.245851858786385E-4
3182,3.2483800135846915E-4,3.2442194443874317E-4
3183,3.246745035472127E-4,3.242588631213444E-4
3184,3.245111662407764E-4,3.2409594169374636E-4
3185,3.243479892057072E-4,3.2393317992369063E-4
3186,3.241849722090014E-4,3.2377057757936587E-4
3187,3.2402211501809865E-4,3.236081344294139E-4
3188,3.238594174008946E-4,3.2344585024291086E-4
3189,3.236968791257244E-4,3.232837247893848E-4
3190,3.2353449996137297E-4,3.231217578388016E-4
3191,3.233722796770652E-4,3.2295994916156754E-4
3192,3.232102180424681E-4,3.2279829852853274E-4
3193,3.2304831482769136E-4,3.226368057109779E-4
3194,3.2288656980328977E-4,3.224754704806301E-4
3195,3.227249827402531E-4,3.2231429260965E-4
3196,3.2256355341000776E-4,3.221532718706338E-4
3197,3.224022815844255E-4,3.2199240803661654E-4
3198,3.2224116703580665E-4,3.2183170088105704E-4
3199,3.220802095368931E-4,3.216711501778562E-4
3200,3.219194088608554E-4,3.215107557013464E-4
3201,3.2175876478130274E-4,3.2135051722628327E-4
3202,3.215982770722755E-4,3.2119043452786134E-4
3203,3.214379455082402E-4,3.2103050738169713E-4
3204,3.212777698641033E-4,3.208707355638341E-4
3205,3.21117749915193E-4,3.207111188507471E-4
3206,3.209578854372684E-4,3.2055165701933653E-4
3207,3.2079817620651483E-4,3.203923498469215E-4
3208,3.2063862199954626E-4,3.2023319711125295E-4
3209,3.204792225934002E-4,3.20074198590496E-4
3210,3.2031997776553803E-4,3.1991535406324133E-4
3211,3.2016088729384386E-4,3.197566633085022E-4
3212,3.200019509566257E-4,3.195981261057087E-4
3213,3.1984316853261624E-4,3.194397422347096E-4
3214,3.196845398009583E-4,3.192815114757708E-4
3215,3.1952606454122397E-4,3.1912343360957743E-4
3216,3.1936774253339976E-4,3.189655084172271E-4
3217,3.192095735578895E-4,3.188077356802337E-4
3218,3.190515573955109E-4,3.186501151805279E-4
3219,3.188936938275029E-4,3.18492646700445E-4
3220,3.187359826355154E-4,3.1833533002274106E-4
3221,3.1857842360160954E-4,3.1817816493057475E-4
3222,3.1842101650826236E-4,3.1802115120752364E-4
3223,3.182637611383609E-4,3.1786428863756416E-4
3224,3.181066572752018E-4,3.17707577005087E-4
3225,3.179497047024941E-4,3.1755101609489084E-4
3226,3.177929032043505E-4,3.173946056921735E-4
3227,3.176362525653E-4,3.1723834558254475E-4
3228,3.174797525702662E-4,3.1708223555201387E-4
3229,3.1732340300458836E-4,3.1692627538699644E-4
3230,3.1716720365400586E-4,3.1677046487430774E-4
3231,3.1701115430466287E-4,3.1661480380116663E-4
3232,3.1685525474310785E-4,3.164592919551938E-4
3233,3.166995047562871E-4,3.1630392912439974E-4
3234,3.1654390413155247E-4,3.161487150972048E-4
3235,3.1638845265665204E-4,3.1599364966241895E-4
3236,3.16233150119736E-4,3.1583873260925536E-4
3237,3.1607799630935213E-4,3.1568396372731934E-4
3238,3.159229910144408E-4,3.155293428066095E-4
3239,3.157681340243479E-4,3.153748696375188E-4
3240,3.1561342512880625E-4,3.1522054401083595E-4
3241,3.154588641179463E-4,3.150663657177392E-4
3242,3.1530445078229395E-4,3.149123345497978E-4
3243,3.1515018491276147E-4,3.147584502989713E-4
3244,3.1499606630065887E-4,3.1460471275760897E-4
3245,3.148420947376873E-4,3.1445112171845003E-4
3246,3.146882700159335E-4,3.142976769746178E-4
3247,3.1453459192787693E-4,3.1414437831962273E-4
3248,3.1438106026638116E-4,3.139912255473644E-4
3249,3.142276748246999E-4,3.1383821845212194E-4
3250,3.140744353964726E-4,3.1368535682856275E-4
3251,3.13921341775722E-4,3.1353264047173255E-4
3252,3.1376839375686096E-4,3.1338006917706564E-4
3253,3.136155911346773E-4,3.1322764274037076E-4
3254,3.134629337043513E-4,3.130753609578434E-4
3255,3.133104212614352E-4,3.12923223626052E-4
3256,3.131580536018699E-4,3.127712305419477E-4
3257,3.130058305219722E-4,3.126193815028561E-4
3258,3.128537518184402E-4,3.1246767630648556E-4
3259,3.1270181728834765E-4,3.123161147509129E-4
3260,3.1255002672914785E-4,3.1216469663459645E-4
3261,3.123983799386719E-4,3.1201342175636023E-4
3262,3.122468767151232E-4,3.118622899154145E-4
3263,3.120955168570804E-4,3.117113009113298E-4
3264,3.1194430016349967E-4,3.1156045454405453E-4
3265,3.1179322643370457E-4,3.114097506139032E-4
3266,3.1164229546739355E-4,3.1125918892156777E-4
3267,3.114915070646419E-4,3.1110876926810266E-4
3268,3.1134086102588737E-4,3.1095849145493487E-4
3269,3.1119035715193854E-4,3.1080835528385245E-4
3270,3.110399952439743E-4,3.106583605570156E-4
3271,3.1088977510354576E-4,3.1050850707695066E-4
3272,3.1073969653256473E-4,3.103587946465435E-4
3273,3.105897593333104E-4,3.102092230690476E-4
3274,3.1043996330842736E-4,3.1005979214808016E-4
3275,3.102903082609294E-4,3.0991050168761934E-4
3276,3.1014079399418944E-4,3.0976135149200345E-4
3277,3.0999142031194163E-4,3.096123413659365E-4
3278,3.0984218701828785E-4,3.0946347111447474E-4
3279,3.0969309391768807E-4,3.0931474054304045E-4
3280,3.095441408149592E-4,3.091661494574079E-4
3281,3.0939532751528504E-4,3.0901769766371486E-4
3282,3.0924665382420214E-4,3.0886938496845005E-4
3283,3.090981195476077E-4,3.087212111784631E-4
3284,3.0894972449175683E-4,3.085731761009562E-4
3285,3.088014684632602E-4,3.0842527954348155E-4
3286,3.086533512690797E-4,3.0827752131395455E-4
3287,3.085053727165403E-4,3.081299012206291E-4
3288,3.08357532613311E-4,3.0798241907212525E-4
3289,3.082098307674227E-4,3.0783507467740457E-4
3290,3.080622669872534E-4,3.076878678457818E-4
3291,3.0791484108153364E-4,3.0754079838692105E-4
3292,3.0776755285934275E-4,3.0739386611083403E-4
3293,3.076204021301156E-4,3.072470708278797E-4
3294,3.07473388703631E-4,3.0710041234876547E-4
3295,3.0732651239001704E-4,3.06953890484545E-4
3296,3.0717977299974953E-4,3.0680750504661605E-4
3297,3.07033170343652E-4,3.066612558467208E-4
3298,3.068867042328935E-4,3.0651514269694523E-4
3299,3.0674037447898266E-4,3.0636916540972045E-4
3300,3.065941808937819E-4,3.062233237978158E-4
3301,3.064481232894938E-4,3.06077617674348E-4
3302,3.063022014786575E-4,3.0593204685276654E-4
3303,3.061564152741621E-4,3.0578661114686765E-4
3304,3.060107644892362E-4,3.056413103707832E-4
3305,3.05865248937443E-4,3.05496144338981E-4
3306,3.0571986843269303E-4,3.053511128662757E-4
3307,3.0557462278923134E-4,3.0520621576780654E-4
3308,3.054295118216417E-4,3.050614528590593E-4
3309,3.052845353448451E-4,3.049168239558464E-4
3310,3.051396931741012E-4,3.0477232887432505E-4
3311,3.0499498512500333E-4,3.0462796743097444E-4
3312,3.0485041101348064E-4,3.044837394426147E-4
3313,3.0470597065579533E-4,3.043396447263975E-4
3314,3.045616638685456E-4,3.041956830998022E-4
3315,3.044174904686624E-4,3.0405185438064046E-4
3316,3.0427345027340215E-4,3.039081583870609E-4
3317,3.041295431003595E-4,3.0376459493752827E-4
3318,3.039857687674637E-4,3.036211638508471E-4
3319,3.038421270929619E-4,3.034778649461435E-4
3320,3.0369861789543483E-4,3.033346980428737E-4
3321,3.035552409938011E-4,3.0319166296081723E-4
3322,3.0341199620729E-4,3.0304875952008413E-4
3323,3.032688833554708E-4,3.0290598754110294E-4
3324,3.031259022582359E-4,3.027633468446352E-4
3325,3.029830527358E-4,3.0262083725175444E-4
3326,3.0284033460870096E-4,3.02478458583866E-4
3327,3.026977476978097E-4,3.023362106626927E-4
3328,3.025552918243109E-4,3.021940933102812E-4
3329,3.0241296680971665E-4,3.0205210634899827E-4
3330,3.0227077247585817E-4,3.019102496015271E-4
3331,3.0212870864488976E-4,3.0176852289087394E-4
3332,3.0198677513928557E-4,3.016269260403622E-4
3333,3.0184497178183773E-4,3.014854588736306E-4
3334,3.0170329839565905E-4,3.0134412121464064E-4
3335,3.015617548041795E-4,3.012029128876632E-4
3336,3.0142034083114515E-4,3.010618337172874E-4
3337,3.0127905630062383E-4,3.009208835284191E-4
3338,3.0113790103699397E-4,3.007800621462778E-4
3339,3.009968748649483E-4,3.006393693963921E-4
3340,3.0085597760950343E-4,3.004988051046099E-4
3341,3.0071520909598067E-4,3.003583690970852E-4
3342,3.005745691500167E-4,3.002180612002879E-4
3343,3.0043405759756325E-4,3.0007788124099613E-4
3344,3.0029367426488E-4,2.999378290462994E-4
3345,3.0015341897854104E-4,2.9979790444359367E-4
3346,3.0001329156543186E-4,2.9965810726058617E-4
3347,2.9987329185274253E-4,2.9951843732529157E-4
3348,2.9973341966797826E-4,2.993788944660296E-4
3349,2.9959367483894527E-4,2.992394785114309E-4
3350,2.994540571937632E-4,2.9910018929042606E-4
3351,2.993145665608607E-4,2.9896102663225883E-4
3352,2.9917520276896427E-4,2.988219903664676E-4
3353,2.9903596564711475E-4,2.986830803229025E-4
3354,2.9889685502465296E-4,2.985442963317144E-4
3355,2.987578707312233E-4,2.9840563822335173E-4
3356,2.986190125967768E-4,2.982671058285731E-4
3357,2.984802804515693E-4,2.9812869897843583E-4
3358,2.98341674126152E-4,2.97990417504292E-4
3359,2.982031934513828E-4,2.978522612377998E-4
3360,2.98064838258422E-4,2.977142300109127E-4
3361,2.979266083787213E-4,2.9757632365588917E-4
3362,2.977885036440456E-4,2.9743854200527646E-4
3363,2.976505238864462E-4,2.973008848919234E-4
3364,2.9751266893827955E-4,2.971633521489763E-4
3365,2.9737493863219746E-4,2.9702594360987456E-4
3366,2.972373328011506E-4,2.9688865910835696E-4
3367,2.970998512783815E-4,2.967514984784527E-4
3368,2.969624938974354E-4,2.966144615544859E-4
3369,2.968252604921445E-4,2.9647754817107414E-4
3370,2.966881508966415E-4,2.963407581631304E-4
3371,2.965511649453491E-4,2.9620409136585547E-4
3372,2.9641430247298774E-4,2.960675476147417E-4
3373,2.962775633145626E-4,2.9593112674557333E-4
3374,2.961409473053773E-4,2.957948285944275E-4
3375,2.9600445428102463E-4,2.9565865299766546E-4
3376,2.9586808407738754E-4,2.9552259979194234E-4
3377,2.957318365306389E-4,2.953866688141976E-4
3378,2.9559571147724003E-4,2.9525085990165774E-4
3379,2.954597087539418E-4,2.9511517289183993E-4
3380,2.9532382819778434E-4,2.949796076225454E-4
3381,2.9518806964608934E-4,2.948441639318622E-4
3382,2.950524329364759E-4,2.9470884165815953E-4
3383,2.9491691790683593E-4,2.9457364064009345E-4
3384,2.947815243953561E-4,2.944385607166056E-4
3385,2.946462522405052E-4,2.9430360172692007E-4
3386,2.9451110128103717E-4,2.9416876351054145E-4
3387,2.9437607135598606E-4,2.940340459072559E-4
3388,2.942411623046733E-4,2.938994487571361E-4
3389,2.941063739667012E-4,2.9376497190052606E-4
3390,2.9397170618195045E-4,2.936306151780603E-4
3391,2.9383715879058926E-4,2.934963784306449E-4
3392,2.9370273163305813E-4,2.933622614994693E-4
3393,2.935684245500859E-4,2.9322826422599886E-4
3394,2.9343423738267506E-4,2.9309438645197495E-4
3395,2.933001699721064E-4,2.929606280194196E-4
3396,2.931662221599444E-4,2.9282698877063394E-4
3397,2.930323937880248E-4,2.9269346854818437E-4
3398,2.928986846984638E-4,2.925600671949231E-4
3399,2.9276509473364997E-4,2.9242678455397147E-4
3400,2.9263162373625363E-4,2.9229362046872615E-4
3401,2.9249827154921506E-4,2.9216057478285675E-4
3402,2.92365038015749E-4,2.920276473403057E-4
3403,2.9223192297934866E-4,2.9189483798528935E-4
3404,2.920989262837755E-4,2.917621465622953E-4
3405,2.919660477730643E-4,2.9162957291607787E-4
3406,2.9183328729152496E-4,2.914971168916689E-4
3407,2.9170064468373585E-4,2.913647783343632E-4
3408,2.915681197945475E-4,2.912325570897309E-4
3409,2.9143571246908134E-4,2.9110045300360666E-4
3410,2.9130342255272493E-4,2.909684659220946E-4
3411,2.9117124989114105E-4,2.908365956915666E-4
3412,2.910391943302543E-4,2.9070484215866336E-4
3413,2.9090725571626335E-4,2.9057320517028725E-4
3414,2.907754338956312E-4,2.9044168457361086E-4
3415,2.906437287150851E-4,2.903102802160696E-4
3416,2.9051214002162297E-4,2.9017899194536427E-4
3417,2.9038066766250755E-4,2.9004781960945993E-4
3418,2.902493114852649E-4,2.8991676305658594E-4
3419,2.90118071337685E-4,2.8978582213523096E-4
3420,2.8998694706782444E-4,2.8965499669415324E-4
3421,2.898559385240033E-4,2.8952428658236644E-4
3422,2.897250455548005E-4,2.893936916491454E-4
3423,2.8959426800906086E-4,2.8926321174403127E-4
3424,2.894636057358891E-4,2.8913284671681645E-4
3425,2.893330585846506E-4,2.8900259641756297E-4
3426,2.892026264049758E-4,2.888724606965871E-4
3427,2.8907230904674634E-4,2.8874243940446174E-4
3428,2.8894210636011384E-4,2.8861253239202174E-4
3429,2.888120181954822E-4,2.88482739510356E-4
3430,2.886820444035128E-4,2.883530606108122E-4
3431,2.8855218483512726E-4,2.882234955449889E-4
3432,2.884224393415038E-4,2.880940441647507E-4
3433,2.8829280777407907E-4,2.8796470632221224E-4
3434,2.881632899845427E-4,2.8783548186973634E-4
3435,2.8803388582484076E-4,2.877063706599517E-4
3436,2.8790459514717635E-4,2.875773725457315E-4
3437,2.8777541780400503E-4,2.8744848738020324E-4
3438,2.8764635364803774E-4,2.873197150167533E-4
3439,2.8751740253223556E-4,2.8719105530901085E-4
3440,2.8738856430981634E-4,2.8706250811086494E-4
3441,2.872598388342469E-4,2.869340732764449E-4
3442,2.8713122595924826E-4,2.868057506601464E-4
3443,2.870027255387915E-4,2.8667754011659527E-4
3444,2.868743374270987E-4,2.8654944150068474E-4
3445,2.867460614786425E-4,2.86421454667543E-4
3446,2.8661789754814526E-4,2.862935794725572E-4
3447,2.8648984549057546E-4,2.861658157713491E-4
3448,2.863619051611528E-4,2.860381634198035E-4
3449,2.86234076415345E-4,2.859106222740387E-4
3450,2.8610635910886846E-4,2.8578319219042553E-4
3451,2.859787530976814E-4,2.8565587302557696E-4
3452,2.858512582379947E-4,2.8552866463635535E-4
3453,2.8572387438626103E-4,2.8540156687986473E-4
3454,2.8559660139918105E-4,2.852745796134515E-4
3455,2.8546943913369615E-4,2.8514770269471066E-4
3456,2.8534238744699864E-4,2.8502093598147384E-4
3457,2.852154461965187E-4,2.8489427933182113E-4
3458,2.8508861523993194E-4,2.847677326040683E-4
3459,2.849618944351566E-4,2.8464129565677605E-4
3460,2.848352836403527E-4,2.845149683487485E-4
3461,2.8470878271392574E-4,2.8438875053902546E-4
3462,2.845823915145174E-4,2.8426264208688905E-4
3463,2.8445610990101064E-4,2.8413664285185903E-4
3464,2.843299377325316E-4,2.840107526936963E-4
3465,2.842038748684453E-4,2.838849714723986E-4
3466,2.8407792116835366E-4,2.837592990481998E-4
3467,2.8395207649209794E-4,2.836337352815766E-4
3468,2.8382634069975995E-4,2.8350828003323854E-4
3469,2.837007136516596E-4,2.833829331641302E-4
3470,2.835751952083484E-4,2.832576945354354E-4
3471,2.8344978523062213E-4,2.831325640085715E-4
3472,2.8332448357950527E-4,2.8300754144519087E-4
3473,2.831992901162636E-4,2.828826267071807E-4
3474,2.8307420470239557E-4,2.8275781965665994E-4
3475,2.8294922719963384E-4,2.826331201559855E-4
3476,2.8282435746994746E-4,2.8250852806774193E-4
3477,2.826995953755393E-4,2.8238404325474977E-4
3478,2.8257494077884237E-4,2.8225966558005964E-4
3479,2.8245039354252225E-4,2.8213539490695635E-4
3480,2.823259535294822E-4,2.8201123109894953E-4
3481,2.8220162060285214E-4,2.8188717401978554E-4
3482,2.820773946259937E-4,2.8176322353343875E-4
3483,2.8195327546250333E-4,2.816393795041119E-4
3484,2.8182926297620227E-4,2.815156417962366E-4
3485,2.8170535703114357E-4,2.8139201027447516E-4
3486,2.815815574916122E-4,2.812684848037166E-4
3487,2.8145786422211855E-4,2.8114506524907525E-4
3488,2.813342770874031E-4,2.810217514758964E-4
3489,2.8121079595243444E-4,2.8089854334975036E-4
3490,2.8108742068240467E-4,2.807754407364335E-4
3491,2.8096415114273903E-4,2.8065244350196746E-4
3492,2.808409871990896E-4,2.805295515125987E-4
3493,2.807179287173219E-4,2.80406764634801E-4
3494,2.805949755635458E-4,2.802840827352683E-4
3495,2.804721276040809E-4,2.8016150568092033E-4
3496,2.8034938470547743E-4,2.800390333389027E-4
3497,2.802267467345106E-4,2.7991666557657834E-4
3498,2.801042135581769E-4,2.7979440226153646E-4
3499,2.7998178504369623E-4,2.7967224326159084E-4
3500,2.798594610585156E-4,2.7955018844477E-4
3501,2.797372414702975E-4,2.79428237679328E-4
3502,2.7961512614693246E-4,2.7930639083373495E-4
3503,2.794931149565226E-4,2.791846477766888E-4
3504,2.7937120776740294E-4,2.790630083770984E-4
3505,2.792494044481235E-4,2.7894147250409997E-4
3506,2.79127704867451E-4,2.788200400270415E-4
3507,2.790061088943764E-4,2.786987108154923E-4
3508,2.788846163981074E-4,2.7857748473923986E-4
3509,2.787632272480728E-4,2.78456361668287E-4
3510,2.7864194131391423E-4,2.78335341472857E-4
3511,2.78520758465497E-4,2.782144240233859E-4
3512,2.783996785728982E-4,2.780936091905288E-4
3513,2.782787015064187E-4,2.779728968451511E-4
3514,2.781578271365655E-4,2.778522868583409E-4
3515,2.780370553340724E-4,2.7773177910139443E-4
3516,2.779163859698828E-4,2.776113734458272E-4
3517,2.7779581891515287E-4,2.7749106976336315E-4
3518,2.776753540412569E-4,2.7737086792594263E-4
3519,2.7755499121978296E-4,2.772507678057223E-4
3520,2.7743473032253206E-4,2.7713076927506243E-4
3521,2.773145712215214E-4,2.7701087220654273E-4
3522,2.771945137889749E-4,2.76891076472953E-4
3523,2.770745578973318E-4,2.767713819472934E-4
3524,2.769547034192441E-4,2.766517885027724E-4
3525,2.7683495022757474E-4,2.765322960128117E-4
3526,2.7671529819539705E-4,2.764129043510439E-4
3527,2.7659574719599635E-4,2.762936133913081E-4
3528,2.7647629710286466E-4,2.761744230076528E-4
3529,2.763569477897077E-4,2.7605533307433643E-4
3530,2.762376991304388E-4,2.7593634346582393E-4
3531,2.761185509991806E-4,2.7581745405679014E-4
3532,2.759995032702623E-4,2.7569866472211633E-4
3533,2.758805558182224E-4,2.755799753368876E-4
3534,2.757617085178064E-4,2.7546138577639966E-4
3535,2.756429612439701E-4,2.75342895916151E-4
3536,2.7552431387187134E-4,2.752245056318485E-4
3537,2.7540576627687637E-4,2.751062147994016E-4
3538,2.752873183345545E-4,2.749880232949276E-4
3539,2.751689699206861E-4,2.748699309947423E-4
3540,2.7505072091125175E-4,2.74751937775373E-4
3541,2.749325711824391E-4,2.746340435135433E-4
3542,2.748145206106404E-4,2.7451624808618244E-4
3543,2.7469656907244677E-4,2.743985513704285E-4
3544,2.745787164446591E-4,2.7428095324360933E-4
3545,2.744609626042765E-4,2.741634535832683E-4
3546,2.7434330742850466E-4,2.7404605226713627E-4
3547,2.74225750794747E-4,2.739287491731546E-4
3548,2.7410829258061155E-4,2.738115441794656E-4
3549,2.7399093266390487E-4,2.736944371644027E-4
3550,2.738736709226368E-4,2.735774280065124E-4
3551,2.7375650723501885E-4,2.734605165845274E-4
3552,2.736394414794571E-4,2.733437027773856E-4
3553,2.7352247353456394E-4,2.7322698646422677E-4
3554,2.7340560327914615E-4,2.731103675243826E-4
3555,2.7328883059221177E-4,2.7299384583738323E-4
3556,2.731721553529628E-4,2.7287742128296135E-4
3557,2.730555774408073E-4,2.72761093741038E-4
3558,2.729390967353436E-4,2.7264486309173876E-4
3559,2.72822713116371E-4,2.725287292153818E-4
3560,2.7270642646388347E-4,2.724126919924811E-4
3561,2.7259023665807385E-4,2.7229675130374637E-4
3562,2.7247414357932815E-4,2.7218090703008067E-4
3563,2.723581471082285E-4,2.7206515905258246E-4
3564,2.7224224712555517E-4,2.7194950725254905E-4
3565,2.721264435122778E-4,2.7183395151146334E-4
3566,2.7201073614956545E-4,2.7171849171100514E-4
3567,2.7189512491878064E-4,2.716031277330508E-4
3568,2.7177960970147587E-4,2.714878594596609E-4
3569,2.7166419037940085E-4,2.7137268677309784E-4
3570,2.7154886683449517E-4,2.712576095558076E-4
3571,2.71433638948891E-4,2.711426276904322E-4
3572,2.713185066049134E-4,2.710277410598029E-4
3573,2.712034696850812E-4,2.709129495469422E-4
3574,2.710885280721017E-4,2.7079825303506495E-4
3575,2.709736816488723E-4,2.7068365140757054E-4
3576,2.7085893029848496E-4,2.705691445480522E-4
3577,2.707442739042181E-4,2.704547323402899E-4
3578,2.706297123495397E-4,2.7034041466825366E-4
3579,2.7051524551810924E-4,2.7022619141610056E-4
3580,2.7040087329377487E-4,2.7011206246817693E-4
3581,2.702865955605708E-4,2.6999802770901805E-4
3582,2.701724122027214E-4,2.698840870233432E-4
3583,2.700583231046383E-4,2.6977024029605775E-4
3584,2.69944328150924E-4,2.6965648741225575E-4
3585,2.6983042722636137E-4,2.695428282572205E-4
3586,2.6971662021592525E-4,2.694292627164118E-4
3587,2.696029070047724E-4,2.6931579067548353E-4
3588,2.6948928747825E-4,2.692024120202713E-4
3589,2.6937576152188996E-4,2.690891266367956E-4
3590,2.6926232902140646E-4,2.689759344112574E-4
3591,2.6914898986270025E-4,2.6886283523004726E-4
3592,2.6903574393185887E-4,2.687498289797389E-4
3593,2.689225911151463E-4,2.6863691554708237E-4
3594,2.688095312990207E-4,2.68524094819017E-4
3595,2.6869656437011663E-4,2.684113666826634E-4
3596,2.685836902152516E-4,2.682987310253221E-4
3597,2.6847090872142703E-4,2.6818618773447397E-4
3598,2.6835821977583036E-4,2.680737366977857E-4
3599,2.6824562326582395E-4,2.67961377803103E-4
3600,2.6813311907895654E-4,2.678491109384521E-4
3601,2.680207071029559E-4,2.677369359920347E-4
3602,2.679083872257302E-4,2.676248528522411E-4
3603,2.677961593353713E-4,2.6751286140763226E-4
3604,2.676840233201451E-4,2.6740096154695474E-4
3605,2.6757197906850523E-4,2.6728915315913217E-4
3606,2.674600264690767E-4,2.671774361332635E-4
3607,2.673481654106664E-4,2.6706581035862794E-4
3608,2.6723639578226207E-4,2.669542757246844E-4
3609,2.6712471747302954E-4,2.6684283212106594E-4
3610,2.6701313037230754E-4,2.667314794375823E-4
3611,2.66901634369616E-4,2.666202175642224E-4
3612,2.6679022935465445E-4,2.6650904639114977E-4
3613,2.6667891521729183E-4,2.6639796580870344E-4
3614,2.6656769184758464E-4,2.6628697570740085E-4
3615,2.6645655913575434E-4,2.661760759779311E-4
3616,2.663455169722044E-4,2.6606526651115864E-4
3617,2.662345652475099E-4,2.659545471981218E-4
3618,2.6612370385242843E-4,2.658439179300376E-4
3619,2.660129326778816E-4,2.657333785982922E-4
3620,2.6590225161497407E-4,2.656229290944479E-4
3621,2.657916605549808E-4,2.655125693102365E-4
3622,2.6568115938934887E-4,2.654022991375664E-4
3623,2.65570748009704E-4,2.6529211846851525E-4
3624,2.654604263078405E-4,2.651820271953378E-4
3625,2.653501941757251E-4,2.650720252104532E-4
3626,2.652400515054982E-4,2.649621124064587E-4
3627,2.6512999818947543E-4,2.6485228867612016E-4
3628,2.6502003412013633E-4,2.647425539123715E-4
3629,2.649101591901404E-4,2.6463290800832104E-4
3630,2.6480037329231057E-4,2.6452335085724475E-4
3631,2.646906763196468E-4,2.6441388235258934E-4
3632,2.6458106816531254E-4,2.6430450238797035E-4
3633,2.6447154872264817E-4,2.641952108571715E-4
3634,2.643621178851576E-4,2.6408600765414925E-4
3635,2.642527755465181E-4,2.639768926730211E-4
3636,2.6414352160057333E-4,2.6386786580807946E-4
3637,2.6403435594133935E-4,2.6375892695378294E-4
3638,2.639252784629928E-4,2.636500760047512E-4
3639,2.638162890598869E-4,2.6354131285578317E-4
3640,2.6370738762653895E-4,2.634326374018331E-4
3641,2.635985740576308E-4,2.6332404953802733E-4
3642,2.6348984824801577E-4,2.632155491596565E-4
3643,2.6338121009271214E-4,2.631071361621771E-4
3644,2.632726594869023E-4,2.6299881044121275E-4
3645,2.6316419632593514E-4,2.628905718925486E-4
3646,2.6305582050532974E-4,2.6278242041213743E-4
3647,2.629475319207659E-4,2.626743558960948E-4
3648,2.6283933046808823E-4,2.62566378240705E-4
3649,2.627312160433083E-4,2.6245848734240593E-4
3650,2.626231885426018E-4,2.623506830978105E-4
3651,2.6251524786230685E-4,2.6224296540368694E-4
3652,2.624073938989233E-4,2.6213533415696906E-4
3653,2.622996265491216E-4,2.6202778925475537E-4
3654,2.6219194570972787E-4,2.6192033059430173E-4
3655,2.620843512777343E-4,2.6181295807302965E-4
3656,2.619768431502969E-4,2.6170567158851976E-4
3657,2.618694212247278E-4,2.615984710385165E-4
3658,2.6176208539850887E-4,2.614913563209209E-4
3659,2.6165483556927507E-4,2.613843273337987E-4
3660,2.6154767163483113E-4,2.6127738397537697E-4
3661,2.6144059349313733E-4,2.611705261440377E-4
3662,2.6133360104231226E-4,2.6106375373832676E-4
3663,2.612266941806414E-4,2.6095706665694746E-4
3664,2.611198728065658E-4,2.6085046479876265E-4
3665,2.6101313681868403E-4,2.607439480627931E-4
3666,2.6090648611575994E-4,2.606375163482172E-4
3667,2.607999205967108E-4,2.605311695543761E-4
3668,2.6069344016061465E-4,2.6042490758076373E-4
3669,2.605870447067081E-4,2.6031873032703273E-4
3670,2.604807341343894E-4,2.6021263769299515E-4
3671,2.603745083432048E-4,2.601066295786164E-4
3672,2.602683672328665E-4,2.600007058840232E-4
3673,2.601623107032405E-4,2.598948665094922E-4
3674,2.6005633865435114E-4,2.5978911135546165E-4
3675,2.59950450986377E-4,2.5968344032252305E-4
3676,2.598446475996549E-4,2.5957785331142194E-4
3677,2.597389283946746E-4,2.594723502230606E-4
3678,2.596332932720852E-4,2.593669309584984E-4
3679,2.595277421326889E-4,2.5926159541894434E-4
3680,2.5942227487744447E-4,2.5915634350576395E-4
3681,2.593168914074622E-4,2.5905117512047807E-4
3682,2.592115916240072E-4,2.589460901647569E-4
3683,2.59106375428505E-4,2.5884108854043E-4
3684,2.5900124272252586E-4,2.587361701494742E-4
3685,2.5889619340779894E-4,2.586313348940205E-4
3686,2.587912273862031E-4,2.585265826763543E-4
3687,2.5868634455977757E-4,2.584219133989128E-4
3688,2.5858154483070217E-4,2.583173269642807E-4
3689,2.5847682810131956E-4,2.5821282327519917E-4
3690,2.5837219427411723E-4,2.5810840223455686E-4
3691,2.5826764325173965E-4,2.5800406374539903E-4
3692,2.581631749369802E-4,2.578998077109171E-4
3693,2.58058789232784E-4,2.577956340344506E-4
3694,2.5795448604224423E-4,2.5769154261949436E-4
3695,2.578502652686108E-4,2.575875333696869E-4
3696,2.5774612681527757E-4,2.5748360618882453E-4
3697,2.576420705857898E-4,2.573797609808461E-4
3698,2.5753809648384676E-4,2.572759976498409E-4
3699,2.5743420441328856E-4,2.5717231610004486E-4
3700,2.573303942781134E-4,2.5706871623584933E-4
3701,2.5722666598245993E-4,2.5696519796178515E-4
3702,2.571230194306266E-4,2.568617611825349E-4
3703,2.570194545270458E-4,2.5675840580292934E-4
3704,2.569159711763107E-4,2.5665513172794556E-4
3705,2.5681256928315353E-4,2.5655193886270675E-4
3706,2.567092487524582E-4,2.5644882711248185E-4
3707,2.5660600948925144E-4,2.563457963826882E-4
3708,2.5650285139871453E-4,2.562428465788877E-4
3709,2.563997743861635E-4,2.5613997760679083E-4
3710,2.562967783570747E-4,2.560371893722499E-4
3711,2.561938632170593E-4,2.5593448178126444E-4
3712,2.560910288718802E-4,2.558318547399776E-4
3713,2.559882752274403E-4,2.557293081546774E-4
3714,2.5588560218979154E-4,2.556268419317993E-4
3715,2.557830096651311E-4,2.555244559779168E-4
3716,2.5568049755980075E-4,2.554221501997525E-4
3717,2.5557806578028103E-4,2.553199245041712E-4
3718,2.554757142332039E-4,2.552177787981783E-4
3719,2.5537344282534105E-4,2.5511571298892516E-4
3720,2.55271251463607E-4,2.550137269837072E-4
3721,2.5516914005506425E-4,2.549118206899581E-4
3722,2.550671085069128E-4,2.548099940152574E-4
3723,2.549651567264967E-4,2.5470824686732E-4
3724,2.5486328462130296E-4,2.54606579154012E-4
3725,2.547614920989611E-4,2.545049907833346E-4
3726,2.546597790672409E-4,2.544034816634327E-4
3727,2.5455814543405726E-4,2.5430205170258875E-4
3728,2.544565911074615E-4,2.542007008092292E-4
3729,2.543551159956461E-4,2.540994288919182E-4
3730,2.5425372000695E-4,2.5399823585936087E-4
3731,2.54152403049848E-4,2.5389712162040456E-4
3732,2.5405116503295425E-4,2.537960860840325E-4
3733,2.5395000586502794E-4,2.5369512915936844E-4
3734,2.538489254549617E-4,2.5359425075567366E-4
3735,2.537479237117903E-4,2.5349345078235164E-4
3736,2.536470005446881E-4,2.53392729148941E-4
3737,2.53546155862968E-4,2.5329208576511995E-4
3738,2.534453895760821E-4,2.5319152054070526E-4
3739,2.5334470159362013E-4,2.5309103338564786E-4
3740,2.532440918253088E-4,2.5299062421004235E-4
3741,2.5314356018101366E-4,2.5289029292411305E-4
3742,2.5304310657073926E-4,2.5279003943822663E-4
3743,2.529427309046249E-4,2.5268986366288324E-4
3744,2.52842433092949E-4,2.5258976550872233E-4
3745,2.5274221304612325E-4,2.5248974488651743E-4
3746,2.5264207067470163E-4,2.5238980170717656E-4
3747,2.525420058893692E-4,2.5228993588174807E-4
3748,2.524420186009473E-4,2.5219014732140546E-4
3749,2.5234210872039837E-4,2.5209043593747124E-4
3750,2.522422761588135E-4,2.519908016413929E-4
3751,2.521425208274225E-4,2.518912443447536E-4
3752,2.520428426375901E-4,2.5179176395927596E-4
3753,2.51943241500815E-4,2.516923603968091E-4
3754,2.51843717328731E-4,2.515930335693441E-4
3755,2.5174427003310556E-4,2.514937833889972E-4
3756,2.5164489952583856E-4,2.513946097680243E-4
3757,2.515456057189673E-4,2.5129551261881145E-4
3758,2.514463885246602E-4,2.5119649185387834E-4
3759,2.5134724785521727E-4,2.510975473858763E-4
3760,2.512481836230759E-4,2.5099867912758874E-4
3761,2.5114919574080095E-4,2.508998869919338E-4
3762,2.510502841210924E-4,2.508011708919587E-4
3763,2.5095144867678563E-4,2.507025307408419E-4
3764,2.5085268932084116E-4,2.5060396645189547E-4
3765,2.507540059663543E-4,2.505054779385596E-4
3766,2.506553985265551E-4,2.5040706511440835E-4
3767,2.5055686691479833E-4,2.5030872789314347E-4
3768,2.5045841104457723E-4,2.502104661885981E-4
3769,2.5036003082950695E-4,2.5011227991473867E-4
3770,2.5026172618334186E-4,2.5001416898565404E-4
3771,2.50163497019962E-4,2.499161333155695E-4
3772,2.50065343253375E-4,2.4981817281883516E-4
3773,2.4996726479772224E-4,2.497202874099342E-4
3774,2.4986926156727484E-4,2.49622477003476E-4
3775,2.49771333476431E-4,2.495247415141987E-4
3776,2.4967348043971883E-4,2.494270808569693E-4
3777,2.4957570237179444E-4,2.4932949494678366E-4
3778,2.49477999187442E-4,2.492319836987628E-4
3779,2.4938037080157597E-4,2.4913454702815767E-4
3780,2.4928281712923887E-4,2.4903718485034425E-4
3781,2.491853380855985E-4,2.489398970808316E-4
3782,2.490879335859521E-4,2.488426836352503E-4
3783,2.4899060354572245E-4,2.487455444293567E-4
3784,2.4889334788046394E-4,2.4864847937903795E-4
3785,2.487961665058507E-4,2.4855148840030556E-4
3786,2.486990593376898E-4,2.484545714092934E-4
3787,2.486020262919097E-4,2.483577283222662E-4
3788,2.485050672845681E-4,2.482609590556144E-4
3789,2.4840818223185134E-4,2.48164263525849E-4
3790,2.483113710500632E-4,2.4806764164960924E-4
3791,2.4821463365564317E-4,2.479710933436585E-4
3792,2.4811796996514364E-4,2.4787461852488656E-4
3793,2.480213798952531E-4,2.4777821711030287E-4
3794,2.479248633627775E-4,2.476818890170447E-4
3795,2.478284202846547E-4,2.475856341623739E-4
3796,2.477320505779373E-4,2.474894524636727E-4
3797,2.476357541598095E-4,2.473933438384503E-4
3798,2.4753953094757764E-4,2.4729730820433364E-4
3799,2.4744338085866814E-4,2.4720134547908084E-4
3800,2.473473038106355E-4,2.471054555805653E-4
3801,2.472512997211514E-4,2.4700963842678753E-4
3802,2.471553685080182E-4,2.469138939358656E-4
3803,2.4705951008915553E-4,2.4681822202604446E-4
3804,2.469637243826053E-4,2.4672262261568714E-4
3805,2.46868011306533E-4,2.4662709562328107E-4
3806,2.467723707792286E-4,2.4653164096743833E-4
3807,2.4667680271909875E-4,2.464362585668808E-4
3808,2.46581307044676E-4,2.4634094834046264E-4
3809,2.4648588367461174E-4,2.462457102071516E-4
3810,2.463905325276765E-4,2.461505440860425E-4
3811,2.462952535227691E-4,2.4605544989634193E-4
3812,2.462000465789001E-4,2.459604275573834E-4
3813,2.4610491161520317E-4,2.458654769886174E-4
3814,2.4600984855093725E-4,2.4577059810961595E-4
3815,2.459148573054758E-4,2.456757908400686E-4
3816,2.458199377983136E-4,2.4558105509978306E-4
3817,2.457250899490639E-4,2.454863908086879E-4
3818,2.4563031367746095E-4,2.4539179788682917E-4
3819,2.455356089033574E-4,2.4529727625437285E-4
3820,2.454409755467253E-4,2.4520282583160436E-4
3821,2.453464135276527E-4,2.4510844653892174E-4
3822,2.452519227663499E-4,2.45014138296847E-4
3823,2.451575031831438E-4,2.4491990102601694E-4
3824,2.450631546984769E-4,2.448257346471826E-4
3825,2.4496887723291476E-4,2.447316390812174E-4
3826,2.4487467070713156E-4,2.446376142491107E-4
3827,2.447805350419305E-4,2.44543660071968E-4
3828,2.446864701582238E-4,2.4444977647100944E-4
3829,2.4459247597704057E-4,2.4435596336757183E-4
3830,2.4449855241953E-4,2.4426222068311303E-4
3831,2.444046994069589E-4,2.441685483392016E-4
3832,2.443109168607042E-4,2.4407494625752247E-4
3833,2.44217204702265E-4,2.4398141435987705E-4
3834,2.441235628532523E-4,2.4388795256818005E-4
3835,2.4402999123539424E-4,2.4379456080446794E-4
3836,2.4393648977053467E-4,2.4370123899088134E-4
3837,2.4384305838063154E-4,2.436079870496867E-4
3838,2.4374969698776075E-4,2.4351480490325262E-4
3839,2.4365640551410615E-4,2.434216924740746E-4
3840,2.4356318388197426E-4,2.433286496847535E-4
3841,2.4347003201378108E-4,2.432356764580054E-4
3842,2.433769498320568E-4,2.4314277271666256E-4
3843,2.432839372594501E-4,2.4304993838367324E-4
3844,2.4319099421871637E-4,2.4295717338208714E-4
3845,2.430981206327282E-4,2.4286447763507962E-4
3846,2.430053164244727E-4,2.4277185106593406E-4
3847,2.4291258151704933E-4,2.4267929359804349E-4
3848,2.4281991583367075E-4,2.425868051549174E-4
3849,2.4272731929765785E-4,2.4249438566017572E-4
3850,2.426347918324498E-4,2.4240203503754992E-4
3851,2.4254233336159484E-4,2.4230975321088457E-4
3852,2.4244994380875413E-4,2.422175401041344E-4
3853,2.4235762309770127E-4,2.4212539564136571E-4
3854,2.4226537115232307E-4,2.4203331974675843E-4
3855,2.4217318789661115E-4,2.4194131234459788E-4
3856,2.420810732546751E-4,2.4184937335928637E-4
3857,2.4198902715073553E-4,2.417575027153306E-4
3858,2.4189704950911833E-4,2.4166570033735287E-4
3859,2.418051402542664E-4,2.4157396615008433E-4
3860,2.41713299310726E-4,2.414823000783605E-4
3861,2.4162152660316239E-4,2.4139070204713822E-4
3862,2.415298220563449E-4,2.4129917198147097E-4
3863,2.4143818559515224E-4,2.4120770980653303E-4
3864,2.413466171445751E-4,2.4111631544759536E-4
3865,2.412551166297128E-4,2.4102498883004825E-4
3866,2.411636839757764E-4,2.4093372987938635E-4
3867,2.4107231910808216E-4,2.408425385212163E-4
3868,2.4098102195205733E-4,2.4075141468124747E-4
3869,2.4088979243323702E-4,2.406603582853008E-4
3870,2.4079863047726325E-4,2.4056936925930672E-4
3871,2.407075360098909E-4,2.4047844752929625E-4
3872,2.4061650895697794E-4,2.4038759302141756E-4
3873,2.405255492444958E-4,2.4029680566192048E-4
3874,2.404346567985156E-4,2.4020608537716315E-4
3875,2.403438315452223E-4,2.4011543209360986E-4
3876,2.4025307341090835E-4,2.4002484573783039E-4
3877,2.4016238232196972E-4,2.3993432623650943E-4
3878,2.4007175820490908E-4,2.3984387351642448E-4
3879,2.399812009863387E-4,2.3975348750447154E-4
3880,2.3989071059297547E-4,2.3966316812764455E-4
3881,2.398002869516457E-4,2.3957291531304865E-4
3882,2.3970992998927816E-4,2.3948272898789117E-4
3883,2.3961963963290748E-4,2.393926090794853E-4
3884,2.3952941580967666E-4,2.393025555152503E-4
3885,2.3943925844683396E-4,2.3921256822271008E-4
3886,2.3934916747172773E-4,2.39122647129495E-4
3887,2.3925914281182117E-4,2.3903279216333647E-4
3888,2.391691843946735E-4,2.389430032520718E-4
3889,2.3907929214795186E-4,2.3885328032364746E-4
3890,2.3898946599943178E-4,2.3876362330610667E-4
3891,2.3889970587698739E-4,2.3867403212760025E-4
3892,2.388100117086001E-4,2.385845067163828E-4
3893,2.3872038342235305E-4,2.3849504700081294E-4
3894,2.3863082094643687E-4,2.384056529093491E-4
3895,2.3854132420914333E-4,2.3831632437055545E-4
3896,2.3845189313886854E-4,2.3822706131310307E-4
3897,2.383625276641097E-4,2.3813786366575727E-4
3898,2.3827322771347142E-4,2.3804873135739309E-4
3899,2.3818399321565693E-4,2.379596643169843E-4
3900,2.3809482409947467E-4,2.3787066247360912E-4
3901,2.3800572029383714E-4,2.37781725756447E-4
3902,2.3791668172775489E-4,2.376928540947762E-4
3903,2.378277083303416E-4,2.3760404741798472E-4
3904,2.3773880003081805E-4,2.375153056555536E-4
3905,2.37649956758499E-4,2.3742662873706878E-4
3906,2.3756117844280953E-4,2.3733801659221742E-4
3907,2.3747246501326657E-4,2.3724946915078794E-4
3908,2.373838163994972E-4,2.3716098634266736E-4
3909,2.3729523253122106E-4,2.3707256809784783E-4
3910,2.372067133382684E-4,2.3698421434641584E-4
3911,2.37118258750561E-4,2.3689592501856282E-4
3912,2.3702986869812855E-4,2.3680770004457907E-4
3913,2.369415431110962E-4,2.3671953935485403E-4
3914,2.3685328191969194E-4,2.366314428798792E-4
3915,2.3676508505424037E-4,2.365434105502405E-4
3916,2.3667695244517173E-4,2.364554422966294E-4
3917,2.365888840230096E-4,2.363675380498304E-4
3918,2.3650087971838093E-4,2.3627969774073305E-4
3919,2.3641293946201195E-4,2.3619192130032137E-4
3920,2.3632506318472724E-4,2.361042086596808E-4
3921,2.362372508174475E-4,2.360165597499945E-4
3922,2.3614950229119776E-4,2.3592897450254097E-4
3923,2.3606181753709816E-4,2.358414528487036E-4
3924,2.3597419648636728E-4,2.3575399471995387E-4
3925,2.3588663907032242E-4,2.3566660004787252E-4
3926,2.3579914522037985E-4,2.3557926876412774E-4
3927,2.3571171486805182E-4,2.3549200080049204E-4
3928,2.3562434794495072E-4,2.3540479608883042E-4
3929,2.3553704438278506E-4,2.3531765456110968E-4
3930,2.3544980411335982E-4,2.3523057614938968E-4
3931,2.353626270685797E-4,2.3514356078582999E-4
3932,2.3527551318044338E-4,2.3505660840268295E-4
3933,2.351884623810499E-4,2.3496971893229945E-4
3934,2.3510147460259264E-4,2.3488289230712883E-4
3935,2.35014549777361E-4,2.347961284597128E-4
3936,2.349276878377409E-4,2.3470942732269163E-4
3937,2.3484088871621758E-4,2.3462278882879816E-4
3938,2.3475415234536847E-4,2.345362129108657E-4
3939,2.346674786578697E-4,2.344496995018198E-4
3940,2.3458086758648992E-4,2.3436324853467994E-4
3941,2.3449431906409624E-4,2.3427685994256145E-4
3942,2.3440783302364993E-4,2.3419053365867813E-4
3943,2.343214093982072E-4,2.3410426961633377E-4
3944,2.3423504812091763E-4,2.3401806774893055E-4
3945,2.3414874912503126E-4,2.339319279899609E-4
3946,2.3406251234388511E-4,2.3384585027301524E-4
3947,2.3397633771091728E-4,2.337598345317745E-4
3948,2.3389022515965508E-4,2.3367388070001947E-4
3949,2.3380417462372542E-4,2.3358798871161572E-4
3950,2.337181860368451E-4,2.3350215850053173E-4
3951,2.336322593328246E-4,2.3341639000082137E-4
3952,2.3354639444556888E-4,2.333306831466369E-4
3953,2.3346059130907856E-4,2.3324503787222373E-4
3954,2.3337484985744508E-4,2.3315945411191645E-4
3955,2.3328917002485283E-4,2.330739318001436E-4
3956,2.3320355174558192E-4,2.3298847087143126E-4
3957,2.3311799495400186E-4,2.3290307126038848E-4
3958,2.3303249958457912E-4,2.3281773290172693E-4
3959,2.329470655718668E-4,2.327324557302435E-4
3960,2.32861692850516E-4,2.326472396808246E-4
3961,2.3277638135526626E-4,2.3256208468845974E-4
3962,2.3269113102095208E-4,2.3247699068821746E-4
3963,2.3260594178249562E-4,2.3239195761526582E-4
3964,2.325208135749175E-4,2.3230698540486079E-4
3965,2.324357463333218E-4,2.3222207399235258E-4
3966,2.3235073999291057E-4,2.3213722331317637E-4
3967,2.3226579448897336E-4,2.320524333028642E-4
3968,2.321809097568913E-4,2.319677038970338E-4
3969,2.3209608573213864E-4,2.318830350313983E-4
3970,2.3201132235027794E-4,2.317984266417582E-4
3971,2.3192661954696544E-4,2.3171387866400411E-4
3972,2.3184197725794128E-4,2.3162939103411832E-4
3973,2.3175739541904362E-4,2.3154496368817123E-4
3974,2.316728739661951E-4,2.3146059656232315E-4
3975,2.315884128354111E-4,2.3137628959282505E-4
3976,2.315040119627992E-4,2.3129204271601686E-4
3977,2.3141967128454663E-4,2.3120785586832623E-4
3978,2.3133539073694483E-4,2.3112372898627262E-4
3979,2.3125117025636193E-4,2.310396620064635E-4
3980,2.311670097792606E-4,2.3095565486559188E-4
3981,2.3108290924219463E-4,2.3087170750044498E-4
3982,2.3099886858180105E-4,2.307878198478941E-4
3983,2.3091488773481107E-4,2.3070399184490137E-4
3984,2.3083096663804075E-4,2.3062022342851447E-4
3985,2.3074710522839653E-4,2.3053651453586917E-4
3986,2.3066330344287183E-4,2.3045286510419642E-4
3987,2.305795612185499E-4,2.3036927507080304E-4
3988,2.3049587849259832E-4,2.302857443730896E-4
3989,2.3041225520227637E-4,2.3020227294854673E-4
3990,2.30328691284931E-4,2.301188607347502E-4
3991,2.3024518667799266E-4,2.3003550766935785E-4
3992,2.301617413189826E-4,2.2995221369011986E-4
3993,2.3007835514550783E-4,2.2986897873487506E-4
3994,2.2999502809526386E-4,2.2978580274154222E-4
3995,2.2991176010603097E-4,2.297026856481307E-4
3996,2.2982855111567844E-4,2.29619627392735E-4
3997,2.2974540106216067E-4,2.2953662791353927E-4
3998,2.296623098835161E-4,2.294536871488085E-4
3999,2.2957927751787477E-4,2.2937080503689474E-4
4000,2.294963039034497E-4,2.292879815162401E-4
4001,2.294133889785411E-4,2.2920521652536644E-4
4002,2.2933053268153192E-4,2.2912251000288493E-4
4003,2.2924773495089587E-4,2.2903986188749123E-4
4004,2.2916499572518776E-4,2.2895727211796383E-4
4005,2.290823149430479E-4,2.2887474063316957E-4
4006,2.289996925432079E-4,2.287922673720581E-4
4007,2.289171284644746E-4,2.287098522736623E-4
4008,2.288346226457496E-4,2.286274952771061E-4
4009,2.2875217502601113E-4,2.2854519632158998E-4
4010,2.2866978554432843E-4,2.2846295534640314E-4
4011,2.2858745413985234E-4,2.2838077229091688E-4
4012,2.285051807518163E-4,2.2829864709458897E-4
4013,2.2842296531954217E-4,2.2821657969695792E-4
4014,2.2834080778243206E-4,2.28134570037647E-4
4015,2.282587080799746E-4,2.280526180563664E-4
4016,2.2817666615174094E-4,2.2797072369290197E-4
4017,2.2809468193738474E-4,2.2788888688713205E-4
4018,2.2801275537664563E-4,2.2780710757901144E-4
4019,2.2793088640934593E-4,2.2772538570858017E-4
4020,2.2784907497539101E-4,2.2764372121596065E-4
4021,2.2776732101476653E-4,2.2756211404135907E-4
4022,2.2768562446754661E-4,2.2748056412506343E-4
4023,2.2760398527388298E-4,2.2739907140744515E-4
4024,2.2752240337401208E-4,2.273176358289548E-4
4025,2.2744087870825373E-4,2.2723625733012739E-4
4026,2.2735941121701086E-4,2.2715493585158042E-4
4027,2.272780008407618E-4,2.2707367133401163E-4
4028,2.2719664752007633E-4,2.2699246371820177E-4
4029,2.2711535119560082E-4,2.2691131294501365E-4
4030,2.2703411180806485E-4,2.2683021895538908E-4
4031,2.2695292929827838E-4,2.2674918169035134E-4
4032,2.2687180360713468E-4,2.2666820109101024E-4
4033,2.2679073467560772E-4,2.2658727709854668E-4
4034,2.2670972244474862E-4,2.265064096542322E-4
4035,2.2662876685569801E-4,2.264255986994129E-4
4036,2.2654786784967286E-4,2.2634484417551794E-4
4037,2.264670253679666E-4,2.2626414602405716E-4
4038,2.26386239351961E-4,2.261835041866202E-4
4039,2.2630550974311628E-4,2.2610291860487625E-4
4040,2.2622483648296896E-4,2.2602238922057462E-4
4041,2.261442195131395E-4,2.2594191597554564E-4
4042,2.2606365877532968E-4,2.2586149881169773E-4
4043,2.2598315421131513E-4,2.257811376710204E-4
4044,2.2590270576295857E-4,2.2570083249558173E-4
4045,2.258223133721987E-4,2.2562058322752907E-4
4046,2.2574197698105417E-4,2.2554038980909062E-4
4047,2.2566169653162314E-4,2.254602521825723E-4
4048,2.2558147196608254E-4,2.2538017029035833E-4
4049,2.2550130322669014E-4,2.2530014407491357E-4
4050,2.2542119025578344E-4,2.252201734787783E-4
4051,2.2534113299577268E-4,2.2514025844457415E-4
4052,2.2526113138915412E-4,2.2506039891500356E-4
4053,2.2518118537850023E-4,2.249805948328399E-4
4054,2.251012949064593E-4,2.2490084614094224E-4
4055,2.2502145991576354E-4,2.2482115278224432E-4
4056,2.2494168034921787E-4,2.2474151469975743E-4
4057,2.248619561497076E-4,2.2466193183656827E-4
4058,2.2478228726019757E-4,2.2458240413584732E-4
4059,2.2470267362372512E-4,2.2450293154083586E-4
4060,2.2462311518341274E-4,2.2442351399486218E-4
4061,2.2454361188245457E-4,2.2434415144131675E-4
4062,2.2446416366412718E-4,2.2426484382368257E-4
4063,2.2438477047177915E-4,2.2418559108551016E-4
4064,2.243054322488374E-4,2.2410639317043017E-4
4065,2.2422614893881194E-4,2.2402725002215008E-4
4066,2.2414692048527965E-4,2.2394816158445013E-4
4067,2.240677468319022E-4,2.238691278011928E-4
4068,2.2398862792241542E-4,2.2379014861631264E-4
4069,2.2390956370063213E-4,2.2371122397382503E-4
4070,2.238305541104387E-4,2.236323538178128E-4
4071,2.237515990957989E-4,2.2355353809244477E-4
4072,2.2367269860075787E-4,2.23474776741959E-4
4073,2.2359385256943035E-4,2.2339606971067E-4
4074,2.235150609460088E-4,2.2331741694297185E-4
4075,2.2343632367476094E-4,2.23238818383329E-4
4076,2.2335764070003348E-4,2.231602739762841E-4
4077,2.232790119662439E-4,2.2308178366645413E-4
4078,2.2320043741788767E-4,2.2300334739852975E-4
4079,2.231219169995354E-4,2.2292496511727987E-4
4080,2.2304345065583315E-4,2.228466367675458E-4
4081,2.2296503833149847E-4,2.2276836229424233E-4
4082,2.2288667997132934E-4,2.2269014164236166E-4
4083,2.2280837552019611E-4,2.2261197475696907E-4
4084,2.2273012492304029E-4,2.2253386158320465E-4
4085,2.22651928124884E-4,2.224558020662784E-4
4086,2.2257378507081825E-4,2.2237779615148426E-4
4087,2.2249569570601273E-4,2.2229984378417778E-4
4088,2.2241765997570718E-4,2.2222194490979818E-4
4089,2.2233967782522035E-4,2.2214409947385585E-4
4090,2.2226174919993768E-4,2.2206630742192937E-4
4091,2.2218387404532568E-4,2.219885686996778E-4
4092,2.221060523069182E-4,2.219108832528268E-4
4093,2.220282839303293E-4,2.2183325102718252E-4
4094,2.2195056886123928E-4,2.2175567196861857E-4
4095,2.2187290704540793E-4,2.216781460230832E-4
4096,2.2179529842866232E-4,2.216006731365998E-4
4097,2.2171774295690915E-4,2.2152325325525897E-4
4098,2.2164024057612244E-4,2.2144588632522918E-4
4099,2.215627912323509E-4,2.213685722927484E-4
4100,2.214853948717157E-4,2.212913111041266E-4
4101,2.214080514404095E-4,2.2121410270575163E-4
4102,2.2133076088470021E-4,2.2113694704407245E-4
4103,2.2125352315092815E-4,2.21059844065622E-4
4104,2.2117633818550077E-4,2.2098279371699775E-4
4105,2.210992059349012E-4,2.209057959448666E-4
4106,2.210221263456851E-4,2.208288506959772E-4
4107,2.2094509936447775E-4,2.2075195791713994E-4
4108,2.2086812493797762E-4,2.2067511755524037E-4
4109,2.2079120301295402E-4,2.2059832955723395E-4
4110,2.2071433353624897E-4,2.2052159387015214E-4
4111,2.2063751645477232E-4,2.204449104410885E-4
4112,2.205607517155103E-4,2.203682792172152E-4
4113,2.2048403926551614E-4,2.202917001457704E-4
4114,2.2040737905191333E-4,2.2021517317406814E-4
4115,2.2033077102190138E-4,2.2013869824948673E-4
4116,2.2025421512274454E-4,2.2006227531947954E-4
4117,2.2017771130178223E-4,2.1998590433156768E-4
4118,2.2010125950642237E-4,2.1990958523334395E-4
4119,2.2002485968414403E-4,2.1983331797247014E-4
4120,2.1994851178249185E-4,2.1975710249667792E-4
4121,2.198722157490891E-4,2.1968093875377186E-4
4122,2.1979597153162157E-4,2.1960482669161933E-4
4123,2.1971977907784998E-4,2.195287662581633E-4
4124,2.1964363833560047E-4,2.1945275740141603E-4
4125,2.19567549252774E-4,2.193768000694546E-4
4126,2.194915117773357E-4,2.193008942104307E-4
4127,2.1941552585732273E-4,2.192250397725623E-4
4128,2.1933959144084208E-4,2.1914923670413603E-4
4129,2.1926370847607008E-4,2.190734849535091E-4
4130,2.191878769112505E-4,2.1899778446910485E-4
4131,2.19112096694699E-4,2.189221351994194E-4
4132,2.1903636777479394E-4,2.1884653709301386E-4
4133,2.1896069009998888E-4,2.187709900985187E-4
4134,2.188850636188052E-4,2.1869549416463367E-4
4135,2.188094882798285E-4,2.186200492401244E-4
4136,2.187339640317153E-4,2.185446552738285E-4
4137,2.18658490823193E-4,2.1846931221464742E-4
4138,2.185830686030515E-4,2.1839402001155238E-4
4139,2.1850769732015466E-4,2.183187786135842E-4
4140,2.1843237692343199E-4,2.1824358796984774E-4
4141,2.1835710736187614E-4,2.181684480295163E-4
4142,2.1828188858455906E-4,2.180933587418339E-4
4143,2.1820672054060768E-4,2.1801832005610892E-4
4144,2.181316031792222E-4,2.1794333192171668E-4
4145,2.1805653644967204E-4,2.1786839428809972E-4
4146,2.1798152030128915E-4,2.1779350710476945E-4
4147,2.179065546834762E-4,2.1771867032130215E-4
4148,2.1783163954570387E-4,2.1764388388734185E-4
4149,2.1775677483750473E-4,2.175691477525994E-4
4150,2.1768196050848276E-4,2.174944618668514E-4
4151,2.17607196508306E-4,2.1741982617994087E-4
4152,2.1753248278671262E-4,2.173452406417775E-4
4153,2.1745781929350172E-4,2.1727070520233667E-4
4154,2.173832059785455E-4,2.1719621981166292E-4
4155,2.1730864279177647E-4,2.1712178441986318E-4
4156,2.172341296831968E-4,2.170473989771111E-4
4157,2.1715966660287302E-4,2.1697306343364562E-4
4158,2.170852535009395E-4,2.168987777397707E-4
4159,2.1701089032759267E-4,2.168245418458614E-4
4160,2.1693657703309834E-4,2.167503557023519E-4
4161,2.168623135677899E-4,2.1667621925974373E-4
4162,2.1678809988205872E-4,2.1660213246860212E-4
4163,2.1671393592636852E-4,2.165280952795642E-4
4164,2.1663982165124747E-4,2.1645410764332154E-4
4165,2.1656575700728444E-4,2.1638016951064157E-4
4166,2.1649174194513583E-4,2.163062808323462E-4
4167,2.164177764155279E-4,2.1623244155932842E-4
4168,2.1634386036924368E-4,2.161586516425464E-4
4169,2.1626999375713477E-4,2.160849110330207E-4
4170,2.1619617653012108E-4,2.160112196818316E-4
4171,2.1612240863917818E-4,2.1593757754013491E-4
4172,2.1604869003535485E-4,2.1586398455914106E-4
4173,2.1597502066976132E-4,2.1579044069012688E-4
4174,2.1590140049356909E-4,2.1571694588443552E-4
4175,2.158278294580169E-4,2.1564350009347147E-4
4176,2.157543075144066E-4,2.1557010326870522E-4
4177,2.1568083461410439E-4,2.154967553616671E-4
4178,2.1560741070854138E-4,2.1542345632395658E-4
4179,2.1553403574920974E-4,2.1535020610723057E-4
4180,2.1546070968766448E-4,2.1527700466321566E-4
4181,2.1538743247553102E-4,2.1520385194369405E-4
4182,2.1531420406449003E-4,2.1513074790051976E-4
4183,2.1524102440629168E-4,2.1505769248560228E-4
4184,2.1516789345274253E-4,2.1498468565091743E-4
4185,2.1509481115572E-4,2.1491172734850527E-4
4186,2.1502177746715877E-4,2.1483881753046714E-4
4187,2.1494879233905726E-4,2.1476595614896326E-4
4188,2.1487585572348258E-4,2.1469314315622365E-4
4189,2.1480296757255693E-4,2.1462037850453693E-4
4190,2.147301278384656E-4,2.145476621462515E-4
4191,2.1465733647346204E-4,2.1447499403378053E-4
4192,2.145845934298578E-4,2.1440237411960214E-4
4193,2.145118986600268E-4,2.143298023562526E-4
4194,2.144392521164085E-4,2.1425727869633034E-4
4195,2.143666537514995E-4,2.141848030924977E-4
4196,2.142941035178637E-4,2.1411237549747656E-4
4197,2.1422160136812019E-4,2.14039995864052E-4
4198,2.1414914725495672E-4,2.1396766414506763E-4
4199,2.14076741131118E-4,2.1389538029343582E-4
4200,2.1400438294941307E-4,2.1382314426211988E-4
4201,2.139320726627108E-4,2.1375095600415306E-4
4202,2.138598102239433E-4,2.1367881547262494E-4
4203,2.1378759558610212E-4,2.1360672262068923E-4
4204,2.137154287022394E-4,2.1353467740155703E-4
4205,2.1364330952547083E-4,2.134626797685014E-4
4206,2.135712380089709E-4,2.1339072967486026E-4
4207,2.134992141059775E-4,2.1331882707402623E-4
4208,2.1342723776978607E-4,2.132469719194552E-4
4209,2.1335530895375543E-4,2.131751641646654E-4
4210,2.1328342761130315E-4,2.131034037632292E-4
4211,2.1321159369590907E-4,2.1303169066878646E-4
4212,2.1313980716111214E-4,2.1296002483503477E-4
4213,2.1306806796051104E-4,2.128884062157264E-4
4214,2.1299637604776565E-4,2.1281683476468235E-4
4215,2.1292473137659717E-4,2.1274531043577965E-4
4216,2.128531339007851E-4,2.126738331829509E-4
4217,2.127815835741676E-4,2.1260240296019532E-4
4218,2.127100803506444E-4,2.1253101972156657E-4
4219,2.1263862418417775E-4,2.1245968342118197E-4
4220,2.1256721502878535E-4,2.123883940132137E-4
4221,2.124958528385429E-4,2.1231715145189807E-4
4222,2.1242453756759153E-4,2.122459556915242E-4
4223,2.1235326917012703E-4,2.1217480668644898E-4
4224,2.1228204760040718E-4,2.1210370439107807E-4
4225,2.122108728127433E-4,2.1203264875988484E-4
4226,2.1213974476151518E-4,2.1196163974739502E-4
4227,2.1206866340115401E-4,2.1189067730820172E-4
4228,2.119976286861529E-4,2.1181976139694514E-4
4229,2.1192664057106335E-4,2.1174889196833133E-4
4230,2.1185569901049404E-4,2.116780689771235E-4
4231,2.1178480395911482E-4,2.1160729237814255E-4
4232,2.1171395537165178E-4,2.1153656212626932E-4
4233,2.1164315320288809E-4,2.1146587817643972E-4
4234,2.1157239740767053E-4,2.113952404836506E-4
4235,2.115016879409019E-4,2.113246490029557E-4
4236,2.1143102475753927E-4,2.1125410368946464E-4
4237,2.1136040781260179E-4,2.1118360449834758E-4
4238,2.1128983706116385E-4,2.1111315138483148E-4
4239,2.11219312458361E-4,2.110427443042E-4
4240,2.1114883395938362E-4,2.1097238321179804E-4
4241,2.110784015194797E-4,2.1090206806302113E-4
4242,2.1100801509395934E-4,2.108317988133274E-4
4243,2.1093767463818312E-4,2.107615754182331E-4
4244,2.1086738010757522E-4,2.1069139783330497E-4
4245,2.107971314576113E-4,2.106212660141743E-4
4246,2.1072692864383083E-4,2.1055117991652377E-4
4247,2.1065677162182236E-4,2.1048113949609726E-4
4248,2.1058666034723983E-4,2.1041114470869346E-4
4249,2.1051659477578716E-4,2.103411955101633E-4
4250,2.1044657486323079E-4,2.1027129185642525E-4
4251,2.1037660056538908E-4,2.1020143370344385E-4
4252,2.1030667183814008E-4,2.1013162100724314E-4
4253,2.102367886374175E-4,2.1006185372390642E-4
4254,2.1016695091921023E-4,2.0999213180956857E-4
4255,2.1009715863956556E-4,2.0992245522042584E-4
4256,2.100274117545866E-4,2.0985282391272522E-4
4257,2.0995771022043136E-4,2.097832378427709E-4
4258,2.0988805399331338E-4,2.097136969669291E-4
4259,2.0981844302950822E-4,2.0964420124161152E-4
4260,2.0974887728533766E-4,2.09574750623293E-4
4261,2.0967935671718855E-4,2.0950534506850347E-4
4262,2.096098812814961E-4,2.0943598453382296E-4
4263,2.0954045093475696E-4,2.093666689758943E-4
4264,2.0947106563351818E-4,2.092973983514092E-4
4265,2.0940172533438892E-4,2.0922817261711992E-4
4266,2.093324299940246E-4,2.0915899172982855E-4
4267,2.0926317956914466E-4,2.090898556463991E-4
4268,2.0919397401651966E-4,2.090207643237421E-4
4269,2.0912481329297418E-4,2.0895171771883025E-4
4270,2.0905569735539173E-4,2.088827157886861E-4
4271,2.0898662616070752E-4,2.0881375849039185E-4
4272,2.0891759966591147E-4,2.0874484578108028E-4
4273,2.0884861782805172E-4,2.0867597761793877E-4
4274,2.0877968060422587E-4,2.0860715395821085E-4
4275,2.0871078795159018E-4,2.0853837475919444E-4
4276,2.0864193982735523E-4,2.0846963997824217E-4
4277,2.0857313618878468E-4,2.0840094957275763E-4
4278,2.08504376993197E-4,2.083323035002018E-4
4279,2.0843566219796354E-4,2.082637017180907E-4
4280,2.0836699176051142E-4,2.0819514418399032E-4
4281,2.0829836563832218E-4,2.0812663085552127E-4
4282,2.0822978378893077E-4,2.0805816169036076E-4
4283,2.0816124616992684E-4,2.0798973664623813E-4
4284,2.0809275273895054E-4,2.079213556809366E-4
4285,2.0802430345370066E-4,2.0785301875229196E-4
4286,2.079558982719267E-4,2.0778472581819382E-4
4287,2.0788753715143075E-4,2.0771647683658697E-4
4288,2.078192200500718E-4,2.076482717654666E-4
4289,2.0775094692575843E-4,2.0758011056288078E-4
4290,2.0768271773645707E-4,2.075119931869339E-4
4291,2.076145324401819E-4,2.0744391959578347E-4
4292,2.0754639099500527E-4,2.0737588974763645E-4
4293,2.0747829335904922E-4,2.0730790360075252E-4
4294,2.0741023949049088E-4,2.0723996111344947E-4
4295,2.073422293475582E-4,2.071720622440916E-4
4296,2.072742628885335E-4,2.0710420695109962E-4
4297,2.0720634007175204E-4,2.070363951929453E-4
4298,2.0713846085560194E-4,2.0696862692815506E-4
4299,2.070706251985228E-4,2.0690090211530337E-4
4300,2.070028330590056E-4,2.0683322071302212E-4
4301,2.0693508439559744E-4,2.0676558267998844E-4
4302,2.0686737916689204E-4,2.0669798797494002E-4
4303,2.0679971733154263E-4,2.0663043655665933E-4
4304,2.0673209884824732E-4,2.0656292838398463E-4
4305,2.0666452367576336E-4,2.0649546341580753E-4
4306,2.0659699177289374E-4,2.0642804161106562E-4
4307,2.0652950309849662E-4,2.0636066292875374E-4
4308,2.0646205761147947E-4,2.062933273279154E-4
4309,2.063946552708076E-4,2.0622603476764856E-4
4310,2.063272960354911E-4,2.0615878520709814E-4
4311,2.0625997986459444E-4,2.0609157860546363E-4
4312,2.0619270671723444E-4,2.0602441492199584E-4
4313,2.0612547655257993E-4,2.059572941159939E-4
4314,2.060582893298433E-4,2.0589021614681192E-4
4315,2.059911450082999E-4,2.058231809738545E-4
4316,2.0592404354727165E-4,2.0575618855657313E-4
4317,2.0585698490612836E-4,2.0568923885447613E-4
4318,2.0578996904429278E-4,2.056223318271183E-4
4319,2.0572299592123934E-4,2.0555546743410543E-4
4320,2.056560654964941E-4,2.0548864563509731E-4
4321,2.0558917772963407E-4,2.0542186638980035E-4
4322,2.05522332580283E-4,2.0535512965797365E-4
4323,2.054555300081188E-4,2.0528843539942778E-4
4324,2.0538876997287073E-4,2.0522178357401807E-4
4325,2.053220524343156E-4,2.0515517414165877E-4
4326,2.052553773522819E-4,2.0508860706230665E-4
4327,2.051887446866505E-4,2.0502208229597268E-4
4328,2.0512215439734855E-4,2.0495559980271698E-4
4329,2.0505560644435388E-4,2.0488915954264942E-4
4330,2.049891007877005E-4,2.0482276147593088E-4
4331,2.049226373874641E-4,2.0475640556276775E-4
4332,2.048562162037738E-4,2.0469009176342183E-4
4333,2.0478983719681202E-4,2.0462382003820303E-4
4334,2.0472350032680513E-4,2.0455759034746835E-4
4335,2.046572055540327E-4,2.0449140265162383E-4
4336,2.045909528388213E-4,2.0442525691112987E-4
4337,2.045247421415502E-4,2.0435915308649334E-4
4338,2.0445857342264598E-4,2.0429309113826862E-4
4339,2.043924466425866E-4,2.0422707102706194E-4
4340,2.0432636176189573E-4,2.0416109271352616E-4
4341,2.042603187411501E-4,2.0409515615836608E-4
4342,2.041943175409734E-4,2.0402926132233155E-4
4343,2.041283581220387E-4,2.0396340816622633E-4
4344,2.0406244044506936E-4,2.0389759665090216E-4
4345,2.0399656447083579E-4,2.0383182673725265E-4
4346,2.0393073016015877E-4,2.0376609838622744E-4
4347,2.0386493747390677E-4,2.0370041155882393E-4
4348,2.0379918637299687E-4,2.0363476621608373E-4
4349,2.0373347681839545E-4,2.0356916231910208E-4
4350,2.0366780877111842E-4,2.035035998290183E-4
4351,2.036021821922287E-4,2.0343807870702285E-4
4352,2.0353659704283762E-4,2.0337259891435382E-4
4353,2.0347105328410428E-4,2.0330716041229522E-4
4354,2.0340555087723812E-4,2.032417631621823E-4
4355,2.033400897834949E-4,2.031764071253956E-4
4356,2.0327466996417933E-4,2.0311109226336818E-4
4357,2.0320929138064372E-4,2.0304581853757345E-4
4358,2.031439539942891E-4,2.0298058590953667E-4
4359,2.0307865776656301E-4,2.0291539434083488E-4
4360,2.030134026589607E-4,2.0285024379308562E-4
4361,2.029481886330278E-4,2.0278513422795718E-4
4362,2.028830156503561E-4,2.027200656071635E-4
4363,2.0281788367258345E-4,2.0265503789247233E-4
4364,2.0275279266139624E-4,2.0259005104569062E-4
4365,2.0268774257853E-4,2.0252510502867418E-4
4366,2.026227333857631E-4,2.0246019980333198E-4
4367,2.0255776504492684E-4,2.0239533533161183E-4
4368,2.0249283751789688E-4,2.023305115755148E-4
4369,2.0242795076659705E-4,2.0226572849708574E-4
4370,2.0236310475299388E-4,2.0220098605841838E-4
4371,2.0229829943910877E-4,2.0213628422165097E-4
4372,2.0223353478700156E-4,2.0207162294896784E-4
4373,2.0216881075878839E-4,2.0200700220260678E-4
4374,2.0210412731662246E-4,2.0194242194484244E-4
4375,2.0203948442270957E-4,2.0187788213800367E-4
4376,2.0197488203930035E-4,2.0181338274446095E-4
4377,2.0191032012869284E-4,2.0174892372663535E-4
4378,2.0184579865323144E-4,2.016845050469898E-4
4379,2.0178131757530554E-4,2.0162012666803588E-4
4380,2.01716876857353E-4,2.0155578855233158E-4
4381,2.0165247646185576E-4,2.014914906624816E-4
4382,2.0158811635134538E-4,2.0142723296113314E-4
4383,2.015237964883953E-4,2.0136301541098155E-4
4384,2.014595168356268E-4,2.0129883797477115E-4
4385,2.0139527735570876E-4,2.0123470061528617E-4
4386,2.0133107801135385E-4,2.011706032953625E-4
4387,2.012669187653223E-4,2.0110654597787548E-4
4388,2.0120279958041757E-4,2.0104252862575224E-4
4389,2.0113872041949195E-4,2.0097855120196044E-4
4390,2.010746812454409E-4,2.009146136695169E-4
4391,2.0101068202120742E-4,2.008507159914802E-4
4392,2.0094672270977874E-4,2.0078685813095914E-4
4393,2.0088280327418615E-4,2.007230400511035E-4
4394,2.008189236775121E-4,2.0065926171510874E-4
4395,2.0075508388287477E-4,2.005955230862189E-4
4396,2.0069128385344793E-4,2.0053182412771848E-4
4397,2.006275235524427E-4,2.0046816480293774E-4
4398,2.0056380294312E-4,2.0040454507525539E-4
4399,2.0050012198878363E-4,2.0034096490809304E-4
4400,2.004364806527803E-4,2.0027742426491468E-4
4401,2.003728788985059E-4,2.0021392310923304E-4
4402,2.003093166893995E-4,2.0015046140460152E-4
4403,2.002457939889456E-4,2.0008703911462156E-4
4404,2.0018231076067005E-4,2.0002365620293793E-4
4405,2.0011886696814736E-4,1.999603126332393E-4
4406,2.0005546257499356E-4,1.9989700836925867E-4
4407,1.9999209754487213E-4,1.998337433747732E-4
4408,1.9992877184148963E-4,1.9977051761360497E-4
4409,1.998654854285929E-4,1.9970733104961988E-4
4410,1.9980223826998237E-4,1.996441836467285E-4
4411,1.9973903032949292E-4,1.9958107536888436E-4
4412,1.9967586157101022E-4,1.9951800618008537E-4
4413,1.996127319584586E-4,1.9945497604437543E-4
4414,1.9954964145581282E-4,1.9939198492583681E-4
4415,1.9948659002708708E-4,1.9932903278860174E-4
4416,1.9942357763633978E-4,1.99266119596843E-4
4417,1.99360604247674E-4,1.9920324531477713E-4
4418,1.9929766982523643E-4,1.9914040990666319E-4
4419,1.9923477433321914E-4,1.9907761333680867E-4
4420,1.9917191773585277E-4,1.9901485556955806E-4
4421,1.991090999974164E-4,1.989521365693036E-4
4422,1.990463210822332E-4,1.988894563004776E-4
4423,1.9898358095466352E-4,1.98826814727559E-4
4424,1.9892087957911852E-4,1.9876421181506837E-4
4425,1.988582169200485E-4,1.9870164752756734E-4
4426,1.9879559294194683E-4,1.9863912182966278E-4
4427,1.9873300760934857E-4,1.985766346860086E-4
4428,1.9867046088683946E-4,1.9851418606129092E-4
4429,1.9860795273903754E-4,1.984517759202479E-4
4430,1.985454831306149E-4,1.9838940422765958E-4
4431,1.9848305202627614E-4,1.9832707094834265E-4
4432,1.9842065939077634E-4,1.9826477604716446E-4
4433,1.983583051889069E-4,1.9820251948903008E-4
4434,1.98295989385509E-4,1.981403012388866E-4
4435,1.9823371194546043E-4,1.9807812126172692E-4
4436,1.9817147283368635E-4,1.9801597952258358E-4
4437,1.9810927201514963E-4,1.9795387598653215E-4
4438,1.9804710945485975E-4,1.9789181061868934E-4
4439,1.9798498511786403E-4,1.9782978338421964E-4
4440,1.9792289896925863E-4,1.9776779424832066E-4
4441,1.9786085097417682E-4,1.9770584317624012E-4
4442,1.9779884109779388E-4,1.97643930133263E-4
4443,1.977368693053301E-4,1.9758205508471855E-4
4444,1.976749355620462E-4,1.975202179959753E-4
4445,1.9761303983324564E-4,1.9745841883244777E-4
4446,1.975511820842713E-4,1.9739665755958918E-4
4447,1.9748936228051084E-4,1.9733493414289305E-4
4448,1.9742758038739552E-4,1.9727324854789874E-4
4449,1.9736583637039166E-4,1.9721160074018593E-4
4450,1.9730413019501455E-4,1.97149990685372E-4
4451,1.9724246182681554E-4,1.9708841834912205E-4
4452,1.971808312313896E-4,1.97026883697137E-4
4453,1.9711923837437693E-4,1.9696538669516057E-4
4454,1.9705768322145112E-4,1.9690392730898037E-4
4455,1.969961657383336E-4,1.9684250550442263E-4
4456,1.969346858907836E-4,1.9678112124735638E-4
4457,1.9687324364460527E-4,1.9671977450368846E-4
4458,1.9681183896563993E-4,1.9665846523937236E-4
4459,1.967504718197741E-4,1.96597193420396E-4
4460,1.9668914217293117E-4,1.965359590127936E-4
4461,1.9662784999107769E-4,1.964747619826368E-4
4462,1.9656659524022139E-4,1.9641360229604075E-4
4463,1.965053778864092E-4,1.963524799191565E-4
4464,1.9644419789573153E-4,1.9629139481818235E-4
4465,1.9638305523431675E-4,1.9623034695935216E-4
4466,1.9632194986833677E-4,1.9616933630894234E-4
4467,1.9626088176400135E-4,1.9610836283326995E-4
4468,1.9619985088756105E-4,1.960474264986924E-4
4469,1.9613885720531042E-4,1.9598652727160498E-4
4470,1.9607790068357965E-4,1.9592566511844774E-4
4471,1.9601698128874417E-4,1.9586484000569458E-4
4472,1.959560989872133E-4,1.9580405189986879E-4
4473,1.9589525374544384E-4,1.9574330076752567E-4
4474,1.9583444552992842E-4,1.9568258657526137E-4
4475,1.9577367430720062E-4,1.9562190928971927E-4
4476,1.9571294004383486E-4,1.9556126887757363E-4
4477,1.956522427064446E-4,1.955006653055413E-4
4478,1.955915822616829E-4,1.9544009854038385E-4
4479,1.9553095867624453E-4,1.953795685488944E-4
4480,1.9547037191686305E-4,1.953190752979137E-4
4481,1.9540982195031276E-4,1.9525861875431698E-4
4482,1.95349308743404E-4,1.9519819888502276E-4
4483,1.952888322629941E-4,1.951378156569839E-4
4484,1.9522839247596946E-4,1.950774690371961E-4
4485,1.951679893492686E-4,1.9501715899269422E-4
4486,1.9510762284985738E-4,1.949568854905549E-4
4487,1.9504729294474957E-4,1.9489664849788843E-4
4488,1.9498699960099485E-4,1.9483644798184928E-4
4489,1.949267427856827E-4,1.9477628390962803E-4
4490,1.9486652246594258E-4,1.9471615624845615E-4
4491,1.9480633860894273E-4,1.9465606496560242E-4
4492,1.9474619118188698E-4,1.9459601002837874E-4
4493,1.946860801520251E-4,1.9453599140412852E-4
4494,1.9462600548664417E-4,1.9447600906024223E-4
4495,1.9456596715306201E-4,1.9441606296414346E-4
4496,1.9450596511864677E-4,1.9435615308329552E-4
4497,1.9444599935079804E-4,1.9429627938520296E-4
4498,1.9438606981695843E-4,1.942364418374076E-4
4499,1.9432617648460816E-4,1.9417664040748895E-4
4500,1.9426631932126256E-4,1.9411687506306472E-4
4501,1.942064982944806E-4,1.9405714577179354E-4
4502,1.9414671337185594E-4,1.9399745250137253E-4
4503,1.9408696452102397E-4,1.9393779521953105E-4
4504,1.9402725170965764E-4,1.938781738940447E-4
4505,1.9396757490546608E-4,1.93818588492724E-4
4506,1.9390793407619828E-4,1.9375903898341627E-4
4507,1.9384832918964103E-4,1.936995253340094E-4
4508,1.937887602136229E-4,1.9364004751242615E-4
4509,1.9372922711600538E-4,1.9358060548663265E-4
4510,1.9366972986469122E-4,1.9352119922462735E-4
4511,1.9361026842762096E-4,1.9346182869445038E-4
4512,1.9355084277276964E-4,1.9340249386417822E-4
4513,1.9349145286815474E-4,1.9334319470192432E-4
4514,1.934320986818307E-4,1.9328393117584068E-4
4515,1.9337278018188896E-4,1.932247032541172E-4
4516,1.9331349733645747E-4,1.9316551090498344E-4
4517,1.93254250113706E-4,1.9310635409670326E-4
4518,1.9319503848183622E-4,1.9304723279757696E-4
4519,1.9313586240909231E-4,1.9298814697594859E-4
4520,1.9307672186375319E-4,1.929290966001934E-4
4521,1.930176168141376E-4,1.9287008163872626E-4
4522,1.9295854722859893E-4,1.928111020599986E-4
4523,1.9289951307553013E-4,1.9275215783249967E-4
4524,1.9284051432336157E-4,1.9269324892475664E-4
4525,1.9278155094055858E-4,1.9263437530533443E-4
4526,1.9272262289562472E-4,1.9257553694283194E-4
4527,1.9266373015710276E-4,1.925167338058878E-4
4528,1.9260487269356946E-4,1.924579658631762E-4
4529,1.9254605047364293E-4,1.9239923308340926E-4
4530,1.9248726346597275E-4,1.9234053543533362E-4
4531,1.9242851163925028E-4,1.92281872887739E-4
4532,1.9236979496220009E-4,1.922232454094422E-4
4533,1.9231111340358667E-4,1.9216465296930643E-4
4534,1.9225246693220873E-4,1.9210609553622357E-4
4535,1.921938555169043E-4,1.9204757307912852E-4
4536,1.9213527912654449E-4,1.9198908556698735E-4
4537,1.9207673773004167E-4,1.9193063296880672E-4
4538,1.9201823129634006E-4,1.9187221525362617E-4
4539,1.9195975979442403E-4,1.9181383239052555E-4
4540,1.9190132319331154E-4,1.9175548434861902E-4
4541,1.9184292146206077E-4,1.9169717109705572E-4
4542,1.9178455456976348E-4,1.9163889260502098E-4
4543,1.9172622248554553E-4,1.9158064884174135E-4
4544,1.9166792517857532E-4,1.9152243977647464E-4
4545,1.916096626180515E-4,1.91464265378514E-4
4546,1.9155143477321275E-4,1.9140612561719176E-4
4547,1.9149324161333117E-4,1.9134802046187504E-4
4548,1.914350831077157E-4,1.9128994988196565E-4
4549,1.913769592257136E-4,1.9123191384690268E-4
4550,1.913188699367042E-4,1.9117391232616144E-4
4551,1.9126081521010467E-4,1.911159452892517E-4
4552,1.9120279501536915E-4,1.9105801270571986E-4
4553,1.9114480932198408E-4,1.910001145451455E-4
4554,1.910868580994765E-4,1.909422507771483E-4
4555,1.910289413174057E-4,1.908844213713784E-4
4556,1.9097105894536596E-4,1.9082662629752735E-4
4557,1.9091321095299056E-4,1.9076886552531563E-4
4558,1.9085539730994458E-4,1.9071113902450467E-4
4559,1.9079761798593064E-4,1.9065344676488696E-4
4560,1.907398729506884E-4,1.905957887162934E-4
4561,1.9068216217398964E-4,1.9053816484858866E-4
4562,1.9062448562564204E-4,1.904805751316719E-4
4563,1.9056684327548956E-4,1.9042301953547862E-4
4564,1.9050923509341154E-4,1.903654980299785E-4
4565,1.9045166104932122E-4,1.903080105851801E-4
4566,1.9039412111316852E-4,1.9025055717111994E-4
4567,1.903366152549353E-4,1.9019313775787364E-4
4568,1.9027914344464544E-4,1.9013575231555262E-4
4569,1.902217056523485E-4,1.90078400814301E-4
4570,1.9016430184813526E-4,1.900210832242978E-4
4571,1.9010693200213028E-4,1.8996379951575836E-4
4572,1.900495960844918E-4,1.8990654965893235E-4
4573,1.8999229406541229E-4,1.898493336241013E-4
4574,1.8993502591511927E-4,1.8979215138158532E-4
4575,1.8987779160387937E-4,1.8973500290173597E-4
4576,1.898205911019855E-4,1.896778881549418E-4
4577,1.8976342437977236E-4,1.8962080711162161E-4
4578,1.897062914076051E-4,1.8956375974223496E-4
4579,1.8964919215588695E-4,1.8950674601727049E-4
4580,1.8959212659505045E-4,1.8944976590725305E-4
4581,1.8953509469556707E-4,1.8939281938274168E-4
4582,1.8947809642794005E-4,1.8933590641432787E-4
4583,1.894211317627061E-4,1.8927902697263882E-4
4584,1.893642006704394E-4,1.8922218102833846E-4
4585,1.8930730312174764E-4,1.8916536855211996E-4
4586,1.8925043908726852E-4,1.8910858951471315E-4
4587,1.8919360853767854E-4,1.8905184388688044E-4
4588,1.8913681144368664E-4,1.8899513163941865E-4
4589,1.8908004777603503E-4,1.889384527431594E-4
4590,1.8902331750550108E-4,1.8888180716896647E-4
4591,1.8896662060289196E-4,1.8882519488773908E-4
4592,1.8890995703905618E-4,1.8876861587040973E-4
4593,1.888533267848708E-4,1.8871207008794256E-4
4594,1.8879672981124594E-4,1.8865555751133742E-4
4595,1.8874016608912836E-4,1.8859907811162824E-4
4596,1.8868363558949643E-4,1.8854263185987796E-4
4597,1.8862713828336292E-4,1.8848621872718962E-4
4598,1.885706741417742E-4,1.8842983868469523E-4
4599,1.8851424313581034E-4,1.8837349170356115E-4
4600,1.8845784523658269E-4,1.883171777549874E-4
4601,1.8840148041523988E-4,1.882608968102058E-4
4602,1.8834514864295957E-4,1.8820464884048452E-4
4603,1.8828884989095576E-4,1.8814843381711959E-4
4604,1.8823258413047393E-4,1.8809225171144815E-4
4605,1.8817635133279467E-4,1.8803610249483222E-4
4606,1.881201514692294E-4,1.8797998613867095E-4
4607,1.8806398451112516E-4,1.8792390261439715E-4
4608,1.8800785042985898E-4,1.8786785189347252E-4
4609,1.8795174919684294E-4,1.8781183394739695E-4
4610,1.878956807835228E-4,1.877558487476993E-4
4611,1.878396451613751E-4,1.876998962659428E-4
4612,1.8778364230190997E-4,1.8764397647372345E-4
4613,1.8772767217667025E-4,1.8758808934266953E-4
4614,1.8767173475723377E-4,1.8753223484443951E-4
4615,1.876158300152079E-4,1.874764129507302E-4
4616,1.8755995792223563E-4,1.8742062363326595E-4
4617,1.875041184499861E-4,1.8736486686380668E-4
4618,1.8744831157017092E-4,1.8730914261414034E-4
4619,1.8739253725452595E-4,1.872534508560936E-4
4620,1.8733679547482506E-4,1.8719779156152044E-4
4621,1.872810862028709E-4,1.8714216470230884E-4
4622,1.8722540941049735E-4,1.8708657025037992E-4
4623,1.871697650695784E-4,1.8703100817768508E-4
4624,1.8711415315201123E-4,1.8697547845621053E-4
4625,1.8705857362972985E-4,1.869199810579729E-4
4626,1.8700302647469986E-4,1.868645159550184E-4
4627,1.869475116589166E-4,1.8680908311943152E-4
4628,1.8689202915441486E-4,1.8675368252332313E-4
4629,1.8683657893325047E-4,1.866983141388394E-4
4630,1.8678116096752253E-4,1.866429779381555E-4
4631,1.867257752293513E-4,1.8658767389348165E-4
4632,1.8667042169089875E-4,1.8653240197705797E-4
4633,1.8661510032435316E-4,1.864771621611549E-4
4634,1.8655981110193512E-4,1.864219544180784E-4
4635,1.8650455399589797E-4,1.863667787201626E-4
4636,1.8644932897852817E-4,1.8631163503977645E-4
4637,1.8639413602213915E-4,1.862565233493159E-4
4638,1.8633897509907977E-4,1.8620144362121343E-4
4639,1.8628384618173176E-4,1.8614639582792885E-4
4640,1.8622874924250675E-4,1.8609137994195896E-4
4641,1.8617368425384503E-4,1.8603639593582456E-4
4642,1.8611865118822109E-4,1.8598144378208483E-4
4643,1.8606365001814539E-4,1.85926523453325E-4
4644,1.860086807161489E-4,1.858716349221648E-4
4645,1.859537432548053E-4,1.8581677816125258E-4
4646,1.8589883760670957E-4,1.857619531432704E-4
4647,1.8584396374449807E-4,1.8570715984092865E-4
4648,1.857891216408281E-4,1.8565239822697417E-4
4649,1.8573431126839583E-4,1.8559766827417636E-4
4650,1.8567953259992478E-4,1.8554296995534415E-4
4651,1.8562478560817154E-4,1.8548830324331374E-4
4652,1.8557007026592158E-4,1.8543366811094877E-4
4653,1.8551538654599462E-4,1.853790645311514E-4
4654,1.85460734421236E-4,1.853244924768486E-4
4655,1.8540611386452807E-4,1.852699519209986E-4
4656,1.853515248487792E-4,1.8521544283659456E-4
4657,1.8529696734693345E-4,1.8516096519665575E-4
4658,1.8524244133195857E-4,1.8510651897423402E-4
4659,1.851879467768601E-4,1.8505210414240992E-4
4660,1.8513348365466979E-4,1.849977206742999E-4
4661,1.8507905193845283E-4,1.8494336854304452E-4
4662,1.8502465160130383E-4,1.848890477218201E-4
4663,1.8497028261634668E-4,1.8483475818382815E-4
4664,1.8491594495673869E-4,1.8478049990230526E-4
4665,1.8486163859566344E-4,1.8472627285051558E-4
4666,1.848073635063395E-4,1.8467207700175549E-4
4667,1.8475311966201308E-4,1.8461791232934826E-4
4668,1.8469890703596049E-4,1.8456377880665144E-4
4669,1.8464472560148995E-4,1.8450967640705164E-4
4670,1.8459057533194072E-4,1.844556051039651E-4
4671,1.845364562006788E-4,1.8440156487083655E-4
4672,1.8448236818110277E-4,1.8434755568114196E-4
4673,1.8442831124664054E-4,1.8429357750838994E-4
4674,1.8437428537075107E-4,1.8423963032611476E-4
4675,1.8432029052692212E-4,1.8418571410788238E-4
4676,1.8426632668867198E-4,1.841318288272909E-4
4677,1.842123938295478E-4,1.8407797445796359E-4
4678,1.841584919231305E-4,1.8402415097355795E-4
4679,1.8410462094302563E-4,1.839703583477602E-4
4680,1.840507808628728E-4,1.8391659655428373E-4
4681,1.839969716563396E-4,1.8386286556687487E-4
4682,1.8394319329712144E-4,1.8380916535930532E-4
4683,1.8388944575894922E-4,1.8375549590538316E-4
4684,1.8383572901557512E-4,1.837018571789387E-4
4685,1.837820430407878E-4,1.836482491538371E-4
4686,1.837283878084032E-4,1.8359467180397077E-4
4687,1.836747632922683E-4,1.8354112510325939E-4
4688,1.836211694662544E-4,1.8348760902565779E-4
4689,1.8356760630427007E-4,1.8343412354514463E-4
4690,1.835140737802453E-4,1.8338066863573046E-4
4691,1.8346057186814595E-4,1.833272442714551E-4
4692,1.8340710054196217E-4,1.832738504263851E-4
4693,1.8335365977572036E-4,1.832204870746212E-4
4694,1.8330024954346473E-4,1.8316715419028828E-4
4695,1.8324686981928306E-4,1.8311385174754307E-4
4696,1.8319352057727847E-4,1.8306057972057002E-4
4697,1.831402017915926E-4,1.8300733808358194E-4
4698,1.830869134363931E-4,1.8295412681082438E-4
4699,1.8303365548587498E-4,1.829009458765671E-4
4700,1.8298042791426564E-4,1.8284779525511277E-4
4701,1.8292723069581834E-4,1.8279467492078865E-4
4702,1.8287406380481893E-4,1.8274158484795706E-4
4703,1.8282092721557552E-4,1.8268852501100144E-4
4704,1.8276782090243375E-4,1.8263549538433908E-4
4705,1.8271474483976246E-4,1.8258249594241458E-4
4706,1.8266169900195905E-4,1.8252952665970265E-4
4707,1.8260868336345394E-4,1.824765875107037E-4
4708,1.825556978987E-4,1.8242367846994768E-4
4709,1.8250274258218272E-4,1.8237079951199486E-4
4710,1.8244981738841528E-4,1.8231795061143295E-4
4711,1.82396922291942E-4,1.8226513174287716E-4
4712,1.8234405726733256E-4,1.822123428809721E-4
4713,1.822912222891857E-4,1.821595840003922E-4
4714,1.8223841733212753E-4,1.8210685507583384E-4
4715,1.8218564237081511E-4,1.8205415608203105E-4
4716,1.821328973799315E-4,1.8200148699374011E-4
4717,1.8208018233419214E-4,1.8194884778574726E-4
4718,1.820274972083348E-4,1.818962384328645E-4
4719,1.8197484197712838E-4,1.8184365890993654E-4
4720,1.8192221661537196E-4,1.8179110919183195E-4
4721,1.8186962109789054E-4,1.8173858925345075E-4
4722,1.8181705539953752E-4,1.8168609906971702E-4
4723,1.8176451949519193E-4,1.8163363861558815E-4
4724,1.8171201335976845E-4,1.8158120786604246E-4
4725,1.8165953696820154E-4,1.8152880679609453E-4
4726,1.8160709029545644E-4,1.8147643538078069E-4
4727,1.8155467331652775E-4,1.814240935951657E-4
4728,1.815022860064369E-4,1.8137178141434317E-4
4729,1.8144992834023344E-4,1.813194988134357E-4
4730,1.813976002929934E-4,1.812672457675914E-4
4731,1.8134530183982187E-4,1.8121502225198962E-4
4732,1.8129303295585296E-4,1.8116282824182876E-4
4733,1.8124079361624224E-4,1.811106637123484E-4
4734,1.8118858379618407E-4,1.810585286388039E-4
4735,1.8113640347088982E-4,1.8100642299648218E-4
4736,1.810842526156044E-4,1.8095434676069822E-4
4737,1.8103213120559947E-4,1.809022999067968E-4
4738,1.8098003921616836E-4,1.8085028241014294E-4
4739,1.809279766226422E-4,1.8079829424613576E-4
4740,1.8087594340037154E-4,1.8074633539019985E-4
4741,1.8082393952473762E-4,1.806944058177856E-4
4742,1.807719649711469E-4,1.8064250550437215E-4
4743,1.8072001971503577E-4,1.805906344254657E-4
4744,1.8066810373186724E-4,1.8053879255659842E-4
4745,1.8061621699712825E-4,1.804869798733307E-4
4746,1.8056435948633827E-4,1.804351963512512E-4
4747,1.805125311750416E-4,1.8038344196597236E-4
4748,1.8046073203880874E-4,1.8033171669313614E-4
4749,1.8040896205323665E-4,1.8028002050841273E-4
4750,1.803572211939513E-4,1.8022835338749434E-4
4751,1.8030550943660552E-4,1.8017671530610546E-4
4752,1.8025382675687695E-4,1.8012510623999646E-4
4753,1.802021731304754E-4,1.800735261649386E-4
4754,1.8015054853313036E-4,1.8002197505673776E-4
4755,1.8009895294060377E-4,1.7997045289122474E-4
4756,1.8004738632868147E-4,1.799189596442546E-4
4757,1.7999584867317792E-4,1.7986749529170842E-4
4758,1.7994433994993232E-4,1.7981605980949935E-4
4759,1.798928601348115E-4,1.7976465317356066E-4
4760,1.798414092037125E-4,1.7971327535985757E-4
4761,1.7978998713255386E-4,1.7966192634437755E-4
4762,1.7973859389728067E-4,1.7961060610313824E-4
4763,1.7968722947386844E-4,1.7955931461217933E-4
4764,1.7963589383831558E-4,1.7950805184757237E-4
4765,1.7958458696665182E-4,1.7945681778541167E-4
4766,1.7953330883492652E-4,1.79405612401818E-4
4767,1.794820594192222E-4,1.7935443567294098E-4
4768,1.794308386956441E-4,1.7930328757495426E-4
4769,1.793796466403236E-4,1.7925216808405728E-4
4770,1.7932848322941983E-4,1.792010771764772E-4
4771,1.7927734843911647E-4,1.7915001482846868E-4
4772,1.7922624224562552E-4,1.7909898101630713E-4
4773,1.7917516462518697E-4,1.7904797571629993E-4
4774,1.791241155540594E-4,1.7899699890477992E-4
4775,1.7907309500853579E-4,1.7894605055810228E-4
4776,1.7902210296492975E-4,1.7889513065265028E-4
4777,1.7897113939958507E-4,1.7884423916483285E-4
4778,1.789202042888665E-4,1.7879337607108633E-4
4779,1.7886929760917245E-4,1.787425413478714E-4
4780,1.7881841933691921E-4,1.7869173497167388E-4
4781,1.7876756944855188E-4,1.7864095691900956E-4
4782,1.7871674792054553E-4,1.7859020716641373E-4
4783,1.7866595472939537E-4,1.7853948569045348E-4
4784,1.7861518985162446E-4,1.7848879246771567E-4
4785,1.7856445326378196E-4,1.7843812747481906E-4
4786,1.7851374494244187E-4,1.7838749068840406E-4
4787,1.784630648642076E-4,1.7833688208513602E-4
4788,1.7841241300570188E-4,1.7828630164170976E-4
4789,1.7836178934357809E-4,1.7823574933484337E-4
4790,1.7831119385451402E-4,1.7818522514127886E-4
4791,1.7826062651521196E-4,1.7813472903778675E-4
4792,1.7821008730240087E-4,1.7808426100116205E-4
4793,1.7815957619283417E-4,1.7803382100822323E-4
4794,1.7810909316329175E-4,1.779834090358176E-4
4795,1.780586381905781E-4,1.77933025060814E-4
4796,1.7800821125152474E-4,1.7788266906010715E-4
4797,1.7795781232298494E-4,1.778323410106221E-4
4798,1.7790744138183997E-4,1.7778204088930388E-4
4799,1.7785709840499906E-4,1.7773176867312313E-4
4800,1.7780678336939168E-4,1.7768152433907857E-4
4801,1.7775649625197403E-4,1.7763130786419028E-4
4802,1.7770623702972844E-4,1.775811192255061E-4
4803,1.7765600567966425E-4,1.775309584000997E-4
4804,1.776058021788108E-4,1.7748082536506553E-4
4805,1.7755562650422673E-4,1.7743072009752825E-4
4806,1.775054786329929E-4,1.7738064257463558E-4
4807,1.774553585422188E-4,1.7733059277355673E-4
4808,1.7740526620903604E-4,1.772805706714898E-4
4809,1.7735520161060096E-4,1.772305762456583E-4
4810,1.773051647240965E-4,1.771806094733074E-4
4811,1.772551555267303E-4,1.7713067033170866E-4
4812,1.7720517399573435E-4,1.770807587981594E-4
4813,1.7715522010836406E-4,1.7703087484998E-4
4814,1.7710529384190257E-4,1.7698101846451485E-4
4815,1.770553951736555E-4,1.7693118961913614E-4
4816,1.770055240809519E-4,1.7688138829123943E-4
4817,1.7695568054115253E-4,1.768316144582424E-4
4818,1.7690586453163225E-4,1.7678186809758832E-4
4819,1.7685607602979916E-4,1.767321491867484E-4
4820,1.7680631501308224E-4,1.766824577032147E-4
4821,1.7675658145893672E-4,1.7663279362450647E-4
4822,1.7670687534484023E-4,1.765831569281633E-4
4823,1.7665719664829364E-4,1.7653354759175193E-4
4824,1.7660754534682638E-4,1.764839655928632E-4
4825,1.7655792141799178E-4,1.7643441090911392E-4
4826,1.7650832483936363E-4,1.7638488351814197E-4
4827,1.764587555885436E-4,1.7633538339761196E-4
4828,1.7640921364315792E-4,1.7628591052521234E-4
4829,1.7635969898085698E-4,1.762364648786525E-4
4830,1.763102115793101E-4,1.7618704643567268E-4
4831,1.7626075141621711E-4,1.7613765517402862E-4
4832,1.762113184693001E-4,1.7608829107150796E-4
4833,1.761619127163054E-4,1.7603895410591902E-4
4834,1.761125341350034E-4,1.7598964425509435E-4
4835,1.760631827031874E-4,1.7594036149688942E-4
4836,1.7601385839867672E-4,1.7589110580918407E-4
4837,1.7596456119931182E-4,1.7584187716988733E-4
4838,1.7591529108296116E-4,1.7579267555692323E-4
4839,1.7586604802751493E-4,1.7574350094824514E-4
4840,1.7581683201088708E-4,1.756943533218305E-4
4841,1.757676430110153E-4,1.7564523265567914E-4
4842,1.757184810058621E-4,1.7559613892781256E-4
4843,1.7566934597341367E-4,1.7554707211627922E-4
4844,1.756202378916781E-4,1.7549803219915334E-4
4845,1.7557115673869113E-4,1.7544901915452548E-4
4846,1.7552210249250727E-4,1.7540003296051575E-4
4847,1.754730751312075E-4,1.7535107359526635E-4
4848,1.7542407463289994E-4,1.7530214103694271E-4
4849,1.7537510097570926E-4,1.7525323526373633E-4
4850,1.7532615413778853E-4,1.752043562538571E-4
4851,1.7527723409731258E-4,1.7515550398554337E-4
4852,1.7522834083247963E-4,1.7510667843705273E-4
4853,1.7517947432151454E-4,1.7505787958667094E-4
4854,1.751306345426616E-4,1.750091074127026E-4
4855,1.7508182147418859E-4,1.7496036189347763E-4
4856,1.7503303509438888E-4,1.749116430073501E-4
4857,1.7498427538158013E-4,1.7486295073269685E-4
4858,1.749355423141009E-4,1.7481428504791737E-4
4859,1.7488683587031374E-4,1.747656459314339E-4
4860,1.7483815602860602E-4,1.747170333616939E-4
4861,1.747895027673858E-4,1.746684473171667E-4
4862,1.7474087606508484E-4,1.7461988777634478E-4
4863,1.7469227590016025E-4,1.745713547177433E-4
4864,1.7464370225109046E-4,1.7452284811990263E-4
4865,1.7459515509637795E-4,1.7447436796138224E-4
4866,1.7454663441454824E-4,1.7442591422076978E-4
4867,1.7449814018414856E-4,1.743774868766717E-4
4868,1.7444967238375146E-4,1.7432908590771907E-4
4869,1.744012309919489E-4,1.742807112925642E-4
4870,1.7435281598735992E-4,1.7423236300988565E-4
4871,1.7430442734862412E-4,1.7418404103838214E-4
4872,1.742560650544047E-4,1.7413574535677775E-4
4873,1.742077290833879E-4,1.7408747594381416E-4
4874,1.7415941941428283E-4,1.740392327782638E-4
4875,1.7411113602582075E-4,1.739910158389138E-4
4876,1.7406287889675697E-4,1.7394282510458178E-4
4877,1.7401464800586872E-4,1.738946605540979E-4
4878,1.739664433319539E-4,1.7384652216632495E-4
4879,1.7391826485383758E-4,1.7379840992014348E-4
4880,1.7387011255036428E-4,1.737503237944578E-4
4881,1.7382198640040198E-4,1.737022637681938E-4
4882,1.737738863828401E-4,1.7365422982030163E-4
4883,1.7372581247659393E-4,1.7360622192975304E-4
4884,1.73677764660599E-4,1.7355824007553986E-4
4885,1.7362974291381338E-4,1.7351028423668056E-4
4886,1.7358174721521648E-4,1.734623543922138E-4
4887,1.7353377754381348E-4,1.7341445052120193E-4
4888,1.7348583387862985E-4,1.7336657260272697E-4
4889,1.7343791619871154E-4,1.733187206158957E-4
4890,1.7339002448313296E-4,1.7327089453983636E-4
4891,1.733421587109828E-4,1.7322309435369916E-4
4892,1.7329431886137786E-4,1.731753200366591E-4
4893,1.73246504913458E-4,1.731275715679077E-4
4894,1.7319871684637876E-4,1.7307984892666443E-4
4895,1.7315095463932593E-4,1.7303215209216926E-4
4896,1.7310321827150113E-4,1.72984481043682E-4
4897,1.7305550772213E-4,1.7293683576048756E-4
4898,1.730078229704633E-4,1.7288921622189043E-4
4899,1.7296016399576954E-4,1.7284162240721845E-4
4900,1.7291253077734281E-4,1.7279405429582347E-4
4901,1.7286492329449872E-4,1.7274651186707394E-4
4902,1.7281734152657072E-4,1.7269899510036598E-4
4903,1.727697854529202E-4,1.7265150397511407E-4
4904,1.727222550529274E-4,1.7260403847075547E-4
4905,1.7267475030599392E-4,1.725565985667497E-4
4906,1.7262727119154387E-4,1.7250918424257825E-4
4907,1.725798176890253E-4,1.724617954777438E-4
4908,1.7253238977790581E-4,1.7241443225177104E-4
4909,1.7248498743767518E-4,1.7236709454420703E-4
4910,1.7243761064784517E-4,1.7231978233461732E-4
4911,1.7239025938794864E-4,1.7227249560259372E-4
4912,1.7234293363754382E-4,1.7222523432774799E-4
4913,1.7229563337620355E-4,1.721779984897139E-4
4914,1.7224835858353099E-4,1.7213078806814467E-4
4915,1.7220110923914247E-4,1.7208360304271755E-4
4916,1.7215388532268252E-4,1.720364433931297E-4
4917,1.7210668681381288E-4,1.7198930909909956E-4
4918,1.7205951369222132E-4,1.7194220014037125E-4
4919,1.7201236593761263E-4,1.7189511649670275E-4
4920,1.7196524352971324E-4,1.7184805814788174E-4
4921,1.7191814644827464E-4,1.7180102507371092E-4
4922,1.718710746730691E-4,1.7175401725401677E-4
4923,1.7182402818388817E-4,1.717070346686479E-4
4924,1.7177700696054455E-4,1.7166007729747367E-4
4925,1.7173001098287478E-4,1.7161314512038417E-4
4926,1.7168304023073528E-4,1.7156623811728945E-4
4927,1.7163609468400355E-4,1.71519356268125E-4
4928,1.7158917432257847E-4,1.7147249955284425E-4
4929,1.7154227912638054E-4,1.714256679514228E-4
4930,1.7149540907535044E-4,1.7137886144385518E-4
4931,1.7144856414945454E-4,1.713320800101629E-4
4932,1.7140174432867466E-4,1.712853236303811E-4
4933,1.7135494959301476E-4,1.7123859228456928E-4
4934,1.7130817992250109E-4,1.711918859528115E-4
4935,1.7126143529718388E-4,1.7114520461520611E-4
4936,1.7121471569712842E-4,1.710985482518786E-4
4937,1.7116802110242655E-4,1.7105191684297133E-4
4938,1.711213514931846E-4,1.7100531036864862E-4
4939,1.7107470684954028E-4,1.7095872880909727E-4
4940,1.710280871516414E-4,1.7091217214452146E-4
4941,1.7098149237966092E-4,1.708656403551525E-4
4942,1.709349225137945E-4,1.708191334212338E-4
4943,1.708883775342569E-4,1.7077265132303766E-4
4944,1.7084185742128415E-4,1.707261940408516E-4
4945,1.7079536215513282E-4,1.7067976155498644E-4
4946,1.7074889171608094E-4,1.7063335384577614E-4
4947,1.7070244608442507E-4,1.705869708935675E-4
4948,1.7065602524048322E-4,1.7054061267873704E-4
4949,1.706096291645984E-4,1.7049427918167562E-4
4950,1.7056325783712897E-4,1.7044797038279864E-4
4951,1.7051691123845617E-4,1.7040168626253875E-4
4952,1.7047058934897995E-4,1.7035542680135063E-4
4953,1.7042429214912598E-4,1.7030919197971083E-4
4954,1.70378019619333E-4,1.7026298177811537E-4
4955,1.7033177174006648E-4,1.7021679617707912E-4
4956,1.7028554849180945E-4,1.7017063515713943E-4
4957,1.7023934985506542E-4,1.701244986988535E-4
4958,1.7019317581036094E-4,1.7007838678279836E-4
4959,1.7014702633823937E-4,1.7003229938957325E-4
4960,1.7010090141926807E-4,1.6998623649979437E-4
4961,1.7005480103403245E-4,1.699401980941037E-4
4962,1.7000872516313755E-4,1.6989418415315434E-4
4963,1.699626737872098E-4,1.698481946576301E-4
4964,1.6991664688689633E-4,1.6980222958822933E-4
4965,1.6987064444286468E-4,1.697562889256697E-4
4966,1.698246664358015E-4,1.6971037265069155E-4
4967,1.6977871284641513E-4,1.6966448074405712E-4
4968,1.6973278365543584E-4,1.6961861318654463E-4
4969,1.696868788436071E-4,1.6957276995895377E-4
4970,1.6964099839169943E-4,1.6952695104210277E-4
4971,1.695951422804982E-4,1.694811564168355E-4
4972,1.6954931049081677E-4,1.6943538606400884E-4
4973,1.6950350300347887E-4,1.6938963996450645E-4
4974,1.6945771979933312E-4,1.6934391809922386E-4
4975,1.694119608592503E-4,1.692982204490856E-4
4976,1.6936622616411945E-4,1.6925254699502875E-4
4977,1.693205156948465E-4,1.692068977180154E-4
4978,1.6927482943235897E-4,1.691612725990231E-4
4979,1.6922916735760796E-4,1.691156716190526E-4
4980,1.6918352945155947E-4,1.6907009475912265E-4
4981,1.6913791569520077E-4,1.6902454200027223E-4
4982,1.6909232606954265E-4,1.6897901332356085E-4
4983,1.6904676055560917E-4,1.6893350871006758E-4
4984,1.6900121913444928E-4,1.6888802814088991E-4
4985,1.6895570178712796E-4,1.6884257159714567E-4
4986,1.6891020849473554E-4,1.6879713905997297E-4
4987,1.6886473923837723E-4,1.6875173051052961E-4
4988,1.6881929399917685E-4,1.6870634592999268E-4
4989,1.6877387275828341E-4,1.6866098529955722E-4
4990,1.687284754968603E-4,1.686156486004399E-4
4991,1.6868310219609158E-4,1.685703358138764E-4
4992,1.6863775283718503E-4,1.6852504692112225E-4
4993,1.685924274013607E-4,1.6847978190345157E-4
4994,1.685471258698662E-4,1.6843454074215827E-4
4995,1.6850184822396144E-4,1.6838932341855644E-4
4996,1.6845659444493228E-4,1.68344129913979E-4
4997,1.684113645140791E-4,1.6829896020977773E-4
4998,1.6836615841272034E-4,1.6825381428732321E-4
4999,1.683209761222017E-4,1.682086921280081E-4
5000,1.6827581762388045E-4,1.681635937132418E-4
5001,1.6823068289913837E-4,1.6811851902445398E-4
5002,1.681855719293711E-4,1.680734680430928E-4
5003,1.6814048469600008E-4,1.6802844075062794E-4
5004,1.6809542118046008E-4,1.6798343712854413E-4
5005,1.6805038136420995E-4,1.679384571583497E-4
5006,1.6800536522872358E-4,1.6789350082156812E-4
5007,1.6796037275549803E-4,1.678485680997464E-4
5008,1.6791540392604716E-4,1.6780365897444785E-4
5009,1.6787045872190216E-4,1.6775877342725345E-4
5010,1.6782553712461825E-4,1.6771391143976806E-4
5011,1.677806391157654E-4,1.6766907299360943E-4
5012,1.6773576467693578E-4,1.676242580704198E-4
5013,1.6769091378974018E-4,1.6757946665185797E-4
5014,1.676460864358031E-4,1.6753469871960043E-4
5015,1.6760128259677532E-4,1.6748995425534528E-4
5016,1.6755650225432422E-4,1.6744523324080965E-4
5017,1.6751174539013345E-4,1.67400535657723E-4
5018,1.6746701198590747E-4,1.6735586148784317E-4
5019,1.6742230202337216E-4,1.6731121071294065E-4
5020,1.6737761548426858E-4,1.6726658331480825E-4
5021,1.6733295235035788E-4,1.6722197927525497E-4
5022,1.6728831260341955E-4,1.6717739857610904E-4
5023,1.6724369622525347E-4,1.6713284119921804E-4
5024,1.671991031976778E-4,1.6708830712644946E-4
5025,1.6715453350252832E-4,1.6704379633968638E-4
5026,1.67109987121658E-4,1.6699930882083252E-4
5027,1.6706546403694308E-4,1.6695484455181008E-4
5028,1.6702096423027753E-4,1.6691040351456E-4
5029,1.669764876835694E-4,1.6686598569104293E-4
5030,1.6693203437874956E-4,1.668215910632336E-4
5031,1.6688760429776537E-4,1.667772196131316E-4
5032,1.668431974225868E-4,1.6673287132275137E-4
5033,1.6679881373519762E-4,1.666885461741238E-4
5034,1.6675445321760133E-4,1.66644244149305E-4
5035,1.667101158518209E-4,1.665999652303617E-4
5036,1.666658016199003E-4,1.665557093993852E-4
5037,1.6662151050389398E-4,1.6651147663848074E-4
5038,1.6657724248588313E-4,1.6646726692977625E-4
5039,1.665329975479649E-4,1.6642308025541534E-4
5040,1.6648877567225249E-4,1.6637891659755877E-4
5041,1.6644457684087942E-4,1.6633477593838757E-4
5042,1.664004010359985E-4,1.6629065826010152E-4
5043,1.6635624823977763E-4,1.662465635449187E-4
5044,1.6631211843440692E-4,1.6620249177507182E-4
5045,1.662680116020906E-4,1.6615844293281617E-4
5046,1.662239277250555E-4,1.6611441700042326E-4
5047,1.661798667855436E-4,1.6607041396018497E-4
5048,1.6613582876581762E-4,1.6602643379440608E-4
5049,1.6609181364815503E-4,1.6598247648541678E-4
5050,1.6604782141485498E-4,1.6593854201555844E-4
5051,1.6600385204823155E-4,1.6589463036719365E-4
5052,1.6595990553061835E-4,1.6585074152270407E-4
5053,1.6591598184436922E-4,1.658068754644896E-4
5054,1.6587208097185388E-4,1.6576303217496392E-4
5055,1.658282028954586E-4,1.6571921163656297E-4
5056,1.6578434759758994E-4,1.6567541383174166E-4
5057,1.6574051506067333E-4,1.6563163874296646E-4
5058,1.656967052671484E-4,1.655878863527267E-4
5059,1.6565291819947725E-4,1.655441566435304E-4
5060,1.6560915384013791E-4,1.6550044959790064E-4
5061,1.655654121716249E-4,1.6545676519838038E-4
5062,1.6552169317645245E-4,1.6541310342752858E-4
5063,1.6547799683715175E-4,1.653694642679235E-4
5064,1.6543432313627398E-4,1.6532584770215974E-4
5065,1.6539067205638346E-4,1.6528225371285218E-4
5066,1.6534704358006817E-4,1.6523868228262905E-4
5067,1.6530343768992816E-4,1.651951333941424E-4
5068,1.652598543685865E-4,1.6515160703005528E-4
5069,1.6521629359867964E-4,1.6510810317305364E-4
5070,1.651727553628651E-4,1.6506462180584006E-4
5071,1.6512923964381458E-4,1.6502116291113202E-4
5072,1.6508574642422197E-4,1.6497772647166547E-4
5073,1.6504227568679393E-4,1.6493431247019863E-4
5074,1.6499882741425915E-4,1.6489092088950053E-4
5075,1.649554015893598E-4,1.6484755171236034E-4
5076,1.6491199819485922E-4,1.6480420492158765E-4
5077,1.6486861721353493E-4,1.6476088050000712E-4
5078,1.6482525862818648E-4,1.6471757843045858E-4
5079,1.6478192242162684E-4,1.6467429869580224E-4
5080,1.647386085766865E-4,1.646310412789149E-4
5081,1.6469531707621725E-4,1.6458780616269162E-4
5082,1.646520479030833E-4,1.64544593330044E-4
5083,1.6460880104017037E-4,1.6450140276390226E-4
5084,1.6456557647037868E-4,1.6445823444720858E-4
5085,1.6452237417662996E-4,1.6441508836293237E-4
5086,1.6447919414185733E-4,1.6437196449405143E-4
5087,1.6443603634901636E-4,1.6432886282356443E-4
5088,1.6439290078107695E-4,1.6428578333448708E-4
5089,1.6434978742102787E-4,1.6424272600985157E-4
5090,1.643066962518759E-4,1.641996908327091E-4
5091,1.6426362725664083E-4,1.6415667778612547E-4
5092,1.6422058041836427E-4,1.641136868531874E-4
5093,1.6417755572010185E-4,1.6407071801699384E-4
5094,1.6413455314493065E-4,1.6402777126066405E-4
5095,1.6409157267594025E-4,1.6398484656733484E-4
5096,1.6404861429623923E-4,1.6394194392015766E-4
5097,1.6400567798895477E-4,1.6389906330230265E-4
5098,1.63962763737227E-4,1.6385620469695867E-4
5099,1.639198715242186E-4,1.6381336808732647E-4
5100,1.6387700133310338E-4,1.637705534566284E-4
5101,1.6383415314707867E-4,1.6372776078810261E-4
5102,1.6379132694935392E-4,1.6368499006500094E-4
5103,1.6374852272315563E-4,1.6364224127060113E-4
5104,1.6370574045173095E-4,1.6359951438818605E-4
5105,1.6366298011834143E-4,1.635568094010646E-4
5106,1.63620241706262E-4,1.6351412629255678E-4
5107,1.6357752519879432E-4,1.6347146504600382E-4
5108,1.6353483057924705E-4,1.6342882564476102E-4
5109,1.6349215783095019E-4,1.6338620807220021E-4
5110,1.6344950693724972E-4,1.633436123117127E-4
5111,1.6340687788150992E-4,1.633010383467052E-4
5112,1.633642706471093E-4,1.6325848616059892E-4
5113,1.6332168521744492E-4,1.632159557368329E-4
5114,1.632791215759306E-4,1.6317344705886713E-4
5115,1.632365797059951E-4,1.631309601101725E-4
5116,1.6319405959108713E-4,1.6308849487423998E-4
5117,1.63151561214668E-4,1.6304605133457412E-4
5118,1.6310908456021895E-4,1.6300362947469922E-4
5119,1.6306662961123745E-4,1.6296122927815556E-4
5120,1.6302419635123502E-4,1.6291885072849775E-4
5121,1.6298178476374276E-4,1.6287649380930015E-4
5122,1.6293939483230755E-4,1.6283415850415207E-4
5123,1.6289702654049052E-4,1.6279184479665805E-4
5124,1.6285467987187541E-4,1.627495526704411E-4
5125,1.6281235481005376E-4,1.6270728210914152E-4
5126,1.6277005133864174E-4,1.626650330964104E-4
5127,1.6272776944126658E-4,1.6262280561592398E-4
5128,1.6268550910157343E-4,1.6258059965136698E-4
5129,1.626432703032261E-4,1.6253841518644707E-4
5130,1.6260105302990288E-4,1.6249625220488164E-4
5131,1.6255885726529728E-4,1.6245411069040972E-4
5132,1.6251668299312072E-4,1.6241199062678395E-4
5133,1.624745301971023E-4,1.6236989199777506E-4
5134,1.6243239886098364E-4,1.6232781478716892E-4
5135,1.623902889685283E-4,1.6228575897876704E-4
5136,1.6234820050350975E-4,1.622437245563875E-4
5137,1.623061334497212E-4,1.622017115038682E-4
5138,1.622640877909729E-4,1.6215971980505664E-4
5139,1.6222206351109E-4,1.6211774944382035E-4
5140,1.6218006059391375E-4,1.6207580040404493E-4
5141,1.621380790233015E-4,1.6203387266962698E-4
5142,1.6209611878312613E-4,1.6199196622448372E-4
5143,1.620541798572812E-4,1.6195008105254755E-4
5144,1.6201226222966884E-4,1.6190821713776423E-4
5145,1.6197036588421412E-4,1.6186637446409944E-4
5146,1.6192849080485275E-4,1.6182455301553086E-4
5147,1.618866369755421E-4,1.6178275277605703E-4
5148,1.618448043802514E-4,1.6174097372968714E-4
5149,1.6180299300296654E-4,1.6169921586044986E-4
5150,1.6176120282769072E-4,1.6165747915239197E-4
5151,1.617194338384418E-4,1.616157635895684E-4
5152,1.6167768601925493E-4,1.6157406915605702E-4
5153,1.6163595935417955E-4,1.6153239583594983E-4
5154,1.615942538272851E-4,1.6149074361335392E-4
5155,1.6155256942264866E-4,1.6144911247239252E-4
5156,1.6151090612437263E-4,1.614075023972047E-4
5157,1.614692639165707E-4,1.6136591337194544E-4
5158,1.6142764278337106E-4,1.613243453807856E-4
5159,1.613860427089193E-4,1.612827984079117E-4
5160,1.6134446367737856E-4,1.6124127243752646E-4
5161,1.6130290567292456E-4,1.6119976745384705E-4
5162,1.6126136867975242E-4,1.611582834411055E-4
5163,1.6121985268206988E-4,1.6111682038355725E-4
5164,1.6117835766410026E-4,1.610753782654606E-4
5165,1.6113688361008612E-4,1.6103395707110045E-4
5166,1.6109543050428276E-4,1.6099255678477236E-4
5167,1.610539983309614E-4,1.6095117739078836E-4
5168,1.610125870744081E-4,1.6090981887347544E-4
5169,1.6097119671892884E-4,1.608684812171785E-4
5170,1.6092982724883966E-4,1.608271644062542E-4
5171,1.6088847864847826E-4,1.6078586842507847E-4
5172,1.6084715090218944E-4,1.6074459325804113E-4
5173,1.6080584399434103E-4,1.6070333888954633E-4
5174,1.6076455790931508E-4,1.6066210530401827E-4
5175,1.6072329263150796E-4,1.6062089248588935E-4
5176,1.606820481453287E-4,1.6057970041961472E-4
5177,1.6064082443520775E-4,1.605385290896591E-4
5178,1.605996214855857E-4,1.6049737848050717E-4
5179,1.6055843928092144E-4,1.6045624857665563E-4
5180,1.6051727780569053E-4,1.6041513936261752E-4
5181,1.6047613704437856E-4,1.6037405082292358E-4
5182,1.6043501698149358E-4,1.603329829421172E-4
5183,1.603939176015539E-4,1.6029193570475732E-4
5184,1.6035283888909526E-4,1.602509090954194E-4
5185,1.6031178082866643E-4,1.6020990309869226E-4
5186,1.6027074340483575E-4,1.601689176991843E-4
5187,1.602297266021836E-4,1.6012795288151274E-4
5188,1.6018873040530505E-4,1.6008700863031394E-4
5189,1.6014775479881375E-4,1.6004608493023947E-4
5190,1.6010679976733626E-4,1.6000518176595738E-4
5191,1.6006586529551363E-4,1.5996429912214756E-4
5192,1.600249513680033E-4,1.5992343698350412E-4
5193,1.5998405796947978E-4,1.59882595334742E-4
5194,1.5994318508462887E-4,1.5984177416058856E-4
5195,1.599023326981544E-4,1.5980097344578165E-4
5196,1.5986150079477305E-4,1.597601931750812E-4
5197,1.598206893592205E-4,1.597194333332593E-4
5198,1.5977989837624113E-4,1.5967869390510128E-4
5199,1.597391278305993E-4,1.59637974875411E-4
5200,1.5969837770707536E-4,1.595972762290041E-4
5201,1.5965764799046224E-4,1.5955659795071264E-4
5202,1.59616938665567E-4,1.5951594002538508E-4
5203,1.59576249717213E-4,1.594753024378814E-4
5204,1.595355811302403E-4,1.5943468517308143E-4
5205,1.594949328894997E-4,1.5939408821587383E-4
5206,1.5945430497986093E-4,1.5935351155116676E-4
5207,1.5941369738620565E-4,1.593129551638832E-4
5208,1.5937311009343383E-4,1.5927241903895633E-4
5209,1.5933254308645692E-4,1.5923190316133955E-4
5210,1.592919963502034E-4,1.5919140751599666E-4
5211,1.5925146986961705E-4,1.5915093208791205E-4
5212,1.5921096362965197E-4,1.5911047686207905E-4
5213,1.5917047761528286E-4,1.590700418235088E-4
5214,1.5913001181149701E-4,1.5902962695722565E-4
5215,1.5908956620329498E-4,1.5898923224826996E-4
5216,1.5904914077569403E-4,1.5894885768169664E-4
5217,1.590087355137251E-4,1.5890850324257487E-4
5218,1.5896835040243488E-4,1.588681689159885E-4
5219,1.589279854268835E-4,1.5882785468703664E-4
5220,1.5888764057214643E-4,1.5878756054083252E-4
5221,1.588473158233141E-4,1.587472864625017E-4
5222,1.5880701116549224E-4,1.5870703243719048E-4
5223,1.5876672658379773E-4,1.586667984500529E-4
5224,1.5872646206336656E-4,1.58626584486262E-4
5225,1.5868621758934629E-4,1.5858639053100345E-4
5226,1.5864599314690064E-4,1.5854621656947993E-4
5227,1.5860578872120735E-4,1.5850606258690304E-4
5228,1.5856560429746002E-4,1.5846592856850529E-4
5229,1.58525439860862E-4,1.584258144995288E-4
5230,1.5848529539663758E-4,1.583857203652328E-4
5231,1.5844517089002005E-4,1.5834564615089316E-4
5232,1.584050663262627E-4,1.5830559184179467E-4
5233,1.583649816906276E-4,1.5826555742323877E-4
5234,1.5832491696839547E-4,1.5822554288054443E-4
5235,1.5828487214486053E-4,1.5818554819903934E-4
5236,1.5824484720532807E-4,1.581455733640718E-4
5237,1.582048421351214E-4,1.5810561836099768E-4
5238,1.5816485691957905E-4,1.580656831751928E-4
5239,1.5812489154405E-4,1.580257677920451E-4
5240,1.5808494599390066E-4,1.5798587219695558E-4
5241,1.580450202545103E-4,1.5794599637534312E-4
5242,1.5800511431127447E-4,1.5790614031263708E-4
5243,1.5796522814959918E-4,1.5786630399428327E-4
5244,1.5792536175490877E-4,1.5782648740573875E-4
5245,1.578855151126386E-4,1.5778669053247927E-4
5246,1.578456882082408E-4,1.5774691335999186E-4
5247,1.578058810271793E-4,1.5770715587377815E-4
5248,1.5776609355493398E-4,1.576674180593559E-4
5249,1.5772632577699985E-4,1.576276999022512E-4
5250,1.576865776788825E-4,1.575880013880118E-4
5251,1.5764684924610706E-4,1.5754832250219441E-4
5252,1.576071404642044E-4,1.5750866323037003E-4
5253,1.5756745131872857E-4,1.574690235581284E-4
5254,1.5752778179524283E-4,1.5742940347106957E-4
5255,1.5748813187932458E-4,1.5738980295480537E-4
5256,1.5744850155656822E-4,1.5735022199496522E-4
5257,1.5740889081257748E-4,1.5731066057719337E-4
5258,1.5736929963297458E-4,1.5727111868714364E-4
5259,1.5732972800339406E-4,1.5723159631049038E-4
5260,1.572901759094841E-4,1.5719209343291324E-4
5261,1.5725064333690545E-4,1.5715261004011467E-4
5262,1.5721113027133442E-4,1.571131461178037E-4
5263,1.5717163669846457E-4,1.5707370165170972E-4
5264,1.571321626039972E-4,1.5703427662756915E-4
5265,1.5709270797365115E-4,1.5699487103113812E-4
5266,1.5705327279315814E-4,1.5695548484818403E-4
5267,1.5701385704826424E-4,1.569161180644876E-4
5268,1.5697446072472843E-4,1.568767706658443E-4
5269,1.5693508380832443E-4,1.5683744263806412E-4
5270,1.5689572628483972E-4,1.5679813396697015E-4
5271,1.5685638814007643E-4,1.5675884463839723E-4
5272,1.5681706935984736E-4,1.5671957463819555E-4
5273,1.567777699299826E-4,1.5668032395223222E-4
5274,1.5673848983632446E-4,1.5664109256638355E-4
5275,1.566992290647284E-4,1.566018804665395E-4
5276,1.5665998760106404E-4,1.5656268763860717E-4
5277,1.566207654312176E-4,1.5652351406850445E-4
5278,1.5658156254108274E-4,1.5648435974216412E-4
5279,1.5654237891657422E-4,1.5644522464553295E-4
5280,1.5650321454361278E-4,1.564061087645709E-4
5281,1.5646406940814008E-4,1.5636701208524814E-4
5282,1.5642494349610433E-4,1.563279345935547E-4
5283,1.563858367934731E-4,1.5628887627549005E-4
5284,1.5634674928622394E-4,1.5624983711706782E-4
5285,1.5630768096035178E-4,1.5621081710431617E-4
5286,1.5626863180186139E-4,1.561718162232772E-4
5287,1.562296017967733E-4,1.5613283446000193E-4
5288,1.5619059093111893E-4,1.560938718005619E-4
5289,1.5615159919094685E-4,1.5605492823103683E-4
5290,1.5611262656231543E-4,1.5601600373752196E-4
5291,1.5607367303129927E-4,1.5597709830612503E-4
5292,1.5603473858398685E-4,1.5593821192296873E-4
5293,1.5599582320647646E-4,1.558993445741904E-4
5294,1.5595692688488404E-4,1.558604962459328E-4
5295,1.5591804960533469E-4,1.5582166692436333E-4
5296,1.558791913539716E-4,1.5578285659565368E-4
5297,1.5584035211694657E-4,1.5574406524599332E-4
5298,1.5580153188042922E-4,1.5570529286158596E-4
5299,1.5576273063059958E-4,1.5566653942864427E-4
5300,1.5572394835365044E-4,1.556278049333988E-4
5301,1.556851850357928E-4,1.5558908936209133E-4
5302,1.5564644066324367E-4,1.5555039270097337E-4
5303,1.5560771522223944E-4,1.555117149363181E-4
5304,1.5556900869902573E-4,1.5547305605440338E-4
5305,1.5553032107986495E-4,1.554344160415244E-4
5306,1.55491652351029E-4,1.5539579488399092E-4
5307,1.5545300249880745E-4,1.5535719256812094E-4
5308,1.5541437150949747E-4,1.5531860908025226E-4
5309,1.553757593694145E-4,1.5528004440672988E-4
5310,1.553371660648851E-4,1.5524149853391513E-4
5311,1.5529859158224869E-4,1.5520297144818078E-4
5312,1.552600359078566E-4,1.5516446313591423E-4
5313,1.552214990280776E-4,1.5512597358351417E-4
5314,1.5518298092928736E-4,1.5508750277739482E-4
5315,1.5514448159788133E-4,1.55049050703981E-4
5316,1.5510600102026364E-4,1.5501061734971174E-4
5317,1.5506753918285185E-4,1.5497220270104054E-4
5318,1.5502909607207802E-4,1.5493380674443008E-4
5319,1.5499067167438663E-4,1.5489542946635874E-4
5320,1.5495226597623445E-4,1.54857070853318E-4
5321,1.5491387896409252E-4,1.5481873089181165E-4
5322,1.5487551062444337E-4,1.5478040956835547E-4
5323,1.5483716094378278E-4,1.5474210686948145E-4
5324,1.5479882990862277E-4,1.5470382278173018E-4
5325,1.5476051750548255E-4,1.5466555729165695E-4
5326,1.5472222372089886E-4,1.5462731038583128E-4
5327,1.5468394854142037E-4,1.5458908205083415E-4
5328,1.546456919536061E-4,1.54550872273259E-4
5329,1.54607453944032E-4,1.5451268103971322E-4
5330,1.5456923449928142E-4,1.5447450833681696E-4
5331,1.545310336059569E-4,1.544363541512017E-4
5332,1.544928512506701E-4,1.5439821846951313E-4
5333,1.5445468742004482E-4,1.5436010127841077E-4
5334,1.5441654210072203E-4,1.543220025645642E-4
5335,1.543784152793485E-4,1.542839223146564E-4
5336,1.543403069425892E-4,1.542458605153834E-4
5337,1.5430221707712113E-4,1.5420781715345605E-4
5338,1.5426414566963346E-4,1.5416979221559462E-4
5339,1.542260927068275E-4,1.5413178568853442E-4
5340,1.5418805817541572E-4,1.540937975590215E-4
5341,1.541500420621272E-4,1.5405582781381712E-4
5342,1.5411204435370274E-4,1.5401787643969146E-4
5343,1.5407406503689238E-4,1.539799434234319E-4
5344,1.5403610409846187E-4,1.5394202875183515E-4
5345,1.539981615251886E-4,1.5390413241170962E-4
5346,1.5396023730386376E-4,1.5386625438987986E-4
5347,1.5392233142128898E-4,1.538283946731805E-4
5348,1.5388444386428215E-4,1.5379055324846026E-4
5349,1.5384657461966876E-4,1.5375273010257787E-4
5350,1.5380872367429054E-4,1.5371492522240918E-4
5351,1.5377089101499932E-4,1.5367713859483554E-4
5352,1.5373307662866308E-4,1.5363937020675743E-4
5353,1.536952805021576E-4,1.5360162004508497E-4
5354,1.536575026223748E-4,1.5356388809674112E-4
5355,1.536197429762175E-4,1.5352617434865955E-4
5356,1.5358200155060273E-4,1.5348847878779009E-4
5357,1.5354427833245588E-4,1.5345080140108982E-4
5358,1.5350657330872033E-4,1.5341314217553554E-4
5359,1.5346888646634627E-4,1.533755010981078E-4
5360,1.5343121779229967E-4,1.5333787815580708E-4
5361,1.5339356727355987E-4,1.5330027333564035E-4
5362,1.533559348971149E-4,1.5326268662463195E-4
5363,1.5331832064996928E-4,1.5322511800981313E-4
5364,1.5328072451913555E-4,1.5318756747823332E-4
5365,1.532431464916425E-4,1.5315003501695153E-4
5366,1.532055865545287E-4,1.5311252061303606E-4
5367,1.5316804469484604E-4,1.530750242535718E-4
5368,1.5313052089966018E-4,1.5303754592565542E-4
5369,1.5309301515604407E-4,1.530000856163928E-4
5370,1.53055527451088E-4,1.5296264331290515E-4
5371,1.5301805777189425E-4,1.5292521900232446E-4
5372,1.5298060610557343E-4,1.528878126717965E-4
5373,1.5294317243925372E-4,1.5285042430847716E-4
5374,1.529057567600689E-4,1.5281305389953435E-4
5375,1.528683590551718E-4,1.527757014321506E-4
5376,1.5283097931172287E-4,1.5273836689351722E-4
5377,1.5279361751689677E-4,1.5270105027084016E-4
5378,1.5275627365787749E-4,1.52663751551338E-4
5379,1.527189477218653E-4,1.5262647072223926E-4
5380,1.5268163969607023E-4,1.5258920777078526E-4
5381,1.5264434956771493E-4,1.525519626842304E-4
5382,1.5260707732403414E-4,1.5251473544983948E-4
5383,1.525698229522738E-4,1.5247752605489052E-4
5384,1.5253258643969247E-4,1.524403344866733E-4
5385,1.5249536777356176E-4,1.5240316073248872E-4
5386,1.5245816694116321E-4,1.5236600477965218E-4
5387,1.524209839297934E-4,1.5232886661548738E-4
5388,1.523838187267578E-4,1.522917462273344E-4
5389,1.5234667131937656E-4,1.5225464360254064E-4
5390,1.5230954169497696E-4,1.5221755872846888E-4
5391,1.5227242984090507E-4,1.5218049159249224E-4
5392,1.5223533574451533E-4,1.521434421819953E-4
5393,1.5219825939317286E-4,1.521064104843769E-4
5394,1.5216120077425735E-4,1.5206939648704563E-4
5395,1.521241598751604E-4,1.520324001774228E-4
5396,1.520871366832809E-4,1.5199542154293897E-4
5397,1.5205013118603592E-4,1.5195846057104162E-4
5398,1.5201314337084964E-4,1.519215172491863E-4
5399,1.5197617322515995E-4,1.51884591564842E-4
5400,1.5193922073641802E-4,1.5184768350548836E-4
5401,1.5190228589208538E-4,1.518107930586168E-4
5402,1.5186536867963407E-4,1.5177392021173053E-4
5403,1.5182846908655078E-4,1.5173706495234774E-4
5404,1.5179158710033184E-4,1.5170022726799262E-4
5405,1.5175472270848468E-4,1.5166340714620647E-4
5406,1.5171787589853146E-4,1.5162660457453762E-4
5407,1.516810466580036E-4,1.515898195405506E-4
5408,1.51644234974446E-4,1.5155305203181827E-4
5409,1.5160744083541155E-4,1.515163020359277E-4
5410,1.5157066422847145E-4,1.5147956954047353E-4
5411,1.5153390514120168E-4,1.5144285453306877E-4
5412,1.514971635611942E-4,1.5140615700133054E-4
5413,1.514604394760502E-4,1.5136947693289213E-4
5414,1.5142373287338527E-4,1.5133281431539865E-4
5415,1.5138704374082341E-4,1.5129616913650367E-4
5416,1.5135037206600387E-4,1.5125954138387555E-4
5417,1.513137178365737E-4,1.5122293104519283E-4
5418,1.512770810401934E-4,1.511863381081449E-4
5419,1.5124046166453507E-4,1.5114976256043518E-4
5420,1.512038596972833E-4,1.5111320438977434E-4
5421,1.511672751261319E-4,1.510766635838902E-4
5422,1.511307079387878E-4,1.5104014013051553E-4
5423,1.510941581229692E-4,1.5100363401740138E-4
5424,1.510576256664071E-4,1.5096714523230517E-4
5425,1.5102111055684123E-4,1.5093067376299873E-4
5426,1.509846127820228E-4,1.5089421959726273E-4
5427,1.5094813232971888E-4,1.5085778272289126E-4
5428,1.509116691877029E-4,1.5082136312768925E-4
5429,1.5087522334376207E-4,1.5078496079947297E-4
5430,1.5083879478569546E-4,1.507485757260716E-4
5431,1.5080238350131253E-4,1.5071220789532224E-4
5432,1.5076598947843563E-4,1.5067585729507647E-4
5433,1.507296127048951E-4,1.5063952391319692E-4
5434,1.5069325316853532E-4,1.506032077375551E-4
5435,1.5065691085721408E-4,1.5056690875603747E-4
5436,1.5062058575879592E-4,1.5053062695653767E-4
5437,1.5058427786116005E-4,1.504943623269632E-4
5438,1.5054798715219439E-4,1.5045811485523376E-4
5439,1.5051171361979947E-4,1.5042188452927947E-4
5440,1.5047545725188846E-4,1.5038567133703845E-4
5441,1.504392180363837E-4,1.5034947526646513E-4
5442,1.5040299596122105E-4,1.5031329630552323E-4
5443,1.5036679101434428E-4,1.502771344421869E-4
5444,1.5033060318371126E-4,1.5024098966444146E-4
5445,1.5029443245729177E-4,1.502048619602839E-4
5446,1.502582788230619E-4,1.501687513177243E-4
5447,1.502221422690147E-4,1.5013265772477886E-4
5448,1.5018602278315203E-4,1.5009658116948185E-4
5449,1.5014992035348464E-4,1.5006052163987188E-4
5450,1.501138349680407E-4,1.5002447912400315E-4
5451,1.5007776661485093E-4,1.4998845360994023E-4
5452,1.500417152819648E-4,1.4995244508575681E-4
5453,1.5000568095743924E-4,1.4991645353953996E-4
5454,1.4996966362934382E-4,1.4988047895938707E-4
5455,1.499336632857561E-4,1.4984452133340496E-4
5456,1.498976799147665E-4,1.4980858064971508E-4
5457,1.4986171350448043E-4,1.4977265689644474E-4
5458,1.498257640430072E-4,1.4973675006173929E-4
5459,1.497898315184748E-4,1.4970086013374985E-4
5460,1.4975391591901484E-4,1.4966498710063776E-4
5461,1.4971801723277453E-4,1.4962913095057945E-4
5462,1.496821354479123E-4,1.495932916717604E-4
5463,1.496462705525936E-4,1.495574692523755E-4
5464,1.4961042253499947E-4,1.4952166368063292E-4
5465,1.4957459138331973E-4,1.4948587494475178E-4
5466,1.4953877708575632E-4,1.494501030329591E-4
5467,1.495029796305176E-4,1.4941434793349858E-4
5468,1.4946719900583085E-4,1.493786096346173E-4
5469,1.4943143519992802E-4,1.493428881245795E-4
5470,1.4939568820105376E-4,1.4930718339165817E-4
5471,1.4935995799746348E-4,1.492714954241351E-4
5472,1.493242445774231E-4,1.492358242103044E-4
5473,1.4928854792921068E-4,1.49200169738474E-4
5474,1.4925286804111582E-4,1.49164531996958E-4
5475,1.4921720490143628E-4,1.4912891097408284E-4
5476,1.4918155849848132E-4,1.490933066581892E-4
5477,1.4914592882057253E-4,1.4905771903762465E-4
5478,1.4911031585604294E-4,1.4902214810074695E-4
5479,1.4907471959323235E-4,1.4898659383592492E-4
5480,1.4903914002049388E-4,1.4895105623154303E-4
5481,1.4900357712619298E-4,1.4891553527599167E-4
5482,1.489680308987044E-4,1.4888003095767224E-4
5483,1.489325013264121E-4,1.488445432649972E-4
5484,1.4889698839771253E-4,1.488090721863929E-4
5485,1.4886149210101472E-4,1.4877361771029166E-4
5486,1.488260124247336E-4,1.48738179825138E-4
5487,1.487905493572987E-4,1.487027585193898E-4
5488,1.4875510288714757E-4,1.4866735378151182E-4
5489,1.4871967300273087E-4,1.4863196559998068E-4
5490,1.4868425969250882E-4,1.4859659396328592E-4
5491,1.4864886294495275E-4,1.4856123885992518E-4
5492,1.4861348274854334E-4,1.4852590027840604E-4
5493,1.4857811909177378E-4,1.4849057820724877E-4
5494,1.4854277196314598E-4,1.484552726349831E-4
5495,1.4850744135117344E-4,1.4841998355015132E-4
5496,1.484721272443806E-4,1.4838471094130197E-4
5497,1.4843682963130132E-4,1.4834945479699798E-4
5498,1.484015485004819E-4,1.4831421510581118E-4
5499,1.4836628384047666E-4,1.482789918563264E-4
5500,1.483310356398521E-4,1.482437850371353E-4
5501,1.482958038871853E-4,1.4820859463684016E-4
5502,1.4826058857106376E-4,1.4817342064405844E-4
5503,1.4822538968008465E-4,1.481382630474134E-4
5504,1.4819020720285546E-4,1.4810312183553804E-4
5505,1.481550411279964E-4,1.4806799699708034E-4
5506,1.481198914441365E-4,1.4803288852069775E-4
5507,1.48084758139915E-4,1.4799779639505206E-4
5508,1.4804964120398127E-4,1.4796272060882545E-4
5509,1.480145406249969E-4,1.479276611507014E-4
5510,1.4797945639163132E-4,1.478926180093775E-4
5511,1.479443884925679E-4,1.4785759117356506E-4
5512,1.4790933691649717E-4,1.4782258063198068E-4
5513,1.4787430165212064E-4,1.4778758637335238E-4
5514,1.478392826881515E-4,1.4775260838642104E-4
5515,1.4780428001331334E-4,1.477176466599331E-4
5516,1.4776929361633807E-4,1.4768270118265244E-4
5517,1.4773432348596998E-4,1.4764777194334542E-4
5518,1.4769936961096135E-4,1.4761285893079333E-4
5519,1.4766443198007838E-4,1.4757796213378806E-4
5520,1.47629510582094E-4,1.4754308154112916E-4
5521,1.4759460540579336E-4,1.4750821714162884E-4
5522,1.4755971643997328E-4,1.4747336892410734E-4
5523,1.4752484367343632E-4,1.4743853687739636E-4
5524,1.4748998709499957E-4,1.4740372099033877E-4
5525,1.474551466934869E-4,1.4736892125178673E-4
5526,1.474203224577374E-4,1.4733413765060136E-4
5527,1.4738551437659352E-4,1.4729937017565544E-4
5528,1.4735072243891474E-4,1.4726461881583232E-4
5529,1.4731594663356686E-4,1.4722988356002408E-4
5530,1.472811869494271E-4,1.4719516439713135E-4
5531,1.472464433753798E-4,1.4716046131607184E-4
5532,1.4721171590032547E-4,1.4712577430576687E-4
5533,1.4717700451317005E-4,1.4709110335514857E-4
5534,1.4714230920282942E-4,1.470564484531612E-4
5535,1.4710762995823269E-4,1.4702180958875877E-4
5536,1.4707296676831765E-4,1.4698718675090454E-4
5537,1.4703831962203083E-4,1.4695257992857066E-4
5538,1.4700368850833223E-4,1.4691798911074257E-4
5539,1.4696907341618694E-4,1.4688341428641447E-4
5540,1.4693447433457594E-4,1.468488554445892E-4
5541,1.468998912524852E-4,1.4681431257428047E-4
5542,1.4686532415891115E-4,1.4677978566451274E-4
5543,1.4683077304286648E-4,1.4674527470431934E-4
5544,1.46796237893366E-4,1.4671077968274592E-4
5545,1.467617186994385E-4,1.466763005888431E-4
5546,1.4672721545012254E-4,1.4664183741167663E-4
5547,1.4669272813446594E-4,1.4660739014032067E-4
5548,1.4665825674152683E-4,1.4657295876385732E-4
5549,1.4662380126037388E-4,1.4653854327138216E-4
5550,1.4658936168008234E-4,1.4650414365199684E-4
5551,1.4655493798974444E-4,1.464697598948162E-4
5552,1.4652053017845526E-4,1.4643539198896314E-4
5553,1.4648613823532283E-4,1.4640103992357166E-4
5554,1.4645176214946628E-4,1.4636670368778387E-4
5555,1.464174019100118E-4,1.463323832707534E-4
5556,1.46383057506099E-4,1.4629807866164266E-4
5557,1.4634872892687202E-4,1.4626378984962547E-4
5558,1.4631441616148988E-4,1.4622951682388322E-4
5559,1.4628011919911986E-4,1.461952595736083E-4
5560,1.4624583802893775E-4,1.4616101808800225E-4
5561,1.4621157264013156E-4,1.4612679235627982E-4
5562,1.4617732302189685E-4,1.4609258236766045E-4
5563,1.4614308916344152E-4,1.460583881113759E-4
5564,1.4610887105398067E-4,1.4602420957666906E-4
5565,1.4607466868273966E-4,1.4599004675278814E-4
5566,1.4604048203895582E-4,1.4595589962899678E-4
5567,1.4600631111187358E-4,1.4592176819456411E-4
5568,1.4597215589074824E-4,1.4588765243877074E-4
5569,1.45938016364844E-4,1.458535523509072E-4
5570,1.4590389252343885E-4,1.458194679202722E-4
5571,1.458697843558132E-4,1.4578539913617547E-4
5572,1.4583569185126384E-4,1.4575134598793666E-4
5573,1.4580161499909192E-4,1.457173084648835E-4
5574,1.4576755378861386E-4,1.4568328655635557E-4
5575,1.4573350820915298E-4,1.45649280251701E-4
5576,1.456994782500393E-4,1.4561528954027788E-4
5577,1.4566546390062008E-4,1.4558131441145018E-4
5578,1.4563146515024074E-4,1.4554735485459807E-4
5579,1.4559748198826936E-4,1.4551341085910778E-4
5580,1.4556351440407384E-4,1.4547948241437454E-4
5581,1.4552956238703737E-4,1.4544556950980375E-4
5582,1.45495625926549E-4,1.4541167213481178E-4
5583,1.4546170501200827E-4,1.453777902788233E-4
5584,1.454277996328276E-4,1.4534392393127243E-4
5585,1.4539390977842445E-4,1.453100730816027E-4
5586,1.4536003543822853E-4,1.45276237719269E-4
5587,1.4532617660167736E-4,1.4524241783373264E-4
5588,1.4529233325821962E-4,1.452086134144666E-4
5589,1.4525850539731408E-4,1.4517482445095215E-4
5590,1.4522469300842493E-4,1.4514105093268255E-4
5591,1.4519089608103144E-4,1.451072928491591E-4
5592,1.4515711460461918E-4,1.4507355018989013E-4
5593,1.4512334856868226E-4,1.4503982294439605E-4
5594,1.4508959796272729E-4,1.4500611110220666E-4
5595,1.4505586277626788E-4,1.449724146528608E-4
5596,1.450221429988273E-4,1.449387335859067E-4
5597,1.449884386199405E-4,1.4490506789089993E-4
5598,1.449547496291488E-4,1.4487141755741063E-4
5599,1.449210760160052E-4,1.4483778257501424E-4
5600,1.4488741777007156E-4,1.4480416293329474E-4
5601,1.4485377488091826E-4,1.4477055862184907E-4
5602,1.4482014733812674E-4,1.447369696302817E-4
5603,1.447865351312853E-4,1.4470339594820487E-4
5604,1.447529382499924E-4,1.4466983756524342E-4
5605,1.447193566838601E-4,1.4463629447102955E-4
5606,1.4468579042250254E-4,1.4460276665520356E-4
5607,1.446522394555485E-4,1.4456925410741837E-4
5608,1.4461870377263598E-4,1.4453575681733336E-4
5609,1.4458518336340673E-4,1.4450227477461953E-4
5610,1.4455167821752026E-4,1.4446880796895425E-4
5611,1.445181883246374E-4,1.4443535639002735E-4
5612,1.4448471367443347E-4,1.4440192002753552E-4
5613,1.4445125425659237E-4,1.443684988711836E-4
5614,1.4441781006080544E-4,1.4433509291069156E-4
5615,1.4438438107677314E-4,1.4430170213578127E-4
5616,1.4435096729420736E-4,1.442683265361879E-4
5617,1.4431756870282732E-4,1.4423496610165717E-4
5618,1.442841852923629E-4,1.4420162082193888E-4
5619,1.4425081705255266E-4,1.441682906867962E-4
5620,1.4421746397314268E-4,1.4413497568600172E-4
5621,1.4418412604389044E-4,1.44101675809333E-4
5622,1.4415080325456324E-4,1.4406839104658234E-4
5623,1.4411749559493353E-4,1.4403512138754567E-4
5624,1.4408420305478831E-4,1.4400186682203328E-4
5625,1.4405092562391847E-4,1.439686273398602E-4
5626,1.440176632921282E-4,1.439354029308534E-4
5627,1.439844160492302E-4,1.4390219358484786E-4
5628,1.439511838850428E-4,1.438689992916878E-4
5629,1.4391796678939577E-4,1.4383582004122577E-4
5630,1.4388476475213103E-4,1.438026558233242E-4
5631,1.4385157776309492E-4,1.4376950662785588E-4
5632,1.4381840581214372E-4,1.4373637244469923E-4
5633,1.437852488891438E-4,1.4370325326374457E-4
5634,1.4375210698397122E-4,1.436701490748906E-4
5635,1.4371898008651114E-4,1.4363705986804616E-4
5636,1.4368586818665538E-4,1.43603985633125E-4
5637,1.4365277127430676E-4,1.4357092636005494E-4
5638,1.4361968933937908E-4,1.4353788203876842E-4
5639,1.4358662237178764E-4,1.435048526592128E-4
5640,1.4355357036146665E-4,1.4347183821133668E-4
5641,1.43520533298352E-4,1.434388386851025E-4
5642,1.4348751117239202E-4,1.4340585407048053E-4
5643,1.434545039735416E-4,1.433728843574515E-4
5644,1.4342151169176808E-4,1.4333992953600197E-4
5645,1.4338853431704435E-4,1.433069895961312E-4
5646,1.4335557183935377E-4,1.4327406452784212E-4
5647,1.4332262424868904E-4,1.4324115432115493E-4
5648,1.4328969153505126E-4,1.4320825896608653E-4
5649,1.4325677368844876E-4,1.4317537845267368E-4
5650,1.4322387069890235E-4,1.4314251277096072E-4
5651,1.4319098255643911E-4,1.4310966191099234E-4
5652,1.4315810925109515E-4,1.430768258628312E-4
5653,1.4312525077291502E-4,1.430440046165457E-4
5654,1.4309240711195547E-4,1.4301119816221175E-4
5655,1.430595782582771E-4,1.429784064899149E-4
5656,1.4302676420195308E-4,1.4294562958975176E-4
5657,1.4299396493306648E-4,1.429128674518239E-4
5658,1.4296118044170226E-4,1.4288012006624437E-4
5659,1.4292841071796304E-4,1.4284738742313362E-4
5660,1.4289565575195432E-4,1.4281466951262379E-4
5661,1.4286291553379212E-4,1.4278196632485032E-4
5662,1.4283019005360064E-4,1.427492778499618E-4
5663,1.4279747930151466E-4,1.427166040781139E-4
5664,1.4276478326767533E-4,1.426839449994725E-4
5665,1.4273210194223603E-4,1.4265130060420972E-4
5666,1.4269943531535346E-4,1.4261867088251014E-4
5667,1.4266678337719884E-4,1.4258605582456152E-4
5668,1.4263414611794873E-4,1.4255345542056637E-4
5669,1.4260152352778808E-4,1.4252086966073138E-4
5670,1.4256891559691302E-4,1.4248829853527373E-4
5671,1.4253632231552517E-4,1.424557420344207E-4
5672,1.4250374367383826E-4,1.4242320014840458E-4
5673,1.4247117966207309E-4,1.4239067286747007E-4
5674,1.4243863027045778E-4,1.423581601818669E-4
5675,1.42406095489233E-4,1.4232566208185793E-4
5676,1.4237357530864068E-4,1.4229317855770976E-4
5677,1.4234106971894146E-4,1.4226070959970079E-4
5678,1.423085787103956E-4,1.4222825519811638E-4
5679,1.4227610227327797E-4,1.4219581534325167E-4
5680,1.4224364039786794E-4,1.421633900254097E-4
5681,1.4221119307445665E-4,1.4213097923490225E-4
5682,1.421787602933418E-4,1.4209858296205196E-4
5683,1.4214634204483183E-4,1.4206620119718602E-4
5684,1.4211393831923972E-4,1.4203383393064E-4
5685,1.4208154910689045E-4,1.4200148115276373E-4
5686,1.4204917439811771E-4,1.4196914285390872E-4
5687,1.42016814183262E-4,1.419368190244406E-4
5688,1.4198446845267344E-4,1.4190450965472783E-4
5689,1.4195213719670998E-4,1.418722147351525E-4
5690,1.4191982040573804E-4,1.4183993425610246E-4
5691,1.418875180701342E-4,1.4180766820797613E-4
5692,1.4185523018027938E-4,1.4177541658117902E-4
5693,1.4182295672656863E-4,1.4174317936612251E-4
5694,1.4179069769940125E-4,1.4171095655323188E-4
5695,1.417584530891868E-4,1.4167874813293622E-4
5696,1.4172622288634323E-4,1.4164655409567596E-4
5697,1.4169400708129507E-4,1.4161437443189806E-4
5698,1.4166180566447904E-4,1.415822091320585E-4
5699,1.4162961862633692E-4,1.41550058186623E-4
5700,1.4159744595731947E-4,1.4151792158606318E-4
5701,1.4156528764788833E-4,1.4148579932086105E-4
5702,1.4153314368850915E-4,1.4145369138150607E-4
5703,1.4150101406966076E-4,1.4142159775849754E-4
5704,1.4146889878182764E-4,1.4138951844234126E-4
5705,1.4143679781550172E-4,1.4135745342355014E-4
5706,1.4140471116118517E-4,1.413254026926488E-4
5707,1.4137263880939055E-4,1.4129336624016996E-4
5708,1.4134058075063118E-4,1.412613440566506E-4
5709,1.413085369754389E-4,1.4122933613264089E-4
5710,1.412765074743467E-4,1.411973424586978E-4
5711,1.412444922378976E-4,1.4116536302538347E-4
5712,1.4121249125664305E-4,1.4113339782327163E-4
5713,1.4118050452114364E-4,1.4110144684294603E-4
5714,1.4114853202196732E-4,1.4106951007499224E-4
5715,1.4111657374969106E-4,1.4103758751001134E-4
5716,1.4108462969489996E-4,1.410056791386078E-4
5717,1.4105269984818452E-4,1.4097378495139608E-4
5718,1.4102078420014948E-4,1.4094190493899926E-4
5719,1.4098888274140389E-4,1.409100390920469E-4
5720,1.4095699546256378E-4,1.4087818740117958E-4
5721,1.4092512235425682E-4,1.4084634985704348E-4
5722,1.408932634071159E-4,1.4081452645029288E-4
5723,1.4086141861178406E-4,1.407827171715937E-4
5724,1.4082958795891268E-4,1.4075092201161496E-4
5725,1.4079777143915904E-4,1.407191409610391E-4
5726,1.4076596904319164E-4,1.4068737401055114E-4
5727,1.4073418076168668E-4,1.4065562115085135E-4
5728,1.4070240658532442E-4,1.4062388237264027E-4
5729,1.4067064650479942E-4,1.4059215766663226E-4
5730,1.40638900510809E-4,1.405604470235476E-4
5731,1.4060716859406216E-4,1.4052875043411508E-4
5732,1.4057545074527543E-4,1.404970678890702E-4
5733,1.40543746955172E-4,1.404653993791599E-4
5734,1.4051205721448464E-4,1.4043374489513527E-4
5735,1.4048038151395236E-4,1.4040210442775957E-4
5736,1.4044871984432572E-4,1.4037047796779928E-4
5737,1.404170721963587E-4,1.4033886550603346E-4
5738,1.4038543856081722E-4,1.4030726703324702E-4
5739,1.4035381892847485E-4,1.4027568254023305E-4
5740,1.403222132901114E-4,1.4024411201779392E-4
5741,1.402906216365152E-4,1.4021255545673624E-4
5742,1.4025904395848377E-4,1.4018101284788038E-4
5743,1.402274802468194E-4,1.4014948418205093E-4
5744,1.4019593049233872E-4,1.401179694500809E-4
5745,1.401643946858587E-4,1.400864686428105E-4
5746,1.401328728182129E-4,1.4005498175109012E-4
5747,1.4010136488023427E-4,1.4002350876577893E-4
5748,1.4006987086276918E-4,1.399920496777398E-4
5749,1.4003839075667E-4,1.3996060447784523E-4
5750,1.4000692455279725E-4,1.3992917315698095E-4
5751,1.3997547224201993E-4,1.3989775570603043E-4
5752,1.3994403381521595E-4,1.3986635211589392E-4
5753,1.399126092632684E-4,1.398349623774772E-4
5754,1.3988119857707114E-4,1.3980358648169137E-4
5755,1.3984980174752362E-4,1.3977222441945874E-4
5756,1.3981841876553478E-4,1.397408761817056E-4
5757,1.397870496220203E-4,1.397095417593707E-4
5758,1.3975569430790618E-4,1.3967822114339913E-4
5759,1.397243528141218E-4,1.3964691432474168E-4
5760,1.3969302513160893E-4,1.3961562129435922E-4
5761,1.3966171125131668E-4,1.3958434204321916E-4
5762,1.396304111641986E-4,1.395530765622989E-4
5763,1.3959912486122012E-4,1.3952182484257974E-4
5764,1.3956785233335036E-4,1.3949058687505588E-4
5765,1.3953659357157096E-4,1.3945936265072708E-4
5766,1.3950534856686846E-4,1.3942815216059793E-4
5767,1.3947411731023775E-4,1.3939695539568405E-4
5768,1.394428997926798E-4,1.3936577234701094E-4
5769,1.3941169600520915E-4,1.3933460300560564E-4
5770,1.393805059388414E-4,1.3930344736250836E-4
5771,1.393493295846025E-4,1.392723054087672E-4
5772,1.3931816693352786E-4,1.3924117713543256E-4
5773,1.3928701797665972E-4,1.3921006253356715E-4
5774,1.3925588270504558E-4,1.3917896159424108E-4
5775,1.3922476110974407E-4,1.3914787430853256E-4
5776,1.391936531818203E-4,1.3911680066752555E-4
5777,1.391625589123473E-4,1.3908574066231227E-4
5778,1.3913147829240478E-4,1.390546942839932E-4
5779,1.3910041131308187E-4,1.3902366152367641E-4
5780,1.390693579654731E-4,1.3899264237247731E-4
5781,1.3903831824068293E-4,1.3896163682152019E-4
5782,1.3900729212982325E-4,1.3893064486193604E-4
5783,1.389762796240131E-4,1.3889966648486307E-4
5784,1.3894528071437814E-4,1.388687016814485E-4
5785,1.3891429539205385E-4,1.388377504428439E-4
5786,1.3888332364818298E-4,1.388068127602156E-4
5787,1.3885236547391276E-4,1.3877588862472982E-4
5788,1.3882142086040432E-4,1.387449780275643E-4
5789,1.387904897988198E-4,1.3871408095990183E-4
5790,1.3875957228033092E-4,1.3868319741293822E-4
5791,1.3872866829612186E-4,1.3865232737787203E-4
5792,1.386977778373765E-4,1.3862147084590888E-4
5793,1.3866690089529344E-4,1.3859062780826435E-4
5794,1.3863603746107534E-4,1.3855979825616366E-4
5795,1.3860518752593259E-4,1.3852898218083375E-4
5796,1.3857435108108188E-4,1.3849817957351472E-4
5797,1.3854352811775195E-4,1.3846739042545146E-4
5798,1.3851271862717378E-4,1.3843661472789551E-4
5799,1.3848192260058982E-4,1.3840585247210725E-4
5800,1.3845114002924768E-4,1.383751036493574E-4
5801,1.3842037090440487E-4,1.383443682509189E-4
5802,1.3838961521732456E-4,1.3831364626807393E-4
5803,1.3835887295927596E-4,1.3828293769211614E-4
5804,1.3832814412154085E-4,1.3825224251434037E-4
5805,1.3829742869540408E-4,1.3822156072605487E-4
5806,1.3826672667215965E-4,1.3819089231856987E-4
5807,1.382360380431072E-4,1.3816023728320667E-4
5808,1.3820536279955792E-4,1.3812959561129446E-4
5809,1.3817470093282664E-4,1.3809896729416823E-4
5810,1.3814405243423803E-4,1.3806835232316932E-4
5811,1.3811341729512113E-4,1.3803775068964988E-4
5812,1.3808279550681644E-4,1.3800716238496487E-4
5813,1.3805218706066898E-4,1.3797658740048228E-4
5814,1.380215919480325E-4,1.3794602572757365E-4
5815,1.3799101016026828E-4,1.3791547735761807E-4
5816,1.3796044168874421E-4,1.3788494228200357E-4
5817,1.3792988652483522E-4,1.3785442049212636E-4
5818,1.3789934465992812E-4,1.378239119793856E-4
5819,1.378688160854086E-4,1.377934167351937E-4
5820,1.3783830079267754E-4,1.3776293475096574E-4
5821,1.3780779877314023E-4,1.3773246601812492E-4
5822,1.37777310018208E-4,1.377020105281076E-4
5823,1.3774683451930206E-4,1.3767156827234733E-4
5824,1.377163722678502E-4,1.376411392422928E-4
5825,1.3768592325528607E-4,1.3761072342939848E-4
5826,1.3765548747305087E-4,1.3758032082512305E-4
5827,1.3762506491259667E-4,1.375499314209356E-4
5828,1.3759465556537794E-4,1.375195552083123E-4
5829,1.3756425942286092E-4,1.3748919217873655E-4
5830,1.3753387647651649E-4,1.374588423236978E-4
5831,1.3750350671782176E-4,1.3742850563469347E-4
5832,1.3747315013826498E-4,1.3739818210322822E-4
5833,1.3744280672933773E-4,1.3736787172081448E-4
5834,1.3741247648254228E-4,1.3733757447897092E-4
5835,1.373821593893837E-4,1.373072903692239E-4
5836,1.3735185544138124E-4,1.3727701938310837E-4
5837,1.373215646300538E-4,1.3724676151216506E-4
5838,1.372912869469335E-4,1.3721651674793885E-4
5839,1.3726102238355463E-4,1.3718628508199233E-4
5840,1.3723077093146365E-4,1.3715606650588146E-4
5841,1.3720053258221097E-4,1.3712586101117906E-4
5842,1.3717030732735518E-4,1.3709566858946168E-4
5843,1.3714009515846287E-4,1.370654892323137E-4
5844,1.3710989606710594E-4,1.3703532293132657E-4
5845,1.370797100448659E-4,1.370051696781003E-4
5846,1.3704953708332975E-4,1.3697502946423783E-4
5847,1.3701937717409038E-4,1.3694490228135443E-4
5848,1.3698923030875166E-4,1.3691478812106938E-4
5849,1.3695909647892156E-4,1.368846869750102E-4
5850,1.369289756762165E-4,1.368545988348116E-4
5851,1.368988678922598E-4,1.3682452369211373E-4
5852,1.368687731186811E-4,1.3679446153856578E-4
5853,1.3683869134711909E-4,1.3676441236582605E-4
5854,1.368086225692183E-4,1.3673437616555526E-4
5855,1.3677856677662886E-4,1.367043529294225E-4
5856,1.367485239610116E-4,1.3667434264910653E-4
5857,1.3671849411403127E-4,1.3664434531629154E-4
5858,1.3668847722736149E-4,1.36614360922668E-4
5859,1.366584732926828E-4,1.3658438945993428E-4
5860,1.3662848230168068E-4,1.3655443091979566E-4
5861,1.36598504246053E-4,1.365244852939656E-4
5862,1.3656853911749907E-4,1.3649455257416313E-4
5863,1.3653858690772613E-4,1.364646327521156E-4
5864,1.365086476084524E-4,1.364347258195541E-4
5865,1.3647872121139726E-4,1.3640483176822167E-4
5866,1.364488077082933E-4,1.3637495058986532E-4
5867,1.3641890709087582E-4,1.363450822762401E-4
5868,1.3638901935088794E-4,1.3631522681910584E-4
5869,1.3635914448008205E-4,1.3628538421023352E-4
5870,1.3632928247021424E-4,1.362555544413973E-4
5871,1.362994333130504E-4,1.3622573750438126E-4
5872,1.3626959700036077E-4,1.3619593339097124E-4
5873,1.362397735239262E-4,1.3616614209296937E-4
5874,1.3620996287553032E-4,1.361363636021759E-4
5875,1.3618016504696688E-4,1.3610659791040162E-4
5876,1.3615038003003416E-4,1.3607684500946307E-4
5877,1.3612060781654118E-4,1.3604710489118746E-4
5878,1.3609084839829867E-4,1.3601737754740246E-4
5879,1.3606110176713005E-4,1.3598766296994932E-4
5880,1.3603136791485852E-4,1.3595796115067074E-4
5881,1.360016468333223E-4,1.3592827208142264E-4
5882,1.359719385143615E-4,1.3589859575405955E-4
5883,1.359422429498235E-4,1.358689321604498E-4
5884,1.3591256013156496E-4,1.358392812924641E-4
5885,1.358828900514458E-4,1.3580964314198566E-4
5886,1.3585323270133725E-4,1.357800177008984E-4
5887,1.358235880731121E-4,1.3575040496109509E-4
5888,1.357939561586533E-4,1.357208049144768E-4
5889,1.3576433694985275E-4,1.3569121755295141E-4
5890,1.3573473043860734E-4,1.3566164286843234E-4
5891,1.3570513661681697E-4,1.3563208085283986E-4
5892,1.356755554763925E-4,1.3560253149810087E-4
5893,1.3564598700925327E-4,1.3557299479615158E-4
5894,1.3561643120731906E-4,1.3554347073893236E-4
5895,1.3558688806252436E-4,1.3551395931839092E-4
5896,1.3555735756680463E-4,1.3548446052648273E-4
5897,1.3552783971210321E-4,1.3545497435516867E-4
5898,1.3549833449037348E-4,1.3542550079641782E-4
5899,1.3546884189357094E-4,1.3539603984220547E-4
5900,1.3543936191366183E-4,1.35366591484513E-4
5901,1.354098945426163E-4,1.3533715571532933E-4
5902,1.3538043977241339E-4,1.3530773252664864E-4
5903,1.3535099759503627E-4,1.3527832191047602E-4
5904,1.353215680024789E-4,1.3524892385881758E-4
5905,1.3529215098673778E-4,1.352195383636915E-4
5906,1.3526274653982015E-4,1.3519016541711874E-4
5907,1.3523335465373648E-4,1.3516080501112831E-4
5908,1.3520397532050472E-4,1.3513145713775704E-4
5909,1.3517460853215317E-4,1.351021217890472E-4
5910,1.3514525428071105E-4,1.3507279895704838E-4
5911,1.3511591255821812E-4,1.3504348863381424E-4
5912,1.3508658335671997E-4,1.350141908114112E-4
5913,1.3505726666826807E-4,1.34984905481905E-4
5914,1.3502796248492286E-4,1.3495563263737432E-4
5915,1.3499867079874863E-4,1.349263722699022E-4
5916,1.349693916018172E-4,1.3489712437157563E-4
5917,1.3494012488621035E-4,1.348678889344902E-4
5918,1.349108706440096E-4,1.34838665950752E-4
5919,1.348816288673093E-4,1.3480945541246789E-4
5920,1.34852399548209E-4,1.347802573117538E-4
5921,1.3482318267881409E-4,1.347510716407325E-4
5922,1.347939782512358E-4,1.3472189839153413E-4
5923,1.347647862575935E-4,1.346927375562939E-4
5924,1.3473560669001315E-4,1.346635891271534E-4
5925,1.3470643954062482E-4,1.346344530962627E-4
5926,1.3467728480156857E-4,1.3460532945577675E-4
5927,1.3464814246499118E-4,1.3457621819785688E-4
5928,1.346190125230408E-4,1.345471193146737E-4
5929,1.345898949678785E-4,1.3451803279840234E-4
5930,1.34560789791671E-4,1.3448895864122312E-4
5931,1.345316969865847E-4,1.344598968353241E-4
5932,1.3450261654480194E-4,1.3443084737290223E-4
5933,1.3447354845850674E-4,1.3440181024615883E-4
5934,1.3444449271988941E-4,1.3437278544730063E-4
5935,1.3441544932114776E-4,1.343437729685431E-4
5936,1.343864182544867E-4,1.343147728021072E-4
5937,1.3435739951211717E-4,1.342857849402201E-4
5938,1.3432839308625692E-4,1.3425680937511703E-4
5939,1.3429939896912883E-4,1.3422784609903635E-4
5940,1.3427041715296403E-4,1.341988951042274E-4
5941,1.3424144763000007E-4,1.341699563829432E-4
5942,1.34212490392479E-4,1.341410299274427E-4
5943,1.3418354543265142E-4,1.341121157299944E-4
5944,1.3415461274277385E-4,1.340832137828696E-4
5945,1.341256923151098E-4,1.3405432407834886E-4
5946,1.3409678414192736E-4,1.3402544660871813E-4
5947,1.340678882155029E-4,1.339965813662674E-4
5948,1.3403900452811944E-4,1.3396772834329998E-4
5949,1.3401013307206487E-4,1.3393888753211717E-4
5950,1.3398127383963427E-4,1.3391005892503374E-4
5951,1.33952426823131E-4,1.3388124251436355E-4
5952,1.3392359201486013E-4,1.338524382924363E-4
5953,1.3389476940713784E-4,1.3382364625157855E-4
5954,1.338659589922865E-4,1.3379486638412995E-4
5955,1.3383716076263114E-4,1.3376609868243446E-4
5956,1.3380837471050553E-4,1.33737343138841E-4
5957,1.3377960082825162E-4,1.3370859974570494E-4
5958,1.3375083910821358E-4,1.3367986849539324E-4
5959,1.3372208954274701E-4,1.3365114938027072E-4
5960,1.336933521242082E-4,1.336224423927156E-4
5961,1.3366462684496577E-4,1.3359374752510916E-4
5962,1.3363591369738924E-4,1.3356506476983916E-4
5963,1.3360721267385864E-4,1.3353639411929998E-4
5964,1.3357852376675723E-4,1.3350773556589516E-4
5965,1.335498469684761E-4,1.3347908910202845E-4
5966,1.335211822714163E-4,1.334504547201153E-4
5967,1.3349252966797758E-4,1.3342183241257541E-4
5968,1.3346388915057E-4,1.333932221718357E-4
5969,1.3343526071161213E-4,1.3336462399032753E-4
5970,1.3340664434352404E-4,1.3333603786049015E-4
5971,1.3337804003873749E-4,1.333074637747697E-4
5972,1.333494477896871E-4,1.332789017256159E-4
5973,1.3332086758881424E-4,1.33250351705487E-4
5974,1.3329229942856617E-4,1.3322181370684793E-4
5975,1.3326374330139697E-4,1.331932877221673E-4
5976,1.3323519919976654E-4,1.3316477374392257E-4
5977,1.3320666711614339E-4,1.3313627176459537E-4
5978,1.3317814704299965E-4,1.3310778177667862E-4
5979,1.3314963897281357E-4,1.3307930377266238E-4
5980,1.3312114289807292E-4,1.330508377450493E-4
5981,1.3309265881126638E-4,1.3302238368634875E-4
5982,1.3306418670489393E-4,1.3299394158907454E-4
5983,1.3303572657145918E-4,1.3296551144574578E-4
5984,1.3300727840347343E-4,1.3293709324888812E-4
5985,1.3297884219345128E-4,1.3290868699103448E-4
5986,1.329504179339163E-4,1.3288029266472464E-4
5987,1.3292200561739847E-4,1.3285191026250265E-4
5988,1.328936052364319E-4,1.3282353977691935E-4
5989,1.32865216783559E-4,1.3279518120053174E-4
5990,1.328368402513254E-4,1.3276683452590453E-4
5991,1.3280847563228716E-4,1.3273849974560606E-4
5992,1.327801229190033E-4,1.327101768522127E-4
5993,1.3275178210403953E-4,1.326818658383057E-4
5994,1.327234531799673E-4,1.326535666964739E-4
5995,1.3269513613936769E-4,1.3262527941930961E-4
5996,1.3266683097482262E-4,1.3259700399941447E-4
5997,1.326385376789243E-4,1.325687404293957E-4
5998,1.3261025624426817E-4,1.3254048870186384E-4
5999,1.3258198666345788E-4,1.3251224880943832E-4
6000,1.3255372892910275E-4,1.3248402074474442E-4
6001,1.32525483033818E-4,1.3245580450041232E-4
6002,1.3249724897022486E-4,1.324276000690786E-4
6003,1.3246902673095E-4,1.323994074433865E-4
6004,1.3244081630862627E-4,1.323712266159837E-4
6005,1.3241261769589543E-4,1.323430575795288E-4
6006,1.323844308854015E-4,1.3231490032668004E-4
6007,1.3235625586979647E-4,1.3228675485010594E-4
6008,1.3232809264173822E-4,1.322586211424804E-4
6009,1.322999411938906E-4,1.322304991964806E-4
6010,1.3227180151892441E-4,1.322023890047929E-4
6011,1.32243673609513E-4,1.3217429056010884E-4
6012,1.3221555745834054E-4,1.321462038551259E-4
6013,1.3218745305809443E-4,1.321181288825479E-4
6014,1.321593604014697E-4,1.3209006563508262E-4
6015,1.3213127948116487E-4,1.3206201410544873E-4
6016,1.3210321028988604E-4,1.3203397428636373E-4
6017,1.3207515282034665E-4,1.320059461705585E-4
6018,1.320471070652629E-4,1.3197792975076423E-4
6019,1.3201907301736205E-4,1.319499250197226E-4
6020,1.3199105066937075E-4,1.3192193197017664E-4
6021,1.3196304001402662E-4,1.318939505948792E-4
6022,1.3193504104407278E-4,1.3186598088658745E-4
6023,1.319070537522557E-4,1.3183802283806483E-4
6024,1.3187907813132983E-4,1.318100764420797E-4
6025,1.3185111417405597E-4,1.317821416914092E-4
6026,1.3182316187319864E-4,1.3175421857883294E-4
6027,1.3179522122153028E-4,1.3172630709713725E-4
6028,1.3176729221182966E-4,1.316984072391177E-4
6029,1.3173937483688E-4,1.316705189975717E-4
6030,1.3171146908947076E-4,1.3164264236530479E-4
6031,1.3168357496239687E-4,1.3161477733512688E-4
6032,1.3165569244846163E-4,1.3158692389985424E-4
6033,1.3162782154047022E-4,1.3155908205231213E-4
6034,1.31599962231239E-4,1.3153125178532452E-4
6035,1.3157211451358467E-4,1.3150343309173128E-4
6036,1.3154427838033418E-4,1.3147562596436897E-4
6037,1.3151645382431694E-4,1.314478303960845E-4
6038,1.3148864083837097E-4,1.3142004637972974E-4
6039,1.3146083941533912E-4,1.313922739081636E-4
6040,1.3143304954807024E-4,1.3136451297424985E-4
6041,1.3140527122941742E-4,1.3133676357085576E-4
6042,1.313775044522445E-4,1.3130902569085862E-4
6043,1.313497492094139E-4,1.312812993271403E-4
6044,1.313220054938008E-4,1.312535844725855E-4
6045,1.3129427329828074E-4,1.312258811200908E-4
6046,1.3126655261573927E-4,1.3119818926255112E-4
6047,1.3123884343906508E-4,1.3117050889287343E-4
6048,1.312111457611536E-4,1.3114284000396786E-4
6049,1.3118345957490813E-4,1.3111518258874957E-4
6050,1.3115578487323275E-4,1.310875366401408E-4
6051,1.311281216490424E-4,1.310599021510698E-4
6052,1.3110046989525543E-4,1.3103227911447028E-4
6053,1.3107282960479654E-4,1.3100466752328127E-4
6054,1.3104520077059475E-4,1.309770673704485E-4
6055,1.3101758338558714E-4,1.30949478648921E-4
6056,1.3098997744271742E-4,1.3092190135165796E-4
6057,1.3096238293492946E-4,1.3089433547161937E-4
6058,1.3093479985517957E-4,1.3086678100177404E-4
6059,1.3090722819642436E-4,1.3083923793509746E-4
6060,1.308796679516314E-4,1.3081170626456774E-4
6061,1.3085211911377075E-4,1.307841859831693E-4
6062,1.3082458167581722E-4,1.3075667708389518E-4
6063,1.3079705563075455E-4,1.3072917955974224E-4
6064,1.307695409715707E-4,1.307016934037133E-4
6065,1.3074203769125847E-4,1.3067421860881335E-4
6066,1.307145457828179E-4,1.3064675516805796E-4
6067,1.3068706523925168E-4,1.3061930307446928E-4
6068,1.30659596053574E-4,1.305918623210713E-4
6069,1.306321382187996E-4,1.3056443290089274E-4
6070,1.3060469172795067E-4,1.3053701480697248E-4
6071,1.3057725657405694E-4,1.30509608032353E-4
6072,1.3054983275014774E-4,1.3048221257008145E-4
6073,1.3052242024926564E-4,1.3045482841321304E-4
6074,1.3049501906445407E-4,1.3042745555480432E-4
6075,1.3046762918876556E-4,1.3040009398792326E-4
6076,1.3044025061525314E-4,1.3037274370564006E-4
6077,1.3041288333698139E-4,1.3034540470102792E-4
6078,1.3038552734701673E-4,1.3031807696717337E-4
6079,1.3035818263843222E-4,1.3029076049716107E-4
6080,1.3033084920430693E-4,1.3026345528408418E-4
6081,1.3030352703772565E-4,1.302361613210427E-4
6082,1.3027621613177664E-4,1.3020887860114007E-4
6083,1.3024891647955722E-4,1.3018160711748795E-4
6084,1.3022162807416882E-4,1.3015434686320114E-4
6085,1.3019435090871767E-4,1.3012709783139921E-4
6086,1.3016708497631612E-4,1.3009986001521E-4
6087,1.3013983027008286E-4,1.3007263340776784E-4
6088,1.3011258678314127E-4,1.3004541800220795E-4
6089,1.300853545086208E-4,1.3001821379167517E-4
6090,1.3005813343965574E-4,1.2999102076931938E-4
6091,1.3003092356938666E-4,1.2996383892829419E-4
6092,1.3000372489096042E-4,1.2993666826176034E-4
6093,1.2997653739752895E-4,1.299095087628833E-4
6094,1.299493610822471E-4,1.2988236042483367E-4
6095,1.2992219593827917E-4,1.298552232407899E-4
6096,1.2989504195879393E-4,1.2982809720393326E-4
6097,1.298678991369632E-4,1.298009823074524E-4
6098,1.2984076746596924E-4,1.2977387854454052E-4
6099,1.2981364693899424E-4,1.2974678590839636E-4
6100,1.29786537549229E-4,1.2971970439222476E-4
6101,1.2975943928987066E-4,1.2969263398923531E-4
6102,1.297323521541187E-4,1.2966557469264357E-4
6103,1.2970527613518176E-4,1.2963852649567037E-4
6104,1.2967821122627184E-4,1.2961148939154337E-4
6105,1.2965115742060674E-4,1.2958446337349333E-4
6106,1.2962411471140943E-4,1.2955744843475751E-4
6107,1.295970830919094E-4,1.2953044456858013E-4
6108,1.295700625553404E-4,1.2950345176820867E-4
6109,1.2954305309494254E-4,1.2947647002689488E-4
6110,1.2951605470396058E-4,1.2944949933790237E-4
6111,1.2948906737564732E-4,1.2942253969449344E-4
6112,1.2946209110325735E-4,1.2939559108993828E-4
6113,1.2943512588005243E-4,1.2936865351751174E-4
6114,1.2940817169929927E-4,1.293417269704976E-4
6115,1.2938122855427265E-4,1.2931481144217932E-4
6116,1.293542964382473E-4,1.2928790692585235E-4
6117,1.2932737534450926E-4,1.292610134148095E-4
6118,1.2930046526634615E-4,1.2923413090235687E-4
6119,1.292735661970537E-4,1.292072593818016E-4
6120,1.2924667812992988E-4,1.2918039884645717E-4
6121,1.2921980105828136E-4,1.2915354928964072E-4
6122,1.2919293497541657E-4,1.291267107046809E-4
6123,1.2916607987465347E-4,1.290998830849042E-4
6124,1.291392357493125E-4,1.2907306642364596E-4
6125,1.2911240259272074E-4,1.2904626071424838E-4
6126,1.2908558039820836E-4,1.290194659500546E-4
6127,1.2905876915911605E-4,1.2899268212441799E-4
6128,1.2903196886878435E-4,1.2896590923069403E-4
6129,1.2900517952056268E-4,1.2893914726224383E-4
6130,1.2897840110780392E-4,1.289123962124389E-4
6131,1.2895163362386782E-4,1.2888565607464732E-4
6132,1.2892487706211636E-4,1.288589268422473E-4
6133,1.2889813141592226E-4,1.2883220850862386E-4
6134,1.2887139667865915E-4,1.2880550106716688E-4
6135,1.2884467284370648E-4,1.2877880451126595E-4
6136,1.2881795990445116E-4,1.2875211883432366E-4
6137,1.2879125785428253E-4,1.2872544402974426E-4
6138,1.2876456668659843E-4,1.286987800909371E-4
6139,1.287378863948E-4,1.2867212701131694E-4
6140,1.2871121697229446E-4,1.286454847843029E-4
6141,1.286845584124924E-4,1.28618853403324E-4
6142,1.2865791070881347E-4,1.2859223286180917E-4
6143,1.2863127385467904E-4,1.2856562315319606E-4
6144,1.286046478435178E-4,1.285390242709234E-4
6145,1.285780326687624E-4,1.2851243620844128E-4
6146,1.2855142832385145E-4,1.2848585895919946E-4
6147,1.285248348022306E-4,1.284592925166558E-4
6148,1.2849825209734596E-4,1.2843273687427467E-4
6149,1.28471680202654E-4,1.2840619202552123E-4
6150,1.2844511911161473E-4,1.2837965796387042E-4
6151,1.284185688176912E-4,1.283531346828001E-4
6152,1.2839202931435586E-4,1.2832662217579326E-4
6153,1.2836550059508347E-4,1.2830012043633983E-4
6154,1.283389826533528E-4,1.282736294579335E-4
6155,1.2831247548265162E-4,1.2824714923407237E-4
6156,1.2828597907647144E-4,1.2822067975826147E-4
6157,1.2825949342830685E-4,1.2819422102401087E-4
6158,1.2823301853165874E-4,1.281677730248343E-4
6159,1.282065543800361E-4,1.2814133575425422E-4
6160,1.2818010096694987E-4,1.2811490920579293E-4
6161,1.281536582859172E-4,1.2808849337298198E-4
6162,1.2812722633046033E-4,1.280620882493573E-4
6163,1.281008050941068E-4,1.280356938284582E-4
6164,1.280743945703901E-4,1.280093101038327E-4
6165,1.2804799475284564E-4,1.279829370690306E-4
6166,1.2802160563501854E-4,1.279565747176089E-4
6167,1.2799522721045726E-4,1.279302230431279E-4
6168,1.279688594727139E-4,1.2790388203915535E-4
6169,1.2794250241534723E-4,1.2787755169926189E-4
6170,1.2791615603192168E-4,1.2785123201702447E-4
6171,1.278898203160058E-4,1.2782492298602497E-4
6172,1.2786349526117195E-4,1.2779862459985167E-4
6173,1.2783718086100218E-4,1.2777233685209495E-4
6174,1.278108771090782E-4,1.2774605973635438E-4
6175,1.277845839989902E-4,1.2771979324623054E-4
6176,1.2775830152433296E-4,1.2769353737533093E-4
6177,1.2773202967870532E-4,1.2766729211726965E-4
6178,1.2770576845571327E-4,1.276410574656631E-4
6179,1.2767951784896497E-4,1.2761483341413446E-4
6180,1.2765327785207645E-4,1.2758861995631197E-4
6181,1.2762704845866623E-4,1.2756241708582764E-4
6182,1.2760082966236107E-4,1.275362247963195E-4
6183,1.2757462145679014E-4,1.275100430814327E-4
6184,1.2754842383558946E-4,1.2748387193481367E-4
6185,1.2752223679239884E-4,1.274577113501165E-4
6186,1.274960603208623E-4,1.274315613209993E-4
6187,1.2746989441463365E-4,1.2740542184112467E-4
6188,1.274437390673656E-4,1.27379292904162E-4
6189,1.2741759427271925E-4,1.2735317450378406E-4
6190,1.273914600243593E-4,1.2732706663366912E-4
6191,1.2736533631595902E-4,1.2730096928750196E-4
6192,1.2733922314119248E-4,1.2727488245897056E-4
6193,1.2731312049373998E-4,1.2724880614176762E-4
6194,1.2728702836728816E-4,1.2722274032959388E-4
6195,1.2726094675552857E-4,1.271966850161512E-4
6196,1.2723487565215413E-4,1.2717064019514797E-4
6197,1.2720881505086796E-4,1.2714460586029768E-4
6198,1.2718276494537556E-4,1.271185820053207E-4
6199,1.2715672532938766E-4,1.2709256862393896E-4
6200,1.2713069619661897E-4,1.2706656570988164E-4
6201,1.2710467754079277E-4,1.2704057325688264E-4
6202,1.2707866935563212E-4,1.2701459125867982E-4
6203,1.2705267163486917E-4,1.2698861970901712E-4
6204,1.270266843722397E-4,1.2696265860164305E-4
6205,1.270007075614844E-4,1.2693670793031085E-4
6206,1.2697474119634884E-4,1.269107676887773E-4
6207,1.2694878527058366E-4,1.2688483787080942E-4
6208,1.2692283977794436E-4,1.2685891847017276E-4
6209,1.268969047121908E-4,1.2683300948064264E-4
6210,1.2687098006709146E-4,1.2680711089599388E-4
6211,1.2684506583641355E-4,1.267812227100123E-4
6212,1.2681916201393508E-4,1.2675534491648542E-4
6213,1.267932685934342E-4,1.2672947750920542E-4
6214,1.2676738556869626E-4,1.2670362048197232E-4
6215,1.2674151293351284E-4,1.266777738285868E-4
6216,1.2671565068167917E-4,1.2665193754285583E-4
6217,1.2668979880699395E-4,1.266261116185944E-4
6218,1.2666395730326357E-4,1.266002960496194E-4
6219,1.266381261642981E-4,1.2657449082975196E-4
6220,1.266123053839085E-4,1.2654869595282026E-4
6221,1.2658649495591982E-4,1.2652291141265605E-4
6222,1.2656069487415237E-4,1.2649713720309743E-4
6223,1.26534905132439E-4,1.2647137331798475E-4
6224,1.2650912572461208E-4,1.2644561975116655E-4
6225,1.264833566445114E-4,1.2641987649649378E-4
6226,1.2645759788598E-4,1.263941435478215E-4
6227,1.264318494428677E-4,1.2636842089901382E-4
6228,1.2640611130902945E-4,1.2634270854393546E-4
6229,1.2638038347832155E-4,1.2631700647645715E-4
6230,1.263546659446089E-4,1.2629131469045393E-4
6231,1.2632895870176076E-4,1.2626563317980896E-4
6232,1.2630326174364913E-4,1.2623996193840658E-4
6233,1.26277575064151E-4,1.2621430096013738E-4
6234,1.2625189865715045E-4,1.2618865023889675E-4
6235,1.2622623251653603E-4,1.2616300976858307E-4
6236,1.2620057663619794E-4,1.26137379543104E-4
6237,1.2617493101003654E-4,1.261117595563666E-4
6238,1.2614929563195171E-4,1.2608614980228706E-4
6239,1.2612367049585126E-4,1.2606055027478404E-4
6240,1.2609805559564844E-4,1.2603496096778237E-4
6241,1.2607245092525668E-4,1.2600938187521E-4
6242,1.2604685647860063E-4,1.259838129910004E-4
6243,1.260212722496036E-4,1.2595825430909306E-4
6244,1.259956982321981E-4,1.2593270582342977E-4
6245,1.2597013442031978E-4,1.25907167527959E-4
6246,1.2594458080790862E-4,1.2588163941663468E-4
6247,1.2591903738891133E-4,1.2585612148341213E-4
6248,1.2589350415727755E-4,1.258306137222551E-4
6249,1.2586798110696023E-4,1.258051161271314E-4
6250,1.2584246823192126E-4,1.257796286920101E-4
6251,1.2581696552612282E-4,1.2575415141086895E-4
6252,1.257914729835363E-4,1.257286842776913E-4
6253,1.257659905981339E-4,1.2570322728645985E-4
6254,1.2574051836389564E-4,1.2567778043116602E-4
6255,1.2571505627480254E-4,1.2565234370580605E-4
6256,1.256896043248449E-4,1.256269171043815E-4
6257,1.2566416250801474E-4,1.2560150062089346E-4
6258,1.2563873081830932E-4,1.2557609424935584E-4
6259,1.256133092497319E-4,1.2555069798377797E-4
6260,1.2558789779628643E-4,1.2552531181818336E-4
6261,1.2556249645198902E-4,1.2549993574659314E-4
6262,1.2553710521085256E-4,1.2547456976303676E-4
6263,1.2551172406689845E-4,1.2544921386154582E-4
6264,1.254863530141552E-4,1.2542386803615911E-4
6265,1.254609920466494E-4,1.2539853228091927E-4
6266,1.2543564115841805E-4,1.253732065898733E-4
6267,1.2541030034350192E-4,1.2534789095707157E-4
6268,1.2538496959594333E-4,1.2532258537657212E-4
6269,1.253596489097929E-4,1.2529728984243617E-4
6270,1.2533433827910455E-4,1.2527200434872814E-4
6271,1.253090376979352E-4,1.2524672888951873E-4
6272,1.2528374716034993E-4,1.2522146345888215E-4
6273,1.2525846666041558E-4,1.251962080508999E-4
6274,1.2523319619220334E-4,1.2517096265965617E-4
6275,1.2520793574979244E-4,1.2514572727923806E-4
6276,1.2518268532726292E-4,1.251205019037398E-4
6277,1.2515744491870199E-4,1.250952865272605E-4
6278,1.251322145182009E-4,1.2507008114390208E-4
6279,1.2510699411985397E-4,1.250448857477719E-4
6280,1.2508178371776324E-4,1.250197003329826E-4
6281,1.250565833060321E-4,1.2499452489365067E-4
6282,1.2503139287877E-4,1.2496935942389755E-4
6283,1.2500621243009255E-4,1.249442039178475E-4
6284,1.2498104195411689E-4,1.249190583696327E-4
6285,1.2495588144496603E-4,1.2489392277338803E-4
6286,1.2493073089676933E-4,1.248687971232507E-4
6287,1.2490559030365757E-4,1.2484368141336727E-4
6288,1.248804596597687E-4,1.2481857563788554E-4
6289,1.2485533895924348E-4,1.2479347979095913E-4
6290,1.2483022819623E-4,1.2476839386674747E-4
6291,1.2480512736487724E-4,1.2474331785940993E-4
6292,1.2478003645934206E-4,1.2471825176311462E-4
6293,1.247549554737815E-4,1.24693195572034E-4
6294,1.2472988440236327E-4,1.246681492803437E-4
6295,1.2470482323925447E-4,1.2464311288222366E-4
6296,1.2467977197862853E-4,1.2461808637185997E-4
6297,1.2465473061466615E-4,1.245930697434417E-4
6298,1.246296991415465E-4,1.2456806299116172E-4
6299,1.2460467755345827E-4,1.245430661092232E-4
6300,1.2457966584459267E-4,1.245180790918237E-4
6301,1.2455466400914728E-4,1.2449310193317576E-4
6302,1.2452967204132202E-4,1.2446813462748936E-4
6303,1.2450468993532147E-4,1.2444317716898176E-4
6304,1.2447971768535674E-4,1.2441822955187336E-4
6305,1.244547552856401E-4,1.2439329177039047E-4
6306,1.2442980273039348E-4,1.2436836381876472E-4
6307,1.2440486001383835E-4,1.243434456912298E-4
6308,1.2437992713020254E-4,1.2431853738202546E-4
6309,1.2435500407371636E-4,1.2429363888539498E-4
6310,1.2433009083862053E-4,1.2426875019558485E-4
6311,1.2430518741915264E-4,1.2424387130685125E-4
6312,1.2428029380956099E-4,1.2421900221344854E-4
6313,1.242554100040961E-4,1.2419414290964028E-4
6314,1.2423053599701042E-4,1.241692933896913E-4
6315,1.242056717825648E-4,1.2414445364787255E-4
6316,1.2418081735502177E-4,1.241196236784606E-4
6317,1.2415597270864915E-4,1.240948034757323E-4
6318,1.2413113783772255E-4,1.2406999303397163E-4
6319,1.2410631273651496E-4,1.2404519234746942E-4
6320,1.2408149739930914E-4,1.2402040141051694E-4
6321,1.240566918203933E-4,1.2399562021741135E-4
6322,1.2403189599405456E-4,1.239708487624526E-4
6323,1.2400710991458913E-4,1.2394608703995076E-4
6324,1.2398233357629573E-4,1.2392133504421325E-4
6325,1.2395756697347753E-4,1.2389659276955438E-4
6326,1.2393281010044356E-4,1.2387186021029688E-4
6327,1.239080629515061E-4,1.2384713736076077E-4
6328,1.23883325520982E-4,1.2382242421527567E-4
6329,1.2385859780319084E-4,1.2379772076817492E-4
6330,1.238338797924605E-4,1.2377302701379402E-4
6331,1.2380917148312025E-4,1.2374834294647395E-4
6332,1.2378447286950407E-4,1.2372366856056217E-4
6333,1.237597839459505E-4,1.236990038504067E-4
6334,1.2373510470680457E-4,1.2367434881036332E-4
6335,1.2371043514641285E-4,1.2364970343479103E-4
6336,1.236857752591269E-4,1.2362506771805177E-4
6337,1.2366112503930314E-4,1.236004416545131E-4
6338,1.2363648448130164E-4,1.2357582523854884E-4
6339,1.2361185357948903E-4,1.2355121846453141E-4
6340,1.2358723232823373E-4,1.2352662132684452E-4
6341,1.2356262072190995E-4,1.235020338198724E-4
6342,1.2353801875489504E-4,1.2347745593800457E-4
6343,1.235134264215735E-4,1.2345288767563238E-4
6344,1.2348884371632933E-4,1.234283290271565E-4
6345,1.2346427063355641E-4,1.2340377998697893E-4
6346,1.2343970716764812E-4,1.2337924054950408E-4
6347,1.2341515331300586E-4,1.233547107091455E-4
6348,1.233906090640318E-4,1.2333019046031627E-4
6349,1.233660744151361E-4,1.2330567979743583E-4
6350,1.2334154936073218E-4,1.2328117871492967E-4
6351,1.2331703389523502E-4,1.2325668720722507E-4
6352,1.232925280130672E-4,1.2323220526875444E-4
6353,1.2326803170865531E-4,1.2320773289395395E-4
6354,1.232435449764273E-4,1.2318327007726517E-4
6355,1.2321906781081993E-4,1.2315881681313354E-4
6356,1.2319460020626907E-4,1.2313437309600944E-4
6357,1.2317014215722108E-4,1.231099389203451E-4
6358,1.2314569365811992E-4,1.2308551428059843E-4
6359,1.2312125470341902E-4,1.2306109917123372E-4
6360,1.2309682528757412E-4,1.230366935867168E-4
6361,1.2307240540504198E-4,1.2301229752151657E-4
6362,1.2304799505029253E-4,1.229879109701122E-4
6363,1.2302359421778917E-4,1.2296353392697942E-4
6364,1.2299920290200853E-4,1.2293916638660406E-4
6365,1.229748210974254E-4,1.229148083434747E-4
6366,1.2295044879852103E-4,1.2289045979208037E-4
6367,1.2292608599978304E-4,1.2286612072691887E-4
6368,1.2290173269569767E-4,1.228417911424923E-4
6369,1.228773888807628E-4,1.228174710333054E-4
6370,1.2285305454947602E-4,1.2279316039386605E-4
6371,1.2282872969633765E-4,1.2276885921868783E-4
6372,1.228044143158573E-4,1.2274456750228832E-4
6373,1.2278010840254244E-4,1.2272028523918895E-4
6374,1.2275581195091191E-4,1.2269601242391538E-4
6375,1.2273152495548365E-4,1.2267174905100038E-4
6376,1.2270724741078048E-4,1.226474951149761E-4
6377,1.2268297931133064E-4,1.2262325061037995E-4
6378,1.226587206516673E-4,1.2259901553175848E-4
6379,1.2263447142632565E-4,1.2257478987365476E-4
6380,1.2261023162984572E-4,1.2255057363062176E-4
6381,1.2258600125677387E-4,1.2252636679721456E-4
6382,1.2256178030165687E-4,1.2250216936799353E-4
6383,1.2253756875904993E-4,1.2247798133751983E-4
6384,1.2251336662350815E-4,1.2245380270036425E-4
6385,1.2248917388959325E-4,1.2242963345109704E-4
6386,1.2246499055187205E-4,1.2240547358429376E-4
6387,1.2244081660491246E-4,1.223813230945382E-4
6388,1.2241665204328935E-4,1.2235718197640966E-4
6389,1.2239249686158159E-4,1.223330502245016E-4
6390,1.2236835105437072E-4,1.2230892783340357E-4
6391,1.2234421461624226E-4,1.222848147977133E-4
6392,1.223200875417861E-4,1.222607111120331E-4
6393,1.2229596982559895E-4,1.2223661677096718E-4
6394,1.2227186146227917E-4,1.2221253176912376E-4
6395,1.2224776244642788E-4,1.2218845610111867E-4
6396,1.222236727726542E-4,1.221643897615666E-4
6397,1.22199592435567E-4,1.2214033274509202E-4
6398,1.2217552142978363E-4,1.2211628504631863E-4
6399,1.2215145974992417E-4,1.2209224665987907E-4
6400,1.221274073906093E-4,1.2206821758040297E-4
6401,1.2210336434646858E-4,1.2204419780253192E-4
6402,1.2207933061213295E-4,1.2202018732090727E-4
6403,1.220553061822381E-4,1.2199618613017479E-4
6404,1.2203129105142466E-4,1.2197219422498549E-4
6405,1.2200728521433804E-4,1.2194821159999326E-4
6406,1.2198328866562363E-4,1.219242382498574E-4
6407,1.2195930139993398E-4,1.219002741692402E-4
6408,1.2193532341192664E-4,1.2187631935280887E-4
6409,1.2191135469626157E-4,1.2185237379523246E-4
6410,1.2188739524760254E-4,1.2182843749118819E-4
6411,1.2186344506062049E-4,1.2180451043535275E-4
6412,1.2183950412998542E-4,1.2178059262241104E-4
6413,1.2181557245037466E-4,1.2175668404704984E-4
6414,1.2179165001646924E-4,1.217327847039587E-4
6415,1.217677368229544E-4,1.2170889458783372E-4
6416,1.217438328645179E-4,1.216850136933743E-4
6417,1.2171993813585275E-4,1.2166114201528283E-4
6418,1.216960526316576E-4,1.2163727954826815E-4
6419,1.2167217634663088E-4,1.2161342628703913E-4
6420,1.2164830927547974E-4,1.2158958222631278E-4
6421,1.2162445141291158E-4,1.2156574736080908E-4
6422,1.2160060275364058E-4,1.2154192168525052E-4
6423,1.2157676329238419E-4,1.2151810519436416E-4
6424,1.2155293302386153E-4,1.2149429788288222E-4
6425,1.2152911194280104E-4,1.2147049974553848E-4
6426,1.2150530004392803E-4,1.2144671077707462E-4
6427,1.2148149732197971E-4,1.2142293097223111E-4
6428,1.2145770377168958E-4,1.213991603257577E-4
6429,1.2143391938780078E-4,1.2137539883240537E-4
6430,1.2141014416505863E-4,1.2135164648692943E-4
6431,1.2138637809821224E-4,1.2132790328408966E-4
6432,1.213626211820137E-4,1.2130416921864802E-4
6433,1.2133887341122039E-4,1.212804442853732E-4
6434,1.2131513478059441E-4,1.2125672847903567E-4
6435,1.2129140528490076E-4,1.2123302179441077E-4
6436,1.2126768491890777E-4,1.2120932422627774E-4
6437,1.2124397367738963E-4,1.2118563576942087E-4
6438,1.2122027155512236E-4,1.2116195641862679E-4
6439,1.2119657854688757E-4,1.211382861686862E-4
6440,1.2117289464747054E-4,1.2111462501439514E-4
6441,1.2114921985165945E-4,1.2109097295055052E-4
6442,1.2112555415424786E-4,1.210673299719578E-4
6443,1.2110189755003192E-4,1.2104369607342276E-4
6444,1.2107825003381265E-4,1.2102007124975686E-4
6445,1.2105461160039569E-4,1.2099645549577305E-4
6446,1.2103098224458825E-4,1.2097284880629178E-4
6447,1.2100736196120503E-4,1.2094925117613628E-4
6448,1.2098375074506036E-4,1.209256626001307E-4
6449,1.2096014859097596E-4,1.2090208307310879E-4
6450,1.2093655549377619E-4,1.2087851258990267E-4
6451,1.2091297144828944E-4,1.2085495114535176E-4
6452,1.2088939644934701E-4,1.208313987342967E-4
6453,1.2086583049178648E-4,1.2080785535158608E-4
6454,1.2084227357044696E-4,1.2078432099206763E-4
6455,1.2081872568017275E-4,1.2076079565059616E-4
6456,1.207951868158108E-4,1.2073727932202877E-4
6457,1.2077165697221498E-4,1.207137720012304E-4
6458,1.2074813614423909E-4,1.206902736830628E-4
6459,1.2072462432674435E-4,1.206667843623965E-4
6460,1.207011215145922E-4,1.206433040341067E-4
6461,1.2067762770265131E-4,1.2061983269306824E-4
6462,1.2065414288579287E-4,1.205963703341636E-4
6463,1.20630667058892E-4,1.205729169522776E-4
6464,1.2060720021682755E-4,1.2054947254229945E-4
6465,1.205837423544808E-4,1.205260370991198E-4
6466,1.2056029346674182E-4,1.2050261061763827E-4
6467,1.2053685354849878E-4,1.2047919309275334E-4
6468,1.205134225946465E-4,1.2045578451936952E-4
6469,1.2049000060008471E-4,1.2043238489239537E-4
6470,1.2046658755971359E-4,1.2040899420674287E-4
6471,1.2044318346843867E-4,1.2038561245732614E-4
6472,1.2041978832117212E-4,1.2036223963906853E-4
6473,1.2039640211282583E-4,1.2033887574688991E-4
6474,1.2037302483831822E-4,1.2031552077571914E-4
6475,1.2034965649257118E-4,1.2029217472048659E-4
6476,1.2032629707050855E-4,1.2026883757612899E-4
6477,1.2030294656706083E-4,1.2024550933758296E-4
6478,1.2027960497715862E-4,1.2022218999979205E-4
6479,1.202562722957404E-4,1.2019887955770411E-4
6480,1.2023294851774731E-4,1.201755780062662E-4
6481,1.2020963363812144E-4,1.2015228534043384E-4
6482,1.201863276518123E-4,1.2012900155516549E-4
6483,1.2016303055377129E-4,1.2010572664542233E-4
6484,1.2013974233895373E-4,1.2008246060616975E-4
6485,1.2011646300232075E-4,1.2005920343237725E-4
6486,1.2009319253883445E-4,1.2003595511901686E-4
6487,1.2006993094346185E-4,1.2001271566106573E-4
6488,1.200466782111747E-4,1.199894850535046E-4
6489,1.2002343433694605E-4,1.199662632913171E-4
6490,1.2000019931575482E-4,1.1994305036949225E-4
6491,1.1997697314258483E-4,1.1991984628302142E-4
6492,1.1995375581242012E-4,1.1989665102689918E-4
6493,1.1993054732025133E-4,1.1987346459612834E-4
6494,1.1990734766107223E-4,1.1985028698570759E-4
6495,1.1988415682987994E-4,1.198271181906471E-4
6496,1.198609748216741E-4,1.1980395820595576E-4
6497,1.1983780163146304E-4,1.1978080702664868E-4
6498,1.1981463725425104E-4,1.1975766464774334E-4
6499,1.1979148168505369E-4,1.1973453106426288E-4
6500,1.1976833491888467E-4,1.1971140627123095E-4
6501,1.1974519695076531E-4,1.1968829026367857E-4
6502,1.1972206777571931E-4,1.1966518303663863E-4
6503,1.1969894738877225E-4,1.196420845851467E-4
6504,1.1967583578495724E-4,1.1961899490424397E-4
6505,1.1965273295930761E-4,1.1959591398897444E-4
6506,1.1962963890686187E-4,1.1957284183438822E-4
6507,1.1960655362266234E-4,1.1954977843553321E-4
6508,1.1958347710175641E-4,1.1952672378746751E-4
6509,1.1956040933919064E-4,1.1950367788524841E-4
6510,1.1953735033002115E-4,1.194806407239397E-4
6511,1.195143000693028E-4,1.1945761229860669E-4
6512,1.1949125855209812E-4,1.1943459260432241E-4
6513,1.1946822577347032E-4,1.1941158163615765E-4
6514,1.194452017284882E-4,1.1938857938919176E-4
6515,1.1942218641222257E-4,1.1936558585850512E-4
6516,1.193991798197505E-4,1.1934260103918218E-4
6517,1.193761819461504E-4,1.1931962492631301E-4
6518,1.193531927865048E-4,1.1929665751499021E-4
6519,1.1933021233590145E-4,1.1927369880030647E-4
6520,1.1930724058942778E-4,1.1925074877736348E-4
6521,1.1928427754218131E-4,1.1922780744126518E-4
6522,1.1926132318925777E-4,1.192048747871172E-4
6523,1.1923837752575755E-4,1.1918195081003208E-4
6524,1.1921544054678723E-4,1.1915903550511998E-4
6525,1.1919251224745347E-4,1.1913612886750402E-4
6526,1.1916959262287074E-4,1.191132308923007E-4
6527,1.1914668166815347E-4,1.1909034157463911E-4
6528,1.1912377937842076E-4,1.19067460909645E-4
6529,1.1910088574879749E-4,1.1904458889245256E-4
6530,1.1907800077440813E-4,1.1902172551819878E-4
6531,1.1905512445038598E-4,1.1899887078202141E-4
6532,1.19032256771863E-4,1.1897602467906524E-4
6533,1.1900939773397707E-4,1.1895318720447546E-4
6534,1.1898654733187042E-4,1.1893035835340418E-4
6535,1.1896370556068626E-4,1.189075381210048E-4
6536,1.1894087241557649E-4,1.1888472650243483E-4
6537,1.1891804789168896E-4,1.1886192349285714E-4
6538,1.1889523198418392E-4,1.1883912908743679E-4
6539,1.1887242468821695E-4,1.1881634328134067E-4
6540,1.1884962599895264E-4,1.1879356606974098E-4
6541,1.1882683591155939E-4,1.1877079744781483E-4
6542,1.1880405442120373E-4,1.1874803741074107E-4
6543,1.1878128152306286E-4,1.1872528595370235E-4
6544,1.1875851721231241E-4,1.1870254307188636E-4
6545,1.1873576148413383E-4,1.1867980876048287E-4
6546,1.1871301433371213E-4,1.1865708301468506E-4
6547,1.1869027575623462E-4,1.1863436582968915E-4
6548,1.1866754574689336E-4,1.1861165720069895E-4
6549,1.1864482430088379E-4,1.1858895712291644E-4
6550,1.1862211141340539E-4,1.1856626559155156E-4
6551,1.1859940707965996E-4,1.1854358260181323E-4
6552,1.1857671129485319E-4,1.1852090814892014E-4
6553,1.1855402405419592E-4,1.1849824222808795E-4
6554,1.1853134535290096E-4,1.1847558483454094E-4
6555,1.185086751861852E-4,1.1845293596350365E-4
6556,1.1848601354926714E-4,1.184302956102054E-4
6557,1.1846336043737266E-4,1.1840766376987872E-4
6558,1.1844071584572961E-4,1.1838504043776266E-4
6559,1.18418079769567E-4,1.1836242560909424E-4
6560,1.1839545220412081E-4,1.1833981927911873E-4
6561,1.183728331446274E-4,1.1831722144308289E-4
6562,1.1835022258633037E-4,1.1829463209623632E-4
6563,1.1832762052447404E-4,1.1827205123383423E-4
6564,1.1830502695430705E-4,1.1824947885113389E-4
6565,1.1828244187108064E-4,1.1822691494339555E-4
6566,1.1825986527005127E-4,1.1820435950588529E-4
6567,1.1823729714647847E-4,1.1818181253386933E-4
6568,1.182147374956249E-4,1.1815927402262298E-4
6569,1.1819218631275603E-4,1.1813674396741775E-4
6570,1.1816964359314197E-4,1.1811422236353289E-4
6571,1.1814710933205551E-4,1.1809170920625089E-4
6572,1.1812458352477435E-4,1.1806920449085898E-4
6573,1.1810206616657729E-4,1.1804670821264405E-4
6574,1.1807955725274982E-4,1.1802422036689992E-4
6575,1.180570567785766E-4,1.1800174094892338E-4
6576,1.1803456473935317E-4,1.1797926995401231E-4
6577,1.1801208113036823E-4,1.1795680737747088E-4
6578,1.1798960594692362E-4,1.1793435321460517E-4
6579,1.1796713918431754E-4,1.1791190746072515E-4
6580,1.1794468083785682E-4,1.1788947011114451E-4
6581,1.1792223090284818E-4,1.1786704116118113E-4
6582,1.178997893746032E-4,1.1784462060615463E-4
6583,1.1787735624843706E-4,1.1782220844138804E-4
6584,1.1785493151966974E-4,1.1779980466221029E-4
6585,1.1783251518362155E-4,1.1777740926395203E-4
6586,1.1781010723561851E-4,1.1775502224194602E-4
6587,1.1778770767098944E-4,1.177326435915307E-4
6588,1.1776531648506677E-4,1.177102733080476E-4
6589,1.1774293367318518E-4,1.1768791138684043E-4
6590,1.1772055923068606E-4,1.1766555782325764E-4
6591,1.1769819315291097E-4,1.1764321261265155E-4
6592,1.1767583543520718E-4,1.176208757503763E-4
6593,1.1765348607292099E-4,1.1759854723178982E-4
6594,1.1763114506140845E-4,1.1757622705225371E-4
6595,1.1760881239602541E-4,1.1755391520713462E-4
6596,1.1758648807213073E-4,1.1753161169179881E-4
6597,1.175641720850879E-4,1.1750931650162031E-4
6598,1.1754186443026338E-4,1.1748702963197328E-4
6599,1.1751956510302884E-4,1.1746475107823751E-4
6600,1.1749727409875753E-4,1.1744248083579427E-4
6601,1.1747499141282608E-4,1.1742021890003E-4
6602,1.1745271704061288E-4,1.173979652663332E-4
6603,1.174304509775029E-4,1.1737571993009612E-4
6604,1.1740819321888501E-4,1.1735348288671371E-4
6605,1.1738594376014714E-4,1.1733125413158785E-4
6606,1.1736370259668384E-4,1.173090336601177E-4
6607,1.1734146972389368E-4,1.1728682146771227E-4
6608,1.1731924513717752E-4,1.1726461754977917E-4
6609,1.1729702883193708E-4,1.1724242190173088E-4
6610,1.1727482080358271E-4,1.1722023451898589E-4
6611,1.1725262104752365E-4,1.1719805539696113E-4
6612,1.1723042955917343E-4,1.1717588453107953E-4
6613,1.1720824633395103E-4,1.1715372191676746E-4
6614,1.1718607136727755E-4,1.171315675494563E-4
6615,1.1716390465457578E-4,1.1710942142457577E-4
6616,1.1714174619127475E-4,1.1708728353756583E-4
6617,1.1711959597280588E-4,1.1706515388386268E-4
6618,1.170974539946013E-4,1.1704303245891268E-4
6619,1.1707532025210203E-4,1.1702091925815911E-4
6620,1.1705319474074694E-4,1.1699881427705244E-4
6621,1.17031077455981E-4,1.1697671751104641E-4
6622,1.1700896839325247E-4,1.1695462895559746E-4
6623,1.1698686754801193E-4,1.1693254860616379E-4
6624,1.1696477491571444E-4,1.1691047645821054E-4
6625,1.1694269049181719E-4,1.168884125072029E-4
6626,1.1692061427178188E-4,1.1686635674861039E-4
6627,1.1689854625107358E-4,1.1684430917790625E-4
6628,1.1687648642515803E-4,1.1682226979056662E-4
6629,1.1685443478950852E-4,1.1680023858206976E-4
6630,1.1683239133959924E-4,1.1677821554790153E-4
6631,1.1681035607090723E-4,1.1675620068354684E-4
6632,1.1678832897891326E-4,1.167341939844935E-4
6633,1.1676631005910263E-4,1.1671219544623777E-4
6634,1.1674429930696295E-4,1.1669020506427212E-4
6635,1.167222967179856E-4,1.1666822283409887E-4
6636,1.1670030228766391E-4,1.1664624875122044E-4
6637,1.1667831601149576E-4,1.1662428281114087E-4
6638,1.166563378849819E-4,1.1660232500937109E-4
6639,1.1663436790362858E-4,1.1658037534142314E-4
6640,1.1661240606294118E-4,1.1655843380281355E-4
6641,1.165904523584301E-4,1.1653650038906068E-4
6642,1.1656850678561178E-4,1.165145750956865E-4
6643,1.1654656934000151E-4,1.1649265791821934E-4
6644,1.165246400171196E-4,1.1647074885218531E-4
6645,1.1650271881249349E-4,1.1644884789311785E-4
6646,1.1648080572164698E-4,1.1642695503655343E-4
6647,1.1645890074011013E-4,1.1640507027802871E-4
6648,1.1643700386341868E-4,1.1638319361308844E-4
6649,1.1641511508710962E-4,1.1636132503727489E-4
6650,1.1639323440672204E-4,1.1633946454613867E-4
6651,1.1637136181779972E-4,1.1631761213523102E-4
6652,1.1634949731589176E-4,1.1629576780010692E-4
6653,1.163276408965446E-4,1.1627393153632514E-4
6654,1.1630579255531338E-4,1.1625210333944568E-4
6655,1.1628395228775306E-4,1.1623028320503508E-4
6656,1.1626212008942557E-4,1.1620847112866119E-4
6657,1.1624029595589228E-4,1.1618666710589352E-4
6658,1.162184798827212E-4,1.161648711323095E-4
6659,1.1619667186547956E-4,1.1614308320348425E-4
6660,1.1617487189974223E-4,1.1612130331499901E-4
6661,1.161530799810845E-4,1.1609953146244099E-4
6662,1.1613129610508447E-4,1.1607776764139203E-4
6663,1.1610952026732489E-4,1.1605601184744878E-4
6664,1.1608775246339207E-4,1.160342640762005E-4
6665,1.160659926888752E-4,1.1601252432324557E-4
6666,1.1604424093936541E-4,1.1599079258418535E-4
6667,1.1602249721045818E-4,1.1596906885462187E-4
6668,1.1600076149775166E-4,1.1594735313016203E-4
6669,1.159790337968481E-4,1.1592564540641599E-4
6670,1.159573141033519E-4,1.1590394567899582E-4
6671,1.1593560241287023E-4,1.1588225394351925E-4
6672,1.1591389872101646E-4,1.1586057019560436E-4
6673,1.1589220302340312E-4,1.158388944308748E-4
6674,1.1587051531564935E-4,1.1581722664495543E-4
6675,1.158488355933752E-4,1.1579556683347587E-4
6676,1.1582716385220543E-4,1.1577391499206755E-4
6677,1.1580550008776512E-4,1.1575227111636497E-4
6678,1.1578384429568741E-4,1.1573063520200985E-4
6679,1.1576219647160413E-4,1.1570900724464062E-4
6680,1.1574055661115119E-4,1.1568738723990292E-4
6681,1.1571892470997144E-4,1.1566577518344467E-4
6682,1.1569730076370493E-4,1.1564417107091765E-4
6683,1.1567568476800038E-4,1.1562257489797577E-4
6684,1.1565407671850541E-4,1.1560098666027581E-4
6685,1.1563247661087301E-4,1.1557940635348017E-4
6686,1.1561088444075846E-4,1.1555783397325048E-4
6687,1.1558930020382188E-4,1.1553626951525606E-4
6688,1.1556772389572558E-4,1.1551471297516287E-4
6689,1.1554615551213235E-4,1.1549316434864754E-4
6690,1.1552459504871243E-4,1.1547162363138623E-4
6691,1.1550304250113568E-4,1.1545009081905748E-4
6692,1.1548149786507824E-4,1.1542856590734344E-4
6693,1.1545996113621754E-4,1.1540704889192984E-4
6694,1.154384323102338E-4,1.1538553976850544E-4
6695,1.1541691138281143E-4,1.1536403853276377E-4
6696,1.1539539834963761E-4,1.1534254518039948E-4
6697,1.1537389320640188E-4,1.1532105970710839E-4
6698,1.15352395948798E-4,1.1529958210859397E-4
6699,1.1533090657252324E-4,1.1527811238056075E-4
6700,1.15309425073276E-4,1.1525665051871547E-4
6701,1.1528795144675959E-4,1.1523519651876859E-4
6702,1.152664856886797E-4,1.1521375037643446E-4
6703,1.1524502779474437E-4,1.1519231208742859E-4
6704,1.152235777606681E-4,1.151708816474727E-4
6705,1.1520213558216344E-4,1.1514945905228935E-4
6706,1.1518070125495015E-4,1.1512804429760401E-4
6707,1.151592747747485E-4,1.1510663737914682E-4
6708,1.1513785613728259E-4,1.1508523829264769E-4
6709,1.1511644533828257E-4,1.1506384703384562E-4
6710,1.1509504237347603E-4,1.1504246359847577E-4
6711,1.150736472385987E-4,1.1502108798228306E-4
6712,1.1505225992938643E-4,1.1499972018100767E-4
6713,1.1503088044157818E-4,1.1497836019040074E-4
6714,1.1500950877091806E-4,1.1495700800621181E-4
6715,1.1498814491315208E-4,1.1493566362419437E-4
6716,1.1496678886402926E-4,1.1491432704010724E-4
6717,1.149454406193008E-4,1.1489299824970734E-4
6718,1.1492410017472316E-4,1.1487167724876081E-4
6719,1.1490276752605471E-4,1.1485036403303148E-4
6720,1.1488144266905523E-4,1.1482905859828876E-4
6721,1.148601255994894E-4,1.1480776094030579E-4
6722,1.1483881631312735E-4,1.1478647105485698E-4
6723,1.148175148057362E-4,1.147651889377208E-4
6724,1.1479622107309092E-4,1.1474391458467878E-4
6725,1.1477493511096888E-4,1.1472264799151452E-4
6726,1.147536569151469E-4,1.1470138915401672E-4
6727,1.1473238648141153E-4,1.146801380679745E-4
6728,1.1471112380554486E-4,1.1465889472918182E-4
6729,1.1468986888333873E-4,1.1463765913343477E-4
6730,1.1466862171058295E-4,1.1461643127653428E-4
6731,1.1464738228307258E-4,1.1459521115428069E-4
6732,1.1462615059660708E-4,1.1457399876248147E-4
6733,1.1460492664698467E-4,1.1455279409694358E-4
6734,1.1458371043001104E-4,1.1453159715347953E-4
6735,1.1456250194149324E-4,1.145104079279047E-4
6736,1.145413011772399E-4,1.1448922641603483E-4
6737,1.1452010813306485E-4,1.1446805261369192E-4
6738,1.144989228047836E-4,1.144468865166987E-4
6739,1.1447774518821618E-4,1.1442572812088298E-4
6740,1.1445657527918229E-4,1.1440457742207273E-4
6741,1.1443541307351051E-4,1.143834344161018E-4
6742,1.144142585670254E-4,1.143622990988055E-4
6743,1.1439311175555831E-4,1.1434117146602171E-4
6744,1.1437197263494588E-4,1.1432005151359375E-4
6745,1.1435084120102273E-4,1.1429893923736428E-4
6746,1.143297174496286E-4,1.1427783463318139E-4
6747,1.1430860137660665E-4,1.1425673769689585E-4
6748,1.1428749297780539E-4,1.1423564842436172E-4
6749,1.1426639224907127E-4,1.1421456681143556E-4
6750,1.1424529918625571E-4,1.1419349285397497E-4
6751,1.1422421378521429E-4,1.1417242654784407E-4
6752,1.1420313604180685E-4,1.1415136788890867E-4
6753,1.1418206595188978E-4,1.1413031687303528E-4
6754,1.141610035113306E-4,1.1410927349609658E-4
6755,1.1413994871599549E-4,1.1408823775396632E-4
6756,1.1411890156175358E-4,1.140672096425223E-4
6757,1.1409786204447739E-4,1.1404618915764498E-4
6758,1.1407683016004177E-4,1.140251762952156E-4
6759,1.140558059043281E-4,1.1400417105112253E-4
6760,1.1403478927321382E-4,1.139831734212539E-4
6761,1.14013780262587E-4,1.1396218340150029E-4
6762,1.1399277886833326E-4,1.1394120098775981E-4
6763,1.1397178508634314E-4,1.1392022617592693E-4
6764,1.1395079891251033E-4,1.1389925896190491E-4
6765,1.1392982034273133E-4,1.1387829934159701E-4
6766,1.139088493729042E-4,1.1385734731090805E-4
6767,1.1388788599893244E-4,1.1383640286574906E-4
6768,1.138669302167209E-4,1.1381546600203356E-4
6769,1.1384598202217653E-4,1.1379453671567528E-4
6770,1.138250414112109E-4,1.137736150025933E-4
6771,1.1380410837973902E-4,1.1375270085870953E-4
6772,1.1378318292367513E-4,1.1373179427994615E-4
6773,1.137622650389408E-4,1.1371089526223276E-4
6774,1.1374135472145742E-4,1.1369000380149727E-4
6775,1.1372045196715286E-4,1.1366911989367364E-4
6776,1.1369955677195158E-4,1.1364824353469776E-4
6777,1.1367866913178852E-4,1.1362737472050827E-4
6778,1.1365778904259676E-4,1.1360651344704605E-4
6779,1.1363691650031308E-4,1.1358565971025653E-4
6780,1.1361605150087719E-4,1.1356481350608788E-4
6781,1.1359519404023252E-4,1.1354397483048944E-4
6782,1.1357434411432627E-4,1.1352314367941315E-4
6783,1.1355350171910562E-4,1.1350232004881575E-4
6784,1.135326668505205E-4,1.1348150393465757E-4
6785,1.1351183950452855E-4,1.1346069533289966E-4
6786,1.1349101967708674E-4,1.1343989423950751E-4
6787,1.1347020736415332E-4,1.1341910065044678E-4
6788,1.134494025616932E-4,1.1339831456169004E-4
6789,1.1342860526567195E-4,1.1337753596920968E-4
6790,1.1340781547205876E-4,1.1335676486898006E-4
6791,1.1338703317682444E-4,1.1333600125698368E-4
6792,1.133662583759446E-4,1.13315245129202E-4
6793,1.1334549106539613E-4,1.1329449648161648E-4
6794,1.1332473124115881E-4,1.1327375531021853E-4
6795,1.1330397889921774E-4,1.1325302161099599E-4
6796,1.1328323403555784E-4,1.1323229537994376E-4
6797,1.1326249664616911E-4,1.1321157661305827E-4
6798,1.1324176672704123E-4,1.1319086530633829E-4
6799,1.1322104427417044E-4,1.1317016145578466E-4
6800,1.1320032928355519E-4,1.1314946505740483E-4
6801,1.1317962175119353E-4,1.1312877610720302E-4
6802,1.131589216730908E-4,1.1310809460119163E-4
6803,1.1313822904525042E-4,1.1308742053538375E-4
6804,1.1311754386368414E-4,1.1306675390579476E-4
6805,1.1309686612440236E-4,1.1304609470844454E-4
6806,1.1307619582341887E-4,1.1302544293935408E-4
6807,1.1305553295675241E-4,1.1300479859454823E-4
6808,1.1303487752042356E-4,1.1298416167005446E-4
6809,1.130142295104546E-4,1.1296353216190377E-4
6810,1.1299358892286942E-4,1.1294291006612744E-4
6811,1.1297295575370054E-4,1.1292229537876322E-4
6812,1.1295232999897635E-4,1.129016880958498E-4
6813,1.1293171165473276E-4,1.128810882134256E-4
6814,1.1291110071700669E-4,1.1286049572753822E-4
6815,1.1289049718183826E-4,1.1283991063423384E-4
6816,1.1286990104526991E-4,1.128193329295625E-4
6817,1.1284931230334645E-4,1.127987626095768E-4
6818,1.128287309521182E-4,1.1277819967033156E-4
6819,1.1280815698763472E-4,1.1275764410788518E-4
6820,1.1278759040595084E-4,1.1273709591830009E-4
6821,1.1276703120312331E-4,1.1271655509763876E-4
6822,1.127464793752112E-4,1.1269602164196966E-4
6823,1.1272593491827649E-4,1.1267549554736002E-4
6824,1.1270539782838497E-4,1.1265497680988334E-4
6825,1.1268486810160485E-4,1.126344654256138E-4
6826,1.1266434573400632E-4,1.1261396139063075E-4
6827,1.1264383072166324E-4,1.1259346470101324E-4
6828,1.1262332306065259E-4,1.125729753528443E-4
6829,1.1260282274705172E-4,1.1255249334221272E-4
6830,1.1258232977694272E-4,1.1253201866520451E-4
6831,1.1256184414641253E-4,1.1251155131791198E-4
6832,1.1254136585154585E-4,1.1249109129643183E-4
6833,1.1252089488843465E-4,1.1247063859685833E-4
6834,1.1250043125317046E-4,1.1245019321529231E-4
6835,1.1247997494184976E-4,1.1242975514783745E-4
6836,1.1245952595057034E-4,1.1240932439059842E-4
6837,1.1243908427543465E-4,1.1238890093968301E-4
6838,1.1241864991254564E-4,1.1236848479120283E-4
6839,1.1239822285801021E-4,1.1234807594127176E-4
6840,1.1237780310793828E-4,1.1232767438600584E-4
6841,1.1235739065844157E-4,1.1230728012152458E-4
6842,1.1233698550563575E-4,1.122868931439498E-4
6843,1.1231658764563606E-4,1.1226651344940463E-4
6844,1.1229619707456637E-4,1.1224614103401962E-4
6845,1.1227581378854804E-4,1.1222577589392229E-4
6846,1.1225543778370641E-4,1.1220541802524625E-4
6847,1.1223506905617146E-4,1.1218506742412787E-4
6848,1.1221470760207412E-4,1.1216472408670476E-4
6849,1.1219435341754983E-4,1.1214438800911734E-4
6850,1.1217400649873176E-4,1.1212405918751155E-4
6851,1.1215366684176259E-4,1.1210373761803087E-4
6852,1.1213333444278373E-4,1.1208342329682716E-4
6853,1.1211300929794019E-4,1.1206311622005069E-4
6854,1.1209269140337913E-4,1.1204281638385575E-4
6855,1.120723807552528E-4,1.1202252378440214E-4
6856,1.1205207734971156E-4,1.1200223841784717E-4
6857,1.12031781182914E-4,1.1198196028035469E-4
6858,1.1201149225101649E-4,1.1196168936809144E-4
6859,1.1199121055018229E-4,1.1194142567722337E-4
6860,1.1197093607657463E-4,1.1192116920392236E-4
6861,1.1195066882635867E-4,1.1190091994436204E-4
6862,1.1193040879570678E-4,1.1188067789471693E-4
6863,1.1191015598078716E-4,1.1186044305116878E-4
6864,1.1188991037777743E-4,1.1184021540989721E-4
6865,1.1186967198285546E-4,1.1181999496708787E-4
6866,1.118494407921995E-4,1.1179978171892626E-4
6867,1.1182921680199213E-4,1.1177957566160343E-4
6868,1.1180900000842128E-4,1.1175937679130997E-4
6869,1.1178879040767256E-4,1.1173918510424447E-4
6870,1.1176858799593869E-4,1.117190005965996E-4
6871,1.1174839276941256E-4,1.1169882326457777E-4
6872,1.1172820472429008E-4,1.1167865310438391E-4
6873,1.1170802385676993E-4,1.1165849011222123E-4
6874,1.1168785016305522E-4,1.1163833428429961E-4
6875,1.1166768363934792E-4,1.1161818561682924E-4
6876,1.1164752428185514E-4,1.1159804410602368E-4
6877,1.1162737208678953E-4,1.1157790974810047E-4
6878,1.1160722705036053E-4,1.11557782539277E-4
6879,1.1158708916878383E-4,1.1153766247577575E-4
6880,1.1156695843827542E-4,1.115175495538205E-4
6881,1.1154683485505791E-4,1.1149744376963937E-4
6882,1.1152671841535265E-4,1.1147734511946102E-4
6883,1.1150660911538628E-4,1.1145725359951677E-4
6884,1.1148650695138688E-4,1.1143716920604319E-4
6885,1.1146641191958253E-4,1.1141709193527713E-4
6886,1.1144632401620855E-4,1.1139702178345795E-4
6887,1.1142624323750322E-4,1.1137695874682993E-4
6888,1.1140616957970147E-4,1.1135690282163624E-4
6889,1.1138610303904626E-4,1.113368540041275E-4
6890,1.1136604361178252E-4,1.113168122905524E-4
6891,1.1134599129415508E-4,1.1129677767716545E-4
6892,1.1132594608241478E-4,1.1127675016022227E-4
6893,1.1130590797281098E-4,1.112567297359802E-4
6894,1.1128587696160255E-4,1.112367164007011E-4
6895,1.1126585304504199E-4,1.1121671015065013E-4
6896,1.1124583621939159E-4,1.1119671098209261E-4
6897,1.1122582648091251E-4,1.1117671889129664E-4
6898,1.1120582382586965E-4,1.1115673387453421E-4
6899,1.1118582825053183E-4,1.111367559280813E-4
6900,1.111658397511693E-4,1.111167850482112E-4
6901,1.1114585832405268E-4,1.1109682123120748E-4
6902,1.1112588396545821E-4,1.1107686447334843E-4
6903,1.1110591667166571E-4,1.1105691477092088E-4
6904,1.1108595643895279E-4,1.1103697212021127E-4
6905,1.1106600326360564E-4,1.1101703651750881E-4
6906,1.110460571419089E-4,1.1099710795910755E-4
6907,1.110261180701497E-4,1.1097718644130095E-4
6908,1.1100618604461957E-4,1.109572719603864E-4
6909,1.1098626106161266E-4,1.1093736451266476E-4
6910,1.1096634311742482E-4,1.1091746409443897E-4
6911,1.1094643220835493E-4,1.1089757070201445E-4
6912,1.109265283307039E-4,1.1087768433169719E-4
6913,1.1090663148077628E-4,1.108578049798003E-4
6914,1.1088674165487768E-4,1.1083793264263487E-4
6915,1.1086685884931756E-4,1.1081806731651782E-4
6916,1.1084698306040884E-4,1.1079820899776585E-4
6917,1.1082711428446288E-4,1.1077835768270033E-4
6918,1.1080725251779943E-4,1.1075851336764512E-4
6919,1.1078739775673585E-4,1.1073867604892575E-4
6920,1.1076754999759367E-4,1.1071884572286918E-4
6921,1.1074770923669848E-4,1.1069902238580842E-4
6922,1.1072787547037737E-4,1.1067920603407626E-4
6923,1.1070804869495895E-4,1.1065939666400901E-4
6924,1.1068822890677722E-4,1.106395942719445E-4
6925,1.1066841610216461E-4,1.1061979885422492E-4
6926,1.1064861027745939E-4,1.1060001040719173E-4
6927,1.106288114290017E-4,1.1058022892719365E-4
6928,1.1060901955313316E-4,1.1056045441057872E-4
6929,1.1058923464619936E-4,1.1054068685369954E-4
6930,1.1056945670454626E-4,1.1052092625290613E-4
6931,1.1054968572452476E-4,1.1050117260455984E-4
6932,1.1052992170248818E-4,1.1048142590501543E-4
6933,1.1051016463479088E-4,1.1046168615063789E-4
6934,1.1049041451779005E-4,1.1044195333778824E-4
6935,1.1047067134784611E-4,1.1042222746283436E-4
6936,1.1045093512132213E-4,1.1040250852214578E-4
6937,1.1043120583458234E-4,1.1038279651209248E-4
6938,1.1041148348399427E-4,1.1036309142905058E-4
6939,1.1039176806592829E-4,1.1034339326939548E-4
6940,1.103720595767589E-4,1.1032370202950599E-4
6941,1.1035235801285918E-4,1.1030401770576365E-4
6942,1.1033266337060797E-4,1.1028434029455267E-4
6943,1.1031297564638379E-4,1.1026466979226169E-4
6944,1.1029329483657266E-4,1.1024500619527812E-4
6945,1.1027362093755705E-4,1.1022534949999231E-4
6946,1.1025395394572625E-4,1.1020569970280132E-4
6947,1.1023429385746968E-4,1.1018605680010077E-4
6948,1.1021464066918044E-4,1.1016642078828971E-4
6949,1.1019499437725439E-4,1.1014679166376899E-4
6950,1.101753549780891E-4,1.1012716942294259E-4
6951,1.1015572246808462E-4,1.1010755406221894E-4
6952,1.1013609684364281E-4,1.100879455780057E-4
6953,1.1011647810117012E-4,1.1006834396671566E-4
6954,1.1009686623707393E-4,1.1004874922476059E-4
6955,1.1007726124776524E-4,1.1002916134856004E-4
6956,1.1005766312965555E-4,1.1000958033453092E-4
6957,1.1003807187916076E-4,1.0999000617909548E-4
6958,1.1001848749269959E-4,1.0997043887867889E-4
6959,1.0999890996669145E-4,1.0995087842970512E-4
6960,1.099793392975578E-4,1.099313248286062E-4
6961,1.0995977548172527E-4,1.0991177807181229E-4
6962,1.0994021851562116E-4,1.098922381557552E-4
6963,1.0992066839567556E-4,1.0987270507687336E-4
6964,1.0990112511832117E-4,1.0985317883160586E-4
6965,1.0988158867999197E-4,1.0983365941639375E-4
6966,1.0986205907712672E-4,1.0981414682767994E-4
6967,1.0984253630616553E-4,1.0979464106191189E-4
6968,1.0982302036354944E-4,1.0977514211553741E-4
6969,1.0980351124572397E-4,1.0975564998500706E-4
6970,1.0978400894913736E-4,1.0973616466677568E-4
6971,1.0976451347023794E-4,1.0971668615729879E-4
6972,1.0974502480547869E-4,1.0969721445303498E-4
6973,1.0972554295131363E-4,1.0967774955044374E-4
6974,1.0970606790420188E-4,1.0965829144599066E-4
6975,1.0968659966060086E-4,1.096388401361403E-4
6976,1.096671382169738E-4,1.0961939561736135E-4
6977,1.0964768356978448E-4,1.095999578861236E-4
6978,1.0962823571550017E-4,1.0958052693890168E-4
6979,1.0960879465059023E-4,1.0956110277217004E-4
6980,1.0958936037152578E-4,1.0954168538240753E-4
6981,1.0956993287478153E-4,1.0952227476609242E-4
6982,1.0955051215683546E-4,1.0950287091970946E-4
6983,1.0953109821416416E-4,1.0948347383974403E-4
6984,1.0951169104325104E-4,1.0946408352268242E-4
6985,1.0949229064057973E-4,1.0944469996501545E-4
6986,1.0947289700263557E-4,1.0942532316323579E-4
6987,1.0945351012590762E-4,1.0940595311383863E-4
6988,1.094341300068875E-4,1.0938658981332048E-4
6989,1.0941475664206795E-4,1.0936723325818086E-4
6990,1.0939539002794766E-4,1.093478834449247E-4
6991,1.0937603016102226E-4,1.0932854037005233E-4
6992,1.0935667703779441E-4,1.0930920403007431E-4
6993,1.0933733065476465E-4,1.0928987442149715E-4
6994,1.0931799100844158E-4,1.09270551540834E-4
6995,1.092986580953324E-4,1.0925123538459913E-4
6996,1.0927933191194684E-4,1.0923192594930892E-4
6997,1.0926001245479828E-4,1.0921262323148188E-4
6998,1.0924069972040097E-4,1.091933272276421E-4
6999,1.0922139370527475E-4,1.0917403793430862E-4
7000,1.0920209440593858E-4,1.0915475534801029E-4
7001,1.091828018189132E-4,1.091354794652754E-4
7002,1.0916351594072604E-4,1.0911621028263465E-4
7003,1.0914423676790255E-4,1.0909694779662202E-4
7004,1.0912496429697374E-4,1.0907769200377149E-4
7005,1.0910569852447076E-4,1.0905844290062275E-4
7006,1.0908643944692867E-4,1.0903920048371627E-4
7007,1.0906718706088203E-4,1.0901996474959328E-4
7008,1.0904794136287279E-4,1.0900073569480017E-4
7009,1.0902870234944087E-4,1.0898151331588415E-4
7010,1.0900947001713138E-4,1.0896229760939412E-4
7011,1.0899024436248841E-4,1.0894308857188491E-4
7012,1.0897102538206233E-4,1.0892388619990831E-4
7013,1.0895181307240437E-4,1.0890469049002434E-4
7014,1.0893260743006617E-4,1.0888550143878871E-4
7015,1.0891340845160558E-4,1.0886631904276619E-4
7016,1.0889421613357933E-4,1.0884714329851869E-4
7017,1.0887503047254639E-4,1.0882797420261488E-4
7018,1.0885585146507354E-4,1.0880881175162057E-4
7019,1.0883667910772176E-4,1.0878965594211069E-4
7020,1.088175133970616E-4,1.0877050677065412E-4
7021,1.0879835432966123E-4,1.0875136423383092E-4
7022,1.0877920190209277E-4,1.0873222832821623E-4
7023,1.0876005611093248E-4,1.087130990503929E-4
7024,1.0874091695275601E-4,1.0869397639694241E-4
7025,1.0872178442414202E-4,1.0867486036445059E-4
7026,1.0870265852167159E-4,1.0865575094950403E-4
7027,1.0868353924193126E-4,1.0863664814869214E-4
7028,1.0866442658150627E-4,1.0861755195860935E-4
7029,1.0864532053698381E-4,1.0859846237584809E-4
7030,1.0862622110495492E-4,1.0857937939700648E-4
7031,1.0860712828201531E-4,1.085603030186832E-4
7032,1.0858804206475802E-4,1.0854123323747922E-4
7033,1.0856896244978157E-4,1.0852217004999939E-4
7034,1.085498894336882E-4,1.0850311345284907E-4
7035,1.0853082301307655E-4,1.08484063442637E-4
7036,1.0851176318455474E-4,1.0846502001597442E-4
7037,1.0849270994472801E-4,1.0844598316947369E-4
7038,1.0847366329020766E-4,1.0842695289975034E-4
7039,1.0845462321760479E-4,1.0840792920342218E-4
7040,1.084355897235328E-4,1.0838891207710959E-4
7041,1.0841656280460794E-4,1.0836990151743414E-4
7042,1.0839754245745131E-4,1.0835089752102011E-4
7043,1.0837852867868144E-4,1.0833190008449633E-4
7044,1.0835952146492286E-4,1.0831290920449029E-4
7045,1.0834052081280072E-4,1.0829392487763336E-4
7046,1.0832152671894397E-4,1.0827494710056082E-4
7047,1.0830253917998212E-4,1.0825597586990764E-4
7048,1.0828355819254802E-4,1.0823701118231247E-4
7049,1.0826458375327526E-4,1.0821805303441601E-4
7050,1.0824561585880382E-4,1.0819910142286194E-4
7051,1.0822665450577002E-4,1.0818015634429435E-4
7052,1.0820769969081751E-4,1.0816121779536152E-4
7053,1.0818875141059007E-4,1.0814228577271363E-4
7054,1.081698096617343E-4,1.0812336027300215E-4
7055,1.0815087444089781E-4,1.0810444129288207E-4
7056,1.0813194574473174E-4,1.0808552882900984E-4
7057,1.0811302356988994E-4,1.080666228780429E-4
7058,1.08094107913028E-4,1.0804772343664425E-4
7059,1.0807519877080277E-4,1.0802883050147727E-4
7060,1.080562961398738E-4,1.0800994406920828E-4
7061,1.0803740001690482E-4,1.079910641365032E-4
7062,1.0801851039855946E-4,1.0797219070003461E-4
7063,1.0799962728150462E-4,1.0795332375647332E-4
7064,1.0798075066240971E-4,1.0793446330249584E-4
7065,1.0796188053794677E-4,1.0791560933477685E-4
7066,1.0794301690478655E-4,1.0789676184999861E-4
7067,1.0792415975960885E-4,1.0787792084484063E-4
7068,1.0790530909908882E-4,1.0785908631598696E-4
7069,1.0788646491990779E-4,1.0784025826012475E-4
7070,1.078676272187483E-4,1.0782143667394185E-4
7071,1.0784879599229478E-4,1.0780262155412864E-4
7072,1.0782997123723597E-4,1.0778381289737805E-4
7073,1.0781115295026042E-4,1.0776501070038452E-4
7074,1.077923411280604E-4,1.0774621495984778E-4
7075,1.0777353576732742E-4,1.0772742567246483E-4
7076,1.0775473686476033E-4,1.0770864283493777E-4
7077,1.0773594441705557E-4,1.0768986644397263E-4
7078,1.0771715842091435E-4,1.0767109649627364E-4
7079,1.0769837887304083E-4,1.076523329885506E-4
7080,1.0767960577013865E-4,1.0763357591751335E-4
7081,1.0766083910891517E-4,1.0761482527987407E-4
7082,1.0764207888608038E-4,1.0759608107235116E-4
7083,1.0762332509834531E-4,1.0757734329165876E-4
7084,1.0760457774242521E-4,1.0755861193451807E-4
7085,1.0758583681503515E-4,1.0753988699765178E-4
7086,1.0756710231289482E-4,1.0752116847778105E-4
7087,1.075483742327234E-4,1.0750245637163632E-4
7088,1.0752965257124565E-4,1.0748375067594204E-4
7089,1.0751093732518529E-4,1.0746505138743179E-4
7090,1.0749222849127016E-4,1.0744635850283763E-4
7091,1.0747352606622898E-4,1.0742767201889431E-4
7092,1.0745483004679442E-4,1.0740899193233961E-4
7093,1.0743614042970131E-4,1.073903182399145E-4
7094,1.07417457211684E-4,1.073716509383591E-4
7095,1.0739878038948116E-4,1.0735299002441581E-4
7096,1.0738010995983474E-4,1.0733433549483317E-4
7097,1.0736144591948652E-4,1.0731568734636018E-4
7098,1.0734278826518132E-4,1.0729704557574575E-4
7099,1.0732413699366671E-4,1.0727841017974459E-4
7100,1.0730549210169212E-4,1.0725978115510884E-4
7101,1.0728685358601035E-4,1.0724115849859784E-4
7102,1.072682214433731E-4,1.0722254220697074E-4
7103,1.0724959567053714E-4,1.0720393227698843E-4
7104,1.072309762642615E-4,1.0718532870541538E-4
7105,1.0721236322130562E-4,1.0716673148901668E-4
7106,1.0719375653843284E-4,1.0714814062456082E-4
7107,1.0717515621240666E-4,1.0712955610881878E-4
7108,1.0715656223999519E-4,1.0711097793856197E-4
7109,1.0713797461796702E-4,1.0709240611056584E-4
7110,1.0711939334309338E-4,1.070738406216063E-4
7111,1.071008184121472E-4,1.0705528146846344E-4
7112,1.0708224982190596E-4,1.0703672864791818E-4
7113,1.0706368756914665E-4,1.0701818215675275E-4
7114,1.0704513165064869E-4,1.0699964199175484E-4
7115,1.0702658206319497E-4,1.0698110814970943E-4
7116,1.0700803880356818E-4,1.0696258062740883E-4
7117,1.0698950186855697E-4,1.0694405942164321E-4
7118,1.0697097125494896E-4,1.0692554452920811E-4
7119,1.0695244695953547E-4,1.0690703594689943E-4
7120,1.0693392897910859E-4,1.0688853367151525E-4
7121,1.0691541731046487E-4,1.068700376998567E-4
7122,1.0689691195040065E-4,1.068515480287257E-4
7123,1.0687841289571571E-4,1.0683306465492846E-4
7124,1.068599201432117E-4,1.0681458757527175E-4
7125,1.06841433689691E-4,1.067961167865634E-4
7126,1.0682295353196205E-4,1.0677765228561674E-4
7127,1.0680447966683075E-4,1.067591940692433E-4
7128,1.067860120911093E-4,1.0674074213426208E-4
7129,1.0676755080160904E-4,1.0672229647748758E-4
7130,1.0674909579514409E-4,1.0670385709574018E-4
7131,1.0673064706853248E-4,1.066854239858439E-4
7132,1.0671220461859073E-4,1.0666699714462177E-4
7133,1.0669376844214175E-4,1.0664857656889935E-4
7134,1.0667533853600867E-4,1.0663016225550667E-4
7135,1.0665691489701621E-4,1.066117542012735E-4
7136,1.0663849752199037E-4,1.065933524030334E-4
7137,1.0662008640776157E-4,1.0657495685762043E-4
7138,1.066016815511639E-4,1.0655656756187167E-4
7139,1.0658328294902642E-4,1.0653818451262615E-4
7140,1.0656489059819002E-4,1.0651980770672645E-4
7141,1.0654650449548912E-4,1.0650143714101358E-4
7142,1.0652812463776365E-4,1.0648307281233414E-4
7143,1.0650975102185856E-4,1.064647147175371E-4
7144,1.0649138364461488E-4,1.064463628534709E-4
7145,1.064730225028826E-4,1.0642801721698708E-4
7146,1.0645466759350854E-4,1.0640967780494035E-4
7147,1.064363189133426E-4,1.0639134461418597E-4
7148,1.0641797645923918E-4,1.0637301764158297E-4
7149,1.0639964022805152E-4,1.0635469688399145E-4
7150,1.0638131021663826E-4,1.0633638233827429E-4
7151,1.0636298642185893E-4,1.0631807400129409E-4
7152,1.0634466884057209E-4,1.0629977186991826E-4
7153,1.063263574696441E-4,1.062814759410171E-4
7154,1.0630805230593801E-4,1.062631862114595E-4
7155,1.0628975334632331E-4,1.0624490267811868E-4
7156,1.062714605876679E-4,1.0622662533786993E-4
7157,1.062531740268439E-4,1.0620835418759096E-4
7158,1.0623489366072638E-4,1.0619008922415936E-4
7159,1.0621661948619017E-4,1.0617183044445681E-4
7160,1.0619835150011385E-4,1.0615357784536787E-4
7161,1.0618008969937705E-4,1.0613533142377662E-4
7162,1.0616183408086193E-4,1.0611709117657177E-4
7163,1.0614358464145367E-4,1.0609885710064084E-4
7164,1.0612534137803733E-4,1.0608062919287802E-4
7165,1.0610710428750167E-4,1.060624074501744E-4
7166,1.0608887336673817E-4,1.0604419186942903E-4
7167,1.0607064861263938E-4,1.0602598244753632E-4
7168,1.0605243002209783E-4,1.0600777918139768E-4
7169,1.0603421759201257E-4,1.0598958206791645E-4
7170,1.0601601131928225E-4,1.0597139110399484E-4
7171,1.0599781120080764E-4,1.0595320628653983E-4
7172,1.0597961723349019E-4,1.0593502761246034E-4
7173,1.0596142941423653E-4,1.0591685507866438E-4
7174,1.0594324773995322E-4,1.058986886820674E-4
7175,1.0592507220755084E-4,1.0588052841958086E-4
7176,1.0590690281393659E-4,1.0586237428812328E-4
7177,1.058887395560282E-4,1.0584422628461192E-4
7178,1.0587058243073845E-4,1.0582608440596837E-4
7179,1.0585243143498656E-4,1.0580794864911461E-4
7180,1.0583428656569182E-4,1.0578981901097551E-4
7181,1.0581614781977417E-4,1.0577169548847725E-4
7182,1.0579801519415718E-4,1.0575357807854994E-4
7183,1.0577988868576777E-4,1.0573546677812255E-4
7184,1.0576176829153288E-4,1.0571736158412922E-4
7185,1.0574365400838312E-4,1.0569926249350553E-4
7186,1.0572554583324988E-4,1.0568116950318682E-4
7187,1.0570744376306587E-4,1.0566308261011255E-4
7188,1.0568934779476888E-4,1.0564500181122438E-4
7189,1.0567125792529524E-4,1.0562692710346551E-4
7190,1.0565317415158566E-4,1.056088584837809E-4
7191,1.0563509647058152E-4,1.0559079594911713E-4
7192,1.056170248792279E-4,1.0557273949642332E-4
7193,1.0559895937446881E-4,1.0555468912265072E-4
7194,1.0558089995325462E-4,1.0553664482475344E-4
7195,1.0556284661253396E-4,1.0551860659968628E-4
7196,1.0554479934926032E-4,1.055005744444057E-4
7197,1.0552675816038654E-4,1.0548254835587273E-4
7198,1.0550872304286929E-4,1.054645283310472E-4
7199,1.0549069399366635E-4,1.054465143668916E-4
7200,1.0547267100973951E-4,1.0542850646037332E-4
7201,1.0545465408804948E-4,1.0541050460845941E-4
7202,1.0543664322556119E-4,1.0539250880811958E-4
7203,1.0541863841924049E-4,1.053745190563244E-4
7204,1.0540063966605584E-4,1.0535653535004771E-4
7205,1.0538264696297828E-4,1.0533855768626303E-4
7206,1.0536466030697928E-4,1.0532058606195088E-4
7207,1.0534667969503481E-4,1.0530262047409023E-4
7208,1.0532870512411759E-4,1.0528466091965966E-4
7209,1.05310736591209E-4,1.0526670739564539E-4
7210,1.0529277409328945E-4,1.0524875989903209E-4
7211,1.0527481762734041E-4,1.0523081842680747E-4
7212,1.0525686719034606E-4,1.052128829759607E-4
7213,1.0523892277929419E-4,1.0519495354348192E-4
7214,1.0522098439117122E-4,1.0517703012636797E-4
7215,1.0520305202296816E-4,1.0515911272161103E-4
7216,1.0518512567167827E-4,1.051412013262101E-4
7217,1.0516720533429463E-4,1.051232959371639E-4
7218,1.0514929100781529E-4,1.0510539655147409E-4
7219,1.0513138268923713E-4,1.0508750316614478E-4
7220,1.0511348037556159E-4,1.0506961577818098E-4
7221,1.0509558406379102E-4,1.0505173438458908E-4
7222,1.0507769375092656E-4,1.0503385898238027E-4
7223,1.0505980943397954E-4,1.0501598956856438E-4
7224,1.0504193110995511E-4,1.0499812614015432E-4
7225,1.0502405877586414E-4,1.049802686941666E-4
7226,1.0500619242871858E-4,1.0496241722761769E-4
7227,1.0498833206553325E-4,1.0494457173752916E-4
7228,1.0497047768332422E-4,1.0492673222091829E-4
7229,1.0495262927910816E-4,1.0490889867481007E-4
7230,1.0493478684990852E-4,1.0489107109623172E-4
7231,1.0491695039274513E-4,1.048732494822071E-4
7232,1.0489911990464192E-4,1.0485543382976641E-4
7233,1.0488129538262583E-4,1.0483762413594097E-4
7234,1.0486347682372425E-4,1.048198203977635E-4
7235,1.048456642249685E-4,1.0480202261227058E-4
7236,1.0482785758338802E-4,1.047842307764968E-4
7237,1.0481005689601795E-4,1.047664448874813E-4
7238,1.0479226215989595E-4,1.0474866494226613E-4
7239,1.0477447337205734E-4,1.0473089093789411E-4
7240,1.0475669052954276E-4,1.0471312287140933E-4
7241,1.0473891362939334E-4,1.0469536073985711E-4
7242,1.0472114266865455E-4,1.0467760454028948E-4
7243,1.0470337764437098E-4,1.0465985426975413E-4
7244,1.0468561855358938E-4,1.0464210992530508E-4
7245,1.0466786539336129E-4,1.0462437150399661E-4
7246,1.0465011816073586E-4,1.0460663900288417E-4
7247,1.0463237685276834E-4,1.0458891241902633E-4
7248,1.0461464146651407E-4,1.0457119174948543E-4
7249,1.0459691199902941E-4,1.0455347699132135E-4
7250,1.045791884473728E-4,1.0453576814159963E-4
7251,1.0456147080860734E-4,1.0451806519738512E-4
7252,1.0454375907979622E-4,1.0450036815574731E-4
7253,1.0452605325800273E-4,1.0448267701375484E-4
7254,1.0450835334029587E-4,1.0446499176847978E-4
7255,1.0449065932374353E-4,1.0444731241699741E-4
7256,1.0447297120541588E-4,1.0442963895638287E-4
7257,1.0445528898238663E-4,1.0441197138371367E-4
7258,1.044376126517303E-4,1.0439430969606857E-4
7259,1.0441994221052463E-4,1.0437665389052941E-4
7260,1.044022776558457E-4,1.0435900396418019E-4
7261,1.0438461898477794E-4,1.0434135991410658E-4
7262,1.0436696619439895E-4,1.0432372173739597E-4
7263,1.043493192817969E-4,1.0430608943113612E-4
7264,1.0433167824405624E-4,1.0428846299241919E-4
7265,1.0431404307826505E-4,1.0427084241833895E-4
7266,1.0429641378151523E-4,1.042532277059887E-4
7267,1.0427879035089646E-4,1.0423561885246681E-4
7268,1.0426117278350362E-4,1.0421801585487122E-4
7269,1.0424356107643328E-4,1.0420041871030296E-4
7270,1.0422595522678236E-4,1.0418282741586453E-4
7271,1.042083552316518E-4,1.0416524196865971E-4
7272,1.0419076108814004E-4,1.0414766236579598E-4
7273,1.0417317279335465E-4,1.041300886043817E-4
7274,1.041555903443976E-4,1.0411252068152595E-4
7275,1.0413801373837762E-4,1.0409495859434135E-4
7276,1.0412044297240393E-4,1.0407740233994188E-4
7277,1.041028780435876E-4,1.0405985191544326E-4
7278,1.040853189490421E-4,1.0404230731796401E-4
7279,1.0406776568588073E-4,1.0402476854462348E-4
7280,1.040502182512209E-4,1.0400723559254185E-4
7281,1.040326766421814E-4,1.0398970845884489E-4
7282,1.0401514085588349E-4,1.0397218714065573E-4
7283,1.039976108894488E-4,1.0395467163510348E-4
7284,1.0398008674000157E-4,1.0393716193931592E-4
7285,1.0396256840466849E-4,1.0391965805042389E-4
7286,1.0394505588057722E-4,1.0390215996556194E-4
7287,1.0392754916485746E-4,1.0388466768186262E-4
7288,1.039100482546424E-4,1.0386718119646461E-4
7289,1.0389255314706349E-4,1.0384970050650449E-4
7290,1.0387506383925837E-4,1.0383222560912359E-4
7291,1.03857580328365E-4,1.0381475650146429E-4
7292,1.0384010261152007E-4,1.0379729318067053E-4
7293,1.0382263068586621E-4,1.037798356438879E-4
7294,1.0380516454854768E-4,1.0376238388826497E-4
7295,1.0378770419670742E-4,1.0374493791095137E-4
7296,1.0377024962749376E-4,1.0372749770909711E-4
7297,1.0375280083805392E-4,1.037100632798576E-4
7298,1.0373535782554066E-4,1.036926346203872E-4
7299,1.0371792058710485E-4,1.0367521172784341E-4
7300,1.0370048911990018E-4,1.0365779459938473E-4
7301,1.0368306342108458E-4,1.0364038323217248E-4
7302,1.0366564348781459E-4,1.0362297762336925E-4
7303,1.036482293172509E-4,1.0360557777013985E-4
7304,1.036308209065559E-4,1.0358818366965124E-4
7305,1.0361341825289178E-4,1.0357079531907066E-4
7306,1.0359602135342406E-4,1.0355341271556795E-4
7307,1.0357863020532165E-4,1.035360358563158E-4
7308,1.035612448057516E-4,1.0351866473848918E-4
7309,1.0354386515188567E-4,1.0350129935926243E-4
7310,1.035264912408987E-4,1.0348393971581235E-4
7311,1.035091230699614E-4,1.0346658580531992E-4
7312,1.034917606362543E-4,1.0344923762496492E-4
7313,1.03474403936953E-4,1.0343189517193248E-4
7314,1.0345705296923963E-4,1.0341455844340451E-4
7315,1.0343970773029414E-4,1.0339722743657034E-4
7316,1.0342236821730169E-4,1.0337990214861699E-4
7317,1.0340503442744827E-4,1.0336258257673545E-4
7318,1.0338770635792195E-4,1.0334526871811892E-4
7319,1.0337038400591047E-4,1.0332796056995972E-4
7320,1.0335306736860645E-4,1.0331065812945432E-4
7321,1.0333575644320203E-4,1.0329336139380072E-4
7322,1.0331845122689239E-4,1.0327607036019882E-4
7323,1.0330115171687448E-4,1.0325878502584833E-4
7324,1.0328385791034665E-4,1.0324150538795437E-4
7325,1.0326656980450973E-4,1.0322423144372105E-4
7326,1.0324928739656667E-4,1.0320696319035496E-4
7327,1.0323201068371898E-4,1.0318970062506543E-4
7328,1.0321473966317391E-4,1.0317244374506186E-4
7329,1.0319747433213873E-4,1.031551925475582E-4
7330,1.0318021468782493E-4,1.0313794702976712E-4
7331,1.0316296072744089E-4,1.0312070718890459E-4
7332,1.0314571244820212E-4,1.0310347302218935E-4
7333,1.0312846984732156E-4,1.0308624452684106E-4
7334,1.0311123292201793E-4,1.0306902170007865E-4
7335,1.0309400166950782E-4,1.0305180453912784E-4
7336,1.0307677608701373E-4,1.030345930412123E-4
7337,1.0305955617175622E-4,1.0301738720355854E-4
7338,1.0304234192095855E-4,1.0300018702339651E-4
7339,1.030251333318487E-4,1.0298299249795573E-4
7340,1.0300793040165296E-4,1.029658036244677E-4
7341,1.0299073312760017E-4,1.0294862040016769E-4
7342,1.0297354150692336E-4,1.0293144282229082E-4
7343,1.0295635553685378E-4,1.029142708880747E-4
7344,1.029391752146278E-4,1.028971045947569E-4
7345,1.0292200053748007E-4,1.028799439395811E-4
7346,1.0290483150265E-4,1.0286278891979034E-4
7347,1.0288766810737871E-4,1.028456395326276E-4
7348,1.0287051034890571E-4,1.028284957753401E-4
7349,1.0285335822447824E-4,1.0281135764517559E-4
7350,1.0283621173133884E-4,1.0279422513938559E-4
7351,1.0281907086673504E-4,1.027770982552205E-4
7352,1.0280193562791769E-4,1.027599769899347E-4
7353,1.0278480601213567E-4,1.0274286134078258E-4
7354,1.0276768201664368E-4,1.0272575130502354E-4
7355,1.0275056363869491E-4,1.0270864687991436E-4
7356,1.0273345087554651E-4,1.0269154806271682E-4
7357,1.027163437244553E-4,1.0267445485069319E-4
7358,1.0269924218268126E-4,1.0265736724110735E-4
7359,1.0268214624748693E-4,1.0264028523122634E-4
7360,1.0266505591613417E-4,1.026232088183173E-4
7361,1.0264797118589048E-4,1.0260613799964955E-4
7362,1.0263089205402028E-4,1.0258907277249584E-4
7363,1.0261381851779409E-4,1.0257201313412671E-4
7364,1.0259675057447955E-4,1.0255495908182091E-4
7365,1.025796882213524E-4,1.0253791061285157E-4
7366,1.0256263145568586E-4,1.0252086772449852E-4
7367,1.0254558027475304E-4,1.0250383041404176E-4
7368,1.0252853467583386E-4,1.02486798678764E-4
7369,1.0251149465620693E-4,1.024697725159481E-4
7370,1.0249446021315331E-4,1.0245275192287989E-4
7371,1.0247743134395533E-4,1.0243573689684661E-4
7372,1.0246040804589763E-4,1.0241872743513736E-4
7373,1.0244339031626742E-4,1.024017235350416E-4
7374,1.0242637815235169E-4,1.0238472519385417E-4
7375,1.0240937155144039E-4,1.023677324088676E-4
7376,1.0239237051082575E-4,1.0235074517737743E-4
7377,1.0237537502780029E-4,1.023337634966824E-4
7378,1.0235838509966022E-4,1.0231678736408344E-4
7379,1.0234140072370093E-4,1.0229981677687742E-4
7380,1.0232442189722109E-4,1.0228285173237245E-4
7381,1.0230744861752116E-4,1.022658922278686E-4
7382,1.0229048088190341E-4,1.0224893826067562E-4
7383,1.0227351868767129E-4,1.0223198982810077E-4
7384,1.0225656203213056E-4,1.0221504692745268E-4
7385,1.0223961091258935E-4,1.0219810955604388E-4
7386,1.0222266532635529E-4,1.0218117771119015E-4
7387,1.0220572527074034E-4,1.0216425139020254E-4
7388,1.0218879074305531E-4,1.0214733059039884E-4
7389,1.0217186174061511E-4,1.0213041530909984E-4
7390,1.0215493826073594E-4,1.0211350554362542E-4
7391,1.0213802030073542E-4,1.0209660129129428E-4
7392,1.0212110785793277E-4,1.0207970254943442E-4
7393,1.0210420092964882E-4,1.020628093153681E-4
7394,1.0208729951320777E-4,1.020459215864252E-4
7395,1.020704036059322E-4,1.0202903935993261E-4
7396,1.020535132051487E-4,1.0201216263322149E-4
7397,1.0203662830818698E-4,1.0199529140362428E-4
7398,1.020197489123741E-4,1.019784256684762E-4
7399,1.0200287501504462E-4,1.0196156542511151E-4
7400,1.0198600661353005E-4,1.0194471067086715E-4
7401,1.0196914370516428E-4,1.019278614030839E-4
7402,1.0195228628728606E-4,1.0191101761910243E-4
7403,1.0193543435723129E-4,1.0189417931626599E-4
7404,1.0191858791234153E-4,1.0187734649191685E-4
7405,1.0190174694995972E-4,1.0186051914340305E-4
7406,1.0188491146742659E-4,1.0184369726807076E-4
7407,1.0186808146208891E-4,1.0182688086327179E-4
7408,1.0185125693129275E-4,1.018100699263548E-4
7409,1.0183443787238827E-4,1.0179326445467365E-4
7410,1.0181762428272361E-4,1.0177646444558427E-4
7411,1.0180081615965242E-4,1.0175966989644071E-4
7412,1.0178401350052627E-4,1.0174288080460151E-4
7413,1.0176721630270187E-4,1.0172609716742751E-4
7414,1.0175042456353841E-4,1.0170931898227881E-4
7415,1.0173363828039053E-4,1.0169254624651879E-4
7416,1.0171685745062174E-4,1.0167577895751236E-4
7417,1.0170008207159237E-4,1.0165901711262761E-4
7418,1.0168331214066749E-4,1.0164226070922897E-4
7419,1.0166654765521241E-4,1.0162550974468927E-4
7420,1.0164978861259431E-4,1.0160876421637915E-4
7421,1.0163303501018191E-4,1.0159202412167106E-4
7422,1.0161628684534514E-4,1.0157528945794213E-4
7423,1.0159954411545723E-4,1.0155856022256492E-4
7424,1.0158280681789253E-4,1.0154183641292226E-4
7425,1.015660749500261E-4,1.0152511802639084E-4
7426,1.0154934850923497E-4,1.0150840506035458E-4
7427,1.0153262749289879E-4,1.0149169751219477E-4
7428,1.0151591189839853E-4,1.0147499537929694E-4
7429,1.0149920172311503E-4,1.0145829865904806E-4
7430,1.0148249696443426E-4,1.014416073488372E-4
7431,1.0146579761974036E-4,1.0142492144605236E-4
7432,1.0144910368642137E-4,1.0140824094808755E-4
7433,1.0143241516186657E-4,1.0139156585233423E-4
7434,1.0141573204346696E-4,1.0137489615618865E-4
7435,1.0139905432861564E-4,1.0135823185704606E-4
7436,1.0138238201470451E-4,1.0134157295230537E-4
7437,1.0136571509913087E-4,1.0132491943936692E-4
7438,1.0134905357929165E-4,1.013082713156326E-4
7439,1.0133239745258668E-4,1.0129162857850559E-4
7440,1.0131574671641556E-4,1.0127499122539063E-4
7441,1.0129910136818271E-4,1.0125835925369465E-4
7442,1.0128246140528914E-4,1.0124173266082517E-4
7443,1.0126582682514355E-4,1.0122511144419259E-4
7444,1.0124919762515155E-4,1.0120849560120856E-4
7445,1.0123257380272239E-4,1.0119188512928669E-4
7446,1.012159553552679E-4,1.0117528002584158E-4
7447,1.0119934228019989E-4,1.0115868028828918E-4
7448,1.0118273457493265E-4,1.0114208591404934E-4
7449,1.0116613223688088E-4,1.0112549690053998E-4
7450,1.0114953526346176E-4,1.0110891324518364E-4
7451,1.0113294365209588E-4,1.0109233494540403E-4
7452,1.0111635740020277E-4,1.0107576199862428E-4
7453,1.0109977650520381E-4,1.0105919440227292E-4
7454,1.0108320096452534E-4,1.0104263215377586E-4
7455,1.0106663077559175E-4,1.0102607525056507E-4
7456,1.0105006593583064E-4,1.0100952369007071E-4
7457,1.0103350644266941E-4,1.00992977469725E-4
7458,1.010169522935393E-4,1.0097643658696404E-4
7459,1.0100040348587283E-4,1.0095990103922334E-4
7460,1.0098386001710467E-4,1.0094337082394113E-4
7461,1.0096732188466815E-4,1.0092684593855597E-4
7462,1.0095078908600125E-4,1.0091032638051096E-4
7463,1.0093426161854218E-4,1.0089381214724783E-4
7464,1.0091773947973321E-4,1.0087730323621086E-4
7465,1.0090122266701468E-4,1.008607996448461E-4
7466,1.0088471117782874E-4,1.0084430137060161E-4
7467,1.0086820500962334E-4,1.0082780841092574E-4
7468,1.0085170415984412E-4,1.0081132076327095E-4
7469,1.00835208625939E-4,1.0079483842508883E-4
7470,1.0081871840536021E-4,1.0077836139383493E-4
7471,1.0080223349555618E-4,1.0076188966696216E-4
7472,1.0078575389398228E-4,1.0074542324193066E-4
7473,1.0076927959809321E-4,1.0072896211619874E-4
7474,1.0075281060534566E-4,1.007125062872271E-4
7475,1.0073634691319653E-4,1.0069605575247726E-4
7476,1.0071988851910768E-4,1.0067961050941318E-4
7477,1.0070343542053833E-4,1.0066317055550092E-4
7478,1.006869876149535E-4,1.0064673588820784E-4
7479,1.0067054509981592E-4,1.0063030650500275E-4
7480,1.0065410787259416E-4,1.0061388240335532E-4
7481,1.0063767593075499E-4,1.0059746358073738E-4
7482,1.0062124927176653E-4,1.0058105003462272E-4
7483,1.0060482789310275E-4,1.0056464176248686E-4
7484,1.0058841179223346E-4,1.0054823876180644E-4
7485,1.0057200096663431E-4,1.0053184103005868E-4
7486,1.0055559541378021E-4,1.0051544856472507E-4
7487,1.0053919513115002E-4,1.0049906136328732E-4
7488,1.0052280011622193E-4,1.0048267942322683E-4
7489,1.0050641036647754E-4,1.0046630274202943E-4
7490,1.0049002587939778E-4,1.0044993131718262E-4
7491,1.0047364665246748E-4,1.0043356514617227E-4
7492,1.0045727268317279E-4,1.0041720422648763E-4
7493,1.0044090396900033E-4,1.0040084855562247E-4
7494,1.0042454050743734E-4,1.0038449813106737E-4
7495,1.0040818229597553E-4,1.0036815295031795E-4
7496,1.0039182933210705E-4,1.0035181301086873E-4
7497,1.003754816133241E-4,1.0033547831021902E-4
7498,1.0035913913712257E-4,1.0031914884586476E-4
7499,1.0034280190099936E-4,1.0030282461531038E-4
7500,1.0032646990245188E-4,1.0028650561605527E-4
7501,1.003101431389805E-4,1.0027019184560608E-4
7502,1.0029382160808609E-4,1.002538833014643E-4
7503,1.0027750530727197E-4,1.0023757998114037E-4
7504,1.0026119423404368E-4,1.0022128188214179E-4
7505,1.002448883859053E-4,1.002049890019781E-4
7506,1.002285877603656E-4,1.0018870133816012E-4
7507,1.0021229235493477E-4,1.0017241888820418E-4
7508,1.0019600216712215E-4,1.0015614164962193E-4
7509,1.0017971719444095E-4,1.0013986961993207E-4
7510,1.0016343743440498E-4,1.001236027966513E-4
7511,1.0014716288453018E-4,1.0010734117730179E-4
7512,1.0013089354233326E-4,1.0009108475939917E-4
7513,1.0011462940533335E-4,1.0007483354047098E-4
7514,1.0009837047105005E-4,1.0005858751804072E-4
7515,1.000821167370056E-4,1.0004234668963227E-4
7516,1.0006586820072411E-4,1.000261110527748E-4
7517,1.000496248597303E-4,1.0000988060499662E-4
7518,1.0003338671155043E-4,9.999365534382892E-5
7519,1.0001715375371287E-4,9.99774352668034E-5
7520,1.0000092598374662E-4,9.996122037145268E-5
7521,9.998470339918438E-5,9.99450106553141E-5
7522,9.99684859975565E-5,9.992880611592222E-5
7523,9.995227377640089E-5,9.991260675081736E-5
7524,9.993606673324998E-5,9.989641255753789E-5
7525,9.99198648656426E-5,9.988022353362453E-5
7526,9.990366817111813E-5,9.986403967662257E-5
7527,9.988747664721748E-5,9.984786098407517E-5
7528,9.987129029148245E-5,9.983168745352795E-5
7529,9.985510910145552E-5,9.98155190825298E-5
7530,9.983893307468473E-5,9.979935586863005E-5
7531,9.98227622087144E-5,9.978319780937786E-5
7532,9.980659650109266E-5,9.976704490232564E-5
7533,9.979043594937121E-5,9.975089714502831E-5
7534,9.977428055110043E-5,9.973475453504178E-5
7535,9.975813030383412E-5,9.971861706992051E-5
7536,9.974198520512526E-5,9.970248474722481E-5
7537,9.972584525253074E-5,9.968635756451385E-5
7538,9.970971044360853E-5,9.967023551934957E-5
7539,9.969358077591768E-5,9.96541186092949E-5
7540,9.967745624701803E-5,9.963800683191285E-5
7541,9.96613368544727E-5,9.962190018477263E-5
7542,9.964522259584512E-5,9.960579866543845E-5
7543,9.962911346870073E-5,9.958970227148181E-5
7544,9.96130094706058E-5,9.957361100047419E-5
7545,9.959691059912949E-5,9.955752484998472E-5
7546,9.958081685184031E-5,9.954144381758953E-5
7547,9.956472822631132E-5,9.952536790086391E-5
7548,9.954864472011508E-5,9.950929709738273E-5
7549,9.953256633082509E-5,9.949323140472651E-5
7550,9.951649305601769E-5,9.947717082047316E-5
7551,9.950042489327138E-5,9.946111534220596E-5
7552,9.948436184016442E-5,9.944506496750576E-5
7553,9.946830389427611E-5,9.942901969395759E-5
7554,9.945225105319056E-5,9.941297951914838E-5
7555,9.943620331449034E-5,9.939694444066551E-5
7556,9.942016067576145E-5,9.938091445609686E-5
7557,9.940412313458953E-5,9.936488956303335E-5
7558,9.938809068856217E-5,9.934886975906642E-5
7559,9.9372063335271E-5,9.933285504179108E-5
7560,9.935604107230508E-5,9.93168454088004E-5
7561,9.934002389725869E-5,9.930084085769219E-5
7562,9.932401180772462E-5,9.928484138606466E-5
7563,9.93080048012996E-5,9.926884699151649E-5
7564,9.929200287558067E-5,9.925285767164763E-5
7565,9.927600602816636E-5,9.923687342406407E-5
7566,9.92600142566572E-5,9.92208942463671E-5
7567,9.924402755865456E-5,9.920492013616193E-5
7568,9.922804593176263E-5,9.918895109105739E-5
7569,9.921206937358412E-5,9.91729871086609E-5
7570,9.919609788172778E-5,9.915702818658342E-5
7571,9.918013145379908E-5,9.91410743224358E-5
7572,9.916417008740819E-5,9.912512551383031E-5
7573,9.914821378016734E-5,9.910918175838267E-5
7574,9.913226252968607E-5,9.909324305370887E-5
7575,9.911631633358009E-5,9.907730939742645E-5
7576,9.91003751894629E-5,9.906138078715343E-5
7577,9.908443909495276E-5,9.904545722051127E-5
7578,9.906850804766704E-5,9.902953869512073E-5
7579,9.905258204522484E-5,9.901362520860704E-5
7580,9.903666108525027E-5,9.899771675859491E-5
7581,9.902074516536245E-5,9.89818133427087E-5
7582,9.900483428318862E-5,9.896591495857867E-5
7583,9.898892843635115E-5,9.8950021603833E-5
7584,9.897302762248011E-5,9.893413327610329E-5
7585,9.895713183920239E-5,9.891824997302072E-5
7586,9.894124108414896E-5,9.890237169222097E-5
7587,9.892535535495106E-5,9.888649843133748E-5
7588,9.89094746492417E-5,9.887063018800922E-5
7589,9.889359896465502E-5,9.885476695987164E-5
7590,9.887772829882761E-5,9.883890874456788E-5
7591,9.886186264939739E-5,9.88230555397363E-5
7592,9.884600201400182E-5,9.880720734302101E-5
7593,9.883014639028339E-5,9.879136415206592E-5
7594,9.881429577588332E-5,9.877552596451665E-5
7595,9.879845016844358E-5,9.875969277802025E-5
7596,9.878260956561145E-5,9.8743864590225E-5
7597,9.876677396503127E-5,9.872804139878221E-5
7598,9.875094336435109E-5,9.871222320134123E-5
7599,9.873511776122113E-5,9.869640999555794E-5
7600,9.871929715329213E-5,9.868060177908413E-5
7601,9.870348153821523E-5,9.866479854957853E-5
7602,9.86876709136451E-5,9.864900030469466E-5
7603,9.867186527723568E-5,9.863320704209385E-5
7604,9.865606462664415E-5,9.861741875943604E-5
7605,9.864026895953027E-5,9.860163545438375E-5
7606,9.86244782735513E-5,9.858585712459968E-5
7607,9.860869256636949E-5,9.857008376774804E-5
7608,9.859291183564564E-5,9.855431538149554E-5
7609,9.85771360790459E-5,9.853855196350809E-5
7610,9.856136529423438E-5,9.852279351145711E-5
7611,9.85455994788784E-5,9.850704002301185E-5
7612,9.852983863064478E-5,9.849129149584508E-5
7613,9.851408274720625E-5,9.847554792762857E-5
7614,9.849833182623013E-5,9.84598093160376E-5
7615,9.848258586539255E-5,9.844407565874952E-5
7616,9.846684486236402E-5,9.842834695344255E-5
7617,9.845110881482352E-5,9.841262319779463E-5
7618,9.843537772044619E-5,9.839690438948542E-5
7619,9.841965157691072E-5,9.838119052619936E-5
7620,9.840393038189738E-5,9.836548160561763E-5
7621,9.838821413308768E-5,9.834977762542715E-5
7622,9.837250282816265E-5,9.833407858331323E-5
7623,9.835679646480785E-5,9.831838447696417E-5
7624,9.834109504070893E-5,9.830269530406818E-5
7625,9.83253985535524E-5,9.828701106231746E-5
7626,9.830970700102692E-5,9.827133174940234E-5
7627,9.82940203808219E-5,9.825565736301867E-5
7628,9.827833869063033E-5,9.823998790086001E-5
7629,9.826266192814212E-5,9.822432336062171E-5
7630,9.824699009105566E-5,9.82086637400036E-5
7631,9.823132317706359E-5,9.819300903670463E-5
7632,9.821566118386281E-5,9.817735924842518E-5
7633,9.820000410915384E-5,9.816171437286637E-5
7634,9.81843519506343E-5,9.814607440773402E-5
7635,9.816870470600782E-5,9.813043935073086E-5
7636,9.815306237297527E-5,9.811480919956424E-5
7637,9.813742494924193E-5,9.809918395194258E-5
7638,9.8121792432514E-5,9.808356360557431E-5
7639,9.810616482049841E-5,9.80679481581696E-5
7640,9.80905421109006E-5,9.805233760744248E-5
7641,9.80749243014355E-5,9.803673195110532E-5
7642,9.805931138981095E-5,9.80211311868727E-5
7643,9.804370337374122E-5,9.800553531246087E-5
7644,9.802810025093959E-5,9.79899443255882E-5
7645,9.801250201912164E-5,9.797435822397508E-5
7646,9.799690867600708E-5,9.795877700533922E-5
7647,9.79813202193105E-5,9.794320066740452E-5
7648,9.796573664675244E-5,9.79276292078944E-5
7649,9.795015795605501E-5,9.791206262453224E-5
7650,9.793458414494249E-5,9.789650091504607E-5
7651,9.791901521113638E-5,9.78809440771621E-5
7652,9.790345115236219E-5,9.786539210861047E-5
7653,9.788789196634904E-5,9.784984500712125E-5
7654,9.787233765082368E-5,9.78343027704268E-5
7655,9.785678820351569E-5,9.781876539625875E-5
7656,9.784124362215727E-5,9.780323288235278E-5
7657,9.782570390447902E-5,9.778770522644642E-5
7658,9.78101690482173E-5,9.777218242627452E-5
7659,9.779463905110485E-5,9.775666447957697E-5
7660,9.777911391088088E-5,9.774115138409478E-5
7661,9.776359362528146E-5,9.772564313756838E-5
7662,9.774807819204743E-5,9.77101397377425E-5
7663,9.773256760891956E-5,9.769464118235911E-5
7664,9.771706187363902E-5,9.767914746916643E-5
7665,9.770156098395027E-5,9.766365859591106E-5
7666,9.768606493759847E-5,9.764817456034038E-5
7667,9.767057373233072E-5,9.763269536020582E-5
7668,9.765508736589331E-5,9.761722099325759E-5
7669,9.763960583603778E-5,9.76017514572494E-5
7670,9.762412914051347E-5,9.758628674993499E-5
7671,9.760865727707174E-5,9.757082686906964E-5
7672,9.759319024346664E-5,9.755537181241211E-5
7673,9.757772803745333E-5,9.753992157771848E-5
7674,9.75622706567877E-5,9.752447616274981E-5
7675,9.75468180992263E-5,9.750903556526676E-5
7676,9.753137036253009E-5,9.749359978303103E-5
7677,9.751592744445891E-5,9.747816881380754E-5
7678,9.75004893427741E-5,9.746274265536007E-5
7679,9.74850560552383E-5,9.74473213054581E-5
7680,9.746962757961604E-5,9.743190476186594E-5
7681,9.745420391367428E-5,9.741649302235717E-5
7682,9.743878505517897E-5,9.740108608469814E-5
7683,9.742337100190101E-5,9.7385683946663E-5
7684,9.740796175160713E-5,9.737028660602664E-5
7685,9.739255730207105E-5,9.735489406056182E-5
7686,9.73771576510652E-5,9.73395063080447E-5
7687,9.736176279636303E-5,9.732412334625495E-5
7688,9.734637273574003E-5,9.730874517296996E-5
7689,9.733098746697434E-5,9.729337178596976E-5
7690,9.731560698784231E-5,9.727800318303565E-5
7691,9.730023129612499E-5,9.726263936195294E-5
7692,9.728486038960197E-5,9.72472803205049E-5
7693,9.726949426605753E-5,9.723192605647568E-5
7694,9.725413292327363E-5,9.721657656765554E-5
7695,9.723877635903645E-5,9.720123185182983E-5
7696,9.722342457113018E-5,9.718589190678955E-5
7697,9.720807755734644E-5,9.71705567303281E-5
7698,9.719273531547195E-5,9.715522632023562E-5
7699,9.717739784329667E-5,9.713990067430469E-5
7700,9.716206513861309E-5,9.712457979033388E-5
7701,9.714673719921423E-5,9.710926366611849E-5
7702,9.713141402289629E-5,9.709395229945593E-5
7703,9.711609560745354E-5,9.707864568814676E-5
7704,9.710078195068232E-5,9.706334382999003E-5
7705,9.708547305038449E-5,9.70480467227897E-5
7706,9.707016890435752E-5,9.703275436434724E-5
7707,9.705486951040322E-5,9.701746675246876E-5
7708,9.703957486632405E-5,9.700218388496043E-5
7709,9.702428496992506E-5,9.698690575962946E-5
7710,9.700899981901033E-5,9.697163237428337E-5
7711,9.699371941138697E-5,9.695636372673441E-5
7712,9.697844374486344E-5,9.694109981479175E-5
7713,9.69631728172497E-5,9.69258406362693E-5
7714,9.694790662635487E-5,9.691058618898288E-5
7715,9.693264516999338E-5,9.689533647074519E-5
7716,9.691738844597614E-5,9.688009147937462E-5
7717,9.69021364521193E-5,9.686485121268974E-5
7718,9.688688918623946E-5,9.684961566850832E-5
7719,9.687164664615172E-5,9.683438484465206E-5
7720,9.685640882967748E-5,9.681915873894394E-5
7721,9.68411757346363E-5,9.680393734920699E-5
7722,9.682594735884844E-5,9.678872067326466E-5
7723,9.681072370013862E-5,9.677350870894552E-5
7724,9.67955047563286E-5,9.67583014540762E-5
7725,9.678029052524579E-5,9.674309890648389E-5
7726,9.676508100471628E-5,9.67279010640015E-5
7727,9.674987619256919E-5,9.671270792445875E-5
7728,9.673467608663215E-5,9.669751948568837E-5
7729,9.671948068473627E-5,9.668233574552404E-5
7730,9.670428998471457E-5,9.666715670180342E-5
7731,9.668910398440049E-5,9.665198235236256E-5
7732,9.667392268162826E-5,9.663681269503733E-5
7733,9.665874607423361E-5,9.662164772766988E-5
7734,9.66435741600558E-5,9.660648744810003E-5
7735,9.662840693693143E-5,9.659133185417008E-5
7736,9.661324440270165E-5,9.657618094372293E-5
7737,9.659808655520659E-5,9.656103471460311E-5
7738,9.658293339229174E-5,9.654589316465633E-5
7739,9.656778491179848E-5,9.653075629173201E-5
7740,9.655264111157325E-5,9.651562409367708E-5
7741,9.653750198946194E-5,9.65004965683422E-5
7742,9.652236754331304E-5,9.648537371357695E-5
7743,9.650723777097511E-5,9.647025552723575E-5
7744,9.649211267030044E-5,9.645514200717276E-5
7745,9.647699223914004E-5,9.644003315124224E-5
7746,9.646187647534648E-5,9.642492895730078E-5
7747,9.644676537677441E-5,9.640982942320624E-5
7748,9.643165894128009E-5,9.63947345468183E-5
7749,9.641655716672059E-5,9.637964432599735E-5
7750,9.640146005095512E-5,9.636455875860404E-5
7751,9.638636759184186E-5,9.634947784250196E-5
7752,9.637127978724287E-5,9.633440157555582E-5
7753,9.635619663502006E-5,9.631932995563093E-5
7754,9.634111813303777E-5,9.630426298059543E-5
7755,9.63260442791599E-5,9.628920064831593E-5
7756,9.631097507125413E-5,9.627414295666383E-5
7757,9.629591050718722E-5,9.625908990350673E-5
7758,9.62808505848279E-5,9.624404148672067E-5
7759,9.626579530204652E-5,9.62289977041759E-5
7760,9.625074465671477E-5,9.62139585537499E-5
7761,9.623569864670511E-5,9.619892403331738E-5
7762,9.622065726989153E-5,9.618389414075472E-5
7763,9.620562052414935E-5,9.616886887394094E-5
7764,9.61905884073556E-5,9.615384823075686E-5
7765,9.617556091738835E-5,9.613883220908496E-5
7766,9.616053805212537E-5,9.612382080680438E-5
7767,9.614551980944986E-5,9.610881402180184E-5
7768,9.613050618723982E-5,9.609381185195994E-5
7769,9.611549718338227E-5,9.607881429516545E-5
7770,9.610049279575912E-5,9.606382134930891E-5
7771,9.608549302225728E-5,9.60488330122755E-5
7772,9.607049786076368E-5,9.603384928195751E-5
7773,9.605550730916516E-5,9.60188701562463E-5
7774,9.604052136535152E-5,9.600389563303374E-5
7775,9.602554002721516E-5,9.59889257102147E-5
7776,9.601056329264787E-5,9.597396038568509E-5
7777,9.599559115954122E-5,9.59589996573392E-5
7778,9.598062362579204E-5,9.594404352307707E-5
7779,9.596566068929508E-5,9.592909198079621E-5
7780,9.595070234794676E-5,9.591414502839995E-5
7781,9.593574859964695E-5,9.58992026637855E-5
7782,9.592079944229462E-5,9.588426488486001E-5
7783,9.590585487379206E-5,9.586933168952582E-5
7784,9.589091489203991E-5,9.585440307568812E-5
7785,9.58759794949421E-5,9.583947904125526E-5
7786,9.586104868040493E-5,9.582455958413348E-5
7787,9.584612244633228E-5,9.580964470223287E-5
7788,9.583120079063183E-5,9.579473439346437E-5
7789,9.58162837112155E-5,9.577982865574055E-5
7790,9.580137120598969E-5,9.576492748697271E-5
7791,9.578646327286711E-5,9.575003088507528E-5
7792,9.577155990975956E-5,9.573513884796517E-5
7793,9.575666111458085E-5,9.572025137355916E-5
7794,9.57417668852454E-5,9.570536845977522E-5
7795,9.572687721967157E-5,9.56904901045332E-5
7796,9.571199211577494E-5,9.567561630575255E-5
7797,9.569711157147483E-5,9.566074706135581E-5
7798,9.568223558469111E-5,9.564588236926707E-5
7799,9.566736415334644E-5,9.563102222740994E-5
7800,9.565249727535978E-5,9.56161666337098E-5
7801,9.563763494865948E-5,9.560131558609462E-5
7802,9.562277717116722E-5,9.558646908249204E-5
7803,9.560792394080999E-5,9.557162712083139E-5
7804,9.559307525551766E-5,9.555678969904371E-5
7805,9.557823111321694E-5,9.554195681506133E-5
7806,9.556339151183763E-5,9.552712846681757E-5
7807,9.554855644931184E-5,9.551230465224567E-5
7808,9.553372592357248E-5,9.549748536928312E-5
7809,9.55188999325531E-5,9.548267061586585E-5
7810,9.550407847418857E-5,9.546786038993173E-5
7811,9.548926154641572E-5,9.545305468942153E-5
7812,9.547444914717105E-5,9.543825351227467E-5
7813,9.5459641274394E-5,9.542345685643369E-5
7814,9.544483792602504E-5,9.540866471984243E-5
7815,9.543003910000532E-5,9.539387710044376E-5
7816,9.541524479427709E-5,9.537909399618518E-5
7817,9.54004550067846E-5,9.536431540501317E-5
7818,9.538566973547264E-5,9.534954132487604E-5
7819,9.537088897828612E-5,9.533477175372078E-5
7820,9.535611273317596E-5,9.5320006689501E-5
7821,9.534134099808768E-5,9.530524613016758E-5
7822,9.53265737709724E-5,9.529049007367454E-5
7823,9.531181104978198E-5,9.527573851797423E-5
7824,9.529705283246826E-5,9.526099146102409E-5
7825,9.528229911698427E-5,9.524624890077957E-5
7826,9.52675499012863E-5,9.52315108351994E-5
7827,9.525280518333056E-5,9.52167772622444E-5
7828,9.523806496107267E-5,9.520204817987147E-5
7829,9.522332923247319E-5,9.518732358604562E-5
7830,9.520859799549133E-5,9.517260347872849E-5
7831,9.51938712480882E-5,9.515788785588501E-5
7832,9.51791489882255E-5,9.514317671547959E-5
7833,9.51644312138683E-5,9.512847005547903E-5
7834,9.514971792297909E-5,9.511376787385189E-5
7835,9.513500911352615E-5,9.509907016856695E-5
7836,9.512030478347505E-5,9.508437693759474E-5
7837,9.510560493079608E-5,9.50696881789059E-5
7838,9.50909095534569E-5,9.505500389047509E-5
7839,9.507621864942933E-5,9.5040324070275E-5
7840,9.506153221668614E-5,9.502564871628024E-5
7841,9.504685025320044E-5,9.50109778264682E-5
7842,9.50321727569446E-5,9.499631139881594E-5
7843,9.501749972589646E-5,9.498164943130212E-5
7844,9.500283115803443E-5,9.496699192190777E-5
7845,9.498816705133361E-5,9.495233886861487E-5
7846,9.497350740377523E-5,9.49376902694042E-5
7847,9.495885221333984E-5,9.492304612226054E-5
7848,9.494420147800831E-5,9.490840642516718E-5
7849,9.492955519576593E-5,9.489377117611177E-5
7850,9.491491336459382E-5,9.487914037308155E-5
7851,9.490027598248023E-5,9.486451401406466E-5
7852,9.488564304740991E-5,9.484989209705084E-5
7853,9.48710145573721E-5,9.483527462003191E-5
7854,9.485639051035521E-5,9.482066158099964E-5
7855,9.484177090435018E-5,9.48060529779467E-5
7856,9.482715573734861E-5,9.479144880886789E-5
7857,9.481254500734196E-5,9.477684907176005E-5
7858,9.479793871232565E-5,9.476225376461841E-5
7859,9.478333685029523E-5,9.47476628854431E-5
7860,9.476873941924481E-5,9.473307643223176E-5
7861,9.475414641717275E-5,9.471849440298616E-5
7862,9.473955784207931E-5,9.470391679570769E-5
7863,9.472497369196318E-5,9.46893436084003E-5
7864,9.471039396482576E-5,9.467477483906622E-5
7865,9.46958186586688E-5,9.466021048571216E-5
7866,9.468124777149689E-5,9.46456505463445E-5
7867,9.466668130131538E-5,9.463109501897048E-5
7868,9.465211924612715E-5,9.461654390160056E-5
7869,9.463756160394292E-5,9.460199719224196E-5
7870,9.462300837276893E-5,9.45874548889101E-5
7871,9.460845955061575E-5,9.457291698961379E-5
7872,9.45939151354932E-5,9.455838349236911E-5
7873,9.457937512541381E-5,9.454385439519037E-5
7874,9.456483951839036E-5,9.452932969609255E-5
7875,9.455030831243776E-5,9.45148093930946E-5
7876,9.453578150557103E-5,9.450029348421511E-5
7877,9.452125909580607E-5,9.448578196747141E-5
7878,9.450674108116144E-5,9.447127484088681E-5
7879,9.449222745965731E-5,9.445677210248278E-5
7880,9.447771822931317E-5,9.444227375028125E-5
7881,9.446321338814876E-5,9.442777978230776E-5
7882,9.444871293418936E-5,9.441329019658869E-5
7883,9.443421686545646E-5,9.439880499114949E-5
7884,9.441972517997663E-5,9.438432416401842E-5
7885,9.440523787577389E-5,9.436984771322453E-5
7886,9.439075495087807E-5,9.435537563679839E-5
7887,9.437627640331706E-5,9.434090793277074E-5
7888,9.436180223112077E-5,9.432644459917547E-5
7889,9.434733243231832E-5,9.431198563404607E-5
7890,9.433286700494216E-5,9.429753103541567E-5
7891,9.431840594702763E-5,9.428308080132369E-5
7892,9.430394925660684E-5,9.426863492980529E-5
7893,9.428949693171648E-5,9.425419341889927E-5
7894,9.427504897039365E-5,9.423975626664659E-5
7895,9.426060537067448E-5,9.422532347108572E-5
7896,9.424616613059952E-5,9.421089503026105E-5
7897,9.423173124820943E-5,9.419647094221404E-5
7898,9.421730072154361E-5,9.41820512049908E-5
7899,9.420287454864687E-5,9.416763581663496E-5
7900,9.418845272756126E-5,9.415322477519457E-5
7901,9.417403525633233E-5,9.413881807871568E-5
7902,9.415962213300737E-5,9.412441572524971E-5
7903,9.414521335563062E-5,9.411001771284645E-5
7904,9.41308089222538E-5,9.409562403955605E-5
7905,9.411640883092456E-5,9.408123470343172E-5
7906,9.410201307969484E-5,9.40668497025267E-5
7907,9.40876216666149E-5,9.405246903489777E-5
7908,9.407323458973901E-5,9.403809269859763E-5
7909,9.405885184712176E-5,9.402372069168522E-5
7910,9.40444734368175E-5,9.400935301221913E-5
7911,9.403009935688289E-5,9.39949896582581E-5
7912,9.40157296053753E-5,9.398063062786337E-5
7913,9.400136418035407E-5,9.396627591909499E-5
7914,9.39870030798813E-5,9.395192553001901E-5
7915,9.397264630201435E-5,9.393757945869711E-5
7916,9.39582938448181E-5,9.39232377031953E-5
7917,9.394394570635468E-5,9.390890026157966E-5
7918,9.392960188468925E-5,9.389456713191838E-5
7919,9.391526237788802E-5,9.388023831227885E-5
7920,9.390092718401768E-5,9.386591380073237E-5
7921,9.388659630114635E-5,9.385159359534911E-5
7922,9.387226972734243E-5,9.383727769420166E-5
7923,9.385794746067672E-5,9.382296609536196E-5
7924,9.384362949922074E-5,9.380865879690594E-5
7925,9.382931584104712E-5,9.379435579690857E-5
7926,9.381500648423217E-5,9.3780057093448E-5
7927,9.380070142684669E-5,9.376576268459866E-5
7928,9.378640066696837E-5,9.375147256844282E-5
7929,9.377210420267413E-5,9.373718674305894E-5
7930,9.375781203204502E-5,9.372290520652834E-5
7931,9.374352415315618E-5,9.370862795693381E-5
7932,9.372924056409242E-5,9.369435499235862E-5
7933,9.371496126293164E-5,9.368008631088854E-5
7934,9.370068624775995E-5,9.366582191060862E-5
7935,9.368641551666093E-5,9.365156178960425E-5
7936,9.367214906771831E-5,9.363730594596505E-5
7937,9.36578868990204E-5,9.36230543777813E-5
7938,9.36436290086522E-5,9.360880708314245E-5
7939,9.36293753947043E-5,9.359456406013951E-5
7940,9.361512605526581E-5,9.358032530686477E-5
7941,9.360088098842824E-5,9.356609082141269E-5
7942,9.35866401922818E-5,9.355186060187777E-5
7943,9.357240366492143E-5,9.353763464635715E-5
7944,9.3558171404441E-5,9.352341295294642E-5
7945,9.354394340893468E-5,9.350919551974371E-5
7946,9.352971967650163E-5,9.349498234485024E-5
7947,9.351550020523734E-5,9.3480773426365E-5
7948,9.35012849932417E-5,9.346656876239089E-5
7949,9.34870740386141E-5,9.345236835102828E-5
7950,9.34728673394543E-5,9.343817219038448E-5
7951,9.345866489386724E-5,9.342398027856124E-5
7952,9.344446669995449E-5,9.340979261366594E-5
7953,9.343027275582085E-5,9.339560919380637E-5
7954,9.341608305957104E-5,9.338143001709082E-5
7955,9.340189760931336E-5,9.336725508162855E-5
7956,9.338771640315345E-5,9.335308438552924E-5
7957,9.33735394392023E-5,9.333891792690652E-5
7958,9.335936671556952E-5,9.332475570387105E-5
7959,9.334519823036579E-5,9.33105977145383E-5
7960,9.333103398170191E-5,9.329644395702317E-5
7961,9.33168739676936E-5,9.328229442944182E-5
7962,9.330271818645427E-5,9.32681491299113E-5
7963,9.328856663609947E-5,9.325400805654947E-5
7964,9.3274419314747E-5,9.323987120747726E-5
7965,9.326027622051347E-5,9.322573858081313E-5
7966,9.324613735151762E-5,9.321161017468083E-5
7967,9.323200270588028E-5,9.319748598720341E-5
7968,9.321787228172241E-5,9.318336601650227E-5
7969,9.320374607716658E-5,9.316925026070654E-5
7970,9.318962409033532E-5,9.31551387179377E-5
7971,9.317550631935396E-5,9.314103138632691E-5
7972,9.316139276234627E-5,9.312692826399909E-5
7973,9.314728341744177E-5,9.31128293490879E-5
7974,9.31331782827665E-5,9.30987346397201E-5
7975,9.311907735645013E-5,9.308464413402901E-5
7976,9.310498063662181E-5,9.307055783014745E-5
7977,9.309088812141264E-5,9.305647572620876E-5
7978,9.307679980895576E-5,9.304239782034933E-5
7979,9.306271569738426E-5,9.302832411070382E-5
7980,9.304863578483246E-5,9.301425459541078E-5
7981,9.303456006943503E-5,9.300018927260663E-5
7982,9.302048854932944E-5,9.298612814043222E-5
7983,9.300642122265449E-5,9.297207119702734E-5
7984,9.299235808754694E-5,9.295801844053413E-5
7985,9.297829914214754E-5,9.294396986909501E-5
7986,9.296424438459749E-5,9.292992548085268E-5
7987,9.295019381303735E-5,9.291588527395373E-5
7988,9.293614742561335E-5,9.29018492465438E-5
7989,9.292210522046754E-5,9.288781739676946E-5
7990,9.290806719574547E-5,9.287378972277878E-5
7991,9.289403334959417E-5,9.285976622272107E-5
7992,9.288000368016169E-5,9.284574689474628E-5
7993,9.286597818559502E-5,9.283173173700636E-5
7994,9.285195686404465E-5,9.281772074765293E-5
7995,9.283793971366233E-5,9.280371392484115E-5
7996,9.282392673259792E-5,9.278971126672454E-5
7997,9.280991791900685E-5,9.277571277145943E-5
7998,9.279591327104305E-5,9.276171843720281E-5
7999,9.27819127868594E-5,9.274772826211181E-5
8000,9.276791646461493E-5,9.273374224434489E-5
8001,9.275392430246425E-5,9.271976038206447E-5
8002,9.273993629856798E-5,9.270578267342946E-5
8003,9.272595245108503E-5,9.269180911660348E-5
8004,9.271197275817479E-5,9.267783970974748E-5
8005,9.269799721799939E-5,9.266387445102943E-5
8006,9.268402582872328E-5,9.26499133386123E-5
8007,9.267005858850923E-5,9.263595637066312E-5
8008,9.265609549552081E-5,9.262200354535002E-5
8009,9.264213654792618E-5,9.26080548608414E-5
8010,9.262818174389146E-5,9.259411031530722E-5
8011,9.261423108158372E-5,9.25801699069179E-5
8012,9.260028455917431E-5,9.256623363384585E-5
8013,9.258634217483206E-5,9.255230149426326E-5
8014,9.257240392672908E-5,9.253837348634557E-5
8015,9.255846981303638E-5,9.252444960826743E-5
8016,9.254453983192963E-5,9.251052985820414E-5
8017,9.253061398158105E-5,9.249661423433412E-5
8018,9.251669226016784E-5,9.248270273483418E-5
8019,9.250277466586695E-5,9.246879535788593E-5
8020,9.248886119685545E-5,9.245489210166764E-5
8021,9.24749518513121E-5,9.24409929643632E-5
8022,9.246104662741757E-5,9.242709794415215E-5
8023,9.244714552335188E-5,9.24132070392214E-5
8024,9.243324853729781E-5,9.239932024775363E-5
8025,9.241935566743766E-5,9.238543756793514E-5
8026,9.240546691195638E-5,9.237155899795293E-5
8027,9.239158226903949E-5,9.2357684535995E-5
8028,9.237770173687171E-5,9.23438141802504E-5
8029,9.236382531364326E-5,9.232994792890912E-5
8030,9.23499529975392E-5,9.231608578016116E-5
8031,9.233608478675133E-5,9.230222773220083E-5
8032,9.232222067946864E-5,9.22883737832196E-5
8033,9.230836067388473E-5,9.227452393141257E-5
8034,9.229450476819051E-5,9.226067817497463E-5
8035,9.228065296058044E-5,9.224683651210371E-5
8036,9.22668052492494E-5,9.223299894099394E-5
8037,9.22529616323926E-5,9.221916545984684E-5
8038,9.223912210820752E-5,9.220533606686129E-5
8039,9.222528667489262E-5,9.219151076023788E-5
8040,9.221145533064504E-5,9.217768953817757E-5
8041,9.21976280736667E-5,9.216387239888273E-5
8042,9.218380490215817E-5,9.215005934055862E-5
8043,9.216998581432136E-5,9.213625036140897E-5
8044,9.215617080835947E-5,9.212244545964013E-5
8045,9.214235988247606E-5,9.210864463345806E-5
8046,9.212855303487882E-5,9.209484788107219E-5
8047,9.211475026377189E-5,9.208105520069004E-5
8048,9.210095156736225E-5,9.206726659052319E-5
8049,9.208715694386021E-5,9.205348204878207E-5
8050,9.207336639147438E-5,9.203970157367747E-5
8051,9.205957990841597E-5,9.20259251634242E-5
8052,9.204579749289506E-5,9.201215281623677E-5
8053,9.203201914312456E-5,9.199838453032916E-5
8054,9.20182448573196E-5,9.198462030391783E-5
8055,9.200447463369322E-5,9.197086013522113E-5
8056,9.199070847046318E-5,9.195710402245658E-5
8057,9.197694636584473E-5,9.194335196384382E-5
8058,9.196318831805516E-5,9.192960395760338E-5
8059,9.194943432531497E-5,9.19158600019562E-5
8060,9.193568438584274E-5,9.19021200951247E-5
8061,9.192193849786058E-5,9.188838423533475E-5
8062,9.190819665958955E-5,9.187465242080738E-5
8063,9.189445886925254E-5,9.186092464977087E-5
8064,9.188072512507386E-5,9.184720092045173E-5
8065,9.186699542527939E-5,9.1833481231076E-5
8066,9.185326976809477E-5,9.181976557987319E-5
8067,9.183954815174643E-5,9.180605396507329E-5
8068,9.182583057446288E-5,9.179234638490735E-5
8069,9.1812117034474E-5,9.177864283760685E-5
8070,9.179840753000969E-5,9.176494332140453E-5
8071,9.178470205930118E-5,9.175124783453357E-5
8072,9.17710006205808E-5,9.173755637523143E-5
8073,9.17573032120816E-5,9.172386894173161E-5
8074,9.174360983203786E-5,9.171018553227021E-5
8075,9.17299204786858E-5,9.1696506145089E-5
8076,9.171623515026006E-5,9.16828307784226E-5
8077,9.170255384500023E-5,9.166915943051486E-5
8078,9.168887656114414E-5,9.165549209960388E-5
8079,9.167520329693082E-5,9.164182878393364E-5
8080,9.166153405060145E-5,9.162816948174636E-5
8081,9.164786882039632E-5,9.16145141912856E-5
8082,9.163420760455831E-5,9.160086291079911E-5
8083,9.162055040133195E-5,9.158721563852962E-5
8084,9.160689720896151E-5,9.1573572372726E-5
8085,9.159324802569154E-5,9.155993311163643E-5
8086,9.157960284976998E-5,9.154629785350994E-5
8087,9.156596167944508E-5,9.153266659659742E-5
8088,9.155232451296238E-5,9.151903933914785E-5
8089,9.153869134857594E-5,9.150541607941639E-5
8090,9.152506218453251E-5,9.149179681565474E-5
8091,9.15114370190855E-5,9.147818154611752E-5
8092,9.149781585048738E-5,9.146457026905948E-5
8093,9.148419867699327E-5,9.145096298273785E-5
8094,9.147058549685552E-5,9.143735968540796E-5
8095,9.145697630833218E-5,9.142376037533203E-5
8096,9.144337110967801E-5,9.141016505076577E-5
8097,9.142976989915343E-5,9.139657370997077E-5
8098,9.141617267501378E-5,9.138298635120849E-5
8099,9.140257943552181E-5,9.13694029727402E-5
8100,9.138899017893663E-5,9.135582357283095E-5
8101,9.137540490352085E-5,9.134224814974494E-5
8102,9.136182360753697E-5,9.132867670174553E-5
8103,9.134824628924894E-5,9.131510922710202E-5
8104,9.133467294692104E-5,9.13015457240802E-5
8105,9.132110357882109E-5,9.128798619094695E-5
8106,9.130753818321305E-5,9.127443062597521E-5
8107,9.12939767583681E-5,9.126087902743192E-5
8108,9.128041930255205E-5,9.124733139359088E-5
8109,9.126686581403622E-5,9.123378772272286E-5
8110,9.125331629109079E-5,9.122024801310282E-5
8111,9.12397707319882E-5,9.120671226300421E-5
8112,9.122622913500188E-5,9.119318047070094E-5
8113,9.121269149840433E-5,9.117965263447236E-5
8114,9.119915782047176E-5,9.116612875259398E-5
8115,9.1185628099478E-5,9.115260882334474E-5
8116,9.117210233370179E-5,9.113909284500344E-5
8117,9.115858052142121E-5,9.11255808158518E-5
8118,9.11450626609142E-5,9.111207273416878E-5
8119,9.113154875046048E-5,9.109856859823967E-5
8120,9.111803878834126E-5,9.108506840634568E-5
8121,9.110453277283697E-5,9.107157215677169E-5
8122,9.109103070223357E-5,9.105807984780334E-5
8123,9.107753257481275E-5,9.104459147772703E-5
8124,9.10640383888593E-5,9.103110704482957E-5
8125,9.105054814265905E-5,9.101762654739948E-5
8126,9.103706183449795E-5,9.100414998372542E-5
8127,9.102357946266657E-5,9.099067735209872E-5
8128,9.101010102545128E-5,9.097720865081067E-5
8129,9.099662652114225E-5,9.096374387815236E-5
8130,9.098315594803104E-5,9.095028303241748E-5
8131,9.096968930440757E-5,9.093682611190062E-5
8132,9.095622658856771E-5,9.092337311489797E-5
8133,9.09427677988025E-5,9.090992403970278E-5
8134,9.092931293340614E-5,9.089647888461487E-5
8135,9.091586199067679E-5,9.088303764793138E-5
8136,9.090241496890926E-5,9.086960032795114E-5
8137,9.088897186640165E-5,9.085616692297554E-5
8138,9.087553268145347E-5,9.084273743130376E-5
8139,9.08620974123631E-5,9.082931185123858E-5
8140,9.084866605743076E-5,9.081589018108429E-5
8141,9.083523861495944E-5,9.080247241914378E-5
8142,9.082181508325111E-5,9.07890585637217E-5
8143,9.080839546060772E-5,9.077564861312413E-5
8144,9.079497974533637E-5,9.076224256565892E-5
8145,9.078156793574151E-5,9.074884041963298E-5
8146,9.076816003012753E-5,9.073544217335637E-5
8147,9.075475602680498E-5,9.072204782513714E-5
8148,9.074135592408E-5,9.070865737328805E-5
8149,9.072795972026414E-5,9.06952708161184E-5
8150,9.071456741366476E-5,9.068188815194485E-5
8151,9.070117900259568E-5,9.066850937907803E-5
8152,9.068779448536893E-5,9.06551344958341E-5
8153,9.067441386029667E-5,9.064176350052745E-5
8154,9.066103712569251E-5,9.06283963914757E-5
8155,9.064766427987288E-5,9.061503316699609E-5
8156,9.063429532115528E-5,9.060167382540764E-5
8157,9.062093024785395E-5,9.05883183650298E-5
8158,9.060756905828827E-5,9.057496678418212E-5
8159,9.059421175077752E-5,9.05616190811881E-5
8160,9.058085832364154E-5,9.05482752543684E-5
8161,9.05675087752011E-5,9.05349353020459E-5
8162,9.055416310377882E-5,9.052159922254862E-5
8163,9.054082130769684E-5,9.050826701419782E-5
8164,9.052748338527969E-5,9.04949386753214E-5
8165,9.051414933485075E-5,9.048161420424617E-5
8166,9.05008191547374E-5,9.046829359930165E-5
8167,9.048749284326578E-5,9.045497685881553E-5
8168,9.047417039876427E-5,9.044166398111923E-5
8169,9.046085181956063E-5,9.042835496454292E-5
8170,9.044753710398448E-5,9.041504980741876E-5
8171,9.043422625036631E-5,9.04017485080797E-5
8172,9.042091925703913E-5,9.03884510648607E-5
8173,9.040761612233504E-5,9.037515747609494E-5
8174,9.039431684458565E-5,9.036186774011926E-5
8175,9.038102142212724E-5,9.034858185527171E-5
8176,9.036772985329431E-5,9.033529981988728E-5
8177,9.035444213642333E-5,9.032202163230759E-5
8178,9.034115826985146E-5,9.030874729086908E-5
8179,9.032787825191785E-5,9.029547679391568E-5
8180,9.031460208096064E-5,9.028221013978837E-5
8181,9.030132975532096E-5,9.026894732682783E-5
8182,9.028806127333816E-5,9.025568835337893E-5
8183,9.02747966333568E-5,9.024243321778496E-5
8184,9.026153583371734E-5,9.022918191839278E-5
8185,9.024827887276598E-5,9.021593445354855E-5
8186,9.023502574884515E-5,9.020269082159858E-5
8187,9.022177646030316E-5,9.018945102089214E-5
8188,9.020853100548451E-5,9.017621504977711E-5
8189,9.019528938273894E-5,9.016298290660474E-5
8190,9.018205159041452E-5,9.014975458972621E-5
8191,9.016881762686016E-5,9.013653009749088E-5
8192,9.015558749042639E-5,9.01233094282557E-5
8193,9.014236117946609E-5,9.01100925803725E-5
8194,9.012913869232962E-5,9.00968795521963E-5
8195,9.011592002737308E-5,9.008367034208212E-5
8196,9.010270518294744E-5,9.007046494838719E-5
8197,9.008949415741061E-5,9.005726336947011E-5
8198,9.007628694911815E-5,9.004406560368798E-5
8199,9.0063083556427E-5,9.003087164940198E-5
8200,9.004988397769504E-5,9.001768150497023E-5
8201,9.003668821128214E-5,9.000449516875676E-5
8202,9.002349625554756E-5,8.999131263912253E-5
8203,9.0010308108852E-5,8.997813391442971E-5
8204,8.999712376955762E-5,8.996495899304537E-5
8205,8.998394323602756E-5,8.995178787333204E-5
8206,8.997076650662498E-5,8.993862055365752E-5
8207,8.995759357971489E-5,8.992545703238579E-5
8208,8.994442445366222E-5,8.991229730788929E-5
8209,8.993125912683378E-5,8.989914137853455E-5
8210,8.991809759759777E-5,8.98859892426896E-5
8211,8.990493986432168E-5,8.987284089872794E-5
8212,8.989178592537499E-5,8.985969634501984E-5
8213,8.987863577912806E-5,8.984655557993882E-5
8214,8.986548942395127E-5,8.983341860185657E-5
8215,8.985234685821846E-5,8.98202854091499E-5
8216,8.983920808030148E-5,8.98071560001929E-5
8217,8.982607308857437E-5,8.979403037336088E-5
8218,8.981294188141107E-5,8.978090852703309E-5
8219,8.979981445718937E-5,8.976779045958668E-5
8220,8.978669081428381E-5,8.975467616940101E-5
8221,8.977357095107485E-5,8.974156565485556E-5
8222,8.976045486593922E-5,8.972845891433009E-5
8223,8.974734255725571E-5,8.971535594620951E-5
8224,8.973423402340628E-5,8.970225674887353E-5
8225,8.972112926277058E-5,8.968916132070841E-5
8226,8.970802827373278E-5,8.967606966009609E-5
8227,8.96949310546751E-5,8.966298176542313E-5
8228,8.968183760398058E-5,8.964989763507729E-5
8229,8.966874792003684E-5,8.963681726744452E-5
8230,8.965566200122834E-5,8.962374066091389E-5
8231,8.964257984594178E-5,8.961066781387308E-5
8232,8.962950145256402E-5,8.95975987247136E-5
8233,8.961642681948529E-5,8.958453339182558E-5
8234,8.960335594509549E-5,8.957147181360158E-5
8235,8.959028882778454E-5,8.955841398843552E-5
8236,8.957722546594275E-5,8.954535991471786E-5
8237,8.95641658579637E-5,8.953230959084674E-5
8238,8.955111000224007E-5,8.951926301521522E-5
8239,8.95380578971671E-5,8.950622018622167E-5
8240,8.952500954113941E-5,8.94931811022616E-5
8241,8.95119649325527E-5,8.948014576173591E-5
8242,8.949892406980329E-5,8.94671141630404E-5
8243,8.948588695128984E-5,8.94540863045784E-5
8244,8.947285357541192E-5,8.94410621847487E-5
8245,8.945982394056778E-5,8.942804180195403E-5
8246,8.944679804515735E-5,8.94150251545979E-5
8247,8.943377588758406E-5,8.940201224108336E-5
8248,8.94207574662492E-5,8.938900305981459E-5
8249,8.940774277955591E-5,8.937599760919893E-5
8250,8.939473182590887E-5,8.936299588764034E-5
8251,8.938172460371262E-5,8.934999789354702E-5
8252,8.93687211113736E-5,8.933700362532906E-5
8253,8.935572134729887E-5,8.93240130813939E-5
8254,8.934272530989504E-5,8.931102626015189E-5
8255,8.932973299757191E-5,8.929804316001334E-5
8256,8.931674440874012E-5,8.928506377939149E-5
8257,8.930375954180754E-5,8.927208811669829E-5
8258,8.92907783951871E-5,8.925911617034759E-5
8259,8.927780096729126E-5,8.924614793875427E-5
8260,8.926482725653216E-5,8.923318342033376E-5
8261,8.92518572613262E-5,8.922022261350185E-5
8262,8.923889098008577E-5,8.920726551667646E-5
8263,8.922592841122771E-5,8.919431212827521E-5
8264,8.921296955316877E-5,8.918136244671686E-5
8265,8.920001440432733E-5,8.916841647042212E-5
8266,8.918706296312171E-5,8.915547419781098E-5
8267,8.917411522797112E-5,8.914253562730678E-5
8268,8.916117119729471E-5,8.912960075733161E-5
8269,8.914823086951618E-5,8.911666958630676E-5
8270,8.913529424305647E-5,8.910374211266097E-5
8271,8.912236131633757E-5,8.90908183348147E-5
8272,8.910943208778531E-5,8.907789825119699E-5
8273,8.909650655582439E-5,8.906498186023572E-5
8274,8.908358471887857E-5,8.905206916035576E-5
8275,8.907066657537675E-5,8.903916014998877E-5
8276,8.905775212374547E-5,8.902625482756293E-5
8277,8.904484136241379E-5,8.901335319150885E-5
8278,8.903193428980875E-5,8.900045524026025E-5
8279,8.901903090436294E-5,8.898756097224704E-5
8280,8.900613120450608E-5,8.897467038590309E-5
8281,8.899323518867205E-5,8.896178347966421E-5
8282,8.898034285529098E-5,8.894890025196234E-5
8283,8.89674542027984E-5,8.893602070123588E-5
8284,8.895456922962866E-5,8.892314482592247E-5
8285,8.894168793421647E-5,8.891027262445666E-5
8286,8.892881031499915E-5,8.889740409527962E-5
8287,8.891593637041339E-5,8.888453923682961E-5
8288,8.890306609889685E-5,8.887167804754698E-5
8289,8.889019949889008E-5,8.885882052587355E-5
8290,8.887733656883238E-5,8.884596667025149E-5
8291,8.886447730716276E-5,8.88331164791234E-5
8292,8.885162171232541E-5,8.882026995093333E-5
8293,8.883876978276216E-5,8.880742708412657E-5
8294,8.882592151691486E-5,8.879458787714602E-5
8295,8.881307691322863E-5,8.878175232844252E-5
8296,8.880023597015096E-5,8.87689204364603E-5
8297,8.878739868612435E-5,8.875609219964893E-5
8298,8.877456505959714E-5,8.87432676164571E-5
8299,8.876173508901914E-5,8.873044668533388E-5
8300,8.874890877283616E-5,8.871762940473234E-5
8301,8.873608610949762E-5,8.870481577310205E-5
8302,8.872326709745629E-5,8.869200578889791E-5
8303,8.871045173516177E-5,8.867919945057041E-5
8304,8.869764002106777E-5,8.866639675657724E-5
8305,8.868483195362458E-5,8.865359770537142E-5
8306,8.86720275312886E-5,8.864080229540934E-5
8307,8.865922675251431E-5,8.862801052514923E-5
8308,8.864642961575548E-5,8.861522239304569E-5
8309,8.863363611947067E-5,8.860243789756154E-5
8310,8.86208462621164E-5,8.858965703715349E-5
8311,8.860806004215108E-5,8.857687981028345E-5
8312,8.859527745803513E-5,8.856410621541227E-5
8313,8.858249850822534E-5,8.855133625100161E-5
8314,8.856972319118448E-5,8.853856991551659E-5
8315,8.855695150537517E-5,8.852580720741727E-5
8316,8.854418344925866E-5,8.851304812517179E-5
8317,8.85314190212988E-5,8.850029266724482E-5
8318,8.851865821996003E-5,8.848754083210125E-5
8319,8.850590104370721E-5,8.847479261821109E-5
8320,8.849314749100692E-5,8.846204802404105E-5
8321,8.84803975603257E-5,8.844930704805965E-5
8322,8.846765125013035E-5,8.843656968873818E-5
8323,8.845490855889152E-5,8.842383594454704E-5
8324,8.844216948507661E-5,8.841110581395718E-5
8325,8.84294340271574E-5,8.839837929544256E-5
8326,8.841670218360414E-5,8.838565638747449E-5
8327,8.840397395289034E-5,8.837293708852859E-5
8328,8.839124933348723E-5,8.836022139707908E-5
8329,8.837852832386888E-5,8.834750931160278E-5
8330,8.83658109225107E-5,8.833480083057632E-5
8331,8.835309712788783E-5,8.832209595247693E-5
8332,8.83403869384772E-5,8.830939467578233E-5
8333,8.832768035275385E-5,8.829669699897405E-5
8334,8.831497736919828E-5,8.828400292053012E-5
8335,8.830227798628768E-5,8.827131243893269E-5
8336,8.828958220250338E-5,8.82586255526647E-5
8337,8.82768900163255E-5,8.824594226020601E-5
8338,8.826420142623384E-5,8.823326256004235E-5
8339,8.825151643071291E-5,8.822058645065818E-5
8340,8.823883502824482E-5,8.820791393053801E-5
8341,8.822615721731313E-5,8.819524499816793E-5
8342,8.821348299640386E-5,8.81825796520349E-5
8343,8.820081236400137E-5,8.816991789062817E-5
8344,8.818814531859332E-5,8.815725971243404E-5
8345,8.81754818586669E-5,8.814460511594448E-5
8346,8.816282198271024E-5,8.813195409964911E-5
8347,8.815016568921304E-5,8.811930666203787E-5
8348,8.813751297666374E-5,8.810666280160327E-5
8349,8.812486384355327E-5,8.80940225168394E-5
8350,8.811221828837487E-5,8.808138580623944E-5
8351,8.809957630961917E-5,8.806875266829811E-5
8352,8.808693790578138E-5,8.805612310151031E-5
8353,8.807430307535383E-5,8.80434971043721E-5
8354,8.806167181683302E-5,8.80308746753813E-5
8355,8.804904412871377E-5,8.801825581303574E-5
8356,8.803642000949352E-5,8.800564051583478E-5
8357,8.802379945766942E-5,8.799302878227655E-5
8358,8.801118247173935E-5,8.798042061086345E-5
8359,8.799856905020346E-5,8.796781600009445E-5
8360,8.798595919156064E-5,8.795521494847426E-5
8361,8.797335289431298E-5,8.794261745450336E-5
8362,8.79607501569617E-5,8.793002351668833E-5
8363,8.794815097800841E-5,8.791743313353035E-5
8364,8.793555535595796E-5,8.790484630353846E-5
8365,8.792296328931366E-5,8.789226302521704E-5
8366,8.79103747765812E-5,8.787968329707286E-5
8367,8.789778981626664E-5,8.78671071176155E-5
8368,8.788520840687481E-5,8.785453448535233E-5
8369,8.787263054691519E-5,8.78419653987943E-5
8370,8.786005623489522E-5,8.782939985645027E-5
8371,8.784748546932594E-5,8.78168378568332E-5
8372,8.783491824871448E-5,8.780427939845465E-5
8373,8.782235457157418E-5,8.779172447982681E-5
8374,8.780979443641554E-5,8.77791730994649E-5
8375,8.779723784175143E-5,8.77666252558824E-5
8376,8.778468478609518E-5,8.775408094759509E-5
8377,8.777213526796085E-5,8.774154017311998E-5
8378,8.775958928586465E-5,8.772900293097241E-5
8379,8.774704683831919E-5,8.771646921967315E-5
8380,8.773450792384609E-5,8.770393903773834E-5
8381,8.772197254095846E-5,8.769141238368816E-5
8382,8.770944068817672E-5,8.767888925604424E-5
8383,8.7696912364019E-5,8.766636965332628E-5
8384,8.768438756700701E-5,8.765385357405715E-5
8385,8.767186629565958E-5,8.764134101676014E-5
8386,8.765934854849928E-5,8.762883197995811E-5
8387,8.764683432404888E-5,8.761632646217673E-5
8388,8.763432362083244E-5,8.760382446194001E-5
8389,8.762181643737203E-5,8.759132597777432E-5
8390,8.760931277219297E-5,8.757883100820753E-5
8391,8.759681262382159E-5,8.756633955176681E-5
8392,8.758431599078575E-5,8.755385160698085E-5
8393,8.757182287161017E-5,8.754136717237898E-5
8394,8.755933326482468E-5,8.752888624649177E-5
8395,8.754684716895721E-5,8.751640882785115E-5
8396,8.753436458253943E-5,8.750393491498695E-5
8397,8.752188550410042E-5,8.749146450643305E-5
8398,8.750940993217274E-5,8.747899760072321E-5
8399,8.74969378652878E-5,8.746653419639093E-5
8400,8.748446930197934E-5,8.745407429197305E-5
8401,8.747200424078104E-5,8.744161788600413E-5
8402,8.745954268022643E-5,8.742916497702039E-5
8403,8.744708461885292E-5,8.741671556356038E-5
8404,8.74346300551973E-5,8.740426964416335E-5
8405,8.74221789877939E-5,8.739182721736757E-5
8406,8.740973141518232E-5,8.737938828171329E-5
8407,8.739728733590313E-5,8.736695283574031E-5
8408,8.738484674849371E-5,8.735452087799153E-5
8409,8.73724096514952E-5,8.73420924070084E-5
8410,8.735997604344728E-5,8.73296674213364E-5
8411,8.734754592289495E-5,8.731724591951695E-5
8412,8.733511928837864E-5,8.730482790009515E-5
8413,8.732269613844224E-5,8.729241336161904E-5
8414,8.73102764716316E-5,8.728000230263339E-5
8415,8.729786028649169E-5,8.726759472168602E-5
8416,8.728544758156761E-5,8.725519061732435E-5
8417,8.727303835540658E-5,8.724278998809725E-5
8418,8.726063260655635E-5,8.723039283255543E-5
8419,8.724823033356646E-5,8.72179991492495E-5
8420,8.72358315349853E-5,8.720560893672983E-5
8421,8.722343620936285E-5,8.719322219354873E-5
8422,8.721104435524921E-5,8.718083891825878E-5
8423,8.719865597119799E-5,8.716845910941551E-5
8424,8.718627105575992E-5,8.715608276557112E-5
8425,8.717388960749013E-5,8.714370988528348E-5
8426,8.716151162494144E-5,8.713134046710537E-5
8427,8.714913710666919E-5,8.711897450959698E-5
8428,8.713676605122884E-5,8.710661201131442E-5
8429,8.7124398457177E-5,8.709425297081525E-5
8430,8.711203432307036E-5,8.708189738666139E-5
8431,8.709967364746821E-5,8.706954525741108E-5
8432,8.7087316428929E-5,8.70571965816262E-5
8433,8.707496266601285E-5,8.704485135786785E-5
8434,8.70626123572787E-5,8.703250958469923E-5
8435,8.705026550129014E-5,8.702017126068246E-5
8436,8.703792209660808E-5,8.700783638438227E-5
8437,8.702558214179495E-5,8.699550495436367E-5
8438,8.7013245635414E-5,8.698317696919196E-5
8439,8.700091257603204E-5,8.697085242743412E-5
8440,8.698858296221268E-5,8.695853132765725E-5
8441,8.697625679252132E-5,8.694621366842864E-5
8442,8.69639340655261E-5,8.693389944831874E-5
8443,8.695161477979425E-5,8.692158866589658E-5
8444,8.693929893389442E-5,8.69092813197323E-5
8445,8.692698652639546E-5,8.689697740839675E-5
8446,8.691467755586793E-5,8.688467693046306E-5
8447,8.690237202088238E-5,8.68723798845025E-5
8448,8.689006992000958E-5,8.686008626908993E-5
8449,8.687777125182379E-5,8.684779608279908E-5
8450,8.686547601489661E-5,8.683550932420558E-5
8451,8.685318420780254E-5,8.682322599188443E-5
8452,8.684089582911654E-5,8.681094608441432E-5
8453,8.682861087741304E-5,8.679866960036985E-5
8454,8.68163293512697E-5,8.678639653833202E-5
8455,8.68040512492633E-5,8.67741268968786E-5
8456,8.679177656997102E-5,8.676186067459037E-5
8457,8.677950531197301E-5,8.674959787004712E-5
8458,8.676723747384734E-5,8.67373384818302E-5
8459,8.675497305417432E-5,8.672508250852176E-5
8460,8.67427120515365E-5,8.671282994870607E-5
8461,8.673045446451241E-5,8.670058080096542E-5
8462,8.671820029168864E-5,8.66883350638848E-5
8463,8.670594953164604E-5,8.66760927360499E-5
8464,8.66937021829694E-5,8.66638538160463E-5
8465,8.668145824424366E-5,8.66516183024614E-5
8466,8.666921771405603E-5,8.663938619388276E-5
8467,8.665698059098897E-5,8.662715748889849E-5
8468,8.66447468736336E-5,8.661493218609819E-5
8469,8.663251656057661E-5,8.660271028407249E-5
8470,8.662028965040736E-5,8.659049178141092E-5
8471,8.660806614171387E-5,8.657827667670608E-5
8472,8.659584603308881E-5,8.65660649685492E-5
8473,8.658362932312083E-5,8.655385665553458E-5
8474,8.657141601040461E-5,8.654165173625409E-5
8475,8.655920609353094E-5,8.652945020930472E-5
8476,8.654699957109309E-5,8.651725207328062E-5
8477,8.65347964416863E-5,8.65050573267791E-5
8478,8.65225967039054E-5,8.649286596839596E-5
8479,8.65104003563459E-5,8.648067799672853E-5
8480,8.649820739760492E-5,8.646849341037752E-5
8481,8.64860178262789E-5,8.645631220793954E-5
8482,8.647383164096671E-5,8.644413438801598E-5
8483,8.646164884026649E-5,8.643195994920773E-5
8484,8.644946942277875E-5,8.64197888901169E-5
8485,8.643729338710386E-5,8.640762120934396E-5
8486,8.642512073184164E-5,8.639545690549459E-5
8487,8.641295145559594E-5,8.638329597716955E-5
8488,8.640078555696828E-5,8.637113842297658E-5
8489,8.638862303456231E-5,8.63589842415192E-5
8490,8.637646388698231E-5,8.634683343140495E-5
8491,8.636430811283404E-5,8.633468599123902E-5
8492,8.635215571072295E-5,8.632254191963068E-5
8493,8.634000667925471E-5,8.631040121518744E-5
8494,8.63278610170368E-5,8.629826387651876E-5
8495,8.631571872267797E-5,8.628612990223532E-5
8496,8.63035797947878E-5,8.627399929094713E-5
8497,8.629144423197455E-5,8.62618720412661E-5
8498,8.627931203284851E-5,8.624974815180469E-5
8499,8.626718319602192E-5,8.623762762117543E-5
8500,8.625505772010544E-5,8.622551044799165E-5
8501,8.624293560371254E-5,8.62133966308685E-5
8502,8.623081684545586E-5,8.620128616842321E-5
8503,8.621870144395012E-5,8.618917905926772E-5
8504,8.62065893978114E-5,8.617707530202275E-5
8505,8.619448070565365E-5,8.616497489530405E-5
8506,8.618237536609343E-5,8.615287783772995E-5
8507,8.617027337774906E-5,8.614078412791968E-5
8508,8.615817473923805E-5,8.6128693764495E-5
8509,8.614607944917811E-5,8.611660674607291E-5
8510,8.613398750619003E-5,8.610452307127809E-5
8511,8.612189890889251E-5,8.609244273873097E-5
8512,8.610981365590924E-5,8.608036574705467E-5
8513,8.609773174585931E-5,8.606829209487202E-5
8514,8.608565317736673E-5,8.605622178080928E-5
8515,8.607357794905357E-5,8.604415480348975E-5
8516,8.60615060595446E-5,8.60320911615409E-5
8517,8.604943750746545E-5,8.602003085358898E-5
8518,8.603737229143974E-5,8.600797387826123E-5
8519,8.602531041009412E-5,8.599592023418583E-5
8520,8.601325186205735E-5,8.598386991999175E-5
8521,8.600119664595597E-5,8.597182293430826E-5
8522,8.598914476041797E-5,8.595977927576553E-5
8523,8.597709620407316E-5,8.594773894299471E-5
8524,8.59650509755509E-5,8.593570193462873E-5
8525,8.595300907348333E-5,8.592366824929983E-5
8526,8.594097049650047E-5,8.591163788564084E-5
8527,8.592893524323677E-5,8.589961084228622E-5
8528,8.591690331232278E-5,8.588758711787066E-5
8529,8.590487470239345E-5,8.587556671103017E-5
8530,8.589284941208294E-5,8.586354962040155E-5
8531,8.588082744002604E-5,8.585153584462102E-5
8532,8.586880878486059E-5,8.583952538232603E-5
8533,8.585679344522135E-5,8.58275182321569E-5
8534,8.58447814197453E-5,8.581551439275058E-5
8535,8.583277270707335E-5,8.580351386274992E-5
8536,8.582076730584252E-5,8.579151664079357E-5
8537,8.580876521469317E-5,8.577952272552456E-5
8538,8.5796766432265E-5,8.576753211558375E-5
8539,8.578477095719947E-5,8.57555448096156E-5
8540,8.577277878813925E-5,8.5743560806263E-5
8541,8.576078992372584E-5,8.573158010417018E-5
8542,8.574880436260405E-5,8.571960270198467E-5
8543,8.573682210341672E-5,8.570762859834915E-5
8544,8.572484314480996E-5,8.569565779191211E-5
8545,8.571286748542823E-5,8.568369028132197E-5
8546,8.57008951239179E-5,8.567172606522552E-5
8547,8.568892605892683E-5,8.565976514227147E-5
8548,8.56769602891027E-5,8.564780751111013E-5
8549,8.566499781309387E-5,8.563585317039206E-5
8550,8.565303862954965E-5,8.562390211876878E-5
8551,8.564108273712008E-5,8.561195435489113E-5
8552,8.562913013445663E-5,8.560000987741226E-5
8553,8.561718082020988E-5,8.558806868498527E-5
8554,8.560523479303117E-5,8.557613077626526E-5
8555,8.559329205157622E-5,8.556419614990616E-5
8556,8.558135259449686E-5,8.555226480456376E-5
8557,8.556941642044712E-5,8.554033673889344E-5
8558,8.555748352808318E-5,8.55284119515547E-5
8559,8.554555391606102E-5,8.551649044120299E-5
8560,8.553362758303716E-5,8.550457220649706E-5
8561,8.5521704527669E-5,8.549265724609548E-5
8562,8.550978474861369E-5,8.548074555866033E-5
8563,8.549786824453021E-5,8.546883714285096E-5
8564,8.54859550140794E-5,8.545693199732959E-5
8565,8.547404505592084E-5,8.54450301207566E-5
8566,8.546213836871643E-5,8.543313151179639E-5
8567,8.545023495112497E-5,8.54212361691123E-5
8568,8.543833480181215E-5,8.540934409136762E-5
8569,8.542643791943944E-5,8.539745527722936E-5
8570,8.541454430267225E-5,8.538556972536101E-5
8571,8.540265395017349E-5,8.53736874344303E-5
8572,8.539076686060965E-5,8.536180840310407E-5
8573,8.537888303264517E-5,8.534993263005025E-5
8574,8.536700246495081E-5,8.533806011393842E-5
8575,8.535512515618935E-5,8.532619085343686E-5
8576,8.534325110503199E-5,8.53143248472154E-5
8577,8.533138031014595E-5,8.530246209394582E-5
8578,8.531951277020333E-5,8.529060259229895E-5
8579,8.530764848387195E-5,8.527874634094695E-5
8580,8.529578744982456E-5,8.526689333856249E-5
8581,8.528392966673314E-5,8.52550435838214E-5
8582,8.527207513326843E-5,8.524319707539662E-5
8583,8.526022384810641E-5,8.52313538119615E-5
8584,8.52483758099185E-5,8.521951379219459E-5
8585,8.52365310173819E-5,8.520767701477135E-5
8586,8.52246894691698E-5,8.519584347836823E-5
8587,8.521285116395969E-5,8.518401318166542E-5
8588,8.520101610042956E-5,8.517218612334005E-5
8589,8.51891842772548E-5,8.51603623020717E-5
8590,8.517735569311402E-5,8.514854171654153E-5
8591,8.51655303466878E-5,8.51367243654283E-5
8592,8.515370823665539E-5,8.512491024741507E-5
8593,8.514188936169615E-5,8.51130993611848E-5
8594,8.51300737204928E-5,8.510129170541797E-5
8595,8.51182613117253E-5,8.508948727880025E-5
8596,8.510645213407852E-5,8.50776860800161E-5
8597,8.509464618623402E-5,8.506588810774967E-5
8598,8.508284346687715E-5,8.505409336068804E-5
8599,8.50710439746922E-5,8.504230183751699E-5
8600,8.505924770836333E-5,8.50305135369237E-5
8601,8.504745466657974E-5,8.501872845759572E-5
8602,8.503566484802531E-5,8.500694659822205E-5
8603,8.502387825138866E-5,8.499516795749251E-5
8604,8.501209487535816E-5,8.498339253409844E-5
8605,8.500031471862377E-5,8.497162032672785E-5
8606,8.498853777987416E-5,8.495985133407397E-5
8607,8.497676405780043E-5,8.494808555482807E-5
8608,8.496499355109226E-5,8.493632298768418E-5
8609,8.495322625844371E-5,8.492456363133554E-5
8610,8.494146217854474E-5,8.491280748447577E-5
8611,8.492970131009067E-5,8.490105454580084E-5
8612,8.491794365177568E-5,8.48893048140061E-5
8613,8.490618920229321E-5,8.487755828778787E-5
8614,8.489443796033911E-5,8.486581496584441E-5
8615,8.488268992460892E-5,8.485407484687246E-5
8616,8.487094509380085E-5,8.484233792957022E-5
8617,8.485920346661062E-5,8.483060421263747E-5
8618,8.484746504173716E-5,8.481887369477393E-5
8619,8.483572981787853E-5,8.480714637468046E-5
8620,8.482399779373733E-5,8.479542225105991E-5
8621,8.481226896801175E-5,8.478370132261147E-5
8622,8.480054333940137E-5,8.477198358804049E-5
8623,8.478882090660959E-5,8.476026904604873E-5
8624,8.477710166833914E-5,8.47485576953408E-5
8625,8.476538562329335E-5,8.47368495346215E-5
8626,8.475367277017427E-5,8.472514456259734E-5
8627,8.474196310768766E-5,8.471344277797317E-5
8628,8.473025663453786E-5,8.470174417945715E-5
8629,8.471855334943155E-5,8.469004876575668E-5
8630,8.470685325107537E-5,8.467835653557882E-5
8631,8.469515633817612E-5,8.466666748763413E-5
8632,8.468346260944271E-5,8.4654981620632E-5
8633,8.467177206358229E-5,8.464329893328199E-5
8634,8.466008469930495E-5,8.463161942429576E-5
8635,8.464840051532131E-5,8.461994309238622E-5
8636,8.463671951034103E-5,8.460826993626435E-5
8637,8.46250416830766E-5,8.45965999546442E-5
8638,8.461336703224009E-5,8.458493314623902E-5
8639,8.460169555654392E-5,8.457326950976404E-5
8640,8.459002725470215E-5,8.45616090439353E-5
8641,8.457836212542795E-5,8.45499517474654E-5
8642,8.456670016743774E-5,8.453829761907519E-5
8643,8.455504137944564E-5,8.452664665748002E-5
8644,8.454338576016854E-5,8.451499886139712E-5
8645,8.453173330832416E-5,8.450335422954765E-5
8646,8.452008402262909E-5,8.449171276064943E-5
8647,8.450843790180202E-5,8.448007445342215E-5
8648,8.449679494456231E-5,8.446843930658708E-5
8649,8.448515514963026E-5,8.44568073188658E-5
8650,8.447351851572489E-5,8.444517848897964E-5
8651,8.446188504156815E-5,8.443355281565397E-5
8652,8.445025472588084E-5,8.44219302976099E-5
8653,8.44386275673879E-5,8.441031093357168E-5
8654,8.442700356481047E-5,8.439869472226679E-5
8655,8.441538271687249E-5,8.438708166241739E-5
8656,8.440376502229978E-5,8.43754717527518E-5
8657,8.439215047981687E-5,8.436386499199645E-5
8658,8.438053908814793E-5,8.435226137887958E-5
8659,8.436893084602171E-5,8.434066091212908E-5
8660,8.43573257521663E-5,8.432906359047288E-5
8661,8.434572380530767E-5,8.431746941264253E-5
8662,8.433412500417571E-5,8.4305878377367E-5
8663,8.432252934749738E-5,8.42942904833775E-5
8664,8.431093683400636E-5,8.428270572940683E-5
8665,8.429934746243163E-5,8.427112411418659E-5
8666,8.428776123150276E-5,8.42595456364503E-5
8667,8.427617813995436E-5,8.424797029493174E-5
8668,8.426459818651975E-5,8.423639808836437E-5
8669,8.42530213699296E-5,8.422482901548415E-5
8670,8.42414476889192E-5,8.421326307502654E-5
8671,8.422987714222412E-5,8.420170026572882E-5
8672,8.421830972857788E-5,8.41901405863273E-5
8673,8.420674544671969E-5,8.417858403555964E-5
8674,8.419518429538354E-5,8.416703061216579E-5
8675,8.418362627330796E-5,8.415548031488315E-5
8676,8.417207137923181E-5,8.414393314245327E-5
8677,8.416051961189284E-5,8.41323890936153E-5
8678,8.41489709700308E-5,8.412084816711028E-5
8679,8.413742545238694E-5,8.410931036168204E-5
8680,8.412588305770034E-5,8.40977756760707E-5
8681,8.411434378471329E-5,8.408624410902052E-5
8682,8.410280763216784E-5,8.407471565927611E-5
8683,8.409127459880851E-5,8.40631903255812E-5
8684,8.407974468337598E-5,8.405166810668136E-5
8685,8.406821788461631E-5,8.40401490013228E-5
8686,8.405669420127521E-5,8.402863300825194E-5
8687,8.404517363209588E-5,8.401712012621482E-5
8688,8.4033656175826E-5,8.40056103539606E-5
8689,8.402214183121286E-5,8.399410369023872E-5
8690,8.401063059700231E-5,8.398260013379643E-5
8691,8.39991224719449E-5,8.397109968338496E-5
8692,8.39876174547883E-5,8.39596023377548E-5
8693,8.397611554428202E-5,8.39481080956563E-5
8694,8.39646167391757E-5,8.393661695584265E-5
8695,8.395312103822237E-5,8.392512891706541E-5
8696,8.394162844017105E-5,8.391364397807911E-5
8697,8.393013894377646E-5,8.390216213763621E-5
8698,8.391865254778877E-5,8.389068339449239E-5
8699,8.390716925096517E-5,8.387920774740221E-5
8700,8.389568905205563E-5,8.386773519512208E-5
8701,8.388421194981845E-5,8.38562657364083E-5
8702,8.387273794300817E-5,8.38447993700179E-5
8703,8.386126703038098E-5,8.383333609470993E-5
8704,8.38497992106927E-5,8.382187590924117E-5
8705,8.383833448270312E-5,8.381041881237272E-5
8706,8.382687284516852E-5,8.379896480286363E-5
8707,8.381541429684918E-5,8.378751387947373E-5
8708,8.380395883650426E-5,8.377606604096551E-5
8709,8.379250646289339E-5,8.376462128610014E-5
8710,8.378105717477571E-5,8.37531796136395E-5
8711,8.376961097091758E-5,8.374174102234927E-5
8712,8.375816785007734E-5,8.373030551099053E-5
8713,8.374672781101907E-5,8.371887307832903E-5
8714,8.373529085250686E-5,8.370744372312952E-5
8715,8.372385697330364E-5,8.369601744415921E-5
8716,8.371242617217467E-5,8.368459424018242E-5
8717,8.370099844788558E-5,8.367317410996822E-5
8718,8.368957379920261E-5,8.366175705228341E-5
8719,8.367815222489248E-5,8.365034306589675E-5
8720,8.366673372372408E-5,8.363893214957648E-5
8721,8.365531829446325E-5,8.362752430209457E-5
8722,8.364390593587978E-5,8.361611952221872E-5
8723,8.363249664674179E-5,8.360471780872115E-5
8724,8.36210904258217E-5,8.359331916037537E-5
8725,8.360968727188868E-5,8.358192357595036E-5
8726,8.35982871837156E-5,8.357053105422223E-5
8727,8.358689016007232E-5,8.355914159396276E-5
8728,8.357549619973265E-5,8.354775519394693E-5
8729,8.356410530147082E-5,8.353637185295027E-5
8730,8.355271746405984E-5,8.352499156974727E-5
8731,8.354133268627402E-5,8.3513614343116E-5
8732,8.352995096688917E-5,8.350224017183042E-5
8733,8.351857230468213E-5,8.349086905467087E-5
8734,8.35071966984277E-5,8.347950099041459E-5
8735,8.349582414690464E-5,8.346813597784045E-5
8736,8.348445464889022E-5,8.345677401572888E-5
8737,8.347308820316318E-5,8.344541510285825E-5
8738,8.346172480850287E-5,8.343405923801205E-5
8739,8.345036446368834E-5,8.342270641996915E-5
8740,8.343900716750061E-5,8.341135664751318E-5
8741,8.342765291872191E-5,8.340000991942572E-5
8742,8.341630171613195E-5,8.338866623449159E-5
8743,8.340495355851525E-5,8.337732559149409E-5
8744,8.339360844465326E-5,8.336598798921821E-5
8745,8.338226637333006E-5,8.335465342644852E-5
8746,8.337092734333198E-5,8.3343321901972E-5
8747,8.33595913534408E-5,8.333199341457463E-5
8748,8.334825840244349E-5,8.332066796304463E-5
8749,8.333692848912851E-5,8.330934554616973E-5
8750,8.332560161227973E-5,8.329802616273681E-5
8751,8.331427777068559E-5,8.328670981153773E-5
8752,8.330295696313606E-5,8.327539649136087E-5
8753,8.32916391884176E-5,8.326408620099602E-5
8754,8.328032444532158E-5,8.325277893923551E-5
8755,8.326901273263707E-5,8.32414747048704E-5
8756,8.325770404915664E-5,8.323017349669503E-5
8757,8.324639839366866E-5,8.321887531349905E-5
8758,8.323509576496745E-5,8.320758015407958E-5
8759,8.322379616184481E-5,8.319628801722823E-5
8760,8.321249958309569E-5,8.318499890174243E-5
8761,8.320120602751228E-5,8.317371280641558E-5
8762,8.318991549388931E-5,8.316242973004556E-5
8763,8.317862798102387E-5,8.315114967142817E-5
8764,8.316734348770967E-5,8.313987262936181E-5
8765,8.315606201274469E-5,8.312859860264416E-5
8766,8.314478355492608E-5,8.311732759007387E-5
8767,8.313350811305055E-5,8.310605959045104E-5
8768,8.312223568591784E-5,8.309479460257398E-5
8769,8.311096627232666E-5,8.308353262524571E-5
8770,8.309969987107594E-5,8.307227365726714E-5
8771,8.308843648096833E-5,8.306101769743947E-5
8772,8.307717610080129E-5,8.304976474456526E-5
8773,8.306591872938053E-5,8.303851479744774E-5
8774,8.305466436550416E-5,8.302726785489086E-5
8775,8.304341300797885E-5,8.301602391570059E-5
8776,8.303216465560637E-5,8.300478297867923E-5
8777,8.302091930718992E-5,8.29935450426353E-5
8778,8.300967696153599E-5,8.298231010637297E-5
8779,8.299843761745011E-5,8.297107816870129E-5
8780,8.29872012737365E-5,8.295984922842633E-5
8781,8.297596792920418E-5,8.294862328435739E-5
8782,8.296473758265899E-5,8.293740033530242E-5
8783,8.295351023290968E-5,8.292618038007204E-5
8784,8.294228587876358E-5,8.291496341747586E-5
8785,8.293106451903036E-5,8.290374944632499E-5
8786,8.29198461525215E-5,8.289253846542968E-5
8787,8.290863077804502E-5,8.288133047360301E-5
8788,8.289741839441467E-5,8.287012546965855E-5
8789,8.288620900044002E-5,8.285892345240718E-5
8790,8.287500259493349E-5,8.284772442066555E-5
8791,8.28637991767092E-5,8.283652837324674E-5
8792,8.28525987445809E-5,8.282533530896506E-5
8793,8.284140129736188E-5,8.281414522663845E-5
8794,8.283020683386687E-5,8.280295812508235E-5
8795,8.281901535291228E-5,8.279177400311356E-5
8796,8.280782685331343E-5,8.278059285955008E-5
8797,8.279664133388785E-5,8.276941469320998E-5
8798,8.278545879345195E-5,8.275823950291239E-5
8799,8.277427923082456E-5,8.274706728747496E-5
8800,8.276310264482361E-5,8.273589804572265E-5
8801,8.27519290342697E-5,8.272473177647152E-5
8802,8.274075839798101E-5,8.271356847854442E-5
8803,8.272959073477826E-5,8.270240815076516E-5
8804,8.271842604348294E-5,8.269125079195403E-5
8805,8.27072643229162E-5,8.268009640093534E-5
8806,8.269610557190244E-5,8.266894497653226E-5
8807,8.268494978926234E-5,8.265779651757047E-5
8808,8.267379697381965E-5,8.264665102287382E-5
8809,8.266264712439964E-5,8.263550849126953E-5
8810,8.265150023982658E-5,8.262436892158228E-5
8811,8.264035631892598E-5,8.261323231264147E-5
8812,8.262921536052295E-5,8.260209866327152E-5
8813,8.261807736344624E-5,8.25909679723036E-5
8814,8.260694232652173E-5,8.257984023856443E-5
8815,8.259581024857736E-5,8.256871546088532E-5
8816,8.258468112844208E-5,8.255759363809444E-5
8817,8.257355496494418E-5,8.254647476902378E-5
8818,8.256243175691406E-5,8.253535885250389E-5
8819,8.255131150318249E-5,8.25242458873661E-5
8820,8.254019420257877E-5,8.251313587244452E-5
8821,8.252907985393677E-5,8.25020288065715E-5
8822,8.251796845608758E-5,8.249092468858021E-5
8823,8.250686000786282E-5,8.247982351730637E-5
8824,8.24957545080983E-5,8.246872529158392E-5
8825,8.248465195562614E-5,8.24576300102493E-5
8826,8.247355234928153E-5,8.244653767213712E-5
8827,8.246245568790063E-5,8.243544827608583E-5
8828,8.245136197031842E-5,8.242436182093283E-5
8829,8.244027119537191E-5,8.241327830551409E-5
8830,8.242918336189803E-5,8.240219772867079E-5
8831,8.241809846873276E-5,8.239112008924014E-5
8832,8.240701651471795E-5,8.238004538606338E-5
8833,8.239593749869E-5,8.236897361798072E-5
8834,8.238486141948787E-5,8.235790478383268E-5
8835,8.237378827595369E-5,8.234683888246199E-5
8836,8.236271806692738E-5,8.233577591271001E-5
8837,8.23516507912509E-5,8.232471587341845E-5
8838,8.234058644776501E-5,8.231365876343234E-5
8839,8.232952503531308E-5,8.230260458159658E-5
8840,8.231846655273745E-5,8.229155332675524E-5
8841,8.230741099888356E-5,8.228050499775252E-5
8842,8.229635837259412E-5,8.226945959343481E-5
8843,8.22853086727141E-5,8.225841711264938E-5
8844,8.22742618980909E-5,8.224737755424198E-5
8845,8.226321804756925E-5,8.223634091706266E-5
8846,8.225217711999643E-5,8.2225307199958E-5
8847,8.224113911421989E-5,8.22142764017769E-5
8848,8.22301040290868E-5,8.220324852136921E-5
8849,8.221907186344696E-5,8.219222355758508E-5
8850,8.220804261615007E-5,8.218120150927623E-5
8851,8.219701628604434E-5,8.217018237529249E-5
8852,8.218599287198074E-5,8.215916615448581E-5
8853,8.21749723728099E-5,8.214815284570995E-5
8854,8.2163954787385E-5,8.213714244781772E-5
8855,8.215294011455796E-5,8.212613495966174E-5
8856,8.21419283531798E-5,8.211513038009787E-5
8857,8.213091950210559E-5,8.210412870798008E-5
8858,8.211991356018821E-5,8.209312994216345E-5
8859,8.210891052628345E-5,8.208213408150709E-5
8860,8.209791039924594E-5,8.207114112486285E-5
8861,8.208691317793191E-5,8.206015107109161E-5
8862,8.207591886119663E-5,8.204916391905095E-5
8863,8.206492744789898E-5,8.203817966759958E-5
8864,8.205393893689515E-5,8.202719831559473E-5
8865,8.204295332704401E-5,8.201621986189679E-5
8866,8.203197061720503E-5,8.200524430536648E-5
8867,8.202099080623486E-5,8.19942716448664E-5
8868,8.201001389299619E-5,8.198330187925554E-5
8869,8.199903987634905E-5,8.197233500739688E-5
8870,8.198806875515527E-5,8.196137102815362E-5
8871,8.197710052827515E-5,8.195040994038842E-5
8872,8.196613519457199E-5,8.193945174296509E-5
8873,8.19551727529071E-5,8.19284964347487E-5
8874,8.194421320214783E-5,8.191754401460418E-5
8875,8.193325654115485E-5,8.19065944813956E-5
8876,8.192230276879363E-5,8.189564783399252E-5
8877,8.191135188393033E-5,8.188470407125852E-5
8878,8.190040388543117E-5,8.187376319206282E-5
8879,8.18894587721613E-5,8.18628251952724E-5
8880,8.187851654298882E-5,8.185189007975743E-5
8881,8.186757719678156E-5,8.18409578443841E-5
8882,8.185664073240624E-5,8.183002848802584E-5
8883,8.184570714873413E-5,8.181910200955107E-5
8884,8.183477644463298E-5,8.180817840783102E-5
8885,8.18238486189738E-5,8.17972576817371E-5
8886,8.181292367062732E-5,8.178633983014278E-5
8887,8.180200159846392E-5,8.177542485191825E-5
8888,8.17910824013557E-5,8.17645127459395E-5
8889,8.178016607817593E-5,8.175360351107869E-5
8890,8.176925262779621E-5,8.174269714621016E-5
8891,8.17583420490915E-5,8.173179365021019E-5
8892,8.17474343409349E-5,8.172089302195448E-5
8893,8.173652950220198E-5,8.170999526031669E-5
8894,8.172562753176721E-5,8.169910036417707E-5
8895,8.171472842850772E-5,8.168820833241224E-5
8896,8.17038321912999E-5,8.167731916389843E-5
8897,8.169293881902076E-5,8.166643285751475E-5
8898,8.168204831054592E-5,8.165554941214238E-5
8899,8.167116066475686E-5,8.16446688266591E-5
8900,8.16602758805302E-5,8.163379109994541E-5
8901,8.164939395674619E-5,8.162291623088333E-5
8902,8.163851489228554E-5,8.161204421835352E-5
8903,8.162763868602778E-5,8.160117506123727E-5
8904,8.161676533685467E-5,8.159030875841923E-5
8905,8.16058948436479E-5,8.15794453087809E-5
8906,8.15950272052892E-5,8.156858471120631E-5
8907,8.158416242066239E-5,8.155772696458116E-5
8908,8.157330048864995E-5,8.154687206778948E-5
8909,8.156244140813861E-5,8.153602001971732E-5
8910,8.15515851780093E-5,8.152517081924887E-5
8911,8.154073179714928E-5,8.151432446527421E-5
8912,8.152988126444518E-5,8.150348095667814E-5
8913,8.151903357878202E-5,8.149264029234859E-5
8914,8.150818873904685E-5,8.148180247117553E-5
8915,8.149734674412821E-5,8.147096749204558E-5
8916,8.148650759291311E-5,8.146013535385052E-5
8917,8.147567128429088E-5,8.144930605548029E-5
8918,8.146483781715055E-5,8.143847959582435E-5
8919,8.145400719038245E-5,8.14276559737757E-5
8920,8.144317940287679E-5,8.141683518822523E-5
8921,8.143235445352422E-5,8.140601723806548E-5
8922,8.142153234121761E-5,8.139520212218973E-5
8923,8.141071306484841E-5,8.138438983949073E-5
8924,8.139989662330824E-5,8.137358038886366E-5
8925,8.138908301549093E-5,8.136277376920296E-5
8926,8.13782722402918E-5,8.135196997940478E-5
8927,8.136746429660386E-5,8.134116901836394E-5
8928,8.135665918332396E-5,8.133037088497666E-5
8929,8.134585689934518E-5,8.1319575578141E-5
8930,8.13350574435656E-5,8.130878309675399E-5
8931,8.132426081488049E-5,8.129799343971511E-5
8932,8.131346701218896E-5,8.12872066059208E-5
8933,8.130267603438678E-5,8.127642259427264E-5
8934,8.129188788037554E-5,8.126564140366919E-5
8935,8.12811025490505E-5,8.125486303301116E-5
8936,8.127032003931443E-5,8.124408748120033E-5
8937,8.12595403500659E-5,8.123331474713779E-5
8938,8.124876348020647E-5,8.122254482972474E-5
8939,8.123798942863716E-5,8.121177772786509E-5
8940,8.12272181942588E-5,8.120101344046221E-5
8941,8.121644977597511E-5,8.11902519664205E-5
8942,8.120568417268847E-5,8.117949330464324E-5
8943,8.119492138330388E-5,8.116873745403465E-5
8944,8.118416140672314E-5,8.115798441350242E-5
8945,8.117340424185253E-5,8.114723418195166E-5
8946,8.116264988759755E-5,8.113648675828903E-5
8947,8.115189834286354E-5,8.112574214142284E-5
8948,8.114114960655719E-5,8.111500033025957E-5
8949,8.113040367758401E-5,8.110426132370892E-5
8950,8.111966055485461E-5,8.109352512067786E-5
8951,8.110892023727383E-5,8.108279172007799E-5
8952,8.109818272375324E-5,8.107206112081841E-5
8953,8.10874480132E-5,8.106133332181035E-5
8954,8.107671610452563E-5,8.10506083219642E-5
8955,8.106598699663835E-5,8.103988612019272E-5
8956,8.10552606884506E-5,8.102916671540732E-5
8957,8.104453717887308E-5,8.101845010652139E-5
8958,8.103381646681959E-5,8.100773629244895E-5
8959,8.102309855120078E-5,8.099702527210373E-5
8960,8.101238343093036E-5,8.09863170443996E-5
8961,8.100167110492218E-5,8.097561160825238E-5
8962,8.099096157209132E-5,8.096490896257642E-5
8963,8.098025483135063E-5,8.095420910629012E-5
8964,8.096955088161827E-5,8.094351203831015E-5
8965,8.095884972180826E-5,8.093281775755216E-5
8966,8.094815135083777E-5,8.092212626293503E-5
8967,8.093745576762446E-5,8.091143755337827E-5
8968,8.092676297108547E-5,8.090075162779886E-5
8969,8.091607296013824E-5,8.08900684851184E-5
8970,8.090538573370267E-5,8.087938812425543E-5
8971,8.089470129069664E-5,8.086871054413205E-5
8972,8.088401963004147E-5,8.08580357436692E-5
8973,8.087334075065799E-5,8.084736372178811E-5
8974,8.086266465146582E-5,8.08366944774116E-5
8975,8.085199133138753E-5,8.082602800946224E-5
8976,8.084132078934475E-5,8.08153643168641E-5
8977,8.083065302426073E-5,8.080470339854145E-5
8978,8.081998803505751E-5,8.079404525341935E-5
8979,8.08093258206595E-5,8.078338988041996E-5
8980,8.079866637999157E-5,8.077273727847303E-5
8981,8.078800971197779E-5,8.076208744650233E-5
8982,8.077735581554419E-5,8.075144038343401E-5
8983,8.076670468961671E-5,8.074079608819931E-5
8984,8.075605633312162E-5,8.073015455972199E-5
8985,8.074541074498588E-5,8.071951579693301E-5
8986,8.07347679241371E-5,8.070887979875952E-5
8987,8.072412786950473E-5,8.069824656413358E-5
8988,8.07134905800164E-5,8.06876160919836E-5
8989,8.070285605460054E-5,8.067698838123959E-5
8990,8.069222429218969E-5,8.066636343083552E-5
8991,8.068159529171082E-5,8.06557412397004E-5
8992,8.067096905209832E-5,8.064512180676743E-5
8993,8.066034557228214E-5,8.06345051309699E-5
8994,8.064972485119303E-5,8.062389121124208E-5
8995,8.063910688776617E-5,8.0613280046516E-5
8996,8.06284916809321E-5,8.060267163572705E-5
8997,8.061787922962674E-5,8.059206597781076E-5
8998,8.060726953278339E-5,8.058146307170234E-5
8999,8.059666258933659E-5,8.057086291633754E-5
9000,8.058605839822182E-5,8.056026551065426E-5
9001,8.057545695837501E-5,8.054967085358788E-5
9002,8.056485826873346E-5,8.05390789440783E-5
9003,8.0554262328232E-5,8.0528489781063E-5
9004,8.054366913581066E-5,8.051790336348024E-5
9005,8.053307869040589E-5,8.050731969027082E-5
9006,8.052249099095624E-5,8.049673876037271E-5
9007,8.051190603640267E-5,8.048616057272863E-5
9008,8.050132382568287E-5,8.047558512627814E-5
9009,8.04907443577386E-5,8.046501241996371E-5
9010,8.048016763150921E-5,8.045444245272684E-5
9011,8.046959364593665E-5,8.044387522351099E-5
9012,8.04590223999633E-5,8.043331073125912E-5
9013,8.044845389253094E-5,8.042274897491462E-5
9014,8.043788812258287E-5,8.041218995342197E-5
9015,8.04273250890624E-5,8.040163366572587E-5
9016,8.041676479091317E-5,8.039108011077278E-5
9017,8.040620722708086E-5,8.03805292875062E-5
9018,8.039565239651106E-5,8.036998119487625E-5
9019,8.038510029814695E-5,8.035943583182714E-5
9020,8.037455093093652E-5,8.03488931973077E-5
9021,8.036400429382641E-5,8.033835329026438E-5
9022,8.035346038576314E-5,8.032781610964909E-5
9023,8.034291920569574E-5,8.031728165440818E-5
9024,8.033238075257163E-5,8.030674992349064E-5
9025,8.032184502533948E-5,8.029622091584972E-5
9026,8.031131202295111E-5,8.028569463043502E-5
9027,8.030078174435336E-5,8.0275171066197E-5
9028,8.029025418849704E-5,8.026465022208828E-5
9029,8.027972935433582E-5,8.025413209706115E-5
9030,8.026920724081865E-5,8.024361669006814E-5
9031,8.025868784689917E-5,8.023310400006299E-5
9032,8.024817117152899E-5,8.022259402600085E-5
9033,8.023765721366273E-5,8.021208676683442E-5
9034,8.022714597225315E-5,8.020158222151906E-5
9035,8.021663744625423E-5,8.019108038901178E-5
9036,8.020613163462052E-5,8.018058126826722E-5
9037,8.019562853630888E-5,8.017008485824345E-5
9038,8.01851281502743E-5,8.015959115789654E-5
9039,8.017463047547271E-5,8.014910016618437E-5
9040,8.016413551086166E-5,8.013861188206541E-5
9041,8.015364325539829E-5,8.012812630449847E-5
9042,8.014315370804233E-5,8.01176434324436E-5
9043,8.013266686774829E-5,8.010716326485908E-5
9044,8.01221827334793E-5,8.00966858007066E-5
9045,8.011170130419295E-5,8.008621103894673E-5
9046,8.010122257885006E-5,8.007573897854072E-5
9047,8.00907465564099E-5,8.006526961845054E-5
9048,8.008027323583663E-5,8.005480295763988E-5
9049,8.006980261608847E-5,8.004433899506988E-5
9050,8.005933469613017E-5,8.003387772970527E-5
9051,8.004886947492374E-5,8.002341916050999E-5
9052,8.003840695143229E-5,8.001296328644951E-5
9053,8.002794712461959E-5,8.00025101064871E-5
9054,8.001748999345002E-5,7.999205961959007E-5
9055,8.000703555688966E-5,7.998161182472343E-5
9056,7.999658381390229E-5,7.997116672085565E-5
9057,7.99861347634542E-5,7.99607243069524E-5
9058,7.99756884045127E-5,7.995028458198232E-5
9059,7.996524473604391E-5,7.993984754491314E-5
9060,7.995480375701604E-5,7.992941319471396E-5
9061,7.994436546639697E-5,7.991898153035413E-5
9062,7.993392986315519E-5,7.99085525508042E-5
9063,7.992349694625903E-5,7.989812625503355E-5
9064,7.991306671467909E-5,7.988770264201307E-5
9065,7.990263916738584E-5,7.987728171071542E-5
9066,7.989221430334905E-5,7.986686346011149E-5
9067,7.98817921215404E-5,7.985644788917492E-5
9068,7.987137262093115E-5,7.984603499687791E-5
9069,7.986095580049383E-5,7.983562478219416E-5
9070,7.985054165920272E-5,7.982521724409744E-5
9071,7.984013019602824E-5,7.981481238156282E-5
9072,7.982972140994603E-5,7.980441019356513E-5
9073,7.981931529992936E-5,7.97940106790805E-5
9074,7.980891186495478E-5,7.978361383708539E-5
9075,7.979851110399598E-5,7.977321966655468E-5
9076,7.978811301603056E-5,7.976282816646863E-5
9077,7.977771760003338E-5,7.975243933580212E-5
9078,7.976732485498242E-5,7.974205317353353E-5
9079,7.975693477985396E-5,7.973166967864396E-5
9080,7.974654737362763E-5,7.972128885011142E-5
9081,7.973616263528078E-5,7.971091068691468E-5
9082,7.972578056379242E-5,7.970053518803553E-5
9083,7.971540115814208E-5,7.969016235245429E-5
9084,7.970502441731158E-5,7.967979217915282E-5
9085,7.969465034027821E-5,7.966942466711143E-5
9086,7.968427892602519E-5,7.965905981531402E-5
9087,7.9673910173535E-5,7.964869762274273E-5
9088,7.966354408178787E-5,7.963833808838263E-5
9089,7.965318064976792E-5,7.962798121121634E-5
9090,7.964281987645722E-5,7.961762699022706E-5
9091,7.963246176083944E-5,7.960727542440186E-5
9092,7.962210630189894E-5,7.959692651272577E-5
9093,7.96117534986217E-5,7.958658025418371E-5
9094,7.960140334999159E-5,7.957623664776373E-5
9095,7.959105585499494E-5,7.956589569245188E-5
9096,7.958071101261698E-5,7.955555738723602E-5
9097,7.957036882184565E-5,7.95452217311044E-5
9098,7.956002928166896E-5,7.953488872304518E-5
9099,7.95496923910721E-5,7.952455836204774E-5
9100,7.953935814904585E-5,7.951423064710098E-5
9101,7.95290265545779E-5,7.950390557719682E-5
9102,7.951869760665851E-5,7.94935831513238E-5
9103,7.95083713042762E-5,7.948326336847472E-5
9104,7.949804764642175E-5,7.947294622763994E-5
9105,7.948772663208623E-5,7.946263172781278E-5
9106,7.947740826026138E-5,7.945231986798418E-5
9107,7.946709252993912E-5,7.944201064714868E-5
9108,7.945677944011048E-5,7.943170406430087E-5
9109,7.94464689897697E-5,7.942140011843221E-5
9110,7.943616117791034E-5,7.941109880854025E-5
9111,7.942585600352581E-5,7.940080013361868E-5
9112,7.941555346561131E-5,7.939050409266321E-5
9113,7.940525356316016E-5,7.93802106846706E-5
9114,7.939495629517002E-5,7.936991990863743E-5
9115,7.938466166063401E-5,7.935963176356077E-5
9116,7.937436965855109E-5,7.934934624843821E-5
9117,7.936408028791836E-5,7.933906336226828E-5
9118,7.935379354773066E-5,7.932878310405064E-5
9119,7.934350943698935E-5,7.931850547278349E-5
9120,7.933322795469083E-5,7.930823046746669E-5
9121,7.932294909983443E-5,7.929795808710052E-5
9122,7.931267287142004E-5,7.928768833068604E-5
9123,7.930239926844743E-5,7.927742119722474E-5
9124,7.929212828991813E-5,7.926715668571795E-5
9125,7.928185993483199E-5,7.925689479516804E-5
9126,7.927159420219024E-5,7.924663552457889E-5
9127,7.926133109099552E-5,7.923637887295146E-5
9128,7.925107060025038E-5,7.92261248392922E-5
9129,7.92408127289585E-5,7.921587342260345E-5
9130,7.923055747612302E-5,7.920562462189148E-5
9131,7.922030484074716E-5,7.919537843616099E-5
9132,7.921005482183642E-5,7.91851348644172E-5
9133,7.919980741839626E-5,7.917489390566775E-5
9134,7.918956262943079E-5,7.916465555891775E-5
9135,7.917932045394744E-5,7.91544198231761E-5
9136,7.916908089095112E-5,7.914418669745021E-5
9137,7.915884393945165E-5,7.913395618074755E-5
9138,7.914860959845442E-5,7.912372827207853E-5
9139,7.913837786696813E-5,7.911350297045194E-5
9140,7.912814874400114E-5,7.910328027487661E-5
9141,7.911792222856377E-5,7.90930601843637E-5
9142,7.910769831966347E-5,7.908284269792513E-5
9143,7.909747701631275E-5,7.907262781456969E-5
9144,7.908725831751932E-5,7.906241553331064E-5
9145,7.9077042222297E-5,7.905220585316163E-5
9146,7.906682872965603E-5,7.904199877313332E-5
9147,7.905661783860838E-5,7.903179429223983E-5
9148,7.904640954816685E-5,7.902159240949509E-5
9149,7.903620385734499E-5,7.901139312391337E-5
9150,7.90260007651555E-5,7.900119643450936E-5
9151,7.901580027061314E-5,7.899100234029865E-5
9152,7.900560237273239E-5,7.898081084029671E-5
9153,7.899540707052786E-5,7.897062193352005E-5
9154,7.898521436301562E-5,7.896043561898633E-5
9155,7.897502424921122E-5,7.895025189571096E-5
9156,7.896483672813182E-5,7.894007076271204E-5
9157,7.895465179879436E-5,7.892989221901033E-5
9158,7.89444694602166E-5,7.891971626362222E-5
9159,7.893428971141503E-5,7.890954289556647E-5
9160,7.892411255140971E-5,7.889937211386521E-5
9161,7.891393797921899E-5,7.888920391753665E-5
9162,7.890376599386347E-5,7.887903830560385E-5
9163,7.889359659436156E-5,7.88688752770845E-5
9164,7.888342977973494E-5,7.885871483100363E-5
9165,7.887326554900477E-5,7.884855696638293E-5
9166,7.88631039011905E-5,7.88384016822431E-5
9167,7.885294483531626E-5,7.882824897760947E-5
9168,7.884278835040332E-5,7.881809885150496E-5
9169,7.883263444547613E-5,7.880795130295303E-5
9170,7.88224831195568E-5,7.879780633098004E-5
9171,7.881233437166969E-5,7.878766393460914E-5
9172,7.880218820083969E-5,7.877752411286789E-5
9173,7.879204460608959E-5,7.876738686478185E-5
9174,7.878190358644783E-5,7.8757252189377E-5
9175,7.87717651409385E-5,7.874712008568014E-5
9176,7.876162926858811E-5,7.873699055272059E-5
9177,7.875149596842515E-5,7.872686358952577E-5
9178,7.874136523947325E-5,7.871673919512321E-5
9179,7.873123708076443E-5,7.870661736854363E-5
9180,7.872111149132563E-5,7.869649810881534E-5
9181,7.871098847018354E-5,7.868638141496913E-5
9182,7.870086801637075E-5,7.867626728603502E-5
9183,7.869075012891559E-5,7.866615572104444E-5
9184,7.86806348068475E-5,7.865604671902947E-5
9185,7.867052204919899E-5,7.864594027902085E-5
9186,7.866041185500108E-5,7.863583640005107E-5
9187,7.86503042232836E-5,7.862573508115445E-5
9188,7.864019915308083E-5,7.861563632136374E-5
9189,7.863009664342479E-5,7.860554011971207E-5
9190,7.861999669334835E-5,7.859544647523465E-5
9191,7.860989930188608E-5,7.858535538696665E-5
9192,7.859980446807168E-5,7.857526685394423E-5
9193,7.858971219093871E-5,7.856518087520069E-5
9194,7.85796224695246E-5,7.855509744977398E-5
9195,7.856953530286233E-5,7.85450165767015E-5
9196,7.855945068999093E-5,7.853493825502034E-5
9197,7.854936862994503E-5,7.852486248376741E-5
9198,7.853928912176177E-5,7.851478926198132E-5
9199,7.852921216447958E-5,7.850471858870101E-5
9200,7.851913775713634E-5,7.849465046296677E-5
9201,7.850906589877015E-5,7.848458488381582E-5
9202,7.849899658841911E-5,7.847452185029081E-5
9203,7.848892982512537E-5,7.84644613614318E-5
9204,7.84788656079263E-5,7.845440341627874E-5
9205,7.846880393586327E-5,7.844434801387474E-5
9206,7.845874480797787E-5,7.843429515326149E-5
9207,7.844868822331045E-5,7.842424483348087E-5
9208,7.843863418090386E-5,7.841419705357762E-5
9209,7.842858267979989E-5,7.840415181259414E-5
9210,7.841853371904092E-5,7.839410910957445E-5
9211,7.840848729767157E-5,7.83840689435628E-5
9212,7.83984434147342E-5,7.837403131360425E-5
9213,7.838840206927429E-5,7.836399621874637E-5
9214,7.837836326033521E-5,7.835396365803206E-5
9215,7.836832698696462E-5,7.834393363051004E-5
9216,7.835829324820514E-5,7.833390613522651E-5
9217,7.834826204310553E-5,7.832388117122793E-5
9218,7.833823337071119E-5,7.831385873756274E-5
9219,7.832820723007021E-5,7.830383883328078E-5
9220,7.831818362022907E-5,7.829382145742916E-5
9221,7.830816254023637E-5,7.828380660905697E-5
9222,7.829814398914071E-5,7.827379428721547E-5
9223,7.828812796599158E-5,7.826378449095238E-5
9224,7.827811446983697E-5,7.825377721932148E-5
9225,7.826810349972832E-5,7.824377247137283E-5
9226,7.825809505471632E-5,7.823377024615753E-5
9227,7.824808913385102E-5,7.822377054272679E-5
9228,7.823808573618407E-5,7.821377336013493E-5
9229,7.822808486076648E-5,7.820377869743442E-5
9230,7.821808650665156E-5,7.819378655367946E-5
9231,7.820809067289375E-5,7.818379692792321E-5
9232,7.819809735854457E-5,7.817380981922067E-5
9233,7.818810656265663E-5,7.81638252266264E-5
9234,7.817811828428618E-5,7.81538431491961E-5
9235,7.816813252248787E-5,7.814386358598571E-5
9236,7.815814927631583E-5,7.813388653605071E-5
9237,7.814816854482645E-5,7.812391199845048E-5
9238,7.813819032707553E-5,7.8113939972239E-5
9239,7.812821462211997E-5,7.810397045647686E-5
9240,7.81182414290161E-5,7.809400345022077E-5
9241,7.81082707468224E-5,7.80840389525291E-5
9242,7.809830257459683E-5,7.807407696246235E-5
9243,7.808833691139749E-5,7.806411747907905E-5
9244,7.80783737562832E-5,7.805416050144155E-5
9245,7.806841310831421E-5,7.804420602860759E-5
9246,7.805845496654972E-5,7.803425405964002E-5
9247,7.804849933004988E-5,7.802430459359931E-5
9248,7.803854619787558E-5,7.801435762954813E-5
9249,7.802859556908906E-5,7.800441316654901E-5
9250,7.801864744275125E-5,7.799447120366471E-5
9251,7.800870181792473E-5,7.798453173995806E-5
9252,7.799875869367172E-5,7.797459477449364E-5
9253,7.798881806905556E-5,7.796466030633614E-5
9254,7.797887994314045E-5,7.795472833454848E-5
9255,7.796894431498968E-5,7.794479885819822E-5
9256,7.795901118366808E-5,7.793487187635015E-5
9257,7.794908054824133E-5,7.79249473880702E-5
9258,7.793915240777417E-5,7.79150253924254E-5
9259,7.792922676133247E-5,7.790510588848329E-5
9260,7.7919303607983E-5,7.789518887531052E-5
9261,7.790938294679275E-5,7.788527435197502E-5
9262,7.789946477682908E-5,7.787536231754693E-5
9263,7.788954909715988E-5,7.786545277109307E-5
9264,7.787963590685206E-5,7.785554571168464E-5
9265,7.786972520497604E-5,7.78456411383911E-5
9266,7.785981699060082E-5,7.783573905028124E-5
9267,7.784991126279524E-5,7.782583944642843E-5
9268,7.784000802063057E-5,7.781594232590254E-5
9269,7.783010726317677E-5,7.78060476877749E-5
9270,7.782020898950372E-5,7.779615553111961E-5
9271,7.78103131986853E-5,7.778626585500699E-5
9272,7.780041988979167E-5,7.777637865851188E-5
9273,7.779052906189596E-5,7.776649394070594E-5
9274,7.778064071407165E-5,7.775661170066608E-5
9275,7.777075484539044E-5,7.774673193746501E-5
9276,7.776087145492744E-5,7.773685465017657E-5
9277,7.77509905417561E-5,7.77269798378785E-5
9278,7.774111210495238E-5,7.771710749964584E-5
9279,7.773123614358996E-5,7.77072376345542E-5
9280,7.772136265674594E-5,7.769737024168113E-5
9281,7.771149164349538E-5,7.768750532010499E-5
9282,7.770162310291451E-5,7.767764286890067E-5
9283,7.769175703408249E-5,7.766778288714875E-5
9284,7.768189343607338E-5,7.765792537392636E-5
9285,7.767203230796926E-5,7.764807032831389E-5
9286,7.766217364884594E-5,7.76382177493904E-5
9287,7.765231745778106E-5,7.762836763623397E-5
9288,7.764246373385702E-5,7.761851998792844E-5
9289,7.763261247615186E-5,7.760867480355312E-5
9290,7.762276368374566E-5,7.75988320821894E-5
9291,7.761291735572032E-5,7.75889918229185E-5
9292,7.760307349115513E-5,7.757915402482332E-5
9293,7.759323208913368E-5,7.756931868698699E-5
9294,7.758339314873636E-5,7.755948580849106E-5
9295,7.7573556669047E-5,7.754965538842059E-5
9296,7.756372264914808E-5,7.753982742586069E-5
9297,7.755389108812151E-5,7.753000191989413E-5
9298,7.754406198505294E-5,7.752017886960555E-5
9299,7.753423533902636E-5,7.751035827408182E-5
9300,7.752441114912677E-5,7.750054013240855E-5
9301,7.75145894144386E-5,7.74907244436709E-5
9302,7.750477013404769E-5,7.748091120695667E-5
9303,7.749495330704065E-5,7.747110042135301E-5
9304,7.748513893250354E-5,7.746129208594798E-5
9305,7.74753270095241E-5,7.7451486199829E-5
9306,7.746551753718836E-5,7.744168276208529E-5
9307,7.745571051458549E-5,7.74318817718056E-5
9308,7.744590594080466E-5,7.742208322807992E-5
9309,7.743610381493227E-5,7.741228712999668E-5
9310,7.742630413606E-5,7.740249347664834E-5
9311,7.74165069032754E-5,7.739270226712498E-5
9312,7.740671211566981E-5,7.738291350051708E-5
9313,7.739691977233424E-5,7.737312717591656E-5
9314,7.738712987235973E-5,7.73633432924171E-5
9315,7.737734241483722E-5,7.735356184910975E-5
9316,7.736755739885822E-5,7.734378284508838E-5
9317,7.73577748235165E-5,7.733400627944645E-5
9318,7.734799468790397E-5,7.732423215127775E-5
9319,7.733821699111465E-5,7.731446045967694E-5
9320,7.732844173224074E-5,7.730469120373841E-5
9321,7.73186689103788E-5,7.729492438255876E-5
9322,7.730889852462142E-5,7.728515999523205E-5
9323,7.729913057406445E-5,7.727539804085644E-5
9324,7.728936505780385E-5,7.726563851852549E-5
9325,7.72796019749355E-5,7.725588142734034E-5
9326,7.726984132455539E-5,7.724612676639545E-5
9327,7.726008310576049E-5,7.723637453479035E-5
9328,7.725032731764922E-5,7.722662473162271E-5
9329,7.724057395931797E-5,7.721687735599172E-5
9330,7.723082302986505E-5,7.720713240699797E-5
9331,7.72210745283888E-5,7.719738988373798E-5
9332,7.72113284539905E-5,7.718764978531596E-5
9333,7.720158480576829E-5,7.717791211082976E-5
9334,7.719184358282123E-5,7.71681768593818E-5
9335,7.718210478425202E-5,7.715844403007188E-5
9336,7.717236840915851E-5,7.714871362200497E-5
9337,7.716263445664415E-5,7.713898563428085E-5
9338,7.715290292581118E-5,7.712926006600489E-5
9339,7.714317381576011E-5,7.711953691627753E-5
9340,7.71334471255951E-5,7.710981618420439E-5
9341,7.712372285441792E-5,7.710009786889024E-5
9342,7.711400100133237E-5,7.709038196943764E-5
9343,7.71042815654432E-5,7.708066848495295E-5
9344,7.709456454585472E-5,7.70709574145407E-5
9345,7.708484994167106E-5,7.70612487573086E-5
9346,7.707513775199836E-5,7.705154251236166E-5
9347,7.706542797594202E-5,7.704183867880763E-5
9348,7.705572061260709E-5,7.703213725575363E-5
9349,7.704601566110237E-5,7.702243824230686E-5
9350,7.703631312053442E-5,7.70127416375745E-5
9351,7.702661299000908E-5,7.70030474406682E-5
9352,7.701691526863465E-5,7.699335565069459E-5
9353,7.700721995552142E-5,7.698366626676338E-5
9354,7.699752704977746E-5,7.697397928798563E-5
9355,7.698783655051023E-5,7.696429471347014E-5
9356,7.69781484568318E-5,7.69546125423285E-5
9357,7.696846276784993E-5,7.694493277367274E-5
9358,7.695877948267752E-5,7.693525540661272E-5
9359,7.694909860042544E-5,7.692558044026116E-5
9360,7.693942012020195E-5,7.691590787373187E-5
9361,7.69297440411228E-5,7.690623770613642E-5
9362,7.692007036229795E-5,7.689656993658907E-5
9363,7.691039908284168E-5,7.688690456420273E-5
9364,7.690073020186627E-5,7.687724158809277E-5
9365,7.68910637184848E-5,7.686758100737328E-5
9366,7.688139963181218E-5,7.685792282115939E-5
9367,7.68717379409632E-5,7.684826702856597E-5
9368,7.686207864505184E-5,7.683861362871006E-5
9369,7.6852421743194E-5,7.682896262070884E-5
9370,7.684276723450555E-5,7.68193140036774E-5
9371,7.683311511810292E-5,7.680966777673373E-5
9372,7.682346539310112E-5,7.680002393899629E-5
9373,7.681381805861877E-5,7.67903824895821E-5
9374,7.680417311377354E-5,7.678074342761115E-5
9375,7.679453055768312E-5,7.677110675220025E-5
9376,7.678489038946583E-5,7.676147246247071E-5
9377,7.67752526082404E-5,7.67518405575429E-5
9378,7.676561721312619E-5,7.674221103653579E-5
9379,7.675598420324209E-5,7.673258389857002E-5
9380,7.67463535777097E-5,7.672295914276815E-5
9381,7.673672533564852E-5,7.671333676825123E-5
9382,7.67270994761794E-5,7.670371677414068E-5
9383,7.671747599842506E-5,7.66940991595595E-5
9384,7.67078549015053E-5,7.668448392363037E-5
9385,7.669823618454403E-5,7.667487106547715E-5
9386,7.668861984666344E-5,7.666526058422243E-5
9387,7.667900588698651E-5,7.665565247899128E-5
9388,7.666939430463696E-5,7.664604674890927E-5
9389,7.66597850987387E-5,7.663644339310006E-5
9390,7.665017826841581E-5,7.662684241068957E-5
9391,7.664057381279479E-5,7.661724380080389E-5
9392,7.663097173099832E-5,7.660764756256867E-5
9393,7.662137202215378E-5,7.659805369511181E-5
9394,7.66117746853869E-5,7.658846219755855E-5
9395,7.660217971982418E-5,7.657887306903961E-5
9396,7.659258712459254E-5,7.656928630868105E-5
9397,7.658299689882069E-5,7.65597019156104E-5
9398,7.657340904163353E-5,7.655011988895908E-5
9399,7.656382355216232E-5,7.654054022785413E-5
9400,7.655424042953441E-5,7.653096293142663E-5
9401,7.654465967287834E-5,7.652138799880596E-5
9402,7.653508128132493E-5,7.651181542912449E-5
9403,7.652550525400319E-5,7.6502245221511E-5
9404,7.651593159004429E-5,7.64926773750975E-5
9405,7.650636028857792E-5,7.648311188901595E-5
9406,7.649679134873599E-5,7.647354876240001E-5
9407,7.648722476965028E-5,7.646398799438081E-5
9408,7.647766055045302E-5,7.645442958409292E-5
9409,7.646809869027722E-5,7.644487353066764E-5
9410,7.645853918825405E-5,7.643531983324073E-5
9411,7.64489820435179E-5,7.642576849094575E-5
9412,7.643942725520343E-5,7.641621950291897E-5
9413,7.642987482244263E-5,7.640667286829442E-5
9414,7.64203247443722E-5,7.639712858620814E-5
9415,7.641077702012581E-5,7.638758665579534E-5
9416,7.640123164883954E-5,7.637804707619454E-5
9417,7.639168862965025E-5,7.636850984654069E-5
9418,7.63821479616928E-5,7.635897496597167E-5
9419,7.637260964410338E-5,7.634944243362574E-5
9420,7.636307367602105E-5,7.633991224864033E-5
9421,7.635354005658236E-5,7.633038441015582E-5
9422,7.634400878492533E-5,7.632085891730916E-5
9423,7.633447986018791E-5,7.631133576924046E-5
9424,7.63249532815106E-5,7.630181496509148E-5
9425,7.631542904803076E-5,7.629229650399987E-5
9426,7.630590715888982E-5,7.628278038510811E-5
9427,7.629638761322597E-5,7.627326660755612E-5
9428,7.628687041018076E-5,7.626375517048482E-5
9429,7.627735554889588E-5,7.625424607303827E-5
9430,7.626784302851045E-5,7.624473931435805E-5
9431,7.625833284816758E-5,7.623523489358752E-5
9432,7.62488250070108E-5,7.622573280986826E-5
9433,7.623931950418002E-5,7.621623306234513E-5
9434,7.62298163388205E-5,7.620673565016152E-5
9435,7.622031551007447E-5,7.619724057246423E-5
9436,7.621081701708629E-5,7.618774782839487E-5
9437,7.620132085899933E-5,7.617825741710036E-5
9438,7.61918270349597E-5,7.616876933772545E-5
9439,7.618233554411178E-5,7.615928358941812E-5
9440,7.617284638560132E-5,7.614980017132394E-5
9441,7.616335955857386E-5,7.614031908258929E-5
9442,7.615387506217481E-5,7.613084032236237E-5
9443,7.614439289555289E-5,7.612136388979027E-5
9444,7.613491305785381E-5,7.61118897840222E-5
9445,7.612543554822685E-5,7.610241800420625E-5
9446,7.611596036581886E-5,7.609294854949167E-5
9447,7.610648750977767E-5,7.608348141902695E-5
9448,7.609701697925265E-5,7.607401661196303E-5
9449,7.608754877339423E-5,7.606455412745084E-5
9450,7.607808289135066E-5,7.605509396463854E-5
9451,7.606861933227076E-5,7.604563612267986E-5
9452,7.605915809530854E-5,7.603618060072538E-5
9453,7.604969917961285E-5,7.602672739792594E-5
9454,7.60402425843344E-5,7.601727651343555E-5
9455,7.603078830862591E-5,7.600782794640594E-5
9456,7.602133635163968E-5,7.599838169599045E-5
9457,7.601188671252643E-5,7.59889377613439E-5
9458,7.600243939044138E-5,7.597949614161819E-5
9459,7.599299438453797E-5,7.597005683596896E-5
9460,7.598355169396843E-5,7.596061984355173E-5
9461,7.597411131788712E-5,7.595118516352022E-5
9462,7.596467325544936E-5,7.594175279502984E-5
9463,7.595523750581005E-5,7.593232273723852E-5
9464,7.5945804068125E-5,7.592289498930125E-5
9465,7.593637294154864E-5,7.591346955037576E-5
9466,7.592694412523874E-5,7.590404641961876E-5
9467,7.591751761835117E-5,7.589462559618659E-5
9468,7.590809342004278E-5,7.588520707924014E-5
9469,7.589867152947124E-5,7.587579086793597E-5
9470,7.588925194579552E-5,7.586637696143347E-5
9471,7.587983466817217E-5,7.585696535889302E-5
9472,7.587041969576096E-5,7.58475560594714E-5
9473,7.586100702772057E-5,7.583814906233225E-5
9474,7.58515966632102E-5,7.582874436663378E-5
9475,7.584218860139056E-5,7.58193419715368E-5
9476,7.583278284142188E-5,7.580994187620491E-5
9477,7.582337938246371E-5,7.58005440797976E-5
9478,7.581397822367893E-5,7.579114858147859E-5
9479,7.580457936422801E-5,7.578175538040914E-5
9480,7.579518280327285E-5,7.577236447575252E-5
9481,7.578578853997619E-5,7.576297586667241E-5
9482,7.5776396573501E-5,7.575358955233278E-5
9483,7.576700690301003E-5,7.574420553189719E-5
9484,7.575761952766674E-5,7.573482380453134E-5
9485,7.574823444663502E-5,7.572544436939909E-5
9486,7.573885165908031E-5,7.571606722566569E-5
9487,7.572947116416535E-5,7.570669237249748E-5
9488,7.572009296105717E-5,7.56973198090608E-5
9489,7.571071704892115E-5,7.568794953452228E-5
9490,7.570134342692214E-5,7.567858154804844E-5
9491,7.569197209422753E-5,7.566921584880665E-5
9492,7.568260305000404E-5,7.56598524359647E-5
9493,7.567323629341908E-5,7.565049130869209E-5
9494,7.56638718236395E-5,7.564113246615628E-5
9495,7.565450963983315E-5,7.563177590752545E-5
9496,7.564514974116945E-5,7.562242163197109E-5
9497,7.563579212681637E-5,7.56130696386613E-5
9498,7.562643679594373E-5,7.560371992676638E-5
9499,7.561708374772114E-5,7.559437249545818E-5
9500,7.560773298131693E-5,7.558502734390745E-5
9501,7.559838449590399E-5,7.55756844712851E-5
9502,7.558903829065237E-5,7.556634387676203E-5
9503,7.557969436473291E-5,7.55570055595122E-5
9504,7.557035271731705E-5,7.554766951870767E-5
9505,7.556101334757667E-5,7.553833575352056E-5
9506,7.555167625468515E-5,7.552900426312501E-5
9507,7.554234143781445E-5,7.551967504669605E-5
9508,7.553300889613847E-5,7.551034810340586E-5
9509,7.552367862882969E-5,7.550102343242918E-5
9510,7.551435063506282E-5,7.549170103294232E-5
9511,7.550502491401222E-5,7.548238090411952E-5
9512,7.549570146485333E-5,7.547306304513723E-5
9513,7.548638028675997E-5,7.546374745517168E-5
9514,7.547706137890937E-5,7.545443413339961E-5
9515,7.546774474047602E-5,7.544512307899717E-5
9516,7.545843037063714E-5,7.54358142911424E-5
9517,7.544911826856918E-5,7.542650776901254E-5
9518,7.543980843345013E-5,7.541720351178732E-5
9519,7.54305008644563E-5,7.540790151864345E-5
9520,7.542119556076609E-5,7.53986017887611E-5
9521,7.541189252155948E-5,7.538930432131909E-5
9522,7.540259174601328E-5,7.538000911549667E-5
9523,7.539329323330637E-5,7.537071617047547E-5
9524,7.538399698262044E-5,7.536142548543467E-5
9525,7.537470299313307E-5,7.535213705955548E-5
9526,7.536541126402648E-5,7.534285089202048E-5
9527,7.535612179447956E-5,7.533356698200919E-5
9528,7.534683458367588E-5,7.53242853287061E-5
9529,7.533754963079604E-5,7.531500593129207E-5
9530,7.532826693502098E-5,7.530572878895064E-5
9531,7.531898649553341E-5,7.529645390086517E-5
9532,7.530970831151646E-5,7.52871812662196E-5
9533,7.530043238215341E-5,7.52779108841962E-5
9534,7.529115870662694E-5,7.526864275398273E-5
9535,7.528188728412192E-5,7.52593768747611E-5
9536,7.52726181138221E-5,7.525011324571836E-5
9537,7.526335119491104E-5,7.524085186603915E-5
9538,7.525408652657609E-5,7.523159273490983E-5
9539,7.524482410800132E-5,7.522233585151751E-5
9540,7.523556393837378E-5,7.521308121504787E-5
9541,7.522630601687766E-5,7.520382882468937E-5
9542,7.521705034270163E-5,7.519457867962829E-5
9543,7.520779691503064E-5,7.518533077905423E-5
9544,7.519854573305394E-5,7.517608512215394E-5
9545,7.518929679595923E-5,7.516684170811729E-5
9546,7.518005010293343E-5,7.515760053613327E-5
9547,7.517080565316644E-5,7.514836160539052E-5
9548,7.51615634458469E-5,7.513912491508071E-5
9549,7.515232348016323E-5,7.512989046439282E-5
9550,7.51430857553063E-5,7.512065825251818E-5
9551,7.513385027046551E-5,7.51114282786477E-5
9552,7.51246170248332E-5,7.51022005419732E-5
9553,7.51153860175968E-5,7.50929750416864E-5
9554,7.510615724795093E-5,7.508375177697836E-5
9555,7.509693071508581E-5,7.507453074704372E-5
9556,7.508770641819412E-5,7.506531195107462E-5
9557,7.50784843564675E-5,7.505609538826503E-5
9558,7.506926452909882E-5,7.504688105780805E-5
9559,7.506004693528323E-5,7.503766895889763E-5
9560,7.50508315742118E-5,7.502845909072995E-5
9561,7.504161844508022E-5,7.501925145249857E-5
9562,7.503240754708263E-5,7.501004604339916E-5
9563,7.502319887941283E-5,7.500084286262688E-5
9564,7.50139924412665E-5,7.499164190938033E-5
9565,7.500478823184038E-5,7.498244318285318E-5
9566,7.499558625032932E-5,7.497324668224298E-5
9567,7.498638649592893E-5,7.496405240674884E-5
9568,7.497718896783763E-5,7.495486035556689E-5
9569,7.496799366525095E-5,7.494567052789487E-5
9570,7.495880058736867E-5,7.493648292293247E-5
9571,7.49496097333868E-5,7.492729753987793E-5
9572,7.494042110250327E-5,7.49181143779298E-5
9573,7.493123469391722E-5,7.490893343628841E-5
9574,7.492205050682883E-5,7.489975471415385E-5
9575,7.491286854043649E-5,7.489057821072605E-5
9576,7.49036887939389E-5,7.488140392520739E-5
9577,7.489451126653812E-5,7.487223185679655E-5
9578,7.48853359574346E-5,7.48630620046966E-5
9579,7.48761628658281E-5,7.485389436810934E-5
9580,7.486699199092008E-5,7.484472894623519E-5
9581,7.485782333191277E-5,7.483556573827896E-5
9582,7.484865688800917E-5,7.482640474344227E-5
9583,7.483949265840979E-5,7.481724596093132E-5
9584,7.483033064231854E-5,7.480808938994698E-5
9585,7.482117083893925E-5,7.479893502969482E-5
9586,7.481201324747473E-5,7.478978287937856E-5
9587,7.480285786712935E-5,7.47806329382033E-5
9588,7.479370469710632E-5,7.477148520537469E-5
9589,7.478455373661118E-5,7.476233968009804E-5
9590,7.477540498485005E-5,7.475319636158096E-5
9591,7.476625844102786E-5,7.474405524902722E-5
9592,7.47571141043498E-5,7.473491634164677E-5
9593,7.474797197402206E-5,7.472577963864442E-5
9594,7.473883204925228E-5,7.47166451392289E-5
9595,7.472969432924725E-5,7.470751284260817E-5
9596,7.472055881321333E-5,7.46983827479891E-5
9597,7.471142550036E-5,7.468925485458239E-5
9598,7.470229438989326E-5,7.46801291615962E-5
9599,7.469316548102375E-5,7.467100566824036E-5
9600,7.468403877296012E-5,7.466188437372422E-5
9601,7.46749142649105E-5,7.465276527725948E-5
9602,7.466579195608558E-5,7.464364837805468E-5
9603,7.465667184569403E-5,7.463453367532136E-5
9604,7.464755393294829E-5,7.462542116827214E-5
9605,7.463843821705825E-5,7.461631085611818E-5
9606,7.462932469723432E-5,7.460720273807118E-5
9607,7.462021337268927E-5,7.45980968133436E-5
9608,7.46111042426355E-5,7.45889930811492E-5
9609,7.460199730628286E-5,7.457989154070044E-5
9610,7.459289256284634E-5,7.457079219121077E-5
9611,7.458379001153793E-5,7.45616950318945E-5
9612,7.457468965157053E-5,7.45526000619661E-5
9613,7.456559148216021E-5,7.454350728064113E-5
9614,7.455649550251838E-5,7.453441668713343E-5
9615,7.454740171186205E-5,7.45253282806586E-5
9616,7.45383101094039E-5,7.451624206043301E-5
9617,7.452922069436128E-5,7.450715802567247E-5
9618,7.452013346594898E-5,7.449807617559439E-5
9619,7.451104842338214E-5,7.448899650941513E-5
9620,7.450196556587907E-5,7.447991902635142E-5
9621,7.44928848926549E-5,7.447084372562264E-5
9622,7.448380640292699E-5,7.446177060644608E-5
9623,7.44747300959145E-5,7.445269966803969E-5
9624,7.446565597083322E-5,7.444363090962244E-5
9625,7.445658402690302E-5,7.443456433041463E-5
9626,7.44475142633421E-5,7.442549992963467E-5
9627,7.443844667936967E-5,7.441643770650288E-5
9628,7.442938127420462E-5,7.440737766024053E-5
9629,7.442031804706658E-5,7.439831979006714E-5
9630,7.441125699717664E-5,7.438926409520337E-5
9631,7.440219812375375E-5,7.438021057487158E-5
9632,7.439314142602045E-5,7.437115922829396E-5
9633,7.438408690319762E-5,7.436211005469208E-5
9634,7.437503455450595E-5,7.435306305328897E-5
9635,7.436598437916852E-5,7.434401822330575E-5
9636,7.4356936376408E-5,7.433497556396911E-5
9637,7.434789054544621E-5,7.432593507449942E-5
9638,7.433884688550635E-5,7.431689675412292E-5
9639,7.43298053958128E-5,7.430786060206307E-5
9640,7.432076607558671E-5,7.429882661754491E-5
9641,7.431172892405579E-5,7.42897947997928E-5
9642,7.43026939404432E-5,7.42807651480328E-5
9643,7.429366112397389E-5,7.427173766149137E-5
9644,7.428463047387228E-5,7.426271233939454E-5
9645,7.427560198936453E-5,7.425368918096774E-5
9646,7.42665756696779E-5,7.424466818543866E-5
9647,7.425755151403685E-5,7.42356493520354E-5
9648,7.424852952167046E-5,7.422663267998513E-5
9649,7.423950969180399E-5,7.42176181685152E-5
9650,7.423049202366573E-5,7.420860581685544E-5
9651,7.422147651648411E-5,7.419959562423369E-5
9652,7.421246316948562E-5,7.419058758987905E-5
9653,7.420345198190135E-5,7.418158171302095E-5
9654,7.419444295295794E-5,7.41725779928916E-5
9655,7.418543608188598E-5,7.416357642871749E-5
9656,7.41764313679162E-5,7.415457701973224E-5
9657,7.416742881027624E-5,7.414557976516508E-5
9658,7.41584284081985E-5,7.413658466424947E-5
9659,7.414943016091225E-5,7.412759171621391E-5
9660,7.414043406764976E-5,7.411860092029326E-5
9661,7.413144012764265E-5,7.410961227571828E-5
9662,7.41224483401228E-5,7.410062578172368E-5
9663,7.411345870432138E-5,7.409164143754087E-5
9664,7.410447121947228E-5,7.408265924240388E-5
9665,7.409548588480753E-5,7.407367919554691E-5
9666,7.408650269956218E-5,7.406470129620477E-5
9667,7.40775216629679E-5,7.405572554361028E-5
9668,7.406854277425983E-5,7.404675193700005E-5
9669,7.405956603267167E-5,7.403778047560906E-5
9670,7.405059143743959E-5,7.402881115867311E-5
9671,7.404161898779738E-5,7.401984398542767E-5
9672,7.40326486829819E-5,7.401087895510968E-5
9673,7.402368052222769E-5,7.400191606695615E-5
9674,7.401471450477285E-5,7.39929553202044E-5
9675,7.400575062985132E-5,7.398399671409057E-5
9676,7.399678889670233E-5,7.397504024785366E-5
9677,7.398782930456222E-5,7.396608592073174E-5
9678,7.39788718526691E-5,7.395713373196445E-5
9679,7.396991654026108E-5,7.394818368078925E-5
9680,7.396096336657571E-5,7.393923576644533E-5
9681,7.395201233085304E-5,7.393028998817366E-5
9682,7.394306343233123E-5,7.392134634521261E-5
9683,7.393411667025056E-5,7.39124048368047E-5
9684,7.392517204385081E-5,7.390346546218923E-5
9685,7.391622955237106E-5,7.389452822060787E-5
9686,7.390728919505288E-5,7.388559311130143E-5
9687,7.38983509711373E-5,7.387666013351364E-5
9688,7.388941487986555E-5,7.386772928648369E-5
9689,7.388048092047859E-5,7.385880056945587E-5
9690,7.387154909221889E-5,7.3849873981674E-5
9691,7.386261939432982E-5,7.384094952237996E-5
9692,7.385369182605245E-5,7.383202719081719E-5
9693,7.384476638663142E-5,7.38231069862312E-5
9694,7.383584307530843E-5,7.381418890786367E-5
9695,7.38269218913284E-5,7.38052729549629E-5
9696,7.381800283393541E-5,7.379635912677103E-5
9697,7.380908590237474E-5,7.37874474225348E-5
9698,7.380017109588946E-5,7.377853784149971E-5
9699,7.379125841372562E-5,7.376963038291125E-5
9700,7.378234785512917E-5,7.37607250460168E-5
9701,7.377343941934631E-5,7.375182183006278E-5
9702,7.376453310562196E-5,7.374292073429611E-5
9703,7.375562891320361E-5,7.373402175796515E-5
9704,7.374672684133871E-5,7.372512490031665E-5
9705,7.373782688927495E-5,7.371623016060096E-5
9706,7.372892905625842E-5,7.370733753806436E-5
9707,7.372003334153807E-5,7.36984470319563E-5
9708,7.37111397443619E-5,7.36895586415274E-5
9709,7.370224826398083E-5,7.368067236602622E-5
9710,7.369335889964083E-5,7.367178820470237E-5
9711,7.368447165059351E-5,7.36629061568065E-5
9712,7.367558651608775E-5,7.365402622159075E-5
9713,7.36667034953745E-5,7.364514839830504E-5
9714,7.365782258770326E-5,7.363627268620071E-5
9715,7.364894379232505E-5,7.362739908452955E-5
9716,7.364006710849323E-5,7.361852759254342E-5
9717,7.363119253545664E-5,7.360965820949555E-5
9718,7.362232007246802E-5,7.360079093463906E-5
9719,7.361344971878087E-5,7.359192576722565E-5
9720,7.360458147364645E-5,7.358306270651074E-5
9721,7.359571533631835E-5,7.357420175174622E-5
9722,7.358685130605042E-5,7.356534290218797E-5
9723,7.357798938209473E-5,7.355648615708968E-5
9724,7.35691295637075E-5,7.354763151570706E-5
9725,7.356027185014234E-5,7.35387789772946E-5
9726,7.355141624065373E-5,7.352992854110839E-5
9727,7.35425627344967E-5,7.352108020640379E-5
9728,7.353371133092646E-5,7.351223397243834E-5
9729,7.352486202919986E-5,7.350338983846781E-5
9730,7.35160148285721E-5,7.349454780374923E-5
9731,7.350716972829922E-5,7.348570786754101E-5
9732,7.349832672764031E-5,7.347687002910051E-5
9733,7.34894858258513E-5,7.34680342876839E-5
9734,7.348064702218906E-5,7.34592006425532E-5
9735,7.347181031591207E-5,7.345036909296326E-5
9736,7.346297570627887E-5,7.344153963817585E-5
9737,7.3454143192548E-5,7.343271227744975E-5
9738,7.344531277397771E-5,7.342388701004533E-5
9739,7.343648444982806E-5,7.341506383522083E-5
9740,7.34276582193592E-5,7.340624275223899E-5
9741,7.341883408182984E-5,7.339742376036054E-5
9742,7.341001203650011E-5,7.338860685884552E-5
9743,7.340119208263263E-5,7.337979204695587E-5
9744,7.339237421948711E-5,7.337097932395414E-5
9745,7.338355844632557E-5,7.336216868910096E-5
9746,7.337474476240853E-5,7.335336014166081E-5
9747,7.336593316699967E-5,7.334455368089628E-5
9748,7.335712365936028E-5,7.333574930606972E-5
9749,7.33483162387536E-5,7.332694701644588E-5
9750,7.333951090444258E-5,7.331814681128762E-5
9751,7.33307076556899E-5,7.330934868985902E-5
9752,7.332190649176221E-5,7.330055265142697E-5
9753,7.331310741192019E-5,7.329175869525395E-5
9754,7.330431041543038E-5,7.328296682060745E-5
9755,7.32955155015559E-5,7.327417702675171E-5
9756,7.328672266956466E-5,7.326538931295382E-5
9757,7.327793191872112E-5,7.325660367848004E-5
9758,7.326914324828923E-5,7.32478201225966E-5
9759,7.326035665753753E-5,7.323903864456926E-5
9760,7.32515721457317E-5,7.323025924366828E-5
9761,7.324278971213844E-5,7.32214819191594E-5
9762,7.32340093560253E-5,7.32127066703117E-5
9763,7.32252310766599E-5,7.320393349639293E-5
9764,7.321645487331013E-5,7.319516239667288E-5
9765,7.320768074524342E-5,7.318639337041935E-5
9766,7.319890869173136E-5,7.317762641690272E-5
9767,7.319013871203938E-5,7.316886153539335E-5
9768,7.318137080543817E-5,7.316009872515957E-5
9769,7.317260497119752E-5,7.315133798547394E-5
9770,7.316384120858734E-5,7.314257931560621E-5
9771,7.315507951687788E-5,7.313382271482828E-5
9772,7.314631989534092E-5,7.312506818240978E-5
9773,7.313756234324578E-5,7.31163157176254E-5
9774,7.312880685986443E-5,7.310756531974551E-5
9775,7.312005344446887E-5,7.309881698804273E-5
9776,7.311130209633053E-5,7.309007072179038E-5
9777,7.310255281472215E-5,7.308132652026195E-5
9778,7.309380559891765E-5,7.307258438273047E-5
9779,7.308506044818717E-5,7.306384430847013E-5
9780,7.307631736180704E-5,7.305510629675464E-5
9781,7.30675763390491E-5,7.304637034685947E-5
9782,7.305883737918896E-5,7.303763645805939E-5
9783,7.30501004814996E-5,7.302890462962863E-5
9784,7.304136564525638E-5,7.302017486084366E-5
9785,7.30326328697345E-5,7.301144715098094E-5
9786,7.302390215420942E-5,7.300272149931582E-5
9787,7.301517349795612E-5,7.299399790512553E-5
9788,7.300644690025329E-5,7.29852763676864E-5
9789,7.299772236037393E-5,7.297655688627639E-5
9790,7.298899987759646E-5,7.296783946017213E-5
9791,7.298027945119783E-5,7.295912408865303E-5
9792,7.297156108045566E-5,7.295041077099617E-5
9793,7.296284476464841E-5,7.294169950648109E-5
9794,7.295413050305264E-5,7.293299029438611E-5
9795,7.294541829494852E-5,7.292428313399083E-5
9796,7.293670813961325E-5,7.29155780245744E-5
9797,7.292800003632728E-5,7.290687496541796E-5
9798,7.291929398436907E-5,7.289817395580014E-5
9799,7.291058998301914E-5,7.28894749950037E-5
9800,7.290188803155716E-5,7.288077808230747E-5
9801,7.28931881292642E-5,7.287208321699535E-5
9802,7.28844902754219E-5,7.286339039834711E-5
9803,7.287579446930956E-5,7.285469962564436E-5
9804,7.286710071020824E-5,7.284601089817069E-5
9805,7.28584089974017E-5,7.283732421520749E-5
9806,7.284971933017138E-5,7.282863957603936E-5
9807,7.284103170780025E-5,7.281995697994906E-5
9808,7.283234612957015E-5,7.281127642621925E-5
9809,7.28236625947642E-5,7.2802597914135E-5
9810,7.281498110266735E-5,7.279392144297996E-5
9811,7.280630165256254E-5,7.278524701203977E-5
9812,7.279762424373307E-5,7.27765746205993E-5
9813,7.278894887546413E-5,7.276790426794156E-5
9814,7.278027554704183E-5,7.275923595335643E-5
9815,7.277160425774963E-5,7.275056967612655E-5
9816,7.276293500687347E-5,7.274190543553887E-5
9817,7.275426779369938E-5,7.273324323088049E-5
9818,7.274560261751375E-5,7.272458306143887E-5
9819,7.273693947760268E-5,7.271592492650017E-5
9820,7.272827837325256E-5,7.270726882535394E-5
9821,7.271961930375244E-5,7.269861475728538E-5
9822,7.271096226838708E-5,7.26899627215855E-5
9823,7.270230726644654E-5,7.268131271754232E-5
9824,7.269365429721778E-5,7.267266474444387E-5
9825,7.268500335999058E-5,7.26640188015793E-5
9826,7.267635445405159E-5,7.265537488823969E-5
9827,7.266770757869197E-5,7.264673300371377E-5
9828,7.265906273319929E-5,7.263809314729218E-5
9829,7.265041991686585E-5,7.262945531826596E-5
9830,7.264177912898015E-5,7.262081951592466E-5
9831,7.263314036883255E-5,7.261218573956215E-5
9832,7.26245036357137E-5,7.260355398846846E-5
9833,7.261586892891624E-5,7.259492426193516E-5
9834,7.260723624773026E-5,7.258629655925561E-5
9835,7.259860559144767E-5,7.257767087972194E-5
9836,7.25899769593608E-5,7.256904722262603E-5
9837,7.258135035076248E-5,7.256042558726207E-5
9838,7.257272576494513E-5,7.255180597292461E-5
9839,7.25641032012016E-5,7.254318837890579E-5
9840,7.255548265882541E-5,7.253457280450139E-5
9841,7.254686413711033E-5,7.252595924900408E-5
9842,7.253824763535085E-5,7.251734771171177E-5
9843,7.252963315284169E-5,7.250873819191644E-5
9844,7.252102068887641E-5,7.250013068891555E-5
9845,7.251241024275085E-5,7.249152520200485E-5
9846,7.250380181376029E-5,7.24829217304804E-5
9847,7.249519540120016E-5,7.247432027363839E-5
9848,7.248659100436669E-5,7.24657208307754E-5
9849,7.247798862255629E-5,7.245712340118933E-5
9850,7.24693882550647E-5,7.244852798417797E-5
9851,7.246078990119149E-5,7.24399345790383E-5
9852,7.245219356023176E-5,7.24313431850685E-5
9853,7.244359923148396E-5,7.2422753801568E-5
9854,7.243500691424563E-5,7.241416642783468E-5
9855,7.242641660781608E-5,7.240558106316785E-5
9856,7.241782831149324E-5,7.239699770686812E-5
9857,7.240924202457527E-5,7.238841635823359E-5
9858,7.240065774636323E-5,7.237983701656444E-5
9859,7.239207547615586E-5,7.237125968116258E-5
9860,7.238349521325232E-5,7.236268435132785E-5
9861,7.237491695695436E-5,7.235411102636061E-5
9862,7.236634070656156E-5,7.23455397055638E-5
9863,7.235776646137523E-5,7.233697038823868E-5
9864,7.234919422069696E-5,7.232840307368637E-5
9865,7.234062398382742E-5,7.231983776120975E-5
9866,7.233205575006926E-5,7.231127445011272E-5
9867,7.232348951872443E-5,7.230271313969614E-5
9868,7.231492528909534E-5,7.22941538292645E-5
9869,7.230636306048545E-5,7.228559651812247E-5
9870,7.229780283219707E-5,7.227704120557248E-5
9871,7.228924460353423E-5,7.226848789091973E-5
9872,7.228068837380043E-5,7.22599365734679E-5
9873,7.227213414230074E-5,7.225138725252292E-5
9874,7.226358190833843E-5,7.22428399273899E-5
9875,7.225503167121886E-5,7.223429459737374E-5
9876,7.224648343024629E-5,7.222575126178053E-5
9877,7.223793718472793E-5,7.221720991991748E-5
9878,7.222939293396786E-5,7.220867057109019E-5
9879,7.222085067727296E-5,7.220013321460655E-5
9880,7.22123104139494E-5,7.219159784977202E-5
9881,7.220377214330487E-5,7.218306447589643E-5
9882,7.219523586464452E-5,7.217453309228478E-5
9883,7.218670157727771E-5,7.216600369824765E-5
9884,7.217816928050957E-5,7.215747629309293E-5
9885,7.216963897365134E-5,7.214895087612823E-5
9886,7.216111065600833E-5,7.214042744666432E-5
9887,7.215258432689114E-5,7.213190600400929E-5
9888,7.214405998560849E-5,7.212338654747365E-5
9889,7.213553763146832E-5,7.211486907636802E-5
9890,7.21270172637812E-5,7.210635359000128E-5
9891,7.211849888185777E-5,7.20978400876852E-5
9892,7.210998248500692E-5,7.208932856873054E-5
9893,7.210146807254002E-5,7.208081903244794E-5
9894,7.209295564376718E-5,7.207231147815114E-5
9895,7.20844451980002E-5,7.206380590514972E-5
9896,7.207593673455092E-5,7.205530231275747E-5
9897,7.206743025272994E-5,7.204680070028657E-5
9898,7.20589257518511E-5,7.203830106704956E-5
9899,7.205042323122512E-5,7.202980341235997E-5
9900,7.20419226901657E-5,7.20213077355315E-5
9901,7.203342412798567E-5,7.201281403587734E-5
9902,7.202492754399798E-5,7.200432231271394E-5
9903,7.201643293751748E-5,7.199583256535271E-5
9904,7.20079403078582E-5,7.198734479311074E-5
9905,7.199944965433375E-5,7.197885899530214E-5
9906,7.199096097625808E-5,7.197037517124298E-5
9907,7.19824742729478E-5,7.19618933202479E-5
9908,7.19739895437176E-5,7.195341344163432E-5
9909,7.196550678788201E-5,7.19449355347174E-5
9910,7.195702600475854E-5,7.19364595988147E-5
9911,7.194854719366241E-5,7.192798563324346E-5
9912,7.194007035391161E-5,7.191951363732026E-5
9913,7.193159548482019E-5,7.191104361036285E-5
9914,7.192312258570851E-5,7.190257555169008E-5
9915,7.1914651655892E-5,7.189410946061921E-5
9916,7.190618269468966E-5,7.188564533646998E-5
9917,7.189771570141879E-5,7.187718317856023E-5
9918,7.188925067539834E-5,7.186872298620925E-5
9919,7.1880787615947E-5,7.186026475873723E-5
9920,7.187232652238411E-5,7.185180849546356E-5
9921,7.18638673940278E-5,7.184335419570849E-5
9922,7.185541023019853E-5,7.183490185879197E-5
9923,7.18469550302169E-5,7.182645148403721E-5
9924,7.183850179340298E-5,7.181800307076181E-5
9925,7.18300505190765E-5,7.180955661828906E-5
9926,7.182160120655979E-5,7.180111212594077E-5
9927,7.181315385517369E-5,7.179266959303833E-5
9928,7.180470846423866E-5,7.17842290189042E-5
9929,7.179626503307746E-5,7.177579040286142E-5
9930,7.178782356101234E-5,7.176735374423417E-5
9931,7.177938404736587E-5,7.175891904234284E-5
9932,7.177094649145917E-5,7.175048629651314E-5
9933,7.1762510892619E-5,7.174205550606795E-5
9934,7.17540772501657E-5,7.173362667033219E-5
9935,7.174564556342365E-5,7.172519978863057E-5
9936,7.173721583171781E-5,7.17167748602866E-5
9937,7.172878805437165E-5,7.170835188462684E-5
9938,7.172036223071073E-5,7.16999308609761E-5
9939,7.1711938360059E-5,7.169151178866016E-5
9940,7.170351644174274E-5,7.168309466700602E-5
9941,7.169509647508627E-5,7.167467949533797E-5
9942,7.168667845941674E-5,7.166626627298457E-5
9943,7.167826239405984E-5,7.165785499927226E-5
9944,7.16698482783423E-5,7.16494456735284E-5
9945,7.166143611159103E-5,7.164103829508057E-5
9946,7.165302589313377E-5,7.163263286325629E-5
9947,7.164461762229578E-5,7.162422937738371E-5
9948,7.163621129840648E-5,7.161582783679267E-5
9949,7.162780692079426E-5,7.160742824081046E-5
9950,7.161940448878728E-5,7.159903058876746E-5
9951,7.161100400171393E-5,7.159063487999204E-5
9952,7.160260545890202E-5,7.158224111381576E-5
9953,7.15942088596832E-5,7.157384928956569E-5
9954,7.158581420338643E-5,7.156545940657552E-5
9955,7.157742148933957E-5,7.155707146417314E-5
9956,7.156903071687538E-5,7.154868546169207E-5
9957,7.156064188532367E-5,7.154030139846174E-5
9958,7.155225499401521E-5,7.153191927381486E-5
9959,7.154387004228071E-5,7.152353908708163E-5
9960,7.153548702945209E-5,7.151516083759629E-5
9961,7.152710595486029E-5,7.1506784524691E-5
9962,7.151872681783938E-5,7.149841014769783E-5
9963,7.151034961771944E-5,7.149003770595046E-5
9964,7.150197435383399E-5,7.148166719878194E-5
9965,7.149360102551667E-5,7.14732986255258E-5
9966,7.148522963209971E-5,7.146493198551684E-5
9967,7.147686017291691E-5,7.14565672780899E-5
9968,7.146849264730383E-5,7.144820450257754E-5
9969,7.146012705459191E-5,7.143984365831646E-5
9970,7.145176339411771E-5,7.143148474464231E-5
9971,7.144340166521525E-5,7.14231277608889E-5
9972,7.143504186722029E-5,7.141477270639326E-5
9973,7.14266839994686E-5,7.140641958049169E-5
9974,7.141832806129357E-5,7.139806838252001E-5
9975,7.140997405203271E-5,7.138971911181597E-5
9976,7.140162197102269E-5,7.138137176771606E-5
9977,7.139327181760007E-5,7.137302634955688E-5
9978,7.138492359110242E-5,7.136468285667705E-5
9979,7.137657729086511E-5,7.135634128841447E-5
9980,7.136823291622614E-5,7.134800164410805E-5
9981,7.135989046652517E-5,7.133966392309494E-5
9982,7.13515499410989E-5,7.133132812471507E-5
9983,7.134321133928534E-5,7.132299424830759E-5
9984,7.133487466042398E-5,7.131466229321132E-5
9985,7.132653990385414E-5,7.130633225876739E-5
9986,7.131820706891412E-5,7.129800414431486E-5
9987,7.130987615494534E-5,7.128967794919474E-5
9988,7.13015471612858E-5,7.128135367274639E-5
9989,7.129322008727666E-5,7.127303131431259E-5
9990,7.128489493225927E-5,7.126471087323373E-5
9991,7.127657169557335E-5,7.125639234885143E-5
9992,7.126825037656026E-5,7.124807574050823E-5
9993,7.125993097456123E-5,7.123976104754627E-5
9994,7.12516134889196E-5,7.123144826930637E-5
9995,7.124329791897627E-5,7.122313740513358E-5
9996,7.12349842640723E-5,7.12148284543699E-5
9997,7.122667252355198E-5,7.120652141635994E-5
9998,7.121836269675843E-5,7.119821629044469E-5
9999,7.121005478303422E-5,7.118991307597042E-5
10000,7.120174878172319E-5,7.118161177228108E-5
